[melody2chord:lyrics_25] /data/home/fundwotsai/MIDI-SAG/AccoMontage2/chorderator/utils/utils.py:24: UserWarning: Could not import FluidSynth, audio formats writing disabled
[melody2chord:lyrics_25]   warnings.warn('Could not import FluidSynth, audio formats writing disabled')
[melody2chord:lyrics_25] /home/fundwotsai/miniconda3/envs/midi-sag/lib/python3.9/site-packages/miditok/tokenizations/remi.py:88: UserWarning: Attribute controls are not compatible with 'config.one_token_stream_for_programs' and multi-vocabulary tokenizers. Disabling them from the config.
[melody2chord:lyrics_25]   super().__init__(tokenizer_config, params)
[melody2chord:lyrics_25] /data/home/fundwotsai/MIDI-SAG/AccoMontage2/chorderator/core.py:238: UserWarning: Meter auto set to 4/4/. Please set meter if this is not your expectation
[melody2chord:lyrics_25]   warnings.warn('Meter auto set to 4/4/. Please set meter if this is not your expectation')
[melody2chord:lyrics_25] @Chorderator 2026-04-14 12:09:35,666 - INFO - [1;30m start read progressions from dict [0m
[melody2chord:lyrics_25] @Chorderator 2026-04-14 12:09:42,130 - INFO - [1;30m read progressions done [0m
[melody2chord:lyrics_25] @Chorderator 2026-04-14 12:09:42,131 - INFO - [1;30m start read progression library from source_base.pnt [0m
[melody2chord:lyrics_25] @Chorderator 2026-04-14 12:09:48,408 - INFO - [1;30m read library done [0m
[melody2chord:lyrics_25] @Chorderator 2026-04-14 12:09:48,408 - WARNING - [1;33m Pre-processing... [0m
[melody2chord:lyrics_25] @Chorderator 2026-04-14 12:09:48,420 - WARNING - [1;33m Pre-process done! [0m
[melody2chord:lyrics_25] @Chorderator 2026-04-14 12:09:48,420 - WARNING - [1;33m Solving... [0m
[melody2chord:lyrics_25] @Chorderator 2026-04-14 12:09:48,420 - INFO - [1;30m start read progressions from rep [0m
[melody2chord:lyrics_25] @Chorderator 2026-04-14 12:09:48,452 - INFO - [1;30m read progressions done [0m
[melody2chord:lyrics_25] @Chorderator 2026-04-14 12:09:48,460 - INFO - [1;30m Melody length 5, generate progression with 63 templates [0m
[melody2chord:lyrics_25] @Chorderator 2026-04-14 12:09:48,579 - WARNING - [1;33m Solved! [0m
[melody2chord:lyrics_25] @Chorderator 2026-04-14 12:09:48,579 - WARNING - [1;33m Post-processing... [0m
[melody2chord:lyrics_25] @Chorderator 2026-04-14 12:09:48,589 - WARNING - [1;33m Post-process done! [0m
[melody2chord:lyrics_25] @Chorderator 2026-04-14 12:09:48,589 - WARNING - [1;33m Generating textures... [0m
[melody2chord:lyrics_25] @Chorderator 2026-04-14 12:09:48,589 - WARNING - [1;33m All process finished! [0m
[melody2chord:lyrics_25] 
[melody2chord:lyrics_25] === Processing: sample01_shifted ===
[melody2chord:lyrics_25] Output will be saved to: /data/home/fundwotsai/MIDI-SAG/generated_midi_right_key/lyrics_25/chord/
[melody2chord:lyrics_25] beat_file_path: None
[melody2chord:lyrics_25] Tempo from MIDI: 82.0 BPM (no beat file — skipping warp step)
[melody2chord:lyrics_25] processed_melody_path: /data/home/fundwotsai/MIDI-SAG/generated_midi_right_key/lyrics_25/chord/processed_melody/sample01_shifted.mid
[melody2chord:lyrics_25] Detected key: Eb major (confidence: 0.71, Bellman-Budge)
[melody2chord:lyrics_25] Content bars: 36 -> Segmentation: A8B8A8B8A4 (total: 36)
[melody2chord:lyrics_25] Chorderator bars: 36 -> Segmentation: A8B8A8B8A4 (total: 36)
[melody2chord:lyrics_25] auto_config: {'note_shift': 68, 'segmentation': 'A8B8A8B8A4', 'analysis': {'total_bars': 41, 'empty_bars': 4, 'content_bars': 36, 'note_shift': 68, 'segmentation': 'A8B8A8B8A4', 'first_note_bar': 4.25, 'last_note_bar': 40.125, 'chorderator_bars': {'max_end_positions': 574, 'fixed_end_positions': 576, 'fixed_end_bars': 36, 'tempo': 82.00003553334875, 'unit': 0.18292674999999994}}}
[melody2chord:lyrics_25] tempo for CDT: 82.0 BPM
[melody2chord:lyrics_25] max_end: 574.0
[melody2chord:lyrics_25] fixed_end: 576
[melody2chord:lyrics_25] 576
[melody2chord:lyrics_25] {'tonic': 'Eb', 'mode': 'maj', 'tempo': 82.00003553334874, 'meter': '4/4', 'pos': ['x', 'x', 'x', 'x', 'x'], 'unit': 0.18292675}
[melody2chord:lyrics_25] Phrase length: 128 positions = 8 bars
[melody2chord:lyrics_25] Phrase length: 128 positions = 8 bars
[melody2chord:lyrics_25] Phrase length: 128 positions = 8 bars
[melody2chord:lyrics_25] Phrase length: 128 positions = 8 bars
[melody2chord:lyrics_25] Phrase length: 64 positions = 4 bars
[melody2chord:lyrics_25] [128, 128, 128, 128, 64]
[melody2chord:lyrics_25] Chord Progression
[melody2chord:lyrics_25] -Source: Niko_Kotoulas_Emotional_Chords_2_C#m-B-F#-B-F#-G#m-E-B_.mid
[melody2chord:lyrics_25] -Source Type: None
[melody2chord:lyrics_25] -Source Tonic: B
[melody2chord:lyrics_25] -Source Metre: 4/4
[melody2chord:lyrics_25] -Source Mode: M (M for Major and m for minor)
[melody2chord:lyrics_25] -Appeared Times: 1
[melody2chord:lyrics_25] -Appeared In Other Songs: 0
[melody2chord:lyrics_25] -Reliability: 1.0
[melody2chord:lyrics_25] -Progression Class: {'type': 'unknown', 'pattern': 'unknown', 'cycle': (0.08151391459392222, 32), 'progression-style': 'emotional', 'chord-style': 'emotional', 'performing-style': 'unknown', 'rhythm': 'unknown', 'epic-endings': 'unknown', 'melodic': 'unknown', 'folder-id': 535, 'duplicate-id': 290, 'new_label': 'pop_complex'}
[melody2chord:lyrics_25] Numbered: 
[melody2chord:lyrics_25] | 2------- | 1------- | 5------- | 1------- | 5------- | 6------- | 4------- | 1------- | 
[melody2chord:lyrics_25] Chord: 
[melody2chord:lyrics_25] | 
[melody2chord:lyrics_25] | C#1------- | B 0------- | F#0------- | B 0------- | F#0------- | G#1------- | E 0------- | B 0------- | 
[melody2chord:lyrics_25] 
[melody2chord:lyrics_25] Chord Progression
[melody2chord:lyrics_25] -Source: Niko_Kotoulas_EDM_7th_9th_Chords_16_C#m-B-G#m-F#_.mid
[melody2chord:lyrics_25] -Source Type: None
[melody2chord:lyrics_25] -Source Tonic: B
[melody2chord:lyrics_25] -Source Metre: 4/4
[melody2chord:lyrics_25] -Source Mode: M (M for Major and m for minor)
[melody2chord:lyrics_25] -Appeared Times: 1
[melody2chord:lyrics_25] -Appeared In Other Songs: 0
[melody2chord:lyrics_25] -Reliability: 1.0
[melody2chord:lyrics_25] -Progression Class: {'type': 'unknown', 'pattern': 'unknown', 'cycle': (0.9999999999999999, 32), 'progression-style': 'edm', 'chord-style': 'classy', 'performing-style': 'unknown', 'rhythm': 'unknown', 'epic-endings': 'unknown', 'melodic': 'unknown', 'folder-id': 531, 'duplicate-id': 221, 'new_label': 'pop_complex'}
[melody2chord:lyrics_25] Numbered: 
[melody2chord:lyrics_25] | 2------- | 1------- | 6------- | 5------- | 2------- | 1------- | 6------- | 5------- | 
[melody2chord:lyrics_25] Chord: 
[melody2chord:lyrics_25] | 
[melody2chord:lyrics_25] | C#1------- | B 0------- | G#1------- | F#0------- | C#1------- | B 0------- | G#1------- | F#0------- | 
[melody2chord:lyrics_25] 
[melody2chord:lyrics_25] Chord Progression
[melody2chord:lyrics_25] -Source: Niko_Kotoulas_Pop_7th_9th_Chords_7_B-G#m-B-G#m_.mid
[melody2chord:lyrics_25] -Source Type: None
[melody2chord:lyrics_25] -Source Tonic: B
[melody2chord:lyrics_25] -Source Metre: 4/4
[melody2chord:lyrics_25] -Source Mode: M (M for Major and m for minor)
[melody2chord:lyrics_25] -Appeared Times: 1
[melody2chord:lyrics_25] -Appeared In Other Songs: 0
[melody2chord:lyrics_25] -Reliability: 1.0
[melody2chord:lyrics_25] -Progression Class: {'type': 'unknown', 'pattern': 'unknown', 'cycle': (1.0, 16), 'progression-style': 'pop', 'chord-style': 'classy', 'performing-style': 'unknown', 'rhythm': 'unknown', 'epic-endings': 'unknown', 'melodic': 'unknown', 'folder-id': 528, 'duplicate-id': 174, 'new_label': 'pop_complex'}
[melody2chord:lyrics_25] Numbered: 
[melody2chord:lyrics_25] | 1------- | 6------- | 1------- | 6------- | 1------- | 6------- | 1------- | 6------- | 
[melody2chord:lyrics_25] Chord: 
[melody2chord:lyrics_25] | 
[melody2chord:lyrics_25] | B 0------- | G#1------- | B 0------- | G#1------- | B 0------- | G#1------- | B 0------- | G#1------- | 
[melody2chord:lyrics_25] 
[melody2chord:lyrics_25] Chord Progression
[melody2chord:lyrics_25] -Source: Niko_Kotoulas_Pop_7th_9th_Chords_17_G#m-E-B-F#_.mid
[melody2chord:lyrics_25] -Source Type: None
[melody2chord:lyrics_25] -Source Tonic: B
[melody2chord:lyrics_25] -Source Metre: 4/4
[melody2chord:lyrics_25] -Source Mode: M (M for Major and m for minor)
[melody2chord:lyrics_25] -Appeared Times: 1
[melody2chord:lyrics_25] -Appeared In Other Songs: 0
[melody2chord:lyrics_25] -Reliability: 1.0
[melody2chord:lyrics_25] -Progression Class: {'type': 'unknown', 'pattern': 'unknown', 'cycle': (1.0, 32), 'progression-style': 'pop', 'chord-style': 'classy', 'performing-style': 'unknown', 'rhythm': 'unknown', 'epic-endings': 'unknown', 'melodic': 'unknown', 'folder-id': 528, 'duplicate-id': 163, 'new_label': 'pop_complex'}
[melody2chord:lyrics_25] Numbered: 
[melody2chord:lyrics_25] | 6------- | 4------- | 1------- | 5------- | 6------- | 4------- | 1------- | 5------- | 
[melody2chord:lyrics_25] Chord: 
[melody2chord:lyrics_25] | 
[melody2chord:lyrics_25] | G#1------- | E 0------- | B 0------- | F#0------- | G#1------- | E 0------- | B 0------- | F#0------- | 
[melody2chord:lyrics_25] 
[melody2chord:lyrics_25] Chord Progression
[melody2chord:lyrics_25] -Source: Niko_Kotoulas_ChordProg_7_B-G#m-D#-E (I-vi-III-IV).mid
[melody2chord:lyrics_25] -Source Type: None
[melody2chord:lyrics_25] -Source Tonic: B
[melody2chord:lyrics_25] -Source Metre: 4/4
[melody2chord:lyrics_25] -Source Mode: M (M for Major and m for minor)
[melody2chord:lyrics_25] -Appeared Times: 1
[melody2chord:lyrics_25] -Appeared In Other Songs: 0
[melody2chord:lyrics_25] -Reliability: 0.9
[melody2chord:lyrics_25] -Progression Class: {'type': 'unknown', 'pattern': 'I-vi-III-IV', 'cycle': (0.9999999999999999, 16), 'progression-style': 'unknown', 'chord-style': 'unknown', 'performing-style': 'unknown', 'rhythm': 'unknown', 'epic-endings': 'unknown', 'melodic': 'unknown', 'folder-id': 214, 'duplicate-id': 439, 'new_label': 'unknown'}
[melody2chord:lyrics_25] Numbered: 
[melody2chord:lyrics_25] | 1------- | 6------- | 3------- | 4------- | 
[melody2chord:lyrics_25] Chord: 
[melody2chord:lyrics_25] | B 0------- | G#1------- | D#0------- | E 0------- | 
[melody2chord:lyrics_25] 
[melody2chord:lyrics_25] Total: 5
[melody2chord:lyrics_25] 
[melody2chord:lyrics_25] === Aligning chord_gen TPQ ===
[melody2chord:lyrics_25] Original melody TPQ: 480
[melody2chord:lyrics_25] Chord gen TPQ: 220
[melody2chord:lyrics_25] TPQ ratio: 2.1818
[melody2chord:lyrics_25] Converted chord_gen TPQ from 220 to 480
[melody2chord:lyrics_25] Output saved to: /data/home/fundwotsai/MIDI-SAG/generated_midi_right_key/lyrics_25/chord/chord_gen/sample01_shifted_chord_gen.mid
[melody2chord:lyrics_25] Re-quantized 70 melody notes to 1/16 beat grid
[melody2chord:lyrics_25] === Fill Empty Bars with Chords ===
[melody2chord:lyrics_25] Original melody TPQ: 480
[melody2chord:lyrics_25] Chord gen TPQ: 480
[melody2chord:lyrics_25] TPQ ratio: 1.0000
[melody2chord:lyrics_25] Chords start at tick: 8159 (bar 4.25)
[melody2chord:lyrics_25] Empty bars to fill: 4
[melody2chord:lyrics_25] Prepending 0 bars and copying 18 chord notes to cover 4 leading bars
[melody2chord:lyrics_25] 
[melody2chord:lyrics_25] === Output Summary ===
[melody2chord:lyrics_25] Output TPQ: 480
[melody2chord:lyrics_25] Melody track notes: 145
[melody2chord:lyrics_25] Chord track notes: 226
[melody2chord:lyrics_25] First chord now at tick: 0
[melody2chord:lyrics_25] Last chord at tick: 75360
[melody2chord:lyrics_25] Output saved to: /data/home/fundwotsai/MIDI-SAG/generated_midi_right_key/lyrics_25/chord/chord_gen_filled_empty/sample01_shifted_chord_gen_filled_empty_bars.mid
[melody2chord:lyrics_25] === Quantizing melody to 1/16 notes ===
[melody2chord:lyrics_25] TPQ: 480
[melody2chord:lyrics_25] Ticks per 16th note: 120.0
[melody2chord:lyrics_25] Quantized 185 notes to 1/16 note positions
[melody2chord:lyrics_25] Output saved to: /data/home/fundwotsai/MIDI-SAG/generated_midi_right_key/lyrics_25/chord/chord_gen_quantized/sample01_shifted_chord_gen_quantized.mid
[melody2chord:lyrics_25] Extracted 161 beat-level chords from 'Chords' track
[melody2chord:lyrics_25] Chord times remapped to 162 beat positions (subdivision: quarter notes)
[melody2chord:lyrics_25] Filled 1 None chords
[melody2chord:lyrics_25] ✓ Successfully processed: sample01_shifted
[melody2chord:lyrics_25]   Key: Eb major (confidence: 0.71)
[melody2chord:lyrics_25]   Tempo: 82.0 BPM (source: MIDI tempo)
[melody2chord:lyrics_25]   Chord Text: /data/home/fundwotsai/MIDI-SAG/generated_midi_right_key/lyrics_25/chord/chord_txt/sample01_shifted_chord_gen.txt
[melody2chord:lyrics_25]   BTC Text:   /data/home/fundwotsai/MIDI-SAG/generated_midi_right_key/lyrics_25/chord/btc_txt/sample01_shifted_chord_gen.txt
