[melody2chord:lyrics_56] /data/home/fundwotsai/MIDI-SAG/AccoMontage2/chorderator/utils/utils.py:24: UserWarning: Could not import FluidSynth, audio formats writing disabled
[melody2chord:lyrics_56]   warnings.warn('Could not import FluidSynth, audio formats writing disabled')
[melody2chord:lyrics_56] /home/fundwotsai/miniconda3/envs/midi-sag/lib/python3.9/site-packages/miditok/tokenizations/remi.py:88: UserWarning: Attribute controls are not compatible with 'config.one_token_stream_for_programs' and multi-vocabulary tokenizers. Disabling them from the config.
[melody2chord:lyrics_56]   super().__init__(tokenizer_config, params)
[melody2chord:lyrics_56] /data/home/fundwotsai/MIDI-SAG/AccoMontage2/chorderator/core.py:238: UserWarning: Meter auto set to 4/4/. Please set meter if this is not your expectation
[melody2chord:lyrics_56]   warnings.warn('Meter auto set to 4/4/. Please set meter if this is not your expectation')
[melody2chord:lyrics_56] @Chorderator 2026-04-14 12:23:12,572 - INFO - [1;30m start read progressions from dict [0m
[melody2chord:lyrics_56] @Chorderator 2026-04-14 12:23:19,112 - INFO - [1;30m read progressions done [0m
[melody2chord:lyrics_56] @Chorderator 2026-04-14 12:23:19,112 - INFO - [1;30m start read progression library from source_base.pnt [0m
[melody2chord:lyrics_56] @Chorderator 2026-04-14 12:23:25,532 - INFO - [1;30m read library done [0m
[melody2chord:lyrics_56] @Chorderator 2026-04-14 12:23:25,532 - WARNING - [1;33m Pre-processing... [0m
[melody2chord:lyrics_56] @Chorderator 2026-04-14 12:23:25,542 - WARNING - [1;33m Pre-process done! [0m
[melody2chord:lyrics_56] @Chorderator 2026-04-14 12:23:25,542 - WARNING - [1;33m Solving... [0m
[melody2chord:lyrics_56] @Chorderator 2026-04-14 12:23:25,542 - INFO - [1;30m start read progressions from rep [0m
[melody2chord:lyrics_56] @Chorderator 2026-04-14 12:23:25,582 - INFO - [1;30m read progressions done [0m
[melody2chord:lyrics_56] @Chorderator 2026-04-14 12:23:25,586 - INFO - [1;30m Melody length 2, generate progression with 63 templates [0m
[melody2chord:lyrics_56] @Chorderator 2026-04-14 12:23:25,636 - WARNING - [1;33m Solved! [0m
[melody2chord:lyrics_56] @Chorderator 2026-04-14 12:23:25,636 - WARNING - [1;33m Post-processing... [0m
[melody2chord:lyrics_56] @Chorderator 2026-04-14 12:23:25,640 - WARNING - [1;33m Post-process done! [0m
[melody2chord:lyrics_56] @Chorderator 2026-04-14 12:23:25,640 - WARNING - [1;33m Generating textures... [0m
[melody2chord:lyrics_56] @Chorderator 2026-04-14 12:23:25,640 - WARNING - [1;33m All process finished! [0m
[melody2chord:lyrics_56] 
[melody2chord:lyrics_56] === Processing: sample01_shifted ===
[melody2chord:lyrics_56] Output will be saved to: /data/home/fundwotsai/MIDI-SAG/generated_midi_right_key/lyrics_56/chord/
[melody2chord:lyrics_56] beat_file_path: None
[melody2chord:lyrics_56] Tempo from MIDI: 78.0 BPM (no beat file — skipping warp step)
[melody2chord:lyrics_56] processed_melody_path: /data/home/fundwotsai/MIDI-SAG/generated_midi_right_key/lyrics_56/chord/processed_melody/sample01_shifted.mid
[melody2chord:lyrics_56] Detected key: Db major (confidence: 0.58, Bellman-Budge)
[melody2chord:lyrics_56] Content bars: 15 -> Segmentation: A8B8 (total: 16)
[melody2chord:lyrics_56] Chorderator bars: 16 -> Segmentation: A8B8 (total: 16)
[melody2chord:lyrics_56] auto_config: {'note_shift': 66, 'segmentation': 'A8B8', 'analysis': {'total_bars': 20, 'empty_bars': 4, 'content_bars': 15, 'note_shift': 66, 'segmentation': 'A8B8', 'first_note_bar': 4.125, 'last_note_bar': 19.25, 'chorderator_bars': {'max_end_positions': 242, 'fixed_end_positions': 256, 'fixed_end_bars': 16, 'tempo': 77.99997660000703, 'unit': 0.19230774999999997}}}
[melody2chord:lyrics_56] tempo for CDT: 78.0 BPM
[melody2chord:lyrics_56] max_end: 242.0
[melody2chord:lyrics_56] fixed_end: 256
[melody2chord:lyrics_56] 256
[melody2chord:lyrics_56] {'tonic': 'Db', 'mode': 'maj', 'tempo': 77.99997660000702, 'meter': '4/4', 'pos': ['x', 'x'], 'unit': 0.19230775}
[melody2chord:lyrics_56] Phrase length: 128 positions = 8 bars
[melody2chord:lyrics_56] Phrase length: 128 positions = 8 bars
[melody2chord:lyrics_56] [128, 128]
[melody2chord:lyrics_56] Chord Progression
[melody2chord:lyrics_56] -Source: Niko_Kotoulas_Epic_Ending_3_F#-G#m-E-B (V-vi-IV-I).mid
[melody2chord:lyrics_56] -Source Type: None
[melody2chord:lyrics_56] -Source Tonic: B
[melody2chord:lyrics_56] -Source Metre: 4/4
[melody2chord:lyrics_56] -Source Mode: M (M for Major and m for minor)
[melody2chord:lyrics_56] -Appeared Times: 1
[melody2chord:lyrics_56] -Appeared In Other Songs: 0
[melody2chord:lyrics_56] -Reliability: 0.4
[melody2chord:lyrics_56] -Progression Class: {'type': 'unknown', 'pattern': 'V-vi-IV-I', 'cycle': (0, 0), 'progression-style': 'unknown', 'chord-style': 'unknown', 'performing-style': 'unknown', 'rhythm': 'unknown', 'epic-endings': 'True', 'melodic': 'unknown', 'folder-id': 335, 'duplicate-id': 494, 'new_label': 'unknown'}
[melody2chord:lyrics_56] Numbered: 
[melody2chord:lyrics_56] | 5------- | 6------- | 4------- | 1------- | 1------- | 1------- | 1------- | 1------- | 
[melody2chord:lyrics_56] Chord: 
[melody2chord:lyrics_56] | 
[melody2chord:lyrics_56] | F#0------- | G#1------- | E 0------- | B 0------- | B 0------- | B 0------- | B 0------- | B 0------- | 
[melody2chord:lyrics_56] 
[melody2chord:lyrics_56] Chord Progression
[melody2chord:lyrics_56] -Source: Niko_Kotoulas_Emotional_Chords_15_G#m-D#m-E-B_.mid
[melody2chord:lyrics_56] -Source Type: None
[melody2chord:lyrics_56] -Source Tonic: B
[melody2chord:lyrics_56] -Source Metre: 4/4
[melody2chord:lyrics_56] -Source Mode: M (M for Major and m for minor)
[melody2chord:lyrics_56] -Appeared Times: 1
[melody2chord:lyrics_56] -Appeared In Other Songs: 0
[melody2chord:lyrics_56] -Reliability: 1.0
[melody2chord:lyrics_56] -Progression Class: {'type': 'unknown', 'pattern': 'unknown', 'cycle': (1.0, 32), 'progression-style': 'emotional', 'chord-style': 'emotional', 'performing-style': 'unknown', 'rhythm': 'unknown', 'epic-endings': 'unknown', 'melodic': 'unknown', 'folder-id': 535, 'duplicate-id': 276, 'new_label': 'pop_complex'}
[melody2chord:lyrics_56] Numbered: 
[melody2chord:lyrics_56] | 6------- | 3------- | 4------- | 1------- | 6------- | 3------- | 4------- | 1------- | 
[melody2chord:lyrics_56] Chord: 
[melody2chord:lyrics_56] | 
[melody2chord:lyrics_56] | G#1------- | D#1------- | E 0------- | B 0------- | G#1------- | D#1------- | E 0------- | B 0------- | 
[melody2chord:lyrics_56] 
[melody2chord:lyrics_56] Total: 2
[melody2chord:lyrics_56] 
[melody2chord:lyrics_56] === Aligning chord_gen TPQ ===
[melody2chord:lyrics_56] Original melody TPQ: 480
[melody2chord:lyrics_56] Chord gen TPQ: 220
[melody2chord:lyrics_56] TPQ ratio: 2.1818
[melody2chord:lyrics_56] Converted chord_gen TPQ from 220 to 480
[melody2chord:lyrics_56] Output saved to: /data/home/fundwotsai/MIDI-SAG/generated_midi_right_key/lyrics_56/chord/chord_gen/sample01_shifted_chord_gen.mid
[melody2chord:lyrics_56] Re-quantized 57 melody notes to 1/16 beat grid
[melody2chord:lyrics_56] === Fill Empty Bars with Chords ===
[melody2chord:lyrics_56] Original melody TPQ: 480
[melody2chord:lyrics_56] Chord gen TPQ: 480
[melody2chord:lyrics_56] TPQ ratio: 1.0000
[melody2chord:lyrics_56] Chords start at tick: 7919 (bar 4.12)
[melody2chord:lyrics_56] Empty bars to fill: 4
[melody2chord:lyrics_56] Prepending 0 bars and copying 38 chord notes to cover 4 leading bars
[melody2chord:lyrics_56] 
[melody2chord:lyrics_56] === Output Summary ===
[melody2chord:lyrics_56] Output TPQ: 480
[melody2chord:lyrics_56] Melody track notes: 121
[melody2chord:lyrics_56] Chord track notes: 133
[melody2chord:lyrics_56] First chord now at tick: 0
[melody2chord:lyrics_56] Last chord at tick: 36720
[melody2chord:lyrics_56] Output saved to: /data/home/fundwotsai/MIDI-SAG/generated_midi_right_key/lyrics_56/chord/chord_gen_filled_empty/sample01_shifted_chord_gen_filled_empty_bars.mid
[melody2chord:lyrics_56] === Quantizing melody to 1/16 notes ===
[melody2chord:lyrics_56] TPQ: 480
[melody2chord:lyrics_56] Ticks per 16th note: 120.0
[melody2chord:lyrics_56] Quantized 151 notes to 1/16 note positions
[melody2chord:lyrics_56] Output saved to: /data/home/fundwotsai/MIDI-SAG/generated_midi_right_key/lyrics_56/chord/chord_gen_quantized/sample01_shifted_chord_gen_quantized.mid
[melody2chord:lyrics_56] Extracted 80 beat-level chords from 'Chords' track
[melody2chord:lyrics_56] Chord times remapped to 79 beat positions (subdivision: quarter notes)
[melody2chord:lyrics_56] Filled 7 None chords
[melody2chord:lyrics_56] ✓ Successfully processed: sample01_shifted
[melody2chord:lyrics_56]   Key: Db major (confidence: 0.58)
[melody2chord:lyrics_56]   Tempo: 78.0 BPM (source: MIDI tempo)
[melody2chord:lyrics_56]   Chord Text: /data/home/fundwotsai/MIDI-SAG/generated_midi_right_key/lyrics_56/chord/chord_txt/sample01_shifted_chord_gen.txt
[melody2chord:lyrics_56]   BTC Text:   /data/home/fundwotsai/MIDI-SAG/generated_midi_right_key/lyrics_56/chord/btc_txt/sample01_shifted_chord_gen.txt
