[melody2chord:lyrics_94] /data/home/fundwotsai/MIDI-SAG/AccoMontage2/chorderator/utils/utils.py:24: UserWarning: Could not import FluidSynth, audio formats writing disabled
[melody2chord:lyrics_94]   warnings.warn('Could not import FluidSynth, audio formats writing disabled')
[melody2chord:lyrics_94] /home/fundwotsai/miniconda3/envs/midi-sag/lib/python3.9/site-packages/miditok/tokenizations/remi.py:88: UserWarning: Attribute controls are not compatible with 'config.one_token_stream_for_programs' and multi-vocabulary tokenizers. Disabling them from the config.
[melody2chord:lyrics_94]   super().__init__(tokenizer_config, params)
[melody2chord:lyrics_94] /data/home/fundwotsai/MIDI-SAG/AccoMontage2/chorderator/core.py:238: UserWarning: Meter auto set to 4/4/. Please set meter if this is not your expectation
[melody2chord:lyrics_94]   warnings.warn('Meter auto set to 4/4/. Please set meter if this is not your expectation')
[melody2chord:lyrics_94] @Chorderator 2026-04-14 12:39:46,705 - INFO - [1;30m start read progressions from dict [0m
[melody2chord:lyrics_94] @Chorderator 2026-04-14 12:39:53,207 - INFO - [1;30m read progressions done [0m
[melody2chord:lyrics_94] @Chorderator 2026-04-14 12:39:53,207 - INFO - [1;30m start read progression library from source_base.pnt [0m
[melody2chord:lyrics_94] @Chorderator 2026-04-14 12:39:59,508 - INFO - [1;30m read library done [0m
[melody2chord:lyrics_94] @Chorderator 2026-04-14 12:39:59,508 - WARNING - [1;33m Pre-processing... [0m
[melody2chord:lyrics_94] @Chorderator 2026-04-14 12:39:59,517 - WARNING - [1;33m Pre-process done! [0m
[melody2chord:lyrics_94] @Chorderator 2026-04-14 12:39:59,517 - WARNING - [1;33m Solving... [0m
[melody2chord:lyrics_94] @Chorderator 2026-04-14 12:39:59,517 - INFO - [1;30m start read progressions from rep [0m
[melody2chord:lyrics_94] @Chorderator 2026-04-14 12:39:59,550 - INFO - [1;30m read progressions done [0m
[melody2chord:lyrics_94] @Chorderator 2026-04-14 12:39:59,555 - INFO - [1;30m Melody length 2, generate progression with 63 templates [0m
[melody2chord:lyrics_94] @Chorderator 2026-04-14 12:39:59,605 - WARNING - [1;33m Solved! [0m
[melody2chord:lyrics_94] @Chorderator 2026-04-14 12:39:59,605 - WARNING - [1;33m Post-processing... [0m
[melody2chord:lyrics_94] @Chorderator 2026-04-14 12:39:59,609 - WARNING - [1;33m Post-process done! [0m
[melody2chord:lyrics_94] @Chorderator 2026-04-14 12:39:59,609 - WARNING - [1;33m Generating textures... [0m
[melody2chord:lyrics_94] @Chorderator 2026-04-14 12:39:59,610 - WARNING - [1;33m All process finished! [0m
[melody2chord:lyrics_94] 
[melody2chord:lyrics_94] === Processing: sample01_shifted ===
[melody2chord:lyrics_94] Output will be saved to: /data/home/fundwotsai/MIDI-SAG/generated_midi_right_key/lyrics_94/chord/
[melody2chord:lyrics_94] beat_file_path: None
[melody2chord:lyrics_94] Tempo from MIDI: 78.0 BPM (no beat file — skipping warp step)
[melody2chord:lyrics_94] processed_melody_path: /data/home/fundwotsai/MIDI-SAG/generated_midi_right_key/lyrics_94/chord/processed_melody/sample01_shifted.mid
[melody2chord:lyrics_94] Detected key: Ab major (confidence: 0.53, Bellman-Budge)
[melody2chord:lyrics_94] Content bars: 16 -> Segmentation: A8B8 (total: 16)
[melody2chord:lyrics_94] Chorderator bars: 16 -> Segmentation: A8B8 (total: 16)
[melody2chord:lyrics_94] auto_config: {'note_shift': 67, 'segmentation': 'A8B8', 'analysis': {'total_bars': 21, 'empty_bars': 4, 'content_bars': 16, 'note_shift': 67, 'segmentation': 'A8B8', 'first_note_bar': 4.171875, 'last_note_bar': 20.203125, 'chorderator_bars': {'max_end_positions': 256, 'fixed_end_positions': 256, 'fixed_end_bars': 16, 'tempo': 77.99997660000703, 'unit': 0.19230774999999997}}}
[melody2chord:lyrics_94] tempo for CDT: 78.0 BPM
[melody2chord:lyrics_94] max_end: 256.0
[melody2chord:lyrics_94] fixed_end: 256
[melody2chord:lyrics_94] 256
[melody2chord:lyrics_94] {'tonic': 'Ab', 'mode': 'maj', 'tempo': 77.99997660000702, 'meter': '4/4', 'pos': ['x', 'x'], 'unit': 0.19230775}
[melody2chord:lyrics_94] Phrase length: 128 positions = 8 bars
[melody2chord:lyrics_94] Phrase length: 128 positions = 8 bars
[melody2chord:lyrics_94] [128, 128]
[melody2chord:lyrics_94] Chord Progression
[melody2chord:lyrics_94] -Source: Niko_Kotoulas_Pop_7th_9th_Chords_16_E-F#-G#m-B_.mid
[melody2chord:lyrics_94] -Source Type: None
[melody2chord:lyrics_94] -Source Tonic: B
[melody2chord:lyrics_94] -Source Metre: 4/4
[melody2chord:lyrics_94] -Source Mode: M (M for Major and m for minor)
[melody2chord:lyrics_94] -Appeared Times: 1
[melody2chord:lyrics_94] -Appeared In Other Songs: 0
[melody2chord:lyrics_94] -Reliability: 1.0
[melody2chord:lyrics_94] -Progression Class: {'type': 'unknown', 'pattern': 'unknown', 'cycle': (1.0, 32), 'progression-style': 'pop', 'chord-style': 'classy', 'performing-style': 'unknown', 'rhythm': 'unknown', 'epic-endings': 'unknown', 'melodic': 'unknown', 'folder-id': 528, 'duplicate-id': 184, 'new_label': 'pop_complex'}
[melody2chord:lyrics_94] Numbered: 
[melody2chord:lyrics_94] | 4------- | 5------- | 6------- | 1------- | 4------- | 5------- | 6------- | 1------- | 
[melody2chord:lyrics_94] Chord: 
[melody2chord:lyrics_94] | 
[melody2chord:lyrics_94] | E 0------- | F#0------- | G#1------- | B 0------- | E 0------- | F#0------- | G#1------- | B 0------- | 
[melody2chord:lyrics_94] 
[melody2chord:lyrics_94] Chord Progression
[melody2chord:lyrics_94] -Source: Niko_Kotoulas_Emotional_Chords_15_G#m-D#m-E-B_.mid
[melody2chord:lyrics_94] -Source Type: None
[melody2chord:lyrics_94] -Source Tonic: B
[melody2chord:lyrics_94] -Source Metre: 4/4
[melody2chord:lyrics_94] -Source Mode: M (M for Major and m for minor)
[melody2chord:lyrics_94] -Appeared Times: 1
[melody2chord:lyrics_94] -Appeared In Other Songs: 0
[melody2chord:lyrics_94] -Reliability: 1.0
[melody2chord:lyrics_94] -Progression Class: {'type': 'unknown', 'pattern': 'unknown', 'cycle': (1.0, 32), 'progression-style': 'emotional', 'chord-style': 'emotional', 'performing-style': 'unknown', 'rhythm': 'unknown', 'epic-endings': 'unknown', 'melodic': 'unknown', 'folder-id': 535, 'duplicate-id': 276, 'new_label': 'pop_complex'}
[melody2chord:lyrics_94] Numbered: 
[melody2chord:lyrics_94] | 6------- | 3------- | 4------- | 1------- | 6------- | 3------- | 4------- | 1------- | 
[melody2chord:lyrics_94] Chord: 
[melody2chord:lyrics_94] | 
[melody2chord:lyrics_94] | G#1------- | D#1------- | E 0------- | B 0------- | G#1------- | D#1------- | E 0------- | B 0------- | 
[melody2chord:lyrics_94] 
[melody2chord:lyrics_94] Total: 2
[melody2chord:lyrics_94] 
[melody2chord:lyrics_94] === Aligning chord_gen TPQ ===
[melody2chord:lyrics_94] Original melody TPQ: 480
[melody2chord:lyrics_94] Chord gen TPQ: 220
[melody2chord:lyrics_94] TPQ ratio: 2.1818
[melody2chord:lyrics_94] Converted chord_gen TPQ from 220 to 480
[melody2chord:lyrics_94] Output saved to: /data/home/fundwotsai/MIDI-SAG/generated_midi_right_key/lyrics_94/chord/chord_gen/sample01_shifted_chord_gen.mid
[melody2chord:lyrics_94] Re-quantized 28 melody notes to 1/16 beat grid
[melody2chord:lyrics_94] === Fill Empty Bars with Chords ===
[melody2chord:lyrics_94] Original melody TPQ: 480
[melody2chord:lyrics_94] Chord gen TPQ: 480
[melody2chord:lyrics_94] TPQ ratio: 1.0000
[melody2chord:lyrics_94] Chords start at tick: 8039 (bar 4.19)
[melody2chord:lyrics_94] Empty bars to fill: 4
[melody2chord:lyrics_94] Prepending 0 bars and copying 23 chord notes to cover 4 leading bars
[melody2chord:lyrics_94] 
[melody2chord:lyrics_94] === Output Summary ===
[melody2chord:lyrics_94] Output TPQ: 480
[melody2chord:lyrics_94] Melody track notes: 117
[melody2chord:lyrics_94] Chord track notes: 116
[melody2chord:lyrics_94] First chord now at tick: 0
[melody2chord:lyrics_94] Last chord at tick: 36840
[melody2chord:lyrics_94] Output saved to: /data/home/fundwotsai/MIDI-SAG/generated_midi_right_key/lyrics_94/chord/chord_gen_filled_empty/sample01_shifted_chord_gen_filled_empty_bars.mid
[melody2chord:lyrics_94] === Quantizing melody to 1/16 notes ===
[melody2chord:lyrics_94] TPQ: 480
[melody2chord:lyrics_94] Ticks per 16th note: 120.0
[melody2chord:lyrics_94] Quantized 136 notes to 1/16 note positions
[melody2chord:lyrics_94] Output saved to: /data/home/fundwotsai/MIDI-SAG/generated_midi_right_key/lyrics_94/chord/chord_gen_quantized/sample01_shifted_chord_gen_quantized.mid
[melody2chord:lyrics_94] Extracted 81 beat-level chords from 'Chords' track
[melody2chord:lyrics_94] Chord times remapped to 82 beat positions (subdivision: quarter notes)
[melody2chord:lyrics_94] Filled 1 None chords
[melody2chord:lyrics_94] ✓ Successfully processed: sample01_shifted
[melody2chord:lyrics_94]   Key: Ab major (confidence: 0.53)
[melody2chord:lyrics_94]   Tempo: 78.0 BPM (source: MIDI tempo)
[melody2chord:lyrics_94]   Chord Text: /data/home/fundwotsai/MIDI-SAG/generated_midi_right_key/lyrics_94/chord/chord_txt/sample01_shifted_chord_gen.txt
[melody2chord:lyrics_94]   BTC Text:   /data/home/fundwotsai/MIDI-SAG/generated_midi_right_key/lyrics_94/chord/btc_txt/sample01_shifted_chord_gen.txt
