[melody2chord:lyrics_180] /data/home/fundwotsai/MIDI-SAG/AccoMontage2/chorderator/utils/utils.py:24: UserWarning: Could not import FluidSynth, audio formats writing disabled
[melody2chord:lyrics_180]   warnings.warn('Could not import FluidSynth, audio formats writing disabled')
[melody2chord:lyrics_180] /home/fundwotsai/miniconda3/envs/midi-sag/lib/python3.9/site-packages/miditok/tokenizations/remi.py:88: UserWarning: Attribute controls are not compatible with 'config.one_token_stream_for_programs' and multi-vocabulary tokenizers. Disabling them from the config.
[melody2chord:lyrics_180]   super().__init__(tokenizer_config, params)
[melody2chord:lyrics_180] /data/home/fundwotsai/MIDI-SAG/AccoMontage2/chorderator/core.py:238: UserWarning: Meter auto set to 4/4/. Please set meter if this is not your expectation
[melody2chord:lyrics_180]   warnings.warn('Meter auto set to 4/4/. Please set meter if this is not your expectation')
[melody2chord:lyrics_180] @Chorderator 2026-04-14 11:55:16,580 - INFO - [1;30m start read progressions from dict [0m
[melody2chord:lyrics_180] @Chorderator 2026-04-14 11:55:23,437 - INFO - [1;30m read progressions done [0m
[melody2chord:lyrics_180] @Chorderator 2026-04-14 11:55:23,437 - INFO - [1;30m start read progression library from source_base.pnt [0m
[melody2chord:lyrics_180] @Chorderator 2026-04-14 11:55:29,696 - INFO - [1;30m read library done [0m
[melody2chord:lyrics_180] @Chorderator 2026-04-14 11:55:29,696 - WARNING - [1;33m Pre-processing... [0m
[melody2chord:lyrics_180] @Chorderator 2026-04-14 11:55:29,703 - WARNING - [1;33m Pre-process done! [0m
[melody2chord:lyrics_180] @Chorderator 2026-04-14 11:55:29,703 - WARNING - [1;33m Solving... [0m
[melody2chord:lyrics_180] @Chorderator 2026-04-14 11:55:29,704 - INFO - [1;30m start read progressions from rep [0m
[melody2chord:lyrics_180] @Chorderator 2026-04-14 11:55:29,736 - INFO - [1;30m read progressions done [0m
[melody2chord:lyrics_180] @Chorderator 2026-04-14 11:55:29,741 - INFO - [1;30m Melody length 2, generate progression with 63 templates [0m
[melody2chord:lyrics_180] @Chorderator 2026-04-14 11:55:29,790 - WARNING - [1;33m Solved! [0m
[melody2chord:lyrics_180] @Chorderator 2026-04-14 11:55:29,790 - WARNING - [1;33m Post-processing... [0m
[melody2chord:lyrics_180] @Chorderator 2026-04-14 11:55:29,794 - WARNING - [1;33m Post-process done! [0m
[melody2chord:lyrics_180] @Chorderator 2026-04-14 11:55:29,794 - WARNING - [1;33m Generating textures... [0m
[melody2chord:lyrics_180] @Chorderator 2026-04-14 11:55:29,795 - WARNING - [1;33m All process finished! [0m
[melody2chord:lyrics_180] 
[melody2chord:lyrics_180] === Processing: sample01_shifted ===
[melody2chord:lyrics_180] Output will be saved to: /data/home/fundwotsai/MIDI-SAG/generated_midi_right_key/lyrics_180/chord/
[melody2chord:lyrics_180] beat_file_path: None
[melody2chord:lyrics_180] Tempo from MIDI: 78.0 BPM (no beat file — skipping warp step)
[melody2chord:lyrics_180] processed_melody_path: /data/home/fundwotsai/MIDI-SAG/generated_midi_right_key/lyrics_180/chord/processed_melody/sample01_shifted.mid
[melody2chord:lyrics_180] Detected key: Eb major (confidence: 0.56, Bellman-Budge)
[melody2chord:lyrics_180] Content bars: 11 -> Segmentation: A8B4 (total: 12)
[melody2chord:lyrics_180] Chorderator bars: 12 -> Segmentation: A8B4 (total: 12)
[melody2chord:lyrics_180] auto_config: {'note_shift': 64, 'segmentation': 'A8B4', 'analysis': {'total_bars': 16, 'empty_bars': 4, 'content_bars': 11, 'note_shift': 64, 'segmentation': 'A8B4', 'first_note_bar': 4.015625, 'last_note_bar': 15.953125, 'chorderator_bars': {'max_end_positions': 191, 'fixed_end_positions': 192, 'fixed_end_bars': 12, 'tempo': 77.99997660000703, 'unit': 0.19230774999999997}}}
[melody2chord:lyrics_180] tempo for CDT: 78.0 BPM
[melody2chord:lyrics_180] max_end: 191.0
[melody2chord:lyrics_180] fixed_end: 192
[melody2chord:lyrics_180] 192
[melody2chord:lyrics_180] {'tonic': 'Eb', 'mode': 'maj', 'tempo': 77.99997660000702, 'meter': '4/4', 'pos': ['x', 'x'], 'unit': 0.19230775}
[melody2chord:lyrics_180] Phrase length: 128 positions = 8 bars
[melody2chord:lyrics_180] Phrase length: 64 positions = 4 bars
[melody2chord:lyrics_180] [128, 64]
[melody2chord:lyrics_180] Chord Progression
[melody2chord:lyrics_180] -Source: Niko_Kotoulas_Emotional_Chords_2_C#m-B-F#-B-F#-G#m-E-B_.mid
[melody2chord:lyrics_180] -Source Type: None
[melody2chord:lyrics_180] -Source Tonic: B
[melody2chord:lyrics_180] -Source Metre: 4/4
[melody2chord:lyrics_180] -Source Mode: M (M for Major and m for minor)
[melody2chord:lyrics_180] -Appeared Times: 1
[melody2chord:lyrics_180] -Appeared In Other Songs: 0
[melody2chord:lyrics_180] -Reliability: 1.0
[melody2chord:lyrics_180] -Progression Class: {'type': 'unknown', 'pattern': 'unknown', 'cycle': (0.08151391459392222, 32), 'progression-style': 'emotional', 'chord-style': 'emotional', 'performing-style': 'unknown', 'rhythm': 'unknown', 'epic-endings': 'unknown', 'melodic': 'unknown', 'folder-id': 535, 'duplicate-id': 290, 'new_label': 'pop_complex'}
[melody2chord:lyrics_180] Numbered: 
[melody2chord:lyrics_180] | 2------- | 1------- | 5------- | 1------- | 5------- | 6------- | 4------- | 1------- | 
[melody2chord:lyrics_180] Chord: 
[melody2chord:lyrics_180] | 
[melody2chord:lyrics_180] | C#1------- | B 0------- | F#0------- | B 0------- | F#0------- | G#1------- | E 0------- | B 0------- | 
[melody2chord:lyrics_180] 
[melody2chord:lyrics_180] Chord Progression
[melody2chord:lyrics_180] -Source: Niko_Kotoulas_ChordProg_1_E-C#m-F#-B (IV-ii-V-I).mid
[melody2chord:lyrics_180] -Source Type: None
[melody2chord:lyrics_180] -Source Tonic: B
[melody2chord:lyrics_180] -Source Metre: 4/4
[melody2chord:lyrics_180] -Source Mode: M (M for Major and m for minor)
[melody2chord:lyrics_180] -Appeared Times: 1
[melody2chord:lyrics_180] -Appeared In Other Songs: 0
[melody2chord:lyrics_180] -Reliability: 0.9
[melody2chord:lyrics_180] -Progression Class: {'type': 'unknown', 'pattern': 'IV-ii-vi-V', 'cycle': (0.9999999999999999, 16), 'progression-style': 'unknown', 'chord-style': 'unknown', 'performing-style': 'unknown', 'rhythm': 'unknown', 'epic-endings': 'unknown', 'melodic': 'unknown', 'folder-id': 153, 'duplicate-id': 85, 'new_label': 'unknown'}
[melody2chord:lyrics_180] Numbered: 
[melody2chord:lyrics_180] | 4------- | 2------- | 5------- | 1------- | 
[melody2chord:lyrics_180] Chord: 
[melody2chord:lyrics_180] | E 0------- | C#1------- | F#0------- | B 0------- | 
[melody2chord:lyrics_180] 
[melody2chord:lyrics_180] Total: 2
[melody2chord:lyrics_180] 
[melody2chord:lyrics_180] === Aligning chord_gen TPQ ===
[melody2chord:lyrics_180] Original melody TPQ: 480
[melody2chord:lyrics_180] Chord gen TPQ: 220
[melody2chord:lyrics_180] TPQ ratio: 2.1818
[melody2chord:lyrics_180] Converted chord_gen TPQ from 220 to 480
[melody2chord:lyrics_180] Output saved to: /data/home/fundwotsai/MIDI-SAG/generated_midi_right_key/lyrics_180/chord/chord_gen/sample01_shifted_chord_gen.mid
[melody2chord:lyrics_180] Re-quantized 12 melody notes to 1/16 beat grid
[melody2chord:lyrics_180] === Fill Empty Bars with Chords ===
[melody2chord:lyrics_180] Original melody TPQ: 480
[melody2chord:lyrics_180] Chord gen TPQ: 480
[melody2chord:lyrics_180] TPQ ratio: 1.0000
[melody2chord:lyrics_180] Chords start at tick: 7679 (bar 4.00)
[melody2chord:lyrics_180] Empty bars to fill: 4
[melody2chord:lyrics_180] Prepending 1 bars and copying 18 chord notes to cover 4 leading bars
[melody2chord:lyrics_180] 
[melody2chord:lyrics_180] === Output Summary ===
[melody2chord:lyrics_180] Output TPQ: 480
[melody2chord:lyrics_180] Melody track notes: 118
[melody2chord:lyrics_180] Chord track notes: 78
[melody2chord:lyrics_180] First chord now at tick: 0
[melody2chord:lyrics_180] Last chord at tick: 30719
[melody2chord:lyrics_180] Output saved to: /data/home/fundwotsai/MIDI-SAG/generated_midi_right_key/lyrics_180/chord/chord_gen_filled_empty/sample01_shifted_chord_gen_filled_empty_bars.mid
[melody2chord:lyrics_180] === Quantizing melody to 1/16 notes ===
[melody2chord:lyrics_180] TPQ: 480
[melody2chord:lyrics_180] Ticks per 16th note: 120.0
[melody2chord:lyrics_180] Quantized 134 notes to 1/16 note positions
[melody2chord:lyrics_180] Output saved to: /data/home/fundwotsai/MIDI-SAG/generated_midi_right_key/lyrics_180/chord/chord_gen_quantized/sample01_shifted_chord_gen_quantized.mid
[melody2chord:lyrics_180] Extracted 68 beat-level chords from 'Chords' track
[melody2chord:lyrics_180] Chord times remapped to 65 beat positions (subdivision: quarter notes)
[melody2chord:lyrics_180] Filled 4 None chords
[melody2chord:lyrics_180] ✓ Successfully processed: sample01_shifted
[melody2chord:lyrics_180]   Key: Eb major (confidence: 0.56)
[melody2chord:lyrics_180]   Tempo: 78.0 BPM (source: MIDI tempo)
[melody2chord:lyrics_180]   Chord Text: /data/home/fundwotsai/MIDI-SAG/generated_midi_right_key/lyrics_180/chord/chord_txt/sample01_shifted_chord_gen.txt
[melody2chord:lyrics_180]   BTC Text:   /data/home/fundwotsai/MIDI-SAG/generated_midi_right_key/lyrics_180/chord/btc_txt/sample01_shifted_chord_gen.txt
