[melody2chord:lyrics_160] /data/home/fundwotsai/MIDI-SAG/AccoMontage2/chorderator/utils/utils.py:24: UserWarning: Could not import FluidSynth, audio formats writing disabled
[melody2chord:lyrics_160]   warnings.warn('Could not import FluidSynth, audio formats writing disabled')
[melody2chord:lyrics_160] /home/fundwotsai/miniconda3/envs/midi-sag/lib/python3.9/site-packages/miditok/tokenizations/remi.py:88: UserWarning: Attribute controls are not compatible with 'config.one_token_stream_for_programs' and multi-vocabulary tokenizers. Disabling them from the config.
[melody2chord:lyrics_160]   super().__init__(tokenizer_config, params)
[melody2chord:lyrics_160] /data/home/fundwotsai/MIDI-SAG/AccoMontage2/chorderator/core.py:238: UserWarning: Meter auto set to 4/4/. Please set meter if this is not your expectation
[melody2chord:lyrics_160]   warnings.warn('Meter auto set to 4/4/. Please set meter if this is not your expectation')
[melody2chord:lyrics_160] @Chorderator 2026-04-14 11:46:32,873 - INFO - [1;30m start read progressions from dict [0m
[melody2chord:lyrics_160] @Chorderator 2026-04-14 11:46:39,973 - INFO - [1;30m read progressions done [0m
[melody2chord:lyrics_160] @Chorderator 2026-04-14 11:46:39,973 - INFO - [1;30m start read progression library from source_base.pnt [0m
[melody2chord:lyrics_160] @Chorderator 2026-04-14 11:46:46,224 - INFO - [1;30m read library done [0m
[melody2chord:lyrics_160] @Chorderator 2026-04-14 11:46:46,224 - WARNING - [1;33m Pre-processing... [0m
[melody2chord:lyrics_160] @Chorderator 2026-04-14 11:46:46,234 - WARNING - [1;33m Pre-process done! [0m
[melody2chord:lyrics_160] @Chorderator 2026-04-14 11:46:46,234 - WARNING - [1;33m Solving... [0m
[melody2chord:lyrics_160] @Chorderator 2026-04-14 11:46:46,235 - INFO - [1;30m start read progressions from rep [0m
[melody2chord:lyrics_160] @Chorderator 2026-04-14 11:46:46,266 - INFO - [1;30m read progressions done [0m
[melody2chord:lyrics_160] @Chorderator 2026-04-14 11:46:46,271 - INFO - [1;30m Melody length 2, generate progression with 63 templates [0m
[melody2chord:lyrics_160] @Chorderator 2026-04-14 11:46:46,319 - WARNING - [1;33m Solved! [0m
[melody2chord:lyrics_160] @Chorderator 2026-04-14 11:46:46,319 - WARNING - [1;33m Post-processing... [0m
[melody2chord:lyrics_160] @Chorderator 2026-04-14 11:46:46,324 - WARNING - [1;33m Post-process done! [0m
[melody2chord:lyrics_160] @Chorderator 2026-04-14 11:46:46,324 - WARNING - [1;33m Generating textures... [0m
[melody2chord:lyrics_160] @Chorderator 2026-04-14 11:46:46,324 - WARNING - [1;33m All process finished! [0m
[melody2chord:lyrics_160] 
[melody2chord:lyrics_160] === Processing: sample01_shifted ===
[melody2chord:lyrics_160] Output will be saved to: /data/home/fundwotsai/MIDI-SAG/generated_midi_right_key/lyrics_160/chord/
[melody2chord:lyrics_160] beat_file_path: None
[melody2chord:lyrics_160] Tempo from MIDI: 78.0 BPM (no beat file — skipping warp step)
[melody2chord:lyrics_160] processed_melody_path: /data/home/fundwotsai/MIDI-SAG/generated_midi_right_key/lyrics_160/chord/processed_melody/sample01_shifted.mid
[melody2chord:lyrics_160] Detected key: Db major (confidence: 0.56, Bellman-Budge)
[melody2chord:lyrics_160] Content bars: 13 -> Segmentation: A8B8 (total: 16)
[melody2chord:lyrics_160] Chorderator bars: 16 -> Segmentation: A8B8 (total: 16)
[melody2chord:lyrics_160] auto_config: {'note_shift': 66, 'segmentation': 'A8B8', 'analysis': {'total_bars': 18, 'empty_bars': 4, 'content_bars': 13, 'note_shift': 66, 'segmentation': 'A8B8', 'first_note_bar': 4.125, 'last_note_bar': 17.1875, 'chorderator_bars': {'max_end_positions': 209, 'fixed_end_positions': 256, 'fixed_end_bars': 16, 'tempo': 77.99997660000703, 'unit': 0.19230774999999997}}}
[melody2chord:lyrics_160] tempo for CDT: 78.0 BPM
[melody2chord:lyrics_160] max_end: 209.0
[melody2chord:lyrics_160] fixed_end: 256
[melody2chord:lyrics_160] 256
[melody2chord:lyrics_160] {'tonic': 'Db', 'mode': 'maj', 'tempo': 77.99997660000702, 'meter': '4/4', 'pos': ['x', 'x'], 'unit': 0.19230775}
[melody2chord:lyrics_160] Phrase length: 128 positions = 8 bars
[melody2chord:lyrics_160] Phrase length: 128 positions = 8 bars
[melody2chord:lyrics_160] [128, 128]
[melody2chord:lyrics_160] Chord Progression
[melody2chord:lyrics_160] -Source: Niko_Kotoulas__RhythmChordProg_2 (vi-I-IV-V-ii-iii-IV-V).mid
[melody2chord:lyrics_160] -Source Type: None
[melody2chord:lyrics_160] -Source Tonic: B
[melody2chord:lyrics_160] -Source Metre: 4/4
[melody2chord:lyrics_160] -Source Mode: M (M for Major and m for minor)
[melody2chord:lyrics_160] -Appeared Times: 1
[melody2chord:lyrics_160] -Appeared In Other Songs: 0
[melody2chord:lyrics_160] -Reliability: 0.7
[melody2chord:lyrics_160] -Progression Class: {'type': 'unknown', 'pattern': 'vi-I-IV-V-ii-iii-IV-V', 'cycle': (0.5178087050187163, 24), 'progression-style': 'unknown', 'chord-style': 'unknown', 'performing-style': 'unknown', 'rhythm': 'slow', 'epic-endings': 'unknown', 'melodic': 'unknown', 'folder-id': 5971, 'duplicate-id': 81, 'new_label': 'unknown'}
[melody2chord:lyrics_160] Numbered: 
[melody2chord:lyrics_160] | 6------- | 1------- | 4------- | 5------- | 2------- | 3------- | 4------- | 5------- | 
[melody2chord:lyrics_160] Chord: 
[melody2chord:lyrics_160] | 
[melody2chord:lyrics_160] | G#1------- | B 0------- | E 0------- | F#0------- | C#1------- | D#1------- | E 0------- | F#0------- | 
[melody2chord:lyrics_160] 
[melody2chord:lyrics_160] Chord Progression
[melody2chord:lyrics_160] -Source: Niko_Kotoulas_Pop_7th_9th_Chords_4_B-E-G#m-F#_.mid
[melody2chord:lyrics_160] -Source Type: None
[melody2chord:lyrics_160] -Source Tonic: B
[melody2chord:lyrics_160] -Source Metre: 4/4
[melody2chord:lyrics_160] -Source Mode: M (M for Major and m for minor)
[melody2chord:lyrics_160] -Appeared Times: 1
[melody2chord:lyrics_160] -Appeared In Other Songs: 0
[melody2chord:lyrics_160] -Reliability: 1.0
[melody2chord:lyrics_160] -Progression Class: {'type': 'unknown', 'pattern': 'unknown', 'cycle': (1.0, 32), 'progression-style': 'pop', 'chord-style': 'classy', 'performing-style': 'unknown', 'rhythm': 'unknown', 'epic-endings': 'unknown', 'melodic': 'unknown', 'folder-id': 528, 'duplicate-id': 172, 'new_label': 'pop_complex'}
[melody2chord:lyrics_160] Numbered: 
[melody2chord:lyrics_160] | 1------- | 4------- | 6------- | 5------- | 1------- | 4------- | 6------- | 5------- | 
[melody2chord:lyrics_160] Chord: 
[melody2chord:lyrics_160] | 
[melody2chord:lyrics_160] | B 0------- | E 0------- | G#1------- | F#0------- | B 0------- | E 0------- | G#1------- | F#0------- | 
[melody2chord:lyrics_160] 
[melody2chord:lyrics_160] Total: 2
[melody2chord:lyrics_160] 
[melody2chord:lyrics_160] === Aligning chord_gen TPQ ===
[melody2chord:lyrics_160] Original melody TPQ: 480
[melody2chord:lyrics_160] Chord gen TPQ: 220
[melody2chord:lyrics_160] TPQ ratio: 2.1818
[melody2chord:lyrics_160] Converted chord_gen TPQ from 220 to 480
[melody2chord:lyrics_160] Output saved to: /data/home/fundwotsai/MIDI-SAG/generated_midi_right_key/lyrics_160/chord/chord_gen/sample01_shifted_chord_gen.mid
[melody2chord:lyrics_160] Re-quantized 70 melody notes to 1/16 beat grid
[melody2chord:lyrics_160] === Fill Empty Bars with Chords ===
[melody2chord:lyrics_160] Original melody TPQ: 480
[melody2chord:lyrics_160] Chord gen TPQ: 480
[melody2chord:lyrics_160] TPQ ratio: 1.0000
[melody2chord:lyrics_160] Chords start at tick: 7919 (bar 4.12)
[melody2chord:lyrics_160] Empty bars to fill: 4
[melody2chord:lyrics_160] Prepending 0 bars and copying 20 chord notes to cover 4 leading bars
[melody2chord:lyrics_160] 
[melody2chord:lyrics_160] === Output Summary ===
[melody2chord:lyrics_160] Output TPQ: 480
[melody2chord:lyrics_160] Melody track notes: 121
[melody2chord:lyrics_160] Chord track notes: 113
[melody2chord:lyrics_160] First chord now at tick: 0
[melody2chord:lyrics_160] Last chord at tick: 36720
[melody2chord:lyrics_160] Output saved to: /data/home/fundwotsai/MIDI-SAG/generated_midi_right_key/lyrics_160/chord/chord_gen_filled_empty/sample01_shifted_chord_gen_filled_empty_bars.mid
[melody2chord:lyrics_160] === Quantizing melody to 1/16 notes ===
[melody2chord:lyrics_160] TPQ: 480
[melody2chord:lyrics_160] Ticks per 16th note: 120.0
[melody2chord:lyrics_160] Quantized 139 notes to 1/16 note positions
[melody2chord:lyrics_160] Output saved to: /data/home/fundwotsai/MIDI-SAG/generated_midi_right_key/lyrics_160/chord/chord_gen_quantized/sample01_shifted_chord_gen_quantized.mid
[melody2chord:lyrics_160] Extracted 80 beat-level chords from 'Chords' track
[melody2chord:lyrics_160] Chord times remapped to 70 beat positions (subdivision: quarter notes)
[melody2chord:lyrics_160] ✓ Successfully processed: sample01_shifted
[melody2chord:lyrics_160]   Key: Db major (confidence: 0.56)
[melody2chord:lyrics_160]   Tempo: 78.0 BPM (source: MIDI tempo)
[melody2chord:lyrics_160]   Chord Text: /data/home/fundwotsai/MIDI-SAG/generated_midi_right_key/lyrics_160/chord/chord_txt/sample01_shifted_chord_gen.txt
[melody2chord:lyrics_160]   BTC Text:   /data/home/fundwotsai/MIDI-SAG/generated_midi_right_key/lyrics_160/chord/btc_txt/sample01_shifted_chord_gen.txt
