[melody2chord:lyrics_206] /data/home/fundwotsai/MIDI-SAG/AccoMontage2/chorderator/utils/utils.py:24: UserWarning: Could not import FluidSynth, audio formats writing disabled
[melody2chord:lyrics_206]   warnings.warn('Could not import FluidSynth, audio formats writing disabled')
[melody2chord:lyrics_206] /home/fundwotsai/miniconda3/envs/midi-sag/lib/python3.9/site-packages/miditok/tokenizations/remi.py:88: UserWarning: Attribute controls are not compatible with 'config.one_token_stream_for_programs' and multi-vocabulary tokenizers. Disabling them from the config.
[melody2chord:lyrics_206]   super().__init__(tokenizer_config, params)
[melody2chord:lyrics_206] /data/home/fundwotsai/MIDI-SAG/AccoMontage2/chorderator/core.py:238: UserWarning: Meter auto set to 4/4/. Please set meter if this is not your expectation
[melody2chord:lyrics_206]   warnings.warn('Meter auto set to 4/4/. Please set meter if this is not your expectation')
[melody2chord:lyrics_206] @Chorderator 2026-04-14 12:06:46,573 - INFO - [1;30m start read progressions from dict [0m
[melody2chord:lyrics_206] @Chorderator 2026-04-14 12:06:54,356 - INFO - [1;30m read progressions done [0m
[melody2chord:lyrics_206] @Chorderator 2026-04-14 12:06:54,356 - INFO - [1;30m start read progression library from source_base.pnt [0m
[melody2chord:lyrics_206] @Chorderator 2026-04-14 12:07:00,653 - INFO - [1;30m read library done [0m
[melody2chord:lyrics_206] @Chorderator 2026-04-14 12:07:00,653 - WARNING - [1;33m Pre-processing... [0m
[melody2chord:lyrics_206] @Chorderator 2026-04-14 12:07:00,679 - WARNING - [1;33m Pre-process done! [0m
[melody2chord:lyrics_206] @Chorderator 2026-04-14 12:07:00,679 - WARNING - [1;33m Solving... [0m
[melody2chord:lyrics_206] @Chorderator 2026-04-14 12:07:00,679 - INFO - [1;30m start read progressions from rep [0m
[melody2chord:lyrics_206] @Chorderator 2026-04-14 12:07:00,713 - INFO - [1;30m read progressions done [0m
[melody2chord:lyrics_206] @Chorderator 2026-04-14 12:07:00,719 - INFO - [1;30m Melody length 3, generate progression with 63 templates [0m
[melody2chord:lyrics_206] @Chorderator 2026-04-14 12:07:00,792 - WARNING - [1;33m Solved! [0m
[melody2chord:lyrics_206] @Chorderator 2026-04-14 12:07:00,792 - WARNING - [1;33m Post-processing... [0m
[melody2chord:lyrics_206] @Chorderator 2026-04-14 12:07:00,798 - WARNING - [1;33m Post-process done! [0m
[melody2chord:lyrics_206] @Chorderator 2026-04-14 12:07:00,798 - WARNING - [1;33m Generating textures... [0m
[melody2chord:lyrics_206] @Chorderator 2026-04-14 12:07:00,799 - WARNING - [1;33m All process finished! [0m
[melody2chord:lyrics_206] 
[melody2chord:lyrics_206] === Processing: sample01_shifted ===
[melody2chord:lyrics_206] Output will be saved to: /data/home/fundwotsai/MIDI-SAG/generated_midi_right_key/lyrics_206/chord/
[melody2chord:lyrics_206] beat_file_path: None
[melody2chord:lyrics_206] Tempo from MIDI: 60.0 BPM (no beat file — skipping warp step)
[melody2chord:lyrics_206] processed_melody_path: /data/home/fundwotsai/MIDI-SAG/generated_midi_right_key/lyrics_206/chord/processed_melody/sample01_shifted.mid
[melody2chord:lyrics_206] Detected key: Ab major (confidence: 0.66, Bellman-Budge)
[melody2chord:lyrics_206] Content bars: 23 -> Segmentation: A8B8A8 (total: 24)
[melody2chord:lyrics_206] Chorderator bars: 24 -> Segmentation: A8B8A8 (total: 24)
[melody2chord:lyrics_206] auto_config: {'note_shift': 64, 'segmentation': 'A8B8A8', 'analysis': {'total_bars': 28, 'empty_bars': 4, 'content_bars': 23, 'note_shift': 64, 'segmentation': 'A8B8A8', 'first_note_bar': 4.0, 'last_note_bar': 27.453125, 'chorderator_bars': {'max_end_positions': 375, 'fixed_end_positions': 384, 'fixed_end_bars': 24, 'tempo': 60.0, 'unit': 0.25}}}
[melody2chord:lyrics_206] tempo for CDT: 60.0 BPM
[melody2chord:lyrics_206] max_end: 375.0
[melody2chord:lyrics_206] fixed_end: 384
[melody2chord:lyrics_206] 384
[melody2chord:lyrics_206] {'tonic': 'Ab', 'mode': 'maj', 'tempo': 60.0, 'meter': '4/4', 'pos': ['x', 'x', 'x'], 'unit': 0.25}
[melody2chord:lyrics_206] Phrase length: 128 positions = 8 bars
[melody2chord:lyrics_206] Phrase length: 128 positions = 8 bars
[melody2chord:lyrics_206] Phrase length: 128 positions = 8 bars
[melody2chord:lyrics_206] [128, 128, 128]
[melody2chord:lyrics_206] Chord Progression
[melody2chord:lyrics_206] -Source: Niko_Kotoulas_EDM_7th_9th_Chords_16_C#m-B-G#m-F#_.mid
[melody2chord:lyrics_206] -Source Type: None
[melody2chord:lyrics_206] -Source Tonic: B
[melody2chord:lyrics_206] -Source Metre: 4/4
[melody2chord:lyrics_206] -Source Mode: M (M for Major and m for minor)
[melody2chord:lyrics_206] -Appeared Times: 1
[melody2chord:lyrics_206] -Appeared In Other Songs: 0
[melody2chord:lyrics_206] -Reliability: 1.0
[melody2chord:lyrics_206] -Progression Class: {'type': 'unknown', 'pattern': 'unknown', 'cycle': (0.9999999999999999, 32), 'progression-style': 'edm', 'chord-style': 'classy', 'performing-style': 'unknown', 'rhythm': 'unknown', 'epic-endings': 'unknown', 'melodic': 'unknown', 'folder-id': 531, 'duplicate-id': 221, 'new_label': 'pop_complex'}
[melody2chord:lyrics_206] Numbered: 
[melody2chord:lyrics_206] | 2------- | 1------- | 6------- | 5------- | 2------- | 1------- | 6------- | 5------- | 
[melody2chord:lyrics_206] Chord: 
[melody2chord:lyrics_206] | 
[melody2chord:lyrics_206] | C#1------- | B 0------- | G#1------- | F#0------- | C#1------- | B 0------- | G#1------- | F#0------- | 
[melody2chord:lyrics_206] 
[melody2chord:lyrics_206] Chord Progression
[melody2chord:lyrics_206] -Source: Niko_Kotoulas_Pop_7th_9th_Chords_7_B-G#m-B-G#m_.mid
[melody2chord:lyrics_206] -Source Type: None
[melody2chord:lyrics_206] -Source Tonic: B
[melody2chord:lyrics_206] -Source Metre: 4/4
[melody2chord:lyrics_206] -Source Mode: M (M for Major and m for minor)
[melody2chord:lyrics_206] -Appeared Times: 1
[melody2chord:lyrics_206] -Appeared In Other Songs: 0
[melody2chord:lyrics_206] -Reliability: 1.0
[melody2chord:lyrics_206] -Progression Class: {'type': 'unknown', 'pattern': 'unknown', 'cycle': (1.0, 16), 'progression-style': 'pop', 'chord-style': 'classy', 'performing-style': 'unknown', 'rhythm': 'unknown', 'epic-endings': 'unknown', 'melodic': 'unknown', 'folder-id': 528, 'duplicate-id': 174, 'new_label': 'pop_complex'}
[melody2chord:lyrics_206] Numbered: 
[melody2chord:lyrics_206] | 1------- | 6------- | 1------- | 6------- | 1------- | 6------- | 1------- | 6------- | 
[melody2chord:lyrics_206] Chord: 
[melody2chord:lyrics_206] | 
[melody2chord:lyrics_206] | B 0------- | G#1------- | B 0------- | G#1------- | B 0------- | G#1------- | B 0------- | G#1------- | 
[melody2chord:lyrics_206] 
[melody2chord:lyrics_206] Chord Progression
[melody2chord:lyrics_206] -Source: Niko_Kotoulas_Pop_7th_9th_Chords_7_B-G#m-B-G#m_.mid
[melody2chord:lyrics_206] -Source Type: None
[melody2chord:lyrics_206] -Source Tonic: B
[melody2chord:lyrics_206] -Source Metre: 4/4
[melody2chord:lyrics_206] -Source Mode: M (M for Major and m for minor)
[melody2chord:lyrics_206] -Appeared Times: 1
[melody2chord:lyrics_206] -Appeared In Other Songs: 0
[melody2chord:lyrics_206] -Reliability: 1.0
[melody2chord:lyrics_206] -Progression Class: {'type': 'unknown', 'pattern': 'unknown', 'cycle': (1.0, 16), 'progression-style': 'pop', 'chord-style': 'classy', 'performing-style': 'unknown', 'rhythm': 'unknown', 'epic-endings': 'unknown', 'melodic': 'unknown', 'folder-id': 528, 'duplicate-id': 174, 'new_label': 'pop_complex'}
[melody2chord:lyrics_206] Numbered: 
[melody2chord:lyrics_206] | 1------- | 6------- | 1------- | 6------- | 1------- | 6------- | 1------- | 6------- | 
[melody2chord:lyrics_206] Chord: 
[melody2chord:lyrics_206] | 
[melody2chord:lyrics_206] | B 0------- | G#1------- | B 0------- | G#1------- | B 0------- | G#1------- | B 0------- | G#1------- | 
[melody2chord:lyrics_206] 
[melody2chord:lyrics_206] Total: 3
[melody2chord:lyrics_206] 
[melody2chord:lyrics_206] === Aligning chord_gen TPQ ===
[melody2chord:lyrics_206] Original melody TPQ: 480
[melody2chord:lyrics_206] Chord gen TPQ: 220
[melody2chord:lyrics_206] TPQ ratio: 2.1818
[melody2chord:lyrics_206] Converted chord_gen TPQ from 220 to 480
[melody2chord:lyrics_206] Output saved to: /data/home/fundwotsai/MIDI-SAG/generated_midi_right_key/lyrics_206/chord/chord_gen/sample01_shifted_chord_gen.mid
[melody2chord:lyrics_206] Re-quantized 90 melody notes to 1/16 beat grid
[melody2chord:lyrics_206] === Fill Empty Bars with Chords ===
[melody2chord:lyrics_206] Original melody TPQ: 480
[melody2chord:lyrics_206] Chord gen TPQ: 480
[melody2chord:lyrics_206] TPQ ratio: 1.0000
[melody2chord:lyrics_206] Chords start at tick: 7679 (bar 4.00)
[melody2chord:lyrics_206] Empty bars to fill: 4
[melody2chord:lyrics_206] Prepending 1 bars and copying 25 chord notes to cover 4 leading bars
[melody2chord:lyrics_206] 
[melody2chord:lyrics_206] === Output Summary ===
[melody2chord:lyrics_206] Output TPQ: 480
[melody2chord:lyrics_206] Melody track notes: 273
[melody2chord:lyrics_206] Chord track notes: 163
[melody2chord:lyrics_206] First chord now at tick: 0
[melody2chord:lyrics_206] Last chord at tick: 53759
[melody2chord:lyrics_206] Output saved to: /data/home/fundwotsai/MIDI-SAG/generated_midi_right_key/lyrics_206/chord/chord_gen_filled_empty/sample01_shifted_chord_gen_filled_empty_bars.mid
[melody2chord:lyrics_206] === Quantizing melody to 1/16 notes ===
[melody2chord:lyrics_206] TPQ: 480
[melody2chord:lyrics_206] Ticks per 16th note: 120.0
[melody2chord:lyrics_206] Quantized 296 notes to 1/16 note positions
[melody2chord:lyrics_206] Output saved to: /data/home/fundwotsai/MIDI-SAG/generated_midi_right_key/lyrics_206/chord/chord_gen_quantized/sample01_shifted_chord_gen_quantized.mid
[melody2chord:lyrics_206] Extracted 116 beat-level chords from 'Chords' track
[melody2chord:lyrics_206] Chord times remapped to 111 beat positions (subdivision: quarter notes)
[melody2chord:lyrics_206] Filled 4 None chords
[melody2chord:lyrics_206] ✓ Successfully processed: sample01_shifted
[melody2chord:lyrics_206]   Key: Ab major (confidence: 0.66)
[melody2chord:lyrics_206]   Tempo: 60.0 BPM (source: MIDI tempo)
[melody2chord:lyrics_206]   Chord Text: /data/home/fundwotsai/MIDI-SAG/generated_midi_right_key/lyrics_206/chord/chord_txt/sample01_shifted_chord_gen.txt
[melody2chord:lyrics_206]   BTC Text:   /data/home/fundwotsai/MIDI-SAG/generated_midi_right_key/lyrics_206/chord/btc_txt/sample01_shifted_chord_gen.txt
