[melody2chord:lyrics_53] /data/home/fundwotsai/MIDI-SAG/AccoMontage2/chorderator/utils/utils.py:24: UserWarning: Could not import FluidSynth, audio formats writing disabled
[melody2chord:lyrics_53]   warnings.warn('Could not import FluidSynth, audio formats writing disabled')
[melody2chord:lyrics_53] /home/fundwotsai/miniconda3/envs/midi-sag/lib/python3.9/site-packages/miditok/tokenizations/remi.py:88: UserWarning: Attribute controls are not compatible with 'config.one_token_stream_for_programs' and multi-vocabulary tokenizers. Disabling them from the config.
[melody2chord:lyrics_53]   super().__init__(tokenizer_config, params)
[melody2chord:lyrics_53] /data/home/fundwotsai/MIDI-SAG/AccoMontage2/chorderator/core.py:238: UserWarning: Meter auto set to 4/4/. Please set meter if this is not your expectation
[melody2chord:lyrics_53]   warnings.warn('Meter auto set to 4/4/. Please set meter if this is not your expectation')
[melody2chord:lyrics_53] @Chorderator 2026-04-14 12:22:02,165 - INFO - [1;30m start read progressions from dict [0m
[melody2chord:lyrics_53] @Chorderator 2026-04-14 12:22:08,682 - INFO - [1;30m read progressions done [0m
[melody2chord:lyrics_53] @Chorderator 2026-04-14 12:22:08,683 - INFO - [1;30m start read progression library from source_base.pnt [0m
[melody2chord:lyrics_53] @Chorderator 2026-04-14 12:22:14,985 - INFO - [1;30m read library done [0m
[melody2chord:lyrics_53] @Chorderator 2026-04-14 12:22:14,985 - WARNING - [1;33m Pre-processing... [0m
[melody2chord:lyrics_53] @Chorderator 2026-04-14 12:22:14,994 - WARNING - [1;33m Pre-process done! [0m
[melody2chord:lyrics_53] @Chorderator 2026-04-14 12:22:14,995 - WARNING - [1;33m Solving... [0m
[melody2chord:lyrics_53] @Chorderator 2026-04-14 12:22:14,995 - INFO - [1;30m start read progressions from rep [0m
[melody2chord:lyrics_53] @Chorderator 2026-04-14 12:22:15,026 - INFO - [1;30m read progressions done [0m
[melody2chord:lyrics_53] @Chorderator 2026-04-14 12:22:15,031 - INFO - [1;30m Melody length 2, generate progression with 63 templates [0m
[melody2chord:lyrics_53] @Chorderator 2026-04-14 12:22:15,080 - WARNING - [1;33m Solved! [0m
[melody2chord:lyrics_53] @Chorderator 2026-04-14 12:22:15,081 - WARNING - [1;33m Post-processing... [0m
[melody2chord:lyrics_53] @Chorderator 2026-04-14 12:22:15,084 - WARNING - [1;33m Post-process done! [0m
[melody2chord:lyrics_53] @Chorderator 2026-04-14 12:22:15,084 - WARNING - [1;33m Generating textures... [0m
[melody2chord:lyrics_53] @Chorderator 2026-04-14 12:22:15,085 - WARNING - [1;33m All process finished! [0m
[melody2chord:lyrics_53] 
[melody2chord:lyrics_53] === Processing: sample01_shifted ===
[melody2chord:lyrics_53] Output will be saved to: /data/home/fundwotsai/MIDI-SAG/generated_midi_right_key/lyrics_53/chord/
[melody2chord:lyrics_53] beat_file_path: None
[melody2chord:lyrics_53] Tempo from MIDI: 78.0 BPM (no beat file — skipping warp step)
[melody2chord:lyrics_53] processed_melody_path: /data/home/fundwotsai/MIDI-SAG/generated_midi_right_key/lyrics_53/chord/processed_melody/sample01_shifted.mid
[melody2chord:lyrics_53] Detected key: F major (confidence: 0.72, Bellman-Budge)
[melody2chord:lyrics_53] Content bars: 14 -> Segmentation: A8B8 (total: 16)
[melody2chord:lyrics_53] Chorderator bars: 16 -> Segmentation: A8B8 (total: 16)
[melody2chord:lyrics_53] auto_config: {'note_shift': 76, 'segmentation': 'A8B8', 'analysis': {'total_bars': 19, 'empty_bars': 4, 'content_bars': 14, 'note_shift': 76, 'segmentation': 'A8B8', 'first_note_bar': 4.75, 'last_note_bar': 18.4375, 'chorderator_bars': {'max_end_positions': 219, 'fixed_end_positions': 256, 'fixed_end_bars': 16, 'tempo': 77.99997660000703, 'unit': 0.19230774999999997}}}
[melody2chord:lyrics_53] tempo for CDT: 78.0 BPM
[melody2chord:lyrics_53] max_end: 219.0
[melody2chord:lyrics_53] fixed_end: 256
[melody2chord:lyrics_53] 256
[melody2chord:lyrics_53] {'tonic': 'F', 'mode': 'maj', 'tempo': 77.99997660000702, 'meter': '4/4', 'pos': ['x', 'x'], 'unit': 0.19230775}
[melody2chord:lyrics_53] Phrase length: 128 positions = 8 bars
[melody2chord:lyrics_53] Phrase length: 128 positions = 8 bars
[melody2chord:lyrics_53] [128, 128]
[melody2chord:lyrics_53] Chord Progression
[melody2chord:lyrics_53] -Source: Niko_Kotoulas_Emotional_Chords_15_G#m-D#m-E-B_.mid
[melody2chord:lyrics_53] -Source Type: None
[melody2chord:lyrics_53] -Source Tonic: B
[melody2chord:lyrics_53] -Source Metre: 4/4
[melody2chord:lyrics_53] -Source Mode: M (M for Major and m for minor)
[melody2chord:lyrics_53] -Appeared Times: 1
[melody2chord:lyrics_53] -Appeared In Other Songs: 0
[melody2chord:lyrics_53] -Reliability: 1.0
[melody2chord:lyrics_53] -Progression Class: {'type': 'unknown', 'pattern': 'unknown', 'cycle': (1.0, 32), 'progression-style': 'emotional', 'chord-style': 'emotional', 'performing-style': 'unknown', 'rhythm': 'unknown', 'epic-endings': 'unknown', 'melodic': 'unknown', 'folder-id': 535, 'duplicate-id': 276, 'new_label': 'pop_complex'}
[melody2chord:lyrics_53] Numbered: 
[melody2chord:lyrics_53] | 6------- | 3------- | 4------- | 1------- | 6------- | 3------- | 4------- | 1------- | 
[melody2chord:lyrics_53] Chord: 
[melody2chord:lyrics_53] | 
[melody2chord:lyrics_53] | G#1------- | D#1------- | E 0------- | B 0------- | G#1------- | D#1------- | E 0------- | B 0------- | 
[melody2chord:lyrics_53] 
[melody2chord:lyrics_53] Chord Progression
[melody2chord:lyrics_53] -Source: Niko_Kotoulas_Emotional_Chords_15_G#m-D#m-E-B_.mid
[melody2chord:lyrics_53] -Source Type: None
[melody2chord:lyrics_53] -Source Tonic: B
[melody2chord:lyrics_53] -Source Metre: 4/4
[melody2chord:lyrics_53] -Source Mode: M (M for Major and m for minor)
[melody2chord:lyrics_53] -Appeared Times: 1
[melody2chord:lyrics_53] -Appeared In Other Songs: 0
[melody2chord:lyrics_53] -Reliability: 1.0
[melody2chord:lyrics_53] -Progression Class: {'type': 'unknown', 'pattern': 'unknown', 'cycle': (1.0, 32), 'progression-style': 'emotional', 'chord-style': 'emotional', 'performing-style': 'unknown', 'rhythm': 'unknown', 'epic-endings': 'unknown', 'melodic': 'unknown', 'folder-id': 535, 'duplicate-id': 276, 'new_label': 'pop_complex'}
[melody2chord:lyrics_53] Numbered: 
[melody2chord:lyrics_53] | 6------- | 3------- | 4------- | 1------- | 6------- | 3------- | 4------- | 1------- | 
[melody2chord:lyrics_53] Chord: 
[melody2chord:lyrics_53] | 
[melody2chord:lyrics_53] | G#1------- | D#1------- | E 0------- | B 0------- | G#1------- | D#1------- | E 0------- | B 0------- | 
[melody2chord:lyrics_53] 
[melody2chord:lyrics_53] Total: 2
[melody2chord:lyrics_53] 
[melody2chord:lyrics_53] === Aligning chord_gen TPQ ===
[melody2chord:lyrics_53] Original melody TPQ: 480
[melody2chord:lyrics_53] Chord gen TPQ: 220
[melody2chord:lyrics_53] TPQ ratio: 2.1818
[melody2chord:lyrics_53] Converted chord_gen TPQ from 220 to 480
[melody2chord:lyrics_53] Output saved to: /data/home/fundwotsai/MIDI-SAG/generated_midi_right_key/lyrics_53/chord/chord_gen/sample01_shifted_chord_gen.mid
[melody2chord:lyrics_53] Re-quantized 63 melody notes to 1/16 beat grid
[melody2chord:lyrics_53] === Fill Empty Bars with Chords ===
[melody2chord:lyrics_53] Original melody TPQ: 480
[melody2chord:lyrics_53] Chord gen TPQ: 480
[melody2chord:lyrics_53] TPQ ratio: 1.0000
[melody2chord:lyrics_53] Chords start at tick: 9120 (bar 4.75)
[melody2chord:lyrics_53] Empty bars to fill: 4
[melody2chord:lyrics_53] Prepending 0 bars and copying 23 chord notes to cover 4 leading bars
[melody2chord:lyrics_53] 
[melody2chord:lyrics_53] === Output Summary ===
[melody2chord:lyrics_53] Output TPQ: 480
[melody2chord:lyrics_53] Melody track notes: 124
[melody2chord:lyrics_53] Chord track notes: 119
[melody2chord:lyrics_53] First chord now at tick: 0
[melody2chord:lyrics_53] Last chord at tick: 37920
[melody2chord:lyrics_53] Output saved to: /data/home/fundwotsai/MIDI-SAG/generated_midi_right_key/lyrics_53/chord/chord_gen_filled_empty/sample01_shifted_chord_gen_filled_empty_bars.mid
[melody2chord:lyrics_53] === Quantizing melody to 1/16 notes ===
[melody2chord:lyrics_53] TPQ: 480
[melody2chord:lyrics_53] Ticks per 16th note: 120.0
[melody2chord:lyrics_53] Quantized 137 notes to 1/16 note positions
[melody2chord:lyrics_53] Output saved to: /data/home/fundwotsai/MIDI-SAG/generated_midi_right_key/lyrics_53/chord/chord_gen_quantized/sample01_shifted_chord_gen_quantized.mid
[melody2chord:lyrics_53] Extracted 83 beat-level chords from 'Chords' track
[melody2chord:lyrics_53] Chord times remapped to 75 beat positions (subdivision: quarter notes)
[melody2chord:lyrics_53] Filled 3 None chords
[melody2chord:lyrics_53] ✓ Successfully processed: sample01_shifted
[melody2chord:lyrics_53]   Key: F major (confidence: 0.72)
[melody2chord:lyrics_53]   Tempo: 78.0 BPM (source: MIDI tempo)
[melody2chord:lyrics_53]   Chord Text: /data/home/fundwotsai/MIDI-SAG/generated_midi_right_key/lyrics_53/chord/chord_txt/sample01_shifted_chord_gen.txt
[melody2chord:lyrics_53]   BTC Text:   /data/home/fundwotsai/MIDI-SAG/generated_midi_right_key/lyrics_53/chord/btc_txt/sample01_shifted_chord_gen.txt
