[melody2chord:lyrics_95] /data/home/fundwotsai/MIDI-SAG/AccoMontage2/chorderator/utils/utils.py:24: UserWarning: Could not import FluidSynth, audio formats writing disabled
[melody2chord:lyrics_95]   warnings.warn('Could not import FluidSynth, audio formats writing disabled')
[melody2chord:lyrics_95] /home/fundwotsai/miniconda3/envs/midi-sag/lib/python3.9/site-packages/miditok/tokenizations/remi.py:88: UserWarning: Attribute controls are not compatible with 'config.one_token_stream_for_programs' and multi-vocabulary tokenizers. Disabling them from the config.
[melody2chord:lyrics_95]   super().__init__(tokenizer_config, params)
[melody2chord:lyrics_95] /data/home/fundwotsai/MIDI-SAG/AccoMontage2/chorderator/core.py:238: UserWarning: Meter auto set to 4/4/. Please set meter if this is not your expectation
[melody2chord:lyrics_95]   warnings.warn('Meter auto set to 4/4/. Please set meter if this is not your expectation')
[melody2chord:lyrics_95] @Chorderator 2026-04-14 12:40:10,080 - INFO - [1;30m start read progressions from dict [0m
[melody2chord:lyrics_95] @Chorderator 2026-04-14 12:40:16,637 - INFO - [1;30m read progressions done [0m
[melody2chord:lyrics_95] @Chorderator 2026-04-14 12:40:16,637 - INFO - [1;30m start read progression library from source_base.pnt [0m
[melody2chord:lyrics_95] @Chorderator 2026-04-14 12:40:23,069 - INFO - [1;30m read library done [0m
[melody2chord:lyrics_95] @Chorderator 2026-04-14 12:40:23,069 - WARNING - [1;33m Pre-processing... [0m
[melody2chord:lyrics_95] @Chorderator 2026-04-14 12:40:23,084 - WARNING - [1;33m Pre-process done! [0m
[melody2chord:lyrics_95] @Chorderator 2026-04-14 12:40:23,084 - WARNING - [1;33m Solving... [0m
[melody2chord:lyrics_95] @Chorderator 2026-04-14 12:40:23,085 - INFO - [1;30m start read progressions from rep [0m
[melody2chord:lyrics_95] @Chorderator 2026-04-14 12:40:23,120 - INFO - [1;30m read progressions done [0m
[melody2chord:lyrics_95] @Chorderator 2026-04-14 12:40:23,125 - INFO - [1;30m Melody length 2, generate progression with 63 templates [0m
[melody2chord:lyrics_95] @Chorderator 2026-04-14 12:40:23,174 - WARNING - [1;33m Solved! [0m
[melody2chord:lyrics_95] @Chorderator 2026-04-14 12:40:23,174 - WARNING - [1;33m Post-processing... [0m
[melody2chord:lyrics_95] @Chorderator 2026-04-14 12:40:23,178 - WARNING - [1;33m Post-process done! [0m
[melody2chord:lyrics_95] @Chorderator 2026-04-14 12:40:23,178 - WARNING - [1;33m Generating textures... [0m
[melody2chord:lyrics_95] @Chorderator 2026-04-14 12:40:23,179 - WARNING - [1;33m All process finished! [0m
[melody2chord:lyrics_95] 
[melody2chord:lyrics_95] === Processing: sample01_shifted ===
[melody2chord:lyrics_95] Output will be saved to: /data/home/fundwotsai/MIDI-SAG/generated_midi_right_key/lyrics_95/chord/
[melody2chord:lyrics_95] beat_file_path: None
[melody2chord:lyrics_95] Tempo from MIDI: 78.0 BPM (no beat file — skipping warp step)
[melody2chord:lyrics_95] processed_melody_path: /data/home/fundwotsai/MIDI-SAG/generated_midi_right_key/lyrics_95/chord/processed_melody/sample01_shifted.mid
[melody2chord:lyrics_95] Detected key: F major (confidence: 0.66, Bellman-Budge)
[melody2chord:lyrics_95] Content bars: 14 -> Segmentation: A8B8 (total: 16)
[melody2chord:lyrics_95] Chorderator bars: 16 -> Segmentation: A8B8 (total: 16)
[melody2chord:lyrics_95] auto_config: {'note_shift': 76, 'segmentation': 'A8B8', 'analysis': {'total_bars': 19, 'empty_bars': 4, 'content_bars': 14, 'note_shift': 76, 'segmentation': 'A8B8', 'first_note_bar': 4.75, 'last_note_bar': 18.34375, 'chorderator_bars': {'max_end_positions': 217, 'fixed_end_positions': 256, 'fixed_end_bars': 16, 'tempo': 77.99997660000703, 'unit': 0.19230774999999997}}}
[melody2chord:lyrics_95] tempo for CDT: 78.0 BPM
[melody2chord:lyrics_95] max_end: 217.0
[melody2chord:lyrics_95] fixed_end: 256
[melody2chord:lyrics_95] 256
[melody2chord:lyrics_95] {'tonic': 'F', 'mode': 'maj', 'tempo': 77.99997660000702, 'meter': '4/4', 'pos': ['x', 'x'], 'unit': 0.19230775}
[melody2chord:lyrics_95] Phrase length: 128 positions = 8 bars
[melody2chord:lyrics_95] Phrase length: 128 positions = 8 bars
[melody2chord:lyrics_95] [128, 128]
[melody2chord:lyrics_95] Chord Progression
[melody2chord:lyrics_95] -Source: Niko_Kotoulas_Emotional_Chords_26_G#m-F#-B-C#m-D#m-E-F#-G#_.mid
[melody2chord:lyrics_95] -Source Type: None
[melody2chord:lyrics_95] -Source Tonic: B
[melody2chord:lyrics_95] -Source Metre: 4/4
[melody2chord:lyrics_95] -Source Mode: M (M for Major and m for minor)
[melody2chord:lyrics_95] -Appeared Times: 1
[melody2chord:lyrics_95] -Appeared In Other Songs: 0
[melody2chord:lyrics_95] -Reliability: 1.0
[melody2chord:lyrics_95] -Progression Class: {'type': 'unknown', 'pattern': 'unknown', 'cycle': (0.4338235294117646, 8), 'progression-style': 'emotional', 'chord-style': 'emotional', 'performing-style': 'unknown', 'rhythm': 'unknown', 'epic-endings': 'unknown', 'melodic': 'unknown', 'folder-id': 535, 'duplicate-id': 282, 'new_label': 'pop_complex'}
[melody2chord:lyrics_95] Numbered: 
[melody2chord:lyrics_95] | 6------- | 5------- | 1------- | 2------- | 3------- | 4------- | 5------- | 6------- | 
[melody2chord:lyrics_95] Chord: 
[melody2chord:lyrics_95] | 
[melody2chord:lyrics_95] | G#1------- | F#0------- | B 0------- | C#1------- | D#1------- | E 0------- | F#0------- | G#0------- | 
[melody2chord:lyrics_95] 
[melody2chord:lyrics_95] Chord Progression
[melody2chord:lyrics_95] -Source: Niko_Kotoulas_Epic_Ending_3_F#-G#m-E-B (V-vi-IV-I).mid
[melody2chord:lyrics_95] -Source Type: None
[melody2chord:lyrics_95] -Source Tonic: B
[melody2chord:lyrics_95] -Source Metre: 4/4
[melody2chord:lyrics_95] -Source Mode: M (M for Major and m for minor)
[melody2chord:lyrics_95] -Appeared Times: 1
[melody2chord:lyrics_95] -Appeared In Other Songs: 0
[melody2chord:lyrics_95] -Reliability: 0.4
[melody2chord:lyrics_95] -Progression Class: {'type': 'unknown', 'pattern': 'V-vi-IV-I', 'cycle': (0, 0), 'progression-style': 'unknown', 'chord-style': 'unknown', 'performing-style': 'unknown', 'rhythm': 'unknown', 'epic-endings': 'True', 'melodic': 'unknown', 'folder-id': 335, 'duplicate-id': 494, 'new_label': 'unknown'}
[melody2chord:lyrics_95] Numbered: 
[melody2chord:lyrics_95] | 5------- | 6------- | 4------- | 1------- | 1------- | 1------- | 1------- | 1------- | 
[melody2chord:lyrics_95] Chord: 
[melody2chord:lyrics_95] | 
[melody2chord:lyrics_95] | F#0------- | G#1------- | E 0------- | B 0------- | B 0------- | B 0------- | B 0------- | B 0------- | 
[melody2chord:lyrics_95] 
[melody2chord:lyrics_95] Total: 2
[melody2chord:lyrics_95] 
[melody2chord:lyrics_95] === Aligning chord_gen TPQ ===
[melody2chord:lyrics_95] Original melody TPQ: 480
[melody2chord:lyrics_95] Chord gen TPQ: 220
[melody2chord:lyrics_95] TPQ ratio: 2.1818
[melody2chord:lyrics_95] Converted chord_gen TPQ from 220 to 480
[melody2chord:lyrics_95] Output saved to: /data/home/fundwotsai/MIDI-SAG/generated_midi_right_key/lyrics_95/chord/chord_gen/sample01_shifted_chord_gen.mid
[melody2chord:lyrics_95] Re-quantized 73 melody notes to 1/16 beat grid
[melody2chord:lyrics_95] === Fill Empty Bars with Chords ===
[melody2chord:lyrics_95] Original melody TPQ: 480
[melody2chord:lyrics_95] Chord gen TPQ: 480
[melody2chord:lyrics_95] TPQ ratio: 1.0000
[melody2chord:lyrics_95] Chords start at tick: 9120 (bar 4.75)
[melody2chord:lyrics_95] Empty bars to fill: 4
[melody2chord:lyrics_95] Prepending 0 bars and copying 25 chord notes to cover 4 leading bars
[melody2chord:lyrics_95] 
[melody2chord:lyrics_95] === Output Summary ===
[melody2chord:lyrics_95] Output TPQ: 480
[melody2chord:lyrics_95] Melody track notes: 118
[melody2chord:lyrics_95] Chord track notes: 124
[melody2chord:lyrics_95] First chord now at tick: 0
[melody2chord:lyrics_95] Last chord at tick: 35520
[melody2chord:lyrics_95] Output saved to: /data/home/fundwotsai/MIDI-SAG/generated_midi_right_key/lyrics_95/chord/chord_gen_filled_empty/sample01_shifted_chord_gen_filled_empty_bars.mid
[melody2chord:lyrics_95] === Quantizing melody to 1/16 notes ===
[melody2chord:lyrics_95] TPQ: 480
[melody2chord:lyrics_95] Ticks per 16th note: 120.0
[melody2chord:lyrics_95] Quantized 135 notes to 1/16 note positions
[melody2chord:lyrics_95] Output saved to: /data/home/fundwotsai/MIDI-SAG/generated_midi_right_key/lyrics_95/chord/chord_gen_quantized/sample01_shifted_chord_gen_quantized.mid
[melody2chord:lyrics_95] Extracted 76 beat-level chords from 'Chords' track
[melody2chord:lyrics_95] Chord times remapped to 75 beat positions (subdivision: quarter notes)
[melody2chord:lyrics_95] Filled 9 None chords
[melody2chord:lyrics_95] ✓ Successfully processed: sample01_shifted
[melody2chord:lyrics_95]   Key: F major (confidence: 0.66)
[melody2chord:lyrics_95]   Tempo: 78.0 BPM (source: MIDI tempo)
[melody2chord:lyrics_95]   Chord Text: /data/home/fundwotsai/MIDI-SAG/generated_midi_right_key/lyrics_95/chord/chord_txt/sample01_shifted_chord_gen.txt
[melody2chord:lyrics_95]   BTC Text:   /data/home/fundwotsai/MIDI-SAG/generated_midi_right_key/lyrics_95/chord/btc_txt/sample01_shifted_chord_gen.txt
