[melody2chord:lyrics_205_2] /data/home/fundwotsai/MIDI-SAG/AccoMontage2/chorderator/utils/utils.py:24: UserWarning: Could not import FluidSynth, audio formats writing disabled
[melody2chord:lyrics_205_2]   warnings.warn('Could not import FluidSynth, audio formats writing disabled')
[melody2chord:lyrics_205_2] /home/fundwotsai/miniconda3/envs/midi-sag/lib/python3.9/site-packages/miditok/tokenizations/remi.py:88: UserWarning: Attribute controls are not compatible with 'config.one_token_stream_for_programs' and multi-vocabulary tokenizers. Disabling them from the config.
[melody2chord:lyrics_205_2]   super().__init__(tokenizer_config, params)
[melody2chord:lyrics_205_2] /data/home/fundwotsai/MIDI-SAG/AccoMontage2/chorderator/core.py:238: UserWarning: Meter auto set to 4/4/. Please set meter if this is not your expectation
[melody2chord:lyrics_205_2]   warnings.warn('Meter auto set to 4/4/. Please set meter if this is not your expectation')
[melody2chord:lyrics_205_2] @Chorderator 2026-04-14 12:06:22,657 - INFO - [1;30m start read progressions from dict [0m
[melody2chord:lyrics_205_2] @Chorderator 2026-04-14 12:06:29,248 - INFO - [1;30m read progressions done [0m
[melody2chord:lyrics_205_2] @Chorderator 2026-04-14 12:06:29,248 - INFO - [1;30m start read progression library from source_base.pnt [0m
[melody2chord:lyrics_205_2] @Chorderator 2026-04-14 12:06:35,705 - INFO - [1;30m read library done [0m
[melody2chord:lyrics_205_2] @Chorderator 2026-04-14 12:06:35,705 - WARNING - [1;33m Pre-processing... [0m
[melody2chord:lyrics_205_2] @Chorderator 2026-04-14 12:06:35,739 - WARNING - [1;33m Pre-process done! [0m
[melody2chord:lyrics_205_2] @Chorderator 2026-04-14 12:06:35,739 - WARNING - [1;33m Solving... [0m
[melody2chord:lyrics_205_2] @Chorderator 2026-04-14 12:06:35,739 - INFO - [1;30m start read progressions from rep [0m
[melody2chord:lyrics_205_2] @Chorderator 2026-04-14 12:06:35,770 - INFO - [1;30m read progressions done [0m
[melody2chord:lyrics_205_2] @Chorderator 2026-04-14 12:06:35,779 - INFO - [1;30m Melody length 6, generate progression with 63 templates [0m
[melody2chord:lyrics_205_2] @Chorderator 2026-04-14 12:06:35,921 - WARNING - [1;33m Solved! [0m
[melody2chord:lyrics_205_2] @Chorderator 2026-04-14 12:06:35,921 - WARNING - [1;33m Post-processing... [0m
[melody2chord:lyrics_205_2] @Chorderator 2026-04-14 12:06:35,933 - WARNING - [1;33m Post-process done! [0m
[melody2chord:lyrics_205_2] @Chorderator 2026-04-14 12:06:35,933 - WARNING - [1;33m Generating textures... [0m
[melody2chord:lyrics_205_2] @Chorderator 2026-04-14 12:06:35,934 - WARNING - [1;33m All process finished! [0m
[melody2chord:lyrics_205_2] 
[melody2chord:lyrics_205_2] === Processing: sample01_shifted ===
[melody2chord:lyrics_205_2] Output will be saved to: /data/home/fundwotsai/MIDI-SAG/generated_midi_right_key/lyrics_205_2/chord/
[melody2chord:lyrics_205_2] beat_file_path: None
[melody2chord:lyrics_205_2] Tempo from MIDI: 75.0 BPM (no beat file — skipping warp step)
[melody2chord:lyrics_205_2] processed_melody_path: /data/home/fundwotsai/MIDI-SAG/generated_midi_right_key/lyrics_205_2/chord/processed_melody/sample01_shifted.mid
[melody2chord:lyrics_205_2] Detected key: G major (confidence: 0.87, Bellman-Budge)
[melody2chord:lyrics_205_2] Content bars: 41 -> Segmentation: A8B8A8B8A8B4 (total: 44)
[melody2chord:lyrics_205_2] Chorderator bars: 44 -> Segmentation: A8B8A8B8A8B4 (total: 44)
[melody2chord:lyrics_205_2] auto_config: {'note_shift': 64, 'segmentation': 'A8B8A8B8A8B4', 'analysis': {'total_bars': 46, 'empty_bars': 4, 'content_bars': 41, 'note_shift': 64, 'segmentation': 'A8B8A8B8A8B4', 'first_note_bar': 4.0, 'last_note_bar': 45.875, 'chorderator_bars': {'max_end_positions': 670, 'fixed_end_positions': 704, 'fixed_end_bars': 44, 'tempo': 75.0, 'unit': 0.2}}}
[melody2chord:lyrics_205_2] tempo for CDT: 75.0 BPM
[melody2chord:lyrics_205_2] max_end: 670.0
[melody2chord:lyrics_205_2] fixed_end: 704
[melody2chord:lyrics_205_2] 704
[melody2chord:lyrics_205_2] {'tonic': 'G', 'mode': 'maj', 'tempo': 75.0, 'meter': '4/4', 'pos': ['x', 'x', 'x', 'x', 'x', 'x'], 'unit': 0.2}
[melody2chord:lyrics_205_2] Phrase length: 128 positions = 8 bars
[melody2chord:lyrics_205_2] Phrase length: 128 positions = 8 bars
[melody2chord:lyrics_205_2] Phrase length: 128 positions = 8 bars
[melody2chord:lyrics_205_2] Phrase length: 128 positions = 8 bars
[melody2chord:lyrics_205_2] Phrase length: 128 positions = 8 bars
[melody2chord:lyrics_205_2] Phrase length: 64 positions = 4 bars
[melody2chord:lyrics_205_2] [128, 128, 128, 128, 128, 64]
[melody2chord:lyrics_205_2] Chord Progression
[melody2chord:lyrics_205_2] -Source: Niko_Kotoulas_Pop_7th_9th_Chords_14_E-G#m-B-F#_.mid
[melody2chord:lyrics_205_2] -Source Type: None
[melody2chord:lyrics_205_2] -Source Tonic: B
[melody2chord:lyrics_205_2] -Source Metre: 4/4
[melody2chord:lyrics_205_2] -Source Mode: M (M for Major and m for minor)
[melody2chord:lyrics_205_2] -Appeared Times: 1
[melody2chord:lyrics_205_2] -Appeared In Other Songs: 0
[melody2chord:lyrics_205_2] -Reliability: 1.0
[melody2chord:lyrics_205_2] -Progression Class: {'type': 'unknown', 'pattern': 'unknown', 'cycle': (1.0, 32), 'progression-style': 'pop', 'chord-style': 'classy', 'performing-style': 'unknown', 'rhythm': 'unknown', 'epic-endings': 'unknown', 'melodic': 'unknown', 'folder-id': 528, 'duplicate-id': 190, 'new_label': 'pop_complex'}
[melody2chord:lyrics_205_2] Numbered: 
[melody2chord:lyrics_205_2] | 4------- | 6------- | 1------- | 5------- | 4------- | 6------- | 1------- | 5------- | 
[melody2chord:lyrics_205_2] Chord: 
[melody2chord:lyrics_205_2] | 
[melody2chord:lyrics_205_2] | E 0------- | G#1------- | B 0------- | F#0------- | E 0------- | G#1------- | B 0------- | F#0------- | 
[melody2chord:lyrics_205_2] 
[melody2chord:lyrics_205_2] Chord Progression
[melody2chord:lyrics_205_2] -Source: Niko_Kotoulas_Pop_7th_9th_Chords_6_B-E-F#-B_.mid
[melody2chord:lyrics_205_2] -Source Type: None
[melody2chord:lyrics_205_2] -Source Tonic: B
[melody2chord:lyrics_205_2] -Source Metre: 4/4
[melody2chord:lyrics_205_2] -Source Mode: M (M for Major and m for minor)
[melody2chord:lyrics_205_2] -Appeared Times: 1
[melody2chord:lyrics_205_2] -Appeared In Other Songs: 0
[melody2chord:lyrics_205_2] -Reliability: 1.0
[melody2chord:lyrics_205_2] -Progression Class: {'type': 'unknown', 'pattern': 'unknown', 'cycle': (1.0, 32), 'progression-style': 'pop', 'chord-style': 'classy', 'performing-style': 'unknown', 'rhythm': 'unknown', 'epic-endings': 'unknown', 'melodic': 'unknown', 'folder-id': 528, 'duplicate-id': 157, 'new_label': 'pop_complex'}
[melody2chord:lyrics_205_2] Numbered: 
[melody2chord:lyrics_205_2] | 1------- | 4------- | 5------- | 1------- | 1------- | 4------- | 5------- | 1------- | 
[melody2chord:lyrics_205_2] Chord: 
[melody2chord:lyrics_205_2] | 
[melody2chord:lyrics_205_2] | B 0------- | E 0------- | F#0------- | B 0------- | B 0------- | E 0------- | F#0------- | B 0------- | 
[melody2chord:lyrics_205_2] 
[melody2chord:lyrics_205_2] Chord Progression
[melody2chord:lyrics_205_2] -Source: Niko_Kotoulas_Epic_Ending_3_F#-G#m-E-B (V-vi-IV-I).mid
[melody2chord:lyrics_205_2] -Source Type: None
[melody2chord:lyrics_205_2] -Source Tonic: B
[melody2chord:lyrics_205_2] -Source Metre: 4/4
[melody2chord:lyrics_205_2] -Source Mode: M (M for Major and m for minor)
[melody2chord:lyrics_205_2] -Appeared Times: 1
[melody2chord:lyrics_205_2] -Appeared In Other Songs: 0
[melody2chord:lyrics_205_2] -Reliability: 0.4
[melody2chord:lyrics_205_2] -Progression Class: {'type': 'unknown', 'pattern': 'V-vi-IV-I', 'cycle': (0, 0), 'progression-style': 'unknown', 'chord-style': 'unknown', 'performing-style': 'unknown', 'rhythm': 'unknown', 'epic-endings': 'True', 'melodic': 'unknown', 'folder-id': 335, 'duplicate-id': 494, 'new_label': 'unknown'}
[melody2chord:lyrics_205_2] Numbered: 
[melody2chord:lyrics_205_2] | 5------- | 6------- | 4------- | 1------- | 1------- | 1------- | 1------- | 1------- | 
[melody2chord:lyrics_205_2] Chord: 
[melody2chord:lyrics_205_2] | 
[melody2chord:lyrics_205_2] | F#0------- | G#1------- | E 0------- | B 0------- | B 0------- | B 0------- | B 0------- | B 0------- | 
[melody2chord:lyrics_205_2] 
[melody2chord:lyrics_205_2] Chord Progression
[melody2chord:lyrics_205_2] -Source: Niko_Kotoulas_Emotional_Chords_2_C#m-B-F#-B-F#-G#m-E-B_.mid
[melody2chord:lyrics_205_2] -Source Type: None
[melody2chord:lyrics_205_2] -Source Tonic: B
[melody2chord:lyrics_205_2] -Source Metre: 4/4
[melody2chord:lyrics_205_2] -Source Mode: M (M for Major and m for minor)
[melody2chord:lyrics_205_2] -Appeared Times: 1
[melody2chord:lyrics_205_2] -Appeared In Other Songs: 0
[melody2chord:lyrics_205_2] -Reliability: 1.0
[melody2chord:lyrics_205_2] -Progression Class: {'type': 'unknown', 'pattern': 'unknown', 'cycle': (0.08151391459392222, 32), 'progression-style': 'emotional', 'chord-style': 'emotional', 'performing-style': 'unknown', 'rhythm': 'unknown', 'epic-endings': 'unknown', 'melodic': 'unknown', 'folder-id': 535, 'duplicate-id': 290, 'new_label': 'pop_complex'}
[melody2chord:lyrics_205_2] Numbered: 
[melody2chord:lyrics_205_2] | 2------- | 1------- | 5------- | 1------- | 5------- | 6------- | 4------- | 1------- | 
[melody2chord:lyrics_205_2] Chord: 
[melody2chord:lyrics_205_2] | 
[melody2chord:lyrics_205_2] | C#1------- | B 0------- | F#0------- | B 0------- | F#0------- | G#1------- | E 0------- | B 0------- | 
[melody2chord:lyrics_205_2] 
[melody2chord:lyrics_205_2] Chord Progression
[melody2chord:lyrics_205_2] -Source: Niko_Kotoulas_Emotional_Chords_26_G#m-F#-B-C#m-D#m-E-F#-G#_.mid
[melody2chord:lyrics_205_2] -Source Type: None
[melody2chord:lyrics_205_2] -Source Tonic: B
[melody2chord:lyrics_205_2] -Source Metre: 4/4
[melody2chord:lyrics_205_2] -Source Mode: M (M for Major and m for minor)
[melody2chord:lyrics_205_2] -Appeared Times: 1
[melody2chord:lyrics_205_2] -Appeared In Other Songs: 0
[melody2chord:lyrics_205_2] -Reliability: 1.0
[melody2chord:lyrics_205_2] -Progression Class: {'type': 'unknown', 'pattern': 'unknown', 'cycle': (0.4338235294117646, 8), 'progression-style': 'emotional', 'chord-style': 'emotional', 'performing-style': 'unknown', 'rhythm': 'unknown', 'epic-endings': 'unknown', 'melodic': 'unknown', 'folder-id': 535, 'duplicate-id': 282, 'new_label': 'pop_complex'}
[melody2chord:lyrics_205_2] Numbered: 
[melody2chord:lyrics_205_2] | 6------- | 5------- | 1------- | 2------- | 3------- | 4------- | 5------- | 6------- | 
[melody2chord:lyrics_205_2] Chord: 
[melody2chord:lyrics_205_2] | 
[melody2chord:lyrics_205_2] | G#1------- | F#0------- | B 0------- | C#1------- | D#1------- | E 0------- | F#0------- | G#0------- | 
[melody2chord:lyrics_205_2] 
[melody2chord:lyrics_205_2] Chord Progression
[melody2chord:lyrics_205_2] -Source: Niko_Kotoulas_ChordProg_9_G#m-D#m-E-B (vi-iii-IV-I).mid
[melody2chord:lyrics_205_2] -Source Type: None
[melody2chord:lyrics_205_2] -Source Tonic: B
[melody2chord:lyrics_205_2] -Source Metre: 4/4
[melody2chord:lyrics_205_2] -Source Mode: M (M for Major and m for minor)
[melody2chord:lyrics_205_2] -Appeared Times: 1
[melody2chord:lyrics_205_2] -Appeared In Other Songs: 0
[melody2chord:lyrics_205_2] -Reliability: 0.9
[melody2chord:lyrics_205_2] -Progression Class: {'type': 'unknown', 'pattern': 'vi-iii-IV-I', 'cycle': (1.0, 16), 'progression-style': 'unknown', 'chord-style': 'unknown', 'performing-style': 'unknown', 'rhythm': 'unknown', 'epic-endings': 'unknown', 'melodic': 'unknown', 'folder-id': 517, 'duplicate-id': 143, 'new_label': 'unknown'}
[melody2chord:lyrics_205_2] Numbered: 
[melody2chord:lyrics_205_2] | 6------- | 3------- | 4------- | 1------- | 
[melody2chord:lyrics_205_2] Chord: 
[melody2chord:lyrics_205_2] | G#1------- | D#1------- | E 0------- | B 0------- | 
[melody2chord:lyrics_205_2] 
[melody2chord:lyrics_205_2] Total: 6
[melody2chord:lyrics_205_2] 
[melody2chord:lyrics_205_2] === Aligning chord_gen TPQ ===
[melody2chord:lyrics_205_2] Original melody TPQ: 480
[melody2chord:lyrics_205_2] Chord gen TPQ: 220
[melody2chord:lyrics_205_2] TPQ ratio: 2.1818
[melody2chord:lyrics_205_2] Converted chord_gen TPQ from 220 to 480
[melody2chord:lyrics_205_2] Output saved to: /data/home/fundwotsai/MIDI-SAG/generated_midi_right_key/lyrics_205_2/chord/chord_gen/sample01_shifted_chord_gen.mid
[melody2chord:lyrics_205_2] Re-quantized 105 melody notes to 1/16 beat grid
[melody2chord:lyrics_205_2] === Fill Empty Bars with Chords ===
[melody2chord:lyrics_205_2] Original melody TPQ: 480
[melody2chord:lyrics_205_2] Chord gen TPQ: 480
[melody2chord:lyrics_205_2] TPQ ratio: 1.0000
[melody2chord:lyrics_205_2] Chords start at tick: 7679 (bar 4.00)
[melody2chord:lyrics_205_2] Empty bars to fill: 4
[melody2chord:lyrics_205_2] Prepending 1 bars and copying 23 chord notes to cover 4 leading bars
[melody2chord:lyrics_205_2] 
[melody2chord:lyrics_205_2] === Output Summary ===
[melody2chord:lyrics_205_2] Output TPQ: 480
[melody2chord:lyrics_205_2] Melody track notes: 268
[melody2chord:lyrics_205_2] Chord track notes: 280
[melody2chord:lyrics_205_2] First chord now at tick: 0
[melody2chord:lyrics_205_2] Last chord at tick: 92160
[melody2chord:lyrics_205_2] Output saved to: /data/home/fundwotsai/MIDI-SAG/generated_midi_right_key/lyrics_205_2/chord/chord_gen_filled_empty/sample01_shifted_chord_gen_filled_empty_bars.mid
[melody2chord:lyrics_205_2] === Quantizing melody to 1/16 notes ===
[melody2chord:lyrics_205_2] TPQ: 480
[melody2chord:lyrics_205_2] Ticks per 16th note: 120.0
[melody2chord:lyrics_205_2] Quantized 302 notes to 1/16 note positions
[melody2chord:lyrics_205_2] Output saved to: /data/home/fundwotsai/MIDI-SAG/generated_midi_right_key/lyrics_205_2/chord/chord_gen_quantized/sample01_shifted_chord_gen_quantized.mid
[melody2chord:lyrics_205_2] Extracted 196 beat-level chords from 'Chords' track
[melody2chord:lyrics_205_2] Chord times remapped to 185 beat positions (subdivision: quarter notes)
[melody2chord:lyrics_205_2] Filled 14 None chords
[melody2chord:lyrics_205_2] ✓ Successfully processed: sample01_shifted
[melody2chord:lyrics_205_2]   Key: G major (confidence: 0.87)
[melody2chord:lyrics_205_2]   Tempo: 75.0 BPM (source: MIDI tempo)
[melody2chord:lyrics_205_2]   Chord Text: /data/home/fundwotsai/MIDI-SAG/generated_midi_right_key/lyrics_205_2/chord/chord_txt/sample01_shifted_chord_gen.txt
[melody2chord:lyrics_205_2]   BTC Text:   /data/home/fundwotsai/MIDI-SAG/generated_midi_right_key/lyrics_205_2/chord/btc_txt/sample01_shifted_chord_gen.txt
