[melody2chord:lyrics_67] /data/home/fundwotsai/MIDI-SAG/AccoMontage2/chorderator/utils/utils.py:24: UserWarning: Could not import FluidSynth, audio formats writing disabled
[melody2chord:lyrics_67]   warnings.warn('Could not import FluidSynth, audio formats writing disabled')
[melody2chord:lyrics_67] /home/fundwotsai/miniconda3/envs/midi-sag/lib/python3.9/site-packages/miditok/tokenizations/remi.py:88: UserWarning: Attribute controls are not compatible with 'config.one_token_stream_for_programs' and multi-vocabulary tokenizers. Disabling them from the config.
[melody2chord:lyrics_67]   super().__init__(tokenizer_config, params)
[melody2chord:lyrics_67] /data/home/fundwotsai/MIDI-SAG/AccoMontage2/chorderator/core.py:238: UserWarning: Meter auto set to 4/4/. Please set meter if this is not your expectation
[melody2chord:lyrics_67]   warnings.warn('Meter auto set to 4/4/. Please set meter if this is not your expectation')
[melody2chord:lyrics_67] @Chorderator 2026-04-14 12:28:00,019 - INFO - [1;30m start read progressions from dict [0m
[melody2chord:lyrics_67] @Chorderator 2026-04-14 12:28:06,531 - INFO - [1;30m read progressions done [0m
[melody2chord:lyrics_67] @Chorderator 2026-04-14 12:28:06,531 - INFO - [1;30m start read progression library from source_base.pnt [0m
[melody2chord:lyrics_67] @Chorderator 2026-04-14 12:28:12,876 - INFO - [1;30m read library done [0m
[melody2chord:lyrics_67] @Chorderator 2026-04-14 12:28:12,876 - WARNING - [1;33m Pre-processing... [0m
[melody2chord:lyrics_67] @Chorderator 2026-04-14 12:28:12,886 - WARNING - [1;33m Pre-process done! [0m
[melody2chord:lyrics_67] @Chorderator 2026-04-14 12:28:12,886 - WARNING - [1;33m Solving... [0m
[melody2chord:lyrics_67] @Chorderator 2026-04-14 12:28:12,886 - INFO - [1;30m start read progressions from rep [0m
[melody2chord:lyrics_67] @Chorderator 2026-04-14 12:28:12,918 - INFO - [1;30m read progressions done [0m
[melody2chord:lyrics_67] @Chorderator 2026-04-14 12:28:12,923 - INFO - [1;30m Melody length 2, generate progression with 63 templates [0m
[melody2chord:lyrics_67] @Chorderator 2026-04-14 12:28:12,973 - WARNING - [1;33m Solved! [0m
[melody2chord:lyrics_67] @Chorderator 2026-04-14 12:28:12,973 - WARNING - [1;33m Post-processing... [0m
[melody2chord:lyrics_67] @Chorderator 2026-04-14 12:28:12,977 - WARNING - [1;33m Post-process done! [0m
[melody2chord:lyrics_67] @Chorderator 2026-04-14 12:28:12,977 - WARNING - [1;33m Generating textures... [0m
[melody2chord:lyrics_67] @Chorderator 2026-04-14 12:28:12,977 - WARNING - [1;33m All process finished! [0m
[melody2chord:lyrics_67] 
[melody2chord:lyrics_67] === Processing: sample01_shifted ===
[melody2chord:lyrics_67] Output will be saved to: /data/home/fundwotsai/MIDI-SAG/generated_midi_right_key/lyrics_67/chord/
[melody2chord:lyrics_67] beat_file_path: None
[melody2chord:lyrics_67] Tempo from MIDI: 78.0 BPM (no beat file — skipping warp step)
[melody2chord:lyrics_67] processed_melody_path: /data/home/fundwotsai/MIDI-SAG/generated_midi_right_key/lyrics_67/chord/processed_melody/sample01_shifted.mid
[melody2chord:lyrics_67] Detected key: Eb major (confidence: 0.64, Bellman-Budge)
[melody2chord:lyrics_67] Content bars: 13 -> Segmentation: A8B8 (total: 16)
[melody2chord:lyrics_67] Chorderator bars: 16 -> Segmentation: A8B8 (total: 16)
[melody2chord:lyrics_67] auto_config: {'note_shift': 78, 'segmentation': 'A8B8', 'analysis': {'total_bars': 18, 'empty_bars': 4, 'content_bars': 13, 'note_shift': 78, 'segmentation': 'A8B8', 'first_note_bar': 4.875, 'last_note_bar': 17.875, 'chorderator_bars': {'max_end_positions': 208, 'fixed_end_positions': 256, 'fixed_end_bars': 16, 'tempo': 77.99997660000703, 'unit': 0.19230774999999997}}}
[melody2chord:lyrics_67] tempo for CDT: 78.0 BPM
[melody2chord:lyrics_67] max_end: 208.0
[melody2chord:lyrics_67] fixed_end: 256
[melody2chord:lyrics_67] 256
[melody2chord:lyrics_67] {'tonic': 'Eb', 'mode': 'maj', 'tempo': 77.99997660000702, 'meter': '4/4', 'pos': ['x', 'x'], 'unit': 0.19230775}
[melody2chord:lyrics_67] Phrase length: 128 positions = 8 bars
[melody2chord:lyrics_67] Phrase length: 128 positions = 8 bars
[melody2chord:lyrics_67] [128, 128]
[melody2chord:lyrics_67] Chord Progression
[melody2chord:lyrics_67] -Source: Niko_Kotoulas_Pop_7th_9th_Chords_4_B-E-G#m-F#_.mid
[melody2chord:lyrics_67] -Source Type: None
[melody2chord:lyrics_67] -Source Tonic: B
[melody2chord:lyrics_67] -Source Metre: 4/4
[melody2chord:lyrics_67] -Source Mode: M (M for Major and m for minor)
[melody2chord:lyrics_67] -Appeared Times: 1
[melody2chord:lyrics_67] -Appeared In Other Songs: 0
[melody2chord:lyrics_67] -Reliability: 1.0
[melody2chord:lyrics_67] -Progression Class: {'type': 'unknown', 'pattern': 'unknown', 'cycle': (1.0, 32), 'progression-style': 'pop', 'chord-style': 'classy', 'performing-style': 'unknown', 'rhythm': 'unknown', 'epic-endings': 'unknown', 'melodic': 'unknown', 'folder-id': 528, 'duplicate-id': 172, 'new_label': 'pop_complex'}
[melody2chord:lyrics_67] Numbered: 
[melody2chord:lyrics_67] | 1------- | 4------- | 6------- | 5------- | 1------- | 4------- | 6------- | 5------- | 
[melody2chord:lyrics_67] Chord: 
[melody2chord:lyrics_67] | 
[melody2chord:lyrics_67] | B 0------- | E 0------- | G#1------- | F#0------- | B 0------- | E 0------- | G#1------- | F#0------- | 
[melody2chord:lyrics_67] 
[melody2chord:lyrics_67] Chord Progression
[melody2chord:lyrics_67] -Source: Niko_Kotoulas_Pop_7th_9th_Chords_2_B-F#-G#m-E_.mid
[melody2chord:lyrics_67] -Source Type: None
[melody2chord:lyrics_67] -Source Tonic: B
[melody2chord:lyrics_67] -Source Metre: 4/4
[melody2chord:lyrics_67] -Source Mode: M (M for Major and m for minor)
[melody2chord:lyrics_67] -Appeared Times: 1
[melody2chord:lyrics_67] -Appeared In Other Songs: 0
[melody2chord:lyrics_67] -Reliability: 1.0
[melody2chord:lyrics_67] -Progression Class: {'type': 'unknown', 'pattern': 'unknown', 'cycle': (1.0, 32), 'progression-style': 'pop', 'chord-style': 'classy', 'performing-style': 'unknown', 'rhythm': 'unknown', 'epic-endings': 'unknown', 'melodic': 'unknown', 'folder-id': 528, 'duplicate-id': 176, 'new_label': 'pop_complex'}
[melody2chord:lyrics_67] Numbered: 
[melody2chord:lyrics_67] | 1------- | 5------- | 6------- | 4------- | 1------- | 5------- | 6------- | 4------- | 
[melody2chord:lyrics_67] Chord: 
[melody2chord:lyrics_67] | 
[melody2chord:lyrics_67] | B 0------- | F#0------- | G#1------- | E 0------- | B 0------- | F#0------- | G#1------- | E 0------- | 
[melody2chord:lyrics_67] 
[melody2chord:lyrics_67] Total: 2
[melody2chord:lyrics_67] 
[melody2chord:lyrics_67] === Aligning chord_gen TPQ ===
[melody2chord:lyrics_67] Original melody TPQ: 480
[melody2chord:lyrics_67] Chord gen TPQ: 220
[melody2chord:lyrics_67] TPQ ratio: 2.1818
[melody2chord:lyrics_67] Converted chord_gen TPQ from 220 to 480
[melody2chord:lyrics_67] Output saved to: /data/home/fundwotsai/MIDI-SAG/generated_midi_right_key/lyrics_67/chord/chord_gen/sample01_shifted_chord_gen.mid
[melody2chord:lyrics_67] Re-quantized 72 melody notes to 1/16 beat grid
[melody2chord:lyrics_67] === Fill Empty Bars with Chords ===
[melody2chord:lyrics_67] Original melody TPQ: 480
[melody2chord:lyrics_67] Chord gen TPQ: 480
[melody2chord:lyrics_67] TPQ ratio: 1.0000
[melody2chord:lyrics_67] Chords start at tick: 9360 (bar 4.88)
[melody2chord:lyrics_67] Empty bars to fill: 4
[melody2chord:lyrics_67] Prepending 0 bars and copying 28 chord notes to cover 4 leading bars
[melody2chord:lyrics_67] 
[melody2chord:lyrics_67] === Output Summary ===
[melody2chord:lyrics_67] Output TPQ: 480
[melody2chord:lyrics_67] Melody track notes: 126
[melody2chord:lyrics_67] Chord track notes: 138
[melody2chord:lyrics_67] First chord now at tick: 0
[melody2chord:lyrics_67] Last chord at tick: 38160
[melody2chord:lyrics_67] Output saved to: /data/home/fundwotsai/MIDI-SAG/generated_midi_right_key/lyrics_67/chord/chord_gen_filled_empty/sample01_shifted_chord_gen_filled_empty_bars.mid
[melody2chord:lyrics_67] === Quantizing melody to 1/16 notes ===
[melody2chord:lyrics_67] TPQ: 480
[melody2chord:lyrics_67] Ticks per 16th note: 120.0
[melody2chord:lyrics_67] Quantized 139 notes to 1/16 note positions
[melody2chord:lyrics_67] Output saved to: /data/home/fundwotsai/MIDI-SAG/generated_midi_right_key/lyrics_67/chord/chord_gen_quantized/sample01_shifted_chord_gen_quantized.mid
[melody2chord:lyrics_67] Extracted 84 beat-level chords from 'Chords' track
[melody2chord:lyrics_67] Chord times remapped to 73 beat positions (subdivision: quarter notes)
[melody2chord:lyrics_67] Filled 4 None chords
[melody2chord:lyrics_67] ✓ Successfully processed: sample01_shifted
[melody2chord:lyrics_67]   Key: Eb major (confidence: 0.64)
[melody2chord:lyrics_67]   Tempo: 78.0 BPM (source: MIDI tempo)
[melody2chord:lyrics_67]   Chord Text: /data/home/fundwotsai/MIDI-SAG/generated_midi_right_key/lyrics_67/chord/chord_txt/sample01_shifted_chord_gen.txt
[melody2chord:lyrics_67]   BTC Text:   /data/home/fundwotsai/MIDI-SAG/generated_midi_right_key/lyrics_67/chord/btc_txt/sample01_shifted_chord_gen.txt
