[melody2chord:lyrics_72] /data/home/fundwotsai/MIDI-SAG/AccoMontage2/chorderator/utils/utils.py:24: UserWarning: Could not import FluidSynth, audio formats writing disabled
[melody2chord:lyrics_72]   warnings.warn('Could not import FluidSynth, audio formats writing disabled')
[melody2chord:lyrics_72] /home/fundwotsai/miniconda3/envs/midi-sag/lib/python3.9/site-packages/miditok/tokenizations/remi.py:88: UserWarning: Attribute controls are not compatible with 'config.one_token_stream_for_programs' and multi-vocabulary tokenizers. Disabling them from the config.
[melody2chord:lyrics_72]   super().__init__(tokenizer_config, params)
[melody2chord:lyrics_72] /data/home/fundwotsai/MIDI-SAG/AccoMontage2/chorderator/core.py:238: UserWarning: Meter auto set to 4/4/. Please set meter if this is not your expectation
[melody2chord:lyrics_72]   warnings.warn('Meter auto set to 4/4/. Please set meter if this is not your expectation')
[melody2chord:lyrics_72] @Chorderator 2026-04-14 12:30:20,918 - INFO - [1;30m start read progressions from dict [0m
[melody2chord:lyrics_72] @Chorderator 2026-04-14 12:30:27,384 - INFO - [1;30m read progressions done [0m
[melody2chord:lyrics_72] @Chorderator 2026-04-14 12:30:27,384 - INFO - [1;30m start read progression library from source_base.pnt [0m
[melody2chord:lyrics_72] @Chorderator 2026-04-14 12:30:33,651 - INFO - [1;30m read library done [0m
[melody2chord:lyrics_72] @Chorderator 2026-04-14 12:30:33,651 - WARNING - [1;33m Pre-processing... [0m
[melody2chord:lyrics_72] @Chorderator 2026-04-14 12:30:33,658 - WARNING - [1;33m Pre-process done! [0m
[melody2chord:lyrics_72] @Chorderator 2026-04-14 12:30:33,659 - WARNING - [1;33m Solving... [0m
[melody2chord:lyrics_72] @Chorderator 2026-04-14 12:30:33,659 - INFO - [1;30m start read progressions from rep [0m
[melody2chord:lyrics_72] @Chorderator 2026-04-14 12:30:33,691 - INFO - [1;30m read progressions done [0m
[melody2chord:lyrics_72] @Chorderator 2026-04-14 12:30:33,696 - INFO - [1;30m Melody length 2, generate progression with 63 templates [0m
[melody2chord:lyrics_72] @Chorderator 2026-04-14 12:30:33,744 - WARNING - [1;33m Solved! [0m
[melody2chord:lyrics_72] @Chorderator 2026-04-14 12:30:33,744 - WARNING - [1;33m Post-processing... [0m
[melody2chord:lyrics_72] @Chorderator 2026-04-14 12:30:33,748 - WARNING - [1;33m Post-process done! [0m
[melody2chord:lyrics_72] @Chorderator 2026-04-14 12:30:33,748 - WARNING - [1;33m Generating textures... [0m
[melody2chord:lyrics_72] @Chorderator 2026-04-14 12:30:33,748 - WARNING - [1;33m All process finished! [0m
[melody2chord:lyrics_72] 
[melody2chord:lyrics_72] === Processing: sample01_shifted ===
[melody2chord:lyrics_72] Output will be saved to: /data/home/fundwotsai/MIDI-SAG/generated_midi_right_key/lyrics_72/chord/
[melody2chord:lyrics_72] beat_file_path: None
[melody2chord:lyrics_72] Tempo from MIDI: 78.0 BPM (no beat file — skipping warp step)
[melody2chord:lyrics_72] processed_melody_path: /data/home/fundwotsai/MIDI-SAG/generated_midi_right_key/lyrics_72/chord/processed_melody/sample01_shifted.mid
[melody2chord:lyrics_72] Detected key: Ab major (confidence: 0.75, Bellman-Budge)
[melody2chord:lyrics_72] Content bars: 12 -> Segmentation: A8B4 (total: 12)
[melody2chord:lyrics_72] Chorderator bars: 12 -> Segmentation: A8B4 (total: 12)
[melody2chord:lyrics_72] auto_config: {'note_shift': 65, 'segmentation': 'A8B4', 'analysis': {'total_bars': 17, 'empty_bars': 4, 'content_bars': 12, 'note_shift': 65, 'segmentation': 'A8B4', 'first_note_bar': 4.0625, 'last_note_bar': 16.0625, 'chorderator_bars': {'max_end_positions': 192, 'fixed_end_positions': 192, 'fixed_end_bars': 12, 'tempo': 77.99997660000703, 'unit': 0.19230774999999997}}}
[melody2chord:lyrics_72] tempo for CDT: 78.0 BPM
[melody2chord:lyrics_72] max_end: 192.0
[melody2chord:lyrics_72] fixed_end: 192
[melody2chord:lyrics_72] 192
[melody2chord:lyrics_72] {'tonic': 'Ab', 'mode': 'maj', 'tempo': 77.99997660000702, 'meter': '4/4', 'pos': ['x', 'x'], 'unit': 0.19230775}
[melody2chord:lyrics_72] Phrase length: 128 positions = 8 bars
[melody2chord:lyrics_72] Phrase length: 64 positions = 4 bars
[melody2chord:lyrics_72] [128, 64]
[melody2chord:lyrics_72] Chord Progression
[melody2chord:lyrics_72] -Source: Niko_Kotoulas_Epic_Ending_3_F#-G#m-E-B (V-vi-IV-I).mid
[melody2chord:lyrics_72] -Source Type: None
[melody2chord:lyrics_72] -Source Tonic: B
[melody2chord:lyrics_72] -Source Metre: 4/4
[melody2chord:lyrics_72] -Source Mode: M (M for Major and m for minor)
[melody2chord:lyrics_72] -Appeared Times: 1
[melody2chord:lyrics_72] -Appeared In Other Songs: 0
[melody2chord:lyrics_72] -Reliability: 0.4
[melody2chord:lyrics_72] -Progression Class: {'type': 'unknown', 'pattern': 'V-vi-IV-I', 'cycle': (0, 0), 'progression-style': 'unknown', 'chord-style': 'unknown', 'performing-style': 'unknown', 'rhythm': 'unknown', 'epic-endings': 'True', 'melodic': 'unknown', 'folder-id': 335, 'duplicate-id': 494, 'new_label': 'unknown'}
[melody2chord:lyrics_72] Numbered: 
[melody2chord:lyrics_72] | 5------- | 6------- | 4------- | 1------- | 1------- | 1------- | 1------- | 1------- | 
[melody2chord:lyrics_72] Chord: 
[melody2chord:lyrics_72] | 
[melody2chord:lyrics_72] | F#0------- | G#1------- | E 0------- | B 0------- | B 0------- | B 0------- | B 0------- | B 0------- | 
[melody2chord:lyrics_72] 
[melody2chord:lyrics_72] Chord Progression
[melody2chord:lyrics_72] -Source: Niko_Kotoulas_Plucks_2_G#m-B-G#m-F# (vi-I-vi-V).mid
[melody2chord:lyrics_72] -Source Type: None
[melody2chord:lyrics_72] -Source Tonic: B
[melody2chord:lyrics_72] -Source Metre: 4/4
[melody2chord:lyrics_72] -Source Mode: M (M for Major and m for minor)
[melody2chord:lyrics_72] -Appeared Times: 1
[melody2chord:lyrics_72] -Appeared In Other Songs: 0
[melody2chord:lyrics_72] -Reliability: 0.6
[melody2chord:lyrics_72] -Progression Class: {'type': 'unknown', 'pattern': 'vi-I-vi-V', 'cycle': (0.9999999999999998, 16), 'progression-style': 'unknown', 'chord-style': 'unknown', 'performing-style': 'unknown', 'rhythm': 'fast-same-time', 'epic-endings': 'unknown', 'melodic': 'unknown', 'folder-id': 428, 'duplicate-id': 535, 'new_label': 'unknown'}
[melody2chord:lyrics_72] Numbered: 
[melody2chord:lyrics_72] | 6------- | 6--1---- | 6------- | 5------- | 
[melody2chord:lyrics_72] Chord: 
[melody2chord:lyrics_72] | G#1------- | G#1--B 0---- | G#1------- | F#0------- | 
[melody2chord:lyrics_72] 
[melody2chord:lyrics_72] Total: 2
[melody2chord:lyrics_72] 
[melody2chord:lyrics_72] === Aligning chord_gen TPQ ===
[melody2chord:lyrics_72] Original melody TPQ: 480
[melody2chord:lyrics_72] Chord gen TPQ: 220
[melody2chord:lyrics_72] TPQ ratio: 2.1818
[melody2chord:lyrics_72] Converted chord_gen TPQ from 220 to 480
[melody2chord:lyrics_72] Output saved to: /data/home/fundwotsai/MIDI-SAG/generated_midi_right_key/lyrics_72/chord/chord_gen/sample01_shifted_chord_gen.mid
[melody2chord:lyrics_72] Re-quantized 68 melody notes to 1/16 beat grid
[melody2chord:lyrics_72] === Fill Empty Bars with Chords ===
[melody2chord:lyrics_72] Original melody TPQ: 480
[melody2chord:lyrics_72] Chord gen TPQ: 480
[melody2chord:lyrics_72] TPQ ratio: 1.0000
[melody2chord:lyrics_72] Chords start at tick: 7799 (bar 4.06)
[melody2chord:lyrics_72] Empty bars to fill: 4
[melody2chord:lyrics_72] Prepending 0 bars and copying 38 chord notes to cover 4 leading bars
[melody2chord:lyrics_72] 
[melody2chord:lyrics_72] === Output Summary ===
[melody2chord:lyrics_72] Output TPQ: 480
[melody2chord:lyrics_72] Melody track notes: 116
[melody2chord:lyrics_72] Chord track notes: 181
[melody2chord:lyrics_72] First chord now at tick: 0
[melody2chord:lyrics_72] Last chord at tick: 30359
[melody2chord:lyrics_72] Output saved to: /data/home/fundwotsai/MIDI-SAG/generated_midi_right_key/lyrics_72/chord/chord_gen_filled_empty/sample01_shifted_chord_gen_filled_empty_bars.mid
[melody2chord:lyrics_72] === Quantizing melody to 1/16 notes ===
[melody2chord:lyrics_72] TPQ: 480
[melody2chord:lyrics_72] Ticks per 16th note: 120.0
[melody2chord:lyrics_72] Quantized 149 notes to 1/16 note positions
[melody2chord:lyrics_72] Output saved to: /data/home/fundwotsai/MIDI-SAG/generated_midi_right_key/lyrics_72/chord/chord_gen_quantized/sample01_shifted_chord_gen_quantized.mid
[melody2chord:lyrics_72] Extracted 64 beat-level chords from 'Chords' track
[melody2chord:lyrics_72] Chord times remapped to 66 beat positions (subdivision: quarter notes)
[melody2chord:lyrics_72] Filled 9 None chords
[melody2chord:lyrics_72] ✓ Successfully processed: sample01_shifted
[melody2chord:lyrics_72]   Key: Ab major (confidence: 0.75)
[melody2chord:lyrics_72]   Tempo: 78.0 BPM (source: MIDI tempo)
[melody2chord:lyrics_72]   Chord Text: /data/home/fundwotsai/MIDI-SAG/generated_midi_right_key/lyrics_72/chord/chord_txt/sample01_shifted_chord_gen.txt
[melody2chord:lyrics_72]   BTC Text:   /data/home/fundwotsai/MIDI-SAG/generated_midi_right_key/lyrics_72/chord/btc_txt/sample01_shifted_chord_gen.txt
