[melody2chord:lyrics_136] /data/home/fundwotsai/MIDI-SAG/AccoMontage2/chorderator/utils/utils.py:24: UserWarning: Could not import FluidSynth, audio formats writing disabled
[melody2chord:lyrics_136]   warnings.warn('Could not import FluidSynth, audio formats writing disabled')
[melody2chord:lyrics_136] /home/fundwotsai/miniconda3/envs/midi-sag/lib/python3.9/site-packages/miditok/tokenizations/remi.py:88: UserWarning: Attribute controls are not compatible with 'config.one_token_stream_for_programs' and multi-vocabulary tokenizers. Disabling them from the config.
[melody2chord:lyrics_136]   super().__init__(tokenizer_config, params)
[melody2chord:lyrics_136] /data/home/fundwotsai/MIDI-SAG/AccoMontage2/chorderator/core.py:238: UserWarning: Meter auto set to 4/4/. Please set meter if this is not your expectation
[melody2chord:lyrics_136]   warnings.warn('Meter auto set to 4/4/. Please set meter if this is not your expectation')
[melody2chord:lyrics_136] @Chorderator 2026-04-14 11:35:40,547 - INFO - [1;30m start read progressions from dict [0m
[melody2chord:lyrics_136] @Chorderator 2026-04-14 11:35:48,784 - INFO - [1;30m read progressions done [0m
[melody2chord:lyrics_136] @Chorderator 2026-04-14 11:35:48,784 - INFO - [1;30m start read progression library from source_base.pnt [0m
[melody2chord:lyrics_136] @Chorderator 2026-04-14 11:35:57,521 - INFO - [1;30m read library done [0m
[melody2chord:lyrics_136] @Chorderator 2026-04-14 11:35:57,521 - WARNING - [1;33m Pre-processing... [0m
[melody2chord:lyrics_136] @Chorderator 2026-04-14 11:35:57,532 - WARNING - [1;33m Pre-process done! [0m
[melody2chord:lyrics_136] @Chorderator 2026-04-14 11:35:57,532 - WARNING - [1;33m Solving... [0m
[melody2chord:lyrics_136] @Chorderator 2026-04-14 11:35:57,532 - INFO - [1;30m start read progressions from rep [0m
[melody2chord:lyrics_136] @Chorderator 2026-04-14 11:35:57,569 - INFO - [1;30m read progressions done [0m
[melody2chord:lyrics_136] @Chorderator 2026-04-14 11:35:57,574 - INFO - [1;30m Melody length 2, generate progression with 63 templates [0m
[melody2chord:lyrics_136] @Chorderator 2026-04-14 11:35:57,625 - WARNING - [1;33m Solved! [0m
[melody2chord:lyrics_136] @Chorderator 2026-04-14 11:35:57,625 - WARNING - [1;33m Post-processing... [0m
[melody2chord:lyrics_136] @Chorderator 2026-04-14 11:35:57,629 - WARNING - [1;33m Post-process done! [0m
[melody2chord:lyrics_136] @Chorderator 2026-04-14 11:35:57,629 - WARNING - [1;33m Generating textures... [0m
[melody2chord:lyrics_136] @Chorderator 2026-04-14 11:35:57,630 - WARNING - [1;33m All process finished! [0m
[melody2chord:lyrics_136] 
[melody2chord:lyrics_136] === Processing: sample01_shifted ===
[melody2chord:lyrics_136] Output will be saved to: /data/home/fundwotsai/MIDI-SAG/generated_midi_right_key/lyrics_136/chord/
[melody2chord:lyrics_136] beat_file_path: None
[melody2chord:lyrics_136] Tempo from MIDI: 78.0 BPM (no beat file — skipping warp step)
[melody2chord:lyrics_136] processed_melody_path: /data/home/fundwotsai/MIDI-SAG/generated_midi_right_key/lyrics_136/chord/processed_melody/sample01_shifted.mid
[melody2chord:lyrics_136] Detected key: C major (confidence: 0.57, Bellman-Budge)
[melody2chord:lyrics_136] Content bars: 14 -> Segmentation: A8B8 (total: 16)
[melody2chord:lyrics_136] Chorderator bars: 16 -> Segmentation: A8B8 (total: 16)
[melody2chord:lyrics_136] auto_config: {'note_shift': 74, 'segmentation': 'A8B8', 'analysis': {'total_bars': 19, 'empty_bars': 4, 'content_bars': 14, 'note_shift': 74, 'segmentation': 'A8B8', 'first_note_bar': 4.625, 'last_note_bar': 18.5625, 'chorderator_bars': {'max_end_positions': 223, 'fixed_end_positions': 256, 'fixed_end_bars': 16, 'tempo': 77.99997660000703, 'unit': 0.19230774999999997}}}
[melody2chord:lyrics_136] tempo for CDT: 78.0 BPM
[melody2chord:lyrics_136] max_end: 223.0
[melody2chord:lyrics_136] fixed_end: 256
[melody2chord:lyrics_136] 256
[melody2chord:lyrics_136] {'tonic': 'C', 'mode': 'maj', 'tempo': 77.99997660000702, 'meter': '4/4', 'pos': ['x', 'x'], 'unit': 0.19230775}
[melody2chord:lyrics_136] Phrase length: 128 positions = 8 bars
[melody2chord:lyrics_136] Phrase length: 128 positions = 8 bars
[melody2chord:lyrics_136] [128, 128]
[melody2chord:lyrics_136] Chord Progression
[melody2chord:lyrics_136] -Source: Niko_Kotoulas_Pop_7th_9th_Chords_18_G#m-B-E-F#_.mid
[melody2chord:lyrics_136] -Source Type: None
[melody2chord:lyrics_136] -Source Tonic: B
[melody2chord:lyrics_136] -Source Metre: 4/4
[melody2chord:lyrics_136] -Source Mode: M (M for Major and m for minor)
[melody2chord:lyrics_136] -Appeared Times: 1
[melody2chord:lyrics_136] -Appeared In Other Songs: 0
[melody2chord:lyrics_136] -Reliability: 1.0
[melody2chord:lyrics_136] -Progression Class: {'type': 'unknown', 'pattern': 'unknown', 'cycle': (1.0, 32), 'progression-style': 'pop', 'chord-style': 'classy', 'performing-style': 'unknown', 'rhythm': 'unknown', 'epic-endings': 'unknown', 'melodic': 'unknown', 'folder-id': 528, 'duplicate-id': 180, 'new_label': 'pop_complex'}
[melody2chord:lyrics_136] Numbered: 
[melody2chord:lyrics_136] | 6------- | 1------- | 4------- | 5------- | 6------- | 1------- | 4------- | 5------- | 
[melody2chord:lyrics_136] Chord: 
[melody2chord:lyrics_136] | 
[melody2chord:lyrics_136] | G#1------- | B 0------- | E 0------- | F#0------- | G#1------- | B 0------- | E 0------- | F#0------- | 
[melody2chord:lyrics_136] 
[melody2chord:lyrics_136] Chord Progression
[melody2chord:lyrics_136] -Source: Niko_Kotoulas_Pop_7th_9th_Chords_2_B-F#-G#m-E_.mid
[melody2chord:lyrics_136] -Source Type: None
[melody2chord:lyrics_136] -Source Tonic: B
[melody2chord:lyrics_136] -Source Metre: 4/4
[melody2chord:lyrics_136] -Source Mode: M (M for Major and m for minor)
[melody2chord:lyrics_136] -Appeared Times: 1
[melody2chord:lyrics_136] -Appeared In Other Songs: 0
[melody2chord:lyrics_136] -Reliability: 1.0
[melody2chord:lyrics_136] -Progression Class: {'type': 'unknown', 'pattern': 'unknown', 'cycle': (1.0, 32), 'progression-style': 'pop', 'chord-style': 'classy', 'performing-style': 'unknown', 'rhythm': 'unknown', 'epic-endings': 'unknown', 'melodic': 'unknown', 'folder-id': 528, 'duplicate-id': 176, 'new_label': 'pop_complex'}
[melody2chord:lyrics_136] Numbered: 
[melody2chord:lyrics_136] | 1------- | 5------- | 6------- | 4------- | 1------- | 5------- | 6------- | 4------- | 
[melody2chord:lyrics_136] Chord: 
[melody2chord:lyrics_136] | 
[melody2chord:lyrics_136] | B 0------- | F#0------- | G#1------- | E 0------- | B 0------- | F#0------- | G#1------- | E 0------- | 
[melody2chord:lyrics_136] 
[melody2chord:lyrics_136] Total: 2
[melody2chord:lyrics_136] 
[melody2chord:lyrics_136] === Aligning chord_gen TPQ ===
[melody2chord:lyrics_136] Original melody TPQ: 480
[melody2chord:lyrics_136] Chord gen TPQ: 220
[melody2chord:lyrics_136] TPQ ratio: 2.1818
[melody2chord:lyrics_136] Converted chord_gen TPQ from 220 to 480
[melody2chord:lyrics_136] Output saved to: /data/home/fundwotsai/MIDI-SAG/generated_midi_right_key/lyrics_136/chord/chord_gen/sample01_shifted_chord_gen.mid
[melody2chord:lyrics_136] Re-quantized 58 melody notes to 1/16 beat grid
[melody2chord:lyrics_136] === Fill Empty Bars with Chords ===
[melody2chord:lyrics_136] Original melody TPQ: 480
[melody2chord:lyrics_136] Chord gen TPQ: 480
[melody2chord:lyrics_136] TPQ ratio: 1.0000
[melody2chord:lyrics_136] Chords start at tick: 8880 (bar 4.62)
[melody2chord:lyrics_136] Empty bars to fill: 4
[melody2chord:lyrics_136] Prepending 0 bars and copying 22 chord notes to cover 4 leading bars
[melody2chord:lyrics_136] 
[melody2chord:lyrics_136] === Output Summary ===
[melody2chord:lyrics_136] Output TPQ: 480
[melody2chord:lyrics_136] Melody track notes: 120
[melody2chord:lyrics_136] Chord track notes: 123
[melody2chord:lyrics_136] First chord now at tick: 0
[melody2chord:lyrics_136] Last chord at tick: 37680
[melody2chord:lyrics_136] Output saved to: /data/home/fundwotsai/MIDI-SAG/generated_midi_right_key/lyrics_136/chord/chord_gen_filled_empty/sample01_shifted_chord_gen_filled_empty_bars.mid
[melody2chord:lyrics_136] === Quantizing melody to 1/16 notes ===
[melody2chord:lyrics_136] TPQ: 480
[melody2chord:lyrics_136] Ticks per 16th note: 120.0
[melody2chord:lyrics_136] Quantized 137 notes to 1/16 note positions
[melody2chord:lyrics_136] Output saved to: /data/home/fundwotsai/MIDI-SAG/generated_midi_right_key/lyrics_136/chord/chord_gen_quantized/sample01_shifted_chord_gen_quantized.mid
[melody2chord:lyrics_136] Extracted 82 beat-level chords from 'Chords' track
[melody2chord:lyrics_136] Chord times remapped to 76 beat positions (subdivision: quarter notes)
[melody2chord:lyrics_136] Filled 2 None chords
[melody2chord:lyrics_136] ✓ Successfully processed: sample01_shifted
[melody2chord:lyrics_136]   Key: C major (confidence: 0.57)
[melody2chord:lyrics_136]   Tempo: 78.0 BPM (source: MIDI tempo)
[melody2chord:lyrics_136]   Chord Text: /data/home/fundwotsai/MIDI-SAG/generated_midi_right_key/lyrics_136/chord/chord_txt/sample01_shifted_chord_gen.txt
[melody2chord:lyrics_136]   BTC Text:   /data/home/fundwotsai/MIDI-SAG/generated_midi_right_key/lyrics_136/chord/btc_txt/sample01_shifted_chord_gen.txt
