[melody2chord:lyrics_81] /data/home/fundwotsai/MIDI-SAG/AccoMontage2/chorderator/utils/utils.py:24: UserWarning: Could not import FluidSynth, audio formats writing disabled
[melody2chord:lyrics_81]   warnings.warn('Could not import FluidSynth, audio formats writing disabled')
[melody2chord:lyrics_81] /home/fundwotsai/miniconda3/envs/midi-sag/lib/python3.9/site-packages/miditok/tokenizations/remi.py:88: UserWarning: Attribute controls are not compatible with 'config.one_token_stream_for_programs' and multi-vocabulary tokenizers. Disabling them from the config.
[melody2chord:lyrics_81]   super().__init__(tokenizer_config, params)
[melody2chord:lyrics_81] /data/home/fundwotsai/MIDI-SAG/AccoMontage2/chorderator/core.py:238: UserWarning: Meter auto set to 4/4/. Please set meter if this is not your expectation
[melody2chord:lyrics_81]   warnings.warn('Meter auto set to 4/4/. Please set meter if this is not your expectation')
[melody2chord:lyrics_81] @Chorderator 2026-04-14 12:34:14,553 - INFO - [1;30m start read progressions from dict [0m
[melody2chord:lyrics_81] @Chorderator 2026-04-14 12:34:21,194 - INFO - [1;30m read progressions done [0m
[melody2chord:lyrics_81] @Chorderator 2026-04-14 12:34:21,194 - INFO - [1;30m start read progression library from source_base.pnt [0m
[melody2chord:lyrics_81] @Chorderator 2026-04-14 12:34:27,417 - INFO - [1;30m read library done [0m
[melody2chord:lyrics_81] @Chorderator 2026-04-14 12:34:27,418 - WARNING - [1;33m Pre-processing... [0m
[melody2chord:lyrics_81] @Chorderator 2026-04-14 12:34:27,427 - WARNING - [1;33m Pre-process done! [0m
[melody2chord:lyrics_81] @Chorderator 2026-04-14 12:34:27,428 - WARNING - [1;33m Solving... [0m
[melody2chord:lyrics_81] @Chorderator 2026-04-14 12:34:27,428 - INFO - [1;30m start read progressions from rep [0m
[melody2chord:lyrics_81] @Chorderator 2026-04-14 12:34:27,460 - INFO - [1;30m read progressions done [0m
[melody2chord:lyrics_81] @Chorderator 2026-04-14 12:34:27,465 - INFO - [1;30m Melody length 2, generate progression with 63 templates [0m
[melody2chord:lyrics_81] @Chorderator 2026-04-14 12:34:27,514 - WARNING - [1;33m Solved! [0m
[melody2chord:lyrics_81] @Chorderator 2026-04-14 12:34:27,514 - WARNING - [1;33m Post-processing... [0m
[melody2chord:lyrics_81] @Chorderator 2026-04-14 12:34:27,518 - WARNING - [1;33m Post-process done! [0m
[melody2chord:lyrics_81] @Chorderator 2026-04-14 12:34:27,518 - WARNING - [1;33m Generating textures... [0m
[melody2chord:lyrics_81] @Chorderator 2026-04-14 12:34:27,519 - WARNING - [1;33m All process finished! [0m
[melody2chord:lyrics_81] 
[melody2chord:lyrics_81] === Processing: sample01_shifted ===
[melody2chord:lyrics_81] Output will be saved to: /data/home/fundwotsai/MIDI-SAG/generated_midi_right_key/lyrics_81/chord/
[melody2chord:lyrics_81] beat_file_path: None
[melody2chord:lyrics_81] Tempo from MIDI: 78.0 BPM (no beat file — skipping warp step)
[melody2chord:lyrics_81] processed_melody_path: /data/home/fundwotsai/MIDI-SAG/generated_midi_right_key/lyrics_81/chord/processed_melody/sample01_shifted.mid
[melody2chord:lyrics_81] Detected key: Eb major (confidence: 0.60, Bellman-Budge)
[melody2chord:lyrics_81] Content bars: 13 -> Segmentation: A8B8 (total: 16)
[melody2chord:lyrics_81] Chorderator bars: 16 -> Segmentation: A8B8 (total: 16)
[melody2chord:lyrics_81] auto_config: {'note_shift': 66, 'segmentation': 'A8B8', 'analysis': {'total_bars': 18, 'empty_bars': 4, 'content_bars': 13, 'note_shift': 66, 'segmentation': 'A8B8', 'first_note_bar': 4.125, 'last_note_bar': 17.5, 'chorderator_bars': {'max_end_positions': 214, 'fixed_end_positions': 256, 'fixed_end_bars': 16, 'tempo': 77.99997660000703, 'unit': 0.19230774999999997}}}
[melody2chord:lyrics_81] tempo for CDT: 78.0 BPM
[melody2chord:lyrics_81] max_end: 214.0
[melody2chord:lyrics_81] fixed_end: 256
[melody2chord:lyrics_81] 256
[melody2chord:lyrics_81] {'tonic': 'Eb', 'mode': 'maj', 'tempo': 77.99997660000702, 'meter': '4/4', 'pos': ['x', 'x'], 'unit': 0.19230775}
[melody2chord:lyrics_81] Phrase length: 128 positions = 8 bars
[melody2chord:lyrics_81] Phrase length: 128 positions = 8 bars
[melody2chord:lyrics_81] [128, 128]
[melody2chord:lyrics_81] Chord Progression
[melody2chord:lyrics_81] -Source: Niko_Kotoulas_Emotional_Chords_2_C#m-B-F#-B-F#-G#m-E-B_.mid
[melody2chord:lyrics_81] -Source Type: None
[melody2chord:lyrics_81] -Source Tonic: B
[melody2chord:lyrics_81] -Source Metre: 4/4
[melody2chord:lyrics_81] -Source Mode: M (M for Major and m for minor)
[melody2chord:lyrics_81] -Appeared Times: 1
[melody2chord:lyrics_81] -Appeared In Other Songs: 0
[melody2chord:lyrics_81] -Reliability: 1.0
[melody2chord:lyrics_81] -Progression Class: {'type': 'unknown', 'pattern': 'unknown', 'cycle': (0.08151391459392222, 32), 'progression-style': 'emotional', 'chord-style': 'emotional', 'performing-style': 'unknown', 'rhythm': 'unknown', 'epic-endings': 'unknown', 'melodic': 'unknown', 'folder-id': 535, 'duplicate-id': 290, 'new_label': 'pop_complex'}
[melody2chord:lyrics_81] Numbered: 
[melody2chord:lyrics_81] | 2------- | 1------- | 5------- | 1------- | 5------- | 6------- | 4------- | 1------- | 
[melody2chord:lyrics_81] Chord: 
[melody2chord:lyrics_81] | 
[melody2chord:lyrics_81] | C#1------- | B 0------- | F#0------- | B 0------- | F#0------- | G#1------- | E 0------- | B 0------- | 
[melody2chord:lyrics_81] 
[melody2chord:lyrics_81] Chord Progression
[melody2chord:lyrics_81] -Source: Niko_Kotoulas_EDM_7th_9th_Chords_16_C#m-B-G#m-F#_.mid
[melody2chord:lyrics_81] -Source Type: None
[melody2chord:lyrics_81] -Source Tonic: B
[melody2chord:lyrics_81] -Source Metre: 4/4
[melody2chord:lyrics_81] -Source Mode: M (M for Major and m for minor)
[melody2chord:lyrics_81] -Appeared Times: 1
[melody2chord:lyrics_81] -Appeared In Other Songs: 0
[melody2chord:lyrics_81] -Reliability: 1.0
[melody2chord:lyrics_81] -Progression Class: {'type': 'unknown', 'pattern': 'unknown', 'cycle': (0.9999999999999999, 32), 'progression-style': 'edm', 'chord-style': 'classy', 'performing-style': 'unknown', 'rhythm': 'unknown', 'epic-endings': 'unknown', 'melodic': 'unknown', 'folder-id': 531, 'duplicate-id': 221, 'new_label': 'pop_complex'}
[melody2chord:lyrics_81] Numbered: 
[melody2chord:lyrics_81] | 2------- | 1------- | 6------- | 5------- | 2------- | 1------- | 6------- | 5------- | 
[melody2chord:lyrics_81] Chord: 
[melody2chord:lyrics_81] | 
[melody2chord:lyrics_81] | C#1------- | B 0------- | G#1------- | F#0------- | C#1------- | B 0------- | G#1------- | F#0------- | 
[melody2chord:lyrics_81] 
[melody2chord:lyrics_81] Total: 2
[melody2chord:lyrics_81] 
[melody2chord:lyrics_81] === Aligning chord_gen TPQ ===
[melody2chord:lyrics_81] Original melody TPQ: 480
[melody2chord:lyrics_81] Chord gen TPQ: 220
[melody2chord:lyrics_81] TPQ ratio: 2.1818
[melody2chord:lyrics_81] Converted chord_gen TPQ from 220 to 480
[melody2chord:lyrics_81] Output saved to: /data/home/fundwotsai/MIDI-SAG/generated_midi_right_key/lyrics_81/chord/chord_gen/sample01_shifted_chord_gen.mid
[melody2chord:lyrics_81] Re-quantized 65 melody notes to 1/16 beat grid
[melody2chord:lyrics_81] === Fill Empty Bars with Chords ===
[melody2chord:lyrics_81] Original melody TPQ: 480
[melody2chord:lyrics_81] Chord gen TPQ: 480
[melody2chord:lyrics_81] TPQ ratio: 1.0000
[melody2chord:lyrics_81] Chords start at tick: 7919 (bar 4.12)
[melody2chord:lyrics_81] Empty bars to fill: 4
[melody2chord:lyrics_81] Prepending 0 bars and copying 18 chord notes to cover 4 leading bars
[melody2chord:lyrics_81] 
[melody2chord:lyrics_81] === Output Summary ===
[melody2chord:lyrics_81] Output TPQ: 480
[melody2chord:lyrics_81] Melody track notes: 124
[melody2chord:lyrics_81] Chord track notes: 103
[melody2chord:lyrics_81] First chord now at tick: 0
[melody2chord:lyrics_81] Last chord at tick: 36720
[melody2chord:lyrics_81] Output saved to: /data/home/fundwotsai/MIDI-SAG/generated_midi_right_key/lyrics_81/chord/chord_gen_filled_empty/sample01_shifted_chord_gen_filled_empty_bars.mid
[melody2chord:lyrics_81] === Quantizing melody to 1/16 notes ===
[melody2chord:lyrics_81] TPQ: 480
[melody2chord:lyrics_81] Ticks per 16th note: 120.0
[melody2chord:lyrics_81] Quantized 141 notes to 1/16 note positions
[melody2chord:lyrics_81] Output saved to: /data/home/fundwotsai/MIDI-SAG/generated_midi_right_key/lyrics_81/chord/chord_gen_quantized/sample01_shifted_chord_gen_quantized.mid
[melody2chord:lyrics_81] Extracted 80 beat-level chords from 'Chords' track
[melody2chord:lyrics_81] Chord times remapped to 72 beat positions (subdivision: quarter notes)
[melody2chord:lyrics_81] ✓ Successfully processed: sample01_shifted
[melody2chord:lyrics_81]   Key: Eb major (confidence: 0.60)
[melody2chord:lyrics_81]   Tempo: 78.0 BPM (source: MIDI tempo)
[melody2chord:lyrics_81]   Chord Text: /data/home/fundwotsai/MIDI-SAG/generated_midi_right_key/lyrics_81/chord/chord_txt/sample01_shifted_chord_gen.txt
[melody2chord:lyrics_81]   BTC Text:   /data/home/fundwotsai/MIDI-SAG/generated_midi_right_key/lyrics_81/chord/btc_txt/sample01_shifted_chord_gen.txt
