[melody2chord:lyrics_143] /data/home/fundwotsai/MIDI-SAG/AccoMontage2/chorderator/utils/utils.py:24: UserWarning: Could not import FluidSynth, audio formats writing disabled
[melody2chord:lyrics_143]   warnings.warn('Could not import FluidSynth, audio formats writing disabled')
[melody2chord:lyrics_143] /home/fundwotsai/miniconda3/envs/midi-sag/lib/python3.9/site-packages/miditok/tokenizations/remi.py:88: UserWarning: Attribute controls are not compatible with 'config.one_token_stream_for_programs' and multi-vocabulary tokenizers. Disabling them from the config.
[melody2chord:lyrics_143]   super().__init__(tokenizer_config, params)
[melody2chord:lyrics_143] /data/home/fundwotsai/MIDI-SAG/AccoMontage2/chorderator/core.py:238: UserWarning: Meter auto set to 4/4/. Please set meter if this is not your expectation
[melody2chord:lyrics_143]   warnings.warn('Meter auto set to 4/4/. Please set meter if this is not your expectation')
[melody2chord:lyrics_143] @Chorderator 2026-04-14 11:38:54,573 - INFO - [1;30m start read progressions from dict [0m
[melody2chord:lyrics_143] @Chorderator 2026-04-14 11:39:01,124 - INFO - [1;30m read progressions done [0m
[melody2chord:lyrics_143] @Chorderator 2026-04-14 11:39:01,124 - INFO - [1;30m start read progression library from source_base.pnt [0m
[melody2chord:lyrics_143] @Chorderator 2026-04-14 11:39:07,404 - INFO - [1;30m read library done [0m
[melody2chord:lyrics_143] @Chorderator 2026-04-14 11:39:07,404 - WARNING - [1;33m Pre-processing... [0m
[melody2chord:lyrics_143] @Chorderator 2026-04-14 11:39:07,412 - WARNING - [1;33m Pre-process done! [0m
[melody2chord:lyrics_143] @Chorderator 2026-04-14 11:39:07,412 - WARNING - [1;33m Solving... [0m
[melody2chord:lyrics_143] @Chorderator 2026-04-14 11:39:07,412 - INFO - [1;30m start read progressions from rep [0m
[melody2chord:lyrics_143] @Chorderator 2026-04-14 11:39:07,444 - INFO - [1;30m read progressions done [0m
[melody2chord:lyrics_143] @Chorderator 2026-04-14 11:39:07,449 - INFO - [1;30m Melody length 2, generate progression with 122 templates [0m
[melody2chord:lyrics_143] @Chorderator 2026-04-14 11:39:07,508 - WARNING - [1;33m Solved! [0m
[melody2chord:lyrics_143] @Chorderator 2026-04-14 11:39:07,508 - WARNING - [1;33m Post-processing... [0m
[melody2chord:lyrics_143] @Chorderator 2026-04-14 11:39:07,512 - WARNING - [1;33m Post-process done! [0m
[melody2chord:lyrics_143] @Chorderator 2026-04-14 11:39:07,512 - WARNING - [1;33m Generating textures... [0m
[melody2chord:lyrics_143] @Chorderator 2026-04-14 11:39:07,513 - WARNING - [1;33m All process finished! [0m
[melody2chord:lyrics_143] 
[melody2chord:lyrics_143] === Processing: sample01_shifted ===
[melody2chord:lyrics_143] Output will be saved to: /data/home/fundwotsai/MIDI-SAG/generated_midi_right_key/lyrics_143/chord/
[melody2chord:lyrics_143] beat_file_path: None
[melody2chord:lyrics_143] Tempo from MIDI: 78.0 BPM (no beat file — skipping warp step)
[melody2chord:lyrics_143] processed_melody_path: /data/home/fundwotsai/MIDI-SAG/generated_midi_right_key/lyrics_143/chord/processed_melody/sample01_shifted.mid
[melody2chord:lyrics_143] Detected key: D minor (confidence: 0.61, Bellman-Budge)
[melody2chord:lyrics_143] Content bars: 11 -> Segmentation: A8B4 (total: 12)
[melody2chord:lyrics_143] Chorderator bars: 12 -> Segmentation: A8B4 (total: 12)
[melody2chord:lyrics_143] auto_config: {'note_shift': 64, 'segmentation': 'A8B4', 'analysis': {'total_bars': 16, 'empty_bars': 4, 'content_bars': 11, 'note_shift': 64, 'segmentation': 'A8B4', 'first_note_bar': 4.0, 'last_note_bar': 15.75, 'chorderator_bars': {'max_end_positions': 188, 'fixed_end_positions': 192, 'fixed_end_bars': 12, 'tempo': 77.99997660000703, 'unit': 0.19230774999999997}}}
[melody2chord:lyrics_143] tempo for CDT: 78.0 BPM
[melody2chord:lyrics_143] max_end: 188.0
[melody2chord:lyrics_143] fixed_end: 192
[melody2chord:lyrics_143] 192
[melody2chord:lyrics_143] {'tonic': 'D', 'mode': 'min', 'tempo': 77.99997660000702, 'meter': '4/4', 'pos': ['x', 'x'], 'unit': 0.19230775}
[melody2chord:lyrics_143] Phrase length: 128 positions = 8 bars
[melody2chord:lyrics_143] Phrase length: 64 positions = 4 bars
[melody2chord:lyrics_143] [128, 64]
[melody2chord:lyrics_143] Chord Progression
[melody2chord:lyrics_143] -Source: Niko_Kotoulas_Dark_Chords_14_Am9-Cdim7-Em7-Am9-Em7-Ddim-Am9-E7-Ddim-Ddim-Am9_.mid
[melody2chord:lyrics_143] -Source Type: None
[melody2chord:lyrics_143] -Source Tonic: A
[melody2chord:lyrics_143] -Source Metre: 4/4
[melody2chord:lyrics_143] -Source Mode: m (M for Major and m for minor)
[melody2chord:lyrics_143] -Appeared Times: 1
[melody2chord:lyrics_143] -Appeared In Other Songs: 0
[melody2chord:lyrics_143] -Reliability: 1.0
[melody2chord:lyrics_143] -Progression Class: {'type': 'unknown', 'pattern': 'unknown', 'cycle': (0.2902771790335529, 16), 'progression-style': 'dark', 'chord-style': 'unknown', 'performing-style': 'unknown', 'rhythm': 'unknown', 'epic-endings': 'unknown', 'melodic': 'unknown', 'folder-id': 2684, 'duplicate-id': 359, 'new_label': 'dark'}
[melody2chord:lyrics_143] Numbered: 
[melody2chord:lyrics_143] | 1------- | 3---5--- | 1------- | 5---4--- | 1------- | 5------- | 4------- | 1------- | 
[melody2chord:lyrics_143] Chord: 
[melody2chord:lyrics_143] | 
[melody2chord:lyrics_143] | A 5------- | C 3---E 5--- | A 5------- | E 5---D 3--- | A 5------- | E 6------- | D 3------- | A 5------- | 
[melody2chord:lyrics_143] 
[melody2chord:lyrics_143] Chord Progression
[melody2chord:lyrics_143] -Source: Niko_Kotoulas_ChordProg_1_E-G#m-F# (IV-vi-V).mid
[melody2chord:lyrics_143] -Source Type: None
[melody2chord:lyrics_143] -Source Tonic: G#
[melody2chord:lyrics_143] -Source Metre: 4/4
[melody2chord:lyrics_143] -Source Mode: m (M for Major and m for minor)
[melody2chord:lyrics_143] -Appeared Times: 1
[melody2chord:lyrics_143] -Appeared In Other Songs: 0
[melody2chord:lyrics_143] -Reliability: 0.9
[melody2chord:lyrics_143] -Progression Class: {'type': 'unknown', 'pattern': 'IV-vi-V', 'cycle': (0, 0), 'progression-style': 'unknown', 'chord-style': 'unknown', 'performing-style': 'unknown', 'rhythm': 'unknown', 'epic-endings': 'unknown', 'melodic': 'unknown', 'folder-id': 355, 'duplicate-id': 504, 'new_label': 'unknown'}
[melody2chord:lyrics_143] Numbered: 
[melody2chord:lyrics_143] | 6------- | 1------- | 7------- | 7------- | 
[melody2chord:lyrics_143] Chord: 
[melody2chord:lyrics_143] | E 0------- | G#1------- | F#0------- | F#0------- | 
[melody2chord:lyrics_143] 
[melody2chord:lyrics_143] Total: 2
[melody2chord:lyrics_143] 
[melody2chord:lyrics_143] === Aligning chord_gen TPQ ===
[melody2chord:lyrics_143] Original melody TPQ: 480
[melody2chord:lyrics_143] Chord gen TPQ: 220
[melody2chord:lyrics_143] TPQ ratio: 2.1818
[melody2chord:lyrics_143] Converted chord_gen TPQ from 220 to 480
[melody2chord:lyrics_143] Output saved to: /data/home/fundwotsai/MIDI-SAG/generated_midi_right_key/lyrics_143/chord/chord_gen/sample01_shifted_chord_gen.mid
[melody2chord:lyrics_143] Re-quantized 66 melody notes to 1/16 beat grid
[melody2chord:lyrics_143] === Fill Empty Bars with Chords ===
[melody2chord:lyrics_143] Original melody TPQ: 480
[melody2chord:lyrics_143] Chord gen TPQ: 480
[melody2chord:lyrics_143] TPQ ratio: 1.0000
[melody2chord:lyrics_143] Chords start at tick: 7679 (bar 4.00)
[melody2chord:lyrics_143] Empty bars to fill: 4
[melody2chord:lyrics_143] Prepending 1 bars and copying 40 chord notes to cover 4 leading bars
[melody2chord:lyrics_143] 
[melody2chord:lyrics_143] === Output Summary ===
[melody2chord:lyrics_143] Output TPQ: 480
[melody2chord:lyrics_143] Melody track notes: 119
[melody2chord:lyrics_143] Chord track notes: 129
[melody2chord:lyrics_143] First chord now at tick: 0
[melody2chord:lyrics_143] Last chord at tick: 28799
[melody2chord:lyrics_143] Output saved to: /data/home/fundwotsai/MIDI-SAG/generated_midi_right_key/lyrics_143/chord/chord_gen_filled_empty/sample01_shifted_chord_gen_filled_empty_bars.mid
[melody2chord:lyrics_143] === Quantizing melody to 1/16 notes ===
[melody2chord:lyrics_143] TPQ: 480
[melody2chord:lyrics_143] Ticks per 16th note: 120.0
[melody2chord:lyrics_143] Quantized 134 notes to 1/16 note positions
[melody2chord:lyrics_143] Output saved to: /data/home/fundwotsai/MIDI-SAG/generated_midi_right_key/lyrics_143/chord/chord_gen_quantized/sample01_shifted_chord_gen_quantized.mid
[melody2chord:lyrics_143] Extracted 64 beat-level chords from 'Chords' track
[melody2chord:lyrics_143] Chord times remapped to 65 beat positions (subdivision: quarter notes)
[melody2chord:lyrics_143] Filled 4 None chords
[melody2chord:lyrics_143] ✓ Successfully processed: sample01_shifted
[melody2chord:lyrics_143]   Key: D minor (confidence: 0.61)
[melody2chord:lyrics_143]   Tempo: 78.0 BPM (source: MIDI tempo)
[melody2chord:lyrics_143]   Chord Text: /data/home/fundwotsai/MIDI-SAG/generated_midi_right_key/lyrics_143/chord/chord_txt/sample01_shifted_chord_gen.txt
[melody2chord:lyrics_143]   BTC Text:   /data/home/fundwotsai/MIDI-SAG/generated_midi_right_key/lyrics_143/chord/btc_txt/sample01_shifted_chord_gen.txt
