[melody2chord:lyrics_172] /data/home/fundwotsai/MIDI-SAG/AccoMontage2/chorderator/utils/utils.py:24: UserWarning: Could not import FluidSynth, audio formats writing disabled
[melody2chord:lyrics_172]   warnings.warn('Could not import FluidSynth, audio formats writing disabled')
[melody2chord:lyrics_172] /home/fundwotsai/miniconda3/envs/midi-sag/lib/python3.9/site-packages/miditok/tokenizations/remi.py:88: UserWarning: Attribute controls are not compatible with 'config.one_token_stream_for_programs' and multi-vocabulary tokenizers. Disabling them from the config.
[melody2chord:lyrics_172]   super().__init__(tokenizer_config, params)
[melody2chord:lyrics_172] /data/home/fundwotsai/MIDI-SAG/AccoMontage2/chorderator/core.py:238: UserWarning: Meter auto set to 4/4/. Please set meter if this is not your expectation
[melody2chord:lyrics_172]   warnings.warn('Meter auto set to 4/4/. Please set meter if this is not your expectation')
[melody2chord:lyrics_172] @Chorderator 2026-04-14 11:51:44,150 - INFO - [1;30m start read progressions from dict [0m
[melody2chord:lyrics_172] @Chorderator 2026-04-14 11:51:50,957 - INFO - [1;30m read progressions done [0m
[melody2chord:lyrics_172] @Chorderator 2026-04-14 11:51:50,958 - INFO - [1;30m start read progression library from source_base.pnt [0m
[melody2chord:lyrics_172] @Chorderator 2026-04-14 11:51:57,176 - INFO - [1;30m read library done [0m
[melody2chord:lyrics_172] @Chorderator 2026-04-14 11:51:57,176 - WARNING - [1;33m Pre-processing... [0m
[melody2chord:lyrics_172] @Chorderator 2026-04-14 11:51:57,185 - WARNING - [1;33m Pre-process done! [0m
[melody2chord:lyrics_172] @Chorderator 2026-04-14 11:51:57,185 - WARNING - [1;33m Solving... [0m
[melody2chord:lyrics_172] @Chorderator 2026-04-14 11:51:57,185 - INFO - [1;30m start read progressions from rep [0m
[melody2chord:lyrics_172] @Chorderator 2026-04-14 11:51:57,218 - INFO - [1;30m read progressions done [0m
[melody2chord:lyrics_172] @Chorderator 2026-04-14 11:51:57,222 - INFO - [1;30m Melody length 2, generate progression with 63 templates [0m
[melody2chord:lyrics_172] @Chorderator 2026-04-14 11:51:57,271 - WARNING - [1;33m Solved! [0m
[melody2chord:lyrics_172] @Chorderator 2026-04-14 11:51:57,271 - WARNING - [1;33m Post-processing... [0m
[melody2chord:lyrics_172] @Chorderator 2026-04-14 11:51:57,276 - WARNING - [1;33m Post-process done! [0m
[melody2chord:lyrics_172] @Chorderator 2026-04-14 11:51:57,276 - WARNING - [1;33m Generating textures... [0m
[melody2chord:lyrics_172] @Chorderator 2026-04-14 11:51:57,276 - WARNING - [1;33m All process finished! [0m
[melody2chord:lyrics_172] 
[melody2chord:lyrics_172] === Processing: sample01_shifted ===
[melody2chord:lyrics_172] Output will be saved to: /data/home/fundwotsai/MIDI-SAG/generated_midi_right_key/lyrics_172/chord/
[melody2chord:lyrics_172] beat_file_path: None
[melody2chord:lyrics_172] Tempo from MIDI: 78.0 BPM (no beat file — skipping warp step)
[melody2chord:lyrics_172] processed_melody_path: /data/home/fundwotsai/MIDI-SAG/generated_midi_right_key/lyrics_172/chord/processed_melody/sample01_shifted.mid
[melody2chord:lyrics_172] Detected key: C major (confidence: 0.67, Bellman-Budge)
[melody2chord:lyrics_172] Content bars: 14 -> Segmentation: A8B8 (total: 16)
[melody2chord:lyrics_172] Chorderator bars: 16 -> Segmentation: A8B8 (total: 16)
[melody2chord:lyrics_172] auto_config: {'note_shift': 64, 'segmentation': 'A8B8', 'analysis': {'total_bars': 19, 'empty_bars': 4, 'content_bars': 14, 'note_shift': 64, 'segmentation': 'A8B8', 'first_note_bar': 4.0, 'last_note_bar': 18.875, 'chorderator_bars': {'max_end_positions': 238, 'fixed_end_positions': 256, 'fixed_end_bars': 16, 'tempo': 77.99997660000703, 'unit': 0.19230774999999997}}}
[melody2chord:lyrics_172] tempo for CDT: 78.0 BPM
[melody2chord:lyrics_172] max_end: 238.0
[melody2chord:lyrics_172] fixed_end: 256
[melody2chord:lyrics_172] 256
[melody2chord:lyrics_172] {'tonic': 'C', 'mode': 'maj', 'tempo': 77.99997660000702, 'meter': '4/4', 'pos': ['x', 'x'], 'unit': 0.19230775}
[melody2chord:lyrics_172] Phrase length: 128 positions = 8 bars
[melody2chord:lyrics_172] Phrase length: 128 positions = 8 bars
[melody2chord:lyrics_172] [128, 128]
[melody2chord:lyrics_172] Chord Progression
[melody2chord:lyrics_172] -Source: Niko_Kotoulas_Pop_7th_9th_Chords_8_B-Em-B-Em_.mid
[melody2chord:lyrics_172] -Source Type: None
[melody2chord:lyrics_172] -Source Tonic: B
[melody2chord:lyrics_172] -Source Metre: 4/4
[melody2chord:lyrics_172] -Source Mode: M (M for Major and m for minor)
[melody2chord:lyrics_172] -Appeared Times: 1
[melody2chord:lyrics_172] -Appeared In Other Songs: 0
[melody2chord:lyrics_172] -Reliability: 1.0
[melody2chord:lyrics_172] -Progression Class: {'type': 'unknown', 'pattern': 'unknown', 'cycle': (1.0, 16), 'progression-style': 'pop', 'chord-style': 'classy', 'performing-style': 'unknown', 'rhythm': 'unknown', 'epic-endings': 'unknown', 'melodic': 'unknown', 'folder-id': 528, 'duplicate-id': 154, 'new_label': 'pop_complex'}
[melody2chord:lyrics_172] Numbered: 
[melody2chord:lyrics_172] | 1------- | 4------- | 1------- | 4------- | 1------- | 4------- | 1------- | 4------- | 
[melody2chord:lyrics_172] Chord: 
[melody2chord:lyrics_172] | 
[melody2chord:lyrics_172] | B 0------- | E 1------- | B 0------- | E 1------- | B 0------- | E 1------- | B 0------- | E 1------- | 
[melody2chord:lyrics_172] 
[melody2chord:lyrics_172] Chord Progression
[melody2chord:lyrics_172] -Source: Niko_Kotoulas_Pop_7th_9th_Chords_1_B-G#m-E-F#_.mid
[melody2chord:lyrics_172] -Source Type: None
[melody2chord:lyrics_172] -Source Tonic: B
[melody2chord:lyrics_172] -Source Metre: 4/4
[melody2chord:lyrics_172] -Source Mode: M (M for Major and m for minor)
[melody2chord:lyrics_172] -Appeared Times: 1
[melody2chord:lyrics_172] -Appeared In Other Songs: 0
[melody2chord:lyrics_172] -Reliability: 1.0
[melody2chord:lyrics_172] -Progression Class: {'type': 'unknown', 'pattern': 'unknown', 'cycle': (1.0, 32), 'progression-style': 'pop', 'chord-style': 'classy', 'performing-style': 'unknown', 'rhythm': 'unknown', 'epic-endings': 'unknown', 'melodic': 'unknown', 'folder-id': 528, 'duplicate-id': 151, 'new_label': 'pop_complex'}
[melody2chord:lyrics_172] Numbered: 
[melody2chord:lyrics_172] | 1------- | 6------- | 4------- | 5------- | 1------- | 6------- | 4------- | 5------- | 
[melody2chord:lyrics_172] Chord: 
[melody2chord:lyrics_172] | 
[melody2chord:lyrics_172] | B 0------- | G#1------- | E 0------- | F#0------- | B 0------- | G#1------- | E 0------- | F#0------- | 
[melody2chord:lyrics_172] 
[melody2chord:lyrics_172] Total: 2
[melody2chord:lyrics_172] 
[melody2chord:lyrics_172] === Aligning chord_gen TPQ ===
[melody2chord:lyrics_172] Original melody TPQ: 480
[melody2chord:lyrics_172] Chord gen TPQ: 220
[melody2chord:lyrics_172] TPQ ratio: 2.1818
[melody2chord:lyrics_172] Converted chord_gen TPQ from 220 to 480
[melody2chord:lyrics_172] Output saved to: /data/home/fundwotsai/MIDI-SAG/generated_midi_right_key/lyrics_172/chord/chord_gen/sample01_shifted_chord_gen.mid
[melody2chord:lyrics_172] Re-quantized 56 melody notes to 1/16 beat grid
[melody2chord:lyrics_172] === Fill Empty Bars with Chords ===
[melody2chord:lyrics_172] Original melody TPQ: 480
[melody2chord:lyrics_172] Chord gen TPQ: 480
[melody2chord:lyrics_172] TPQ ratio: 1.0000
[melody2chord:lyrics_172] Chords start at tick: 7679 (bar 4.00)
[melody2chord:lyrics_172] Empty bars to fill: 4
[melody2chord:lyrics_172] Prepending 1 bars and copying 29 chord notes to cover 4 leading bars
[melody2chord:lyrics_172] 
[melody2chord:lyrics_172] === Output Summary ===
[melody2chord:lyrics_172] Output TPQ: 480
[melody2chord:lyrics_172] Melody track notes: 123
[melody2chord:lyrics_172] Chord track notes: 146
[melody2chord:lyrics_172] First chord now at tick: 0
[melody2chord:lyrics_172] Last chord at tick: 38400
[melody2chord:lyrics_172] Output saved to: /data/home/fundwotsai/MIDI-SAG/generated_midi_right_key/lyrics_172/chord/chord_gen_filled_empty/sample01_shifted_chord_gen_filled_empty_bars.mid
[melody2chord:lyrics_172] === Quantizing melody to 1/16 notes ===
[melody2chord:lyrics_172] TPQ: 480
[melody2chord:lyrics_172] Ticks per 16th note: 120.0
[melody2chord:lyrics_172] Quantized 142 notes to 1/16 note positions
[melody2chord:lyrics_172] Output saved to: /data/home/fundwotsai/MIDI-SAG/generated_midi_right_key/lyrics_172/chord/chord_gen_quantized/sample01_shifted_chord_gen_quantized.mid
[melody2chord:lyrics_172] Extracted 84 beat-level chords from 'Chords' track
[melody2chord:lyrics_172] Chord times remapped to 77 beat positions (subdivision: quarter notes)
[melody2chord:lyrics_172] Filled 4 None chords
[melody2chord:lyrics_172] ✓ Successfully processed: sample01_shifted
[melody2chord:lyrics_172]   Key: C major (confidence: 0.67)
[melody2chord:lyrics_172]   Tempo: 78.0 BPM (source: MIDI tempo)
[melody2chord:lyrics_172]   Chord Text: /data/home/fundwotsai/MIDI-SAG/generated_midi_right_key/lyrics_172/chord/chord_txt/sample01_shifted_chord_gen.txt
[melody2chord:lyrics_172]   BTC Text:   /data/home/fundwotsai/MIDI-SAG/generated_midi_right_key/lyrics_172/chord/btc_txt/sample01_shifted_chord_gen.txt
