[melody2chord:lyrics_101] /data/home/fundwotsai/MIDI-SAG/AccoMontage2/chorderator/utils/utils.py:24: UserWarning: Could not import FluidSynth, audio formats writing disabled
[melody2chord:lyrics_101]   warnings.warn('Could not import FluidSynth, audio formats writing disabled')
[melody2chord:lyrics_101] /home/fundwotsai/miniconda3/envs/midi-sag/lib/python3.9/site-packages/miditok/tokenizations/remi.py:88: UserWarning: Attribute controls are not compatible with 'config.one_token_stream_for_programs' and multi-vocabulary tokenizers. Disabling them from the config.
[melody2chord:lyrics_101]   super().__init__(tokenizer_config, params)
[melody2chord:lyrics_101] /data/home/fundwotsai/MIDI-SAG/AccoMontage2/chorderator/core.py:238: UserWarning: Meter auto set to 4/4/. Please set meter if this is not your expectation
[melody2chord:lyrics_101]   warnings.warn('Meter auto set to 4/4/. Please set meter if this is not your expectation')
[melody2chord:lyrics_101] @Chorderator 2026-04-13 23:15:47,289 - INFO - [1;30m start read progressions from dict [0m
[melody2chord:lyrics_101] /data/home/fundwotsai/MIDI-SAG/AccoMontage2/chorderator/utils/utils.py:24: UserWarning: Could not import FluidSynth, audio formats writing disabled
[melody2chord:lyrics_101]   warnings.warn('Could not import FluidSynth, audio formats writing disabled')
[melody2chord:lyrics_101] /home/fundwotsai/miniconda3/envs/midi-sag/lib/python3.9/site-packages/miditok/tokenizations/remi.py:88: UserWarning: Attribute controls are not compatible with 'config.one_token_stream_for_programs' and multi-vocabulary tokenizers. Disabling them from the config.
[melody2chord:lyrics_101]   super().__init__(tokenizer_config, params)
[melody2chord:lyrics_101] /data/home/fundwotsai/MIDI-SAG/AccoMontage2/chorderator/core.py:238: UserWarning: Meter auto set to 4/4/. Please set meter if this is not your expectation
[melody2chord:lyrics_101]   warnings.warn('Meter auto set to 4/4/. Please set meter if this is not your expectation')
[melody2chord:lyrics_101] @Chorderator 2026-04-13 23:24:39,350 - INFO - [1;30m start read progressions from dict [0m
[melody2chord:lyrics_101] @Chorderator 2026-04-13 23:24:45,869 - INFO - [1;30m read progressions done [0m
[melody2chord:lyrics_101] @Chorderator 2026-04-13 23:24:45,869 - INFO - [1;30m start read progression library from source_base.pnt [0m
[melody2chord:lyrics_101] @Chorderator 2026-04-13 23:24:52,353 - INFO - [1;30m read library done [0m
[melody2chord:lyrics_101] @Chorderator 2026-04-13 23:24:52,353 - WARNING - [1;33m Pre-processing... [0m
[melody2chord:lyrics_101] @Chorderator 2026-04-13 23:24:52,363 - WARNING - [1;33m Pre-process done! [0m
[melody2chord:lyrics_101] @Chorderator 2026-04-13 23:24:52,363 - WARNING - [1;33m Solving... [0m
[melody2chord:lyrics_101] @Chorderator 2026-04-13 23:24:52,363 - INFO - [1;30m start read progressions from rep [0m
[melody2chord:lyrics_101] @Chorderator 2026-04-13 23:24:52,395 - INFO - [1;30m read progressions done [0m
[melody2chord:lyrics_101] @Chorderator 2026-04-13 23:24:52,400 - INFO - [1;30m Melody length 2, generate progression with 63 templates [0m
[melody2chord:lyrics_101] @Chorderator 2026-04-13 23:24:52,449 - WARNING - [1;33m Solved! [0m
[melody2chord:lyrics_101] @Chorderator 2026-04-13 23:24:52,449 - WARNING - [1;33m Post-processing... [0m
[melody2chord:lyrics_101] @Chorderator 2026-04-13 23:24:52,453 - WARNING - [1;33m Post-process done! [0m
[melody2chord:lyrics_101] @Chorderator 2026-04-13 23:24:52,453 - WARNING - [1;33m Generating textures... [0m
[melody2chord:lyrics_101] @Chorderator 2026-04-13 23:24:52,453 - WARNING - [1;33m All process finished! [0m
[melody2chord:lyrics_101] 
[melody2chord:lyrics_101] === Processing: sample01_shifted ===
[melody2chord:lyrics_101] Output will be saved to: /data/home/fundwotsai/MIDI-SAG/generated_midi_right_key/lyrics_101/chord/
[melody2chord:lyrics_101] beat_file_path: None
[melody2chord:lyrics_101] Tempo from MIDI: 78.0 BPM (no beat file — skipping warp step)
[melody2chord:lyrics_101] processed_melody_path: /data/home/fundwotsai/MIDI-SAG/generated_midi_right_key/lyrics_101/chord/processed_melody/sample01_shifted.mid
[melody2chord:lyrics_101] Detected key: Eb major (confidence: 0.60, Bellman-Budge)
[melody2chord:lyrics_101] Content bars: 15 -> Segmentation: A8B8 (total: 16)
[melody2chord:lyrics_101] Chorderator bars: 16 -> Segmentation: A8B8 (total: 16)
[melody2chord:lyrics_101] auto_config: {'note_shift': 78, 'segmentation': 'A8B8', 'analysis': {'total_bars': 20, 'empty_bars': 4, 'content_bars': 15, 'note_shift': 78, 'segmentation': 'A8B8', 'first_note_bar': 4.875, 'last_note_bar': 19.0, 'chorderator_bars': {'max_end_positions': 226, 'fixed_end_positions': 256, 'fixed_end_bars': 16, 'tempo': 77.99997660000703, 'unit': 0.19230774999999997}}}
[melody2chord:lyrics_101] tempo for CDT: 78.0 BPM
[melody2chord:lyrics_101] max_end: 226.0
[melody2chord:lyrics_101] fixed_end: 256
[melody2chord:lyrics_101] 256
[melody2chord:lyrics_101] {'tonic': 'Eb', 'mode': 'maj', 'tempo': 77.99997660000702, 'meter': '4/4', 'pos': ['x', 'x'], 'unit': 0.19230775}
[melody2chord:lyrics_101] Phrase length: 128 positions = 8 bars
[melody2chord:lyrics_101] Phrase length: 128 positions = 8 bars
[melody2chord:lyrics_101] [128, 128]
[melody2chord:lyrics_101] Chord Progression
[melody2chord:lyrics_101] -Source: Niko_Kotoulas_Pop_7th_9th_Chords_1_B-G#m-E-F#_.mid
[melody2chord:lyrics_101] -Source Type: None
[melody2chord:lyrics_101] -Source Tonic: B
[melody2chord:lyrics_101] -Source Metre: 4/4
[melody2chord:lyrics_101] -Source Mode: M (M for Major and m for minor)
[melody2chord:lyrics_101] -Appeared Times: 1
[melody2chord:lyrics_101] -Appeared In Other Songs: 0
[melody2chord:lyrics_101] -Reliability: 1.0
[melody2chord:lyrics_101] -Progression Class: {'type': 'unknown', 'pattern': 'unknown', 'cycle': (1.0, 32), 'progression-style': 'pop', 'chord-style': 'classy', 'performing-style': 'unknown', 'rhythm': 'unknown', 'epic-endings': 'unknown', 'melodic': 'unknown', 'folder-id': 528, 'duplicate-id': 151, 'new_label': 'pop_complex'}
[melody2chord:lyrics_101] Numbered: 
[melody2chord:lyrics_101] | 1------- | 6------- | 4------- | 5------- | 1------- | 6------- | 4------- | 5------- | 
[melody2chord:lyrics_101] Chord: 
[melody2chord:lyrics_101] | 
[melody2chord:lyrics_101] | B 0------- | G#1------- | E 0------- | F#0------- | B 0------- | G#1------- | E 0------- | F#0------- | 
[melody2chord:lyrics_101] 
[melody2chord:lyrics_101] Chord Progression
[melody2chord:lyrics_101] -Source: Niko_Kotoulas_Pop_7th_9th_Chords_4_B-E-G#m-F#_.mid
[melody2chord:lyrics_101] -Source Type: None
[melody2chord:lyrics_101] -Source Tonic: B
[melody2chord:lyrics_101] -Source Metre: 4/4
[melody2chord:lyrics_101] -Source Mode: M (M for Major and m for minor)
[melody2chord:lyrics_101] -Appeared Times: 1
[melody2chord:lyrics_101] -Appeared In Other Songs: 0
[melody2chord:lyrics_101] -Reliability: 1.0
[melody2chord:lyrics_101] -Progression Class: {'type': 'unknown', 'pattern': 'unknown', 'cycle': (1.0, 32), 'progression-style': 'pop', 'chord-style': 'classy', 'performing-style': 'unknown', 'rhythm': 'unknown', 'epic-endings': 'unknown', 'melodic': 'unknown', 'folder-id': 528, 'duplicate-id': 172, 'new_label': 'pop_complex'}
[melody2chord:lyrics_101] Numbered: 
[melody2chord:lyrics_101] | 1------- | 4------- | 6------- | 5------- | 1------- | 4------- | 6------- | 5------- | 
[melody2chord:lyrics_101] Chord: 
[melody2chord:lyrics_101] | 
[melody2chord:lyrics_101] | B 0------- | E 0------- | G#1------- | F#0------- | B 0------- | E 0------- | G#1------- | F#0------- | 
[melody2chord:lyrics_101] 
[melody2chord:lyrics_101] Total: 2
[melody2chord:lyrics_101] 
[melody2chord:lyrics_101] === Aligning chord_gen TPQ ===
[melody2chord:lyrics_101] Original melody TPQ: 480
[melody2chord:lyrics_101] Chord gen TPQ: 220
[melody2chord:lyrics_101] TPQ ratio: 2.1818
[melody2chord:lyrics_101] Converted chord_gen TPQ from 220 to 480
[melody2chord:lyrics_101] Output saved to: /data/home/fundwotsai/MIDI-SAG/generated_midi_right_key/lyrics_101/chord/chord_gen/sample01_shifted_chord_gen.mid
[melody2chord:lyrics_101] Re-quantized 62 melody notes to 1/16 beat grid
[melody2chord:lyrics_101] === Fill Empty Bars with Chords ===
[melody2chord:lyrics_101] Original melody TPQ: 480
[melody2chord:lyrics_101] Chord gen TPQ: 480
[melody2chord:lyrics_101] TPQ ratio: 1.0000
[melody2chord:lyrics_101] Chords start at tick: 9360 (bar 4.88)
[melody2chord:lyrics_101] Empty bars to fill: 4
[melody2chord:lyrics_101] Prepending 0 bars and copying 27 chord notes to cover 4 leading bars
[melody2chord:lyrics_101] 
[melody2chord:lyrics_101] === Output Summary ===
[melody2chord:lyrics_101] Output TPQ: 480
[melody2chord:lyrics_101] Melody track notes: 122
[melody2chord:lyrics_101] Chord track notes: 126
[melody2chord:lyrics_101] First chord now at tick: 0
[melody2chord:lyrics_101] Last chord at tick: 38160
[melody2chord:lyrics_101] Output saved to: /data/home/fundwotsai/MIDI-SAG/generated_midi_right_key/lyrics_101/chord/chord_gen_filled_empty/sample01_shifted_chord_gen_filled_empty_bars.mid
[melody2chord:lyrics_101] === Quantizing melody to 1/16 notes ===
[melody2chord:lyrics_101] TPQ: 480
[melody2chord:lyrics_101] Ticks per 16th note: 120.0
[melody2chord:lyrics_101] Quantized 140 notes to 1/16 note positions
[melody2chord:lyrics_101] Output saved to: /data/home/fundwotsai/MIDI-SAG/generated_midi_right_key/lyrics_101/chord/chord_gen_quantized/sample01_shifted_chord_gen_quantized.mid
[melody2chord:lyrics_101] Extracted 84 beat-level chords from 'Chords' track
[melody2chord:lyrics_101] Chord times remapped to 78 beat positions (subdivision: quarter notes)
[melody2chord:lyrics_101] Filled 4 None chords
[melody2chord:lyrics_101] ✓ Successfully processed: sample01_shifted
[melody2chord:lyrics_101]   Key: Eb major (confidence: 0.60)
[melody2chord:lyrics_101]   Tempo: 78.0 BPM (source: MIDI tempo)
[melody2chord:lyrics_101]   Chord Text: /data/home/fundwotsai/MIDI-SAG/generated_midi_right_key/lyrics_101/chord/chord_txt/sample01_shifted_chord_gen.txt
[melody2chord:lyrics_101]   BTC Text:   /data/home/fundwotsai/MIDI-SAG/generated_midi_right_key/lyrics_101/chord/btc_txt/sample01_shifted_chord_gen.txt
[melody2chord:lyrics_101] /data/home/fundwotsai/MIDI-SAG/AccoMontage2/chorderator/utils/utils.py:24: UserWarning: Could not import FluidSynth, audio formats writing disabled
[melody2chord:lyrics_101]   warnings.warn('Could not import FluidSynth, audio formats writing disabled')
[melody2chord:lyrics_101] /home/fundwotsai/miniconda3/envs/midi-sag/lib/python3.9/site-packages/miditok/tokenizations/remi.py:88: UserWarning: Attribute controls are not compatible with 'config.one_token_stream_for_programs' and multi-vocabulary tokenizers. Disabling them from the config.
[melody2chord:lyrics_101]   super().__init__(tokenizer_config, params)
[melody2chord:lyrics_101] /data/home/fundwotsai/MIDI-SAG/AccoMontage2/chorderator/core.py:238: UserWarning: Meter auto set to 4/4/. Please set meter if this is not your expectation
[melody2chord:lyrics_101]   warnings.warn('Meter auto set to 4/4/. Please set meter if this is not your expectation')
[melody2chord:lyrics_101] @Chorderator 2026-04-14 11:20:27,912 - INFO - [1;30m start read progressions from dict [0m
[melody2chord:lyrics_101] @Chorderator 2026-04-14 11:20:34,692 - INFO - [1;30m read progressions done [0m
[melody2chord:lyrics_101] @Chorderator 2026-04-14 11:20:34,692 - INFO - [1;30m start read progression library from source_base.pnt [0m
[melody2chord:lyrics_101] @Chorderator 2026-04-14 11:20:40,991 - INFO - [1;30m read library done [0m
[melody2chord:lyrics_101] @Chorderator 2026-04-14 11:20:40,991 - WARNING - [1;33m Pre-processing... [0m
[melody2chord:lyrics_101] @Chorderator 2026-04-14 11:20:41,001 - WARNING - [1;33m Pre-process done! [0m
[melody2chord:lyrics_101] @Chorderator 2026-04-14 11:20:41,001 - WARNING - [1;33m Solving... [0m
[melody2chord:lyrics_101] @Chorderator 2026-04-14 11:20:41,001 - INFO - [1;30m start read progressions from rep [0m
[melody2chord:lyrics_101] @Chorderator 2026-04-14 11:20:41,033 - INFO - [1;30m read progressions done [0m
[melody2chord:lyrics_101] @Chorderator 2026-04-14 11:20:41,038 - INFO - [1;30m Melody length 2, generate progression with 63 templates [0m
[melody2chord:lyrics_101] @Chorderator 2026-04-14 11:20:41,087 - WARNING - [1;33m Solved! [0m
[melody2chord:lyrics_101] @Chorderator 2026-04-14 11:20:41,087 - WARNING - [1;33m Post-processing... [0m
[melody2chord:lyrics_101] @Chorderator 2026-04-14 11:20:41,091 - WARNING - [1;33m Post-process done! [0m
[melody2chord:lyrics_101] @Chorderator 2026-04-14 11:20:41,091 - WARNING - [1;33m Generating textures... [0m
[melody2chord:lyrics_101] @Chorderator 2026-04-14 11:20:41,092 - WARNING - [1;33m All process finished! [0m
[melody2chord:lyrics_101] 
[melody2chord:lyrics_101] === Processing: sample01_shifted ===
[melody2chord:lyrics_101] Output will be saved to: /data/home/fundwotsai/MIDI-SAG/generated_midi_right_key/lyrics_101/chord/
[melody2chord:lyrics_101] beat_file_path: None
[melody2chord:lyrics_101] Tempo from MIDI: 78.0 BPM (no beat file — skipping warp step)
[melody2chord:lyrics_101] processed_melody_path: /data/home/fundwotsai/MIDI-SAG/generated_midi_right_key/lyrics_101/chord/processed_melody/sample01_shifted.mid
[melody2chord:lyrics_101] Detected key: Eb major (confidence: 0.60, Bellman-Budge)
[melody2chord:lyrics_101] Content bars: 15 -> Segmentation: A8B8 (total: 16)
[melody2chord:lyrics_101] Chorderator bars: 16 -> Segmentation: A8B8 (total: 16)
[melody2chord:lyrics_101] auto_config: {'note_shift': 78, 'segmentation': 'A8B8', 'analysis': {'total_bars': 20, 'empty_bars': 4, 'content_bars': 15, 'note_shift': 78, 'segmentation': 'A8B8', 'first_note_bar': 4.875, 'last_note_bar': 19.0, 'chorderator_bars': {'max_end_positions': 226, 'fixed_end_positions': 256, 'fixed_end_bars': 16, 'tempo': 77.99997660000703, 'unit': 0.19230774999999997}}}
[melody2chord:lyrics_101] tempo for CDT: 78.0 BPM
[melody2chord:lyrics_101] max_end: 226.0
[melody2chord:lyrics_101] fixed_end: 256
[melody2chord:lyrics_101] 256
[melody2chord:lyrics_101] {'tonic': 'Eb', 'mode': 'maj', 'tempo': 77.99997660000702, 'meter': '4/4', 'pos': ['x', 'x'], 'unit': 0.19230775}
[melody2chord:lyrics_101] Phrase length: 128 positions = 8 bars
[melody2chord:lyrics_101] Phrase length: 128 positions = 8 bars
[melody2chord:lyrics_101] [128, 128]
[melody2chord:lyrics_101] Chord Progression
[melody2chord:lyrics_101] -Source: Niko_Kotoulas_Pop_7th_9th_Chords_1_B-G#m-E-F#_.mid
[melody2chord:lyrics_101] -Source Type: None
[melody2chord:lyrics_101] -Source Tonic: B
[melody2chord:lyrics_101] -Source Metre: 4/4
[melody2chord:lyrics_101] -Source Mode: M (M for Major and m for minor)
[melody2chord:lyrics_101] -Appeared Times: 1
[melody2chord:lyrics_101] -Appeared In Other Songs: 0
[melody2chord:lyrics_101] -Reliability: 1.0
[melody2chord:lyrics_101] -Progression Class: {'type': 'unknown', 'pattern': 'unknown', 'cycle': (1.0, 32), 'progression-style': 'pop', 'chord-style': 'classy', 'performing-style': 'unknown', 'rhythm': 'unknown', 'epic-endings': 'unknown', 'melodic': 'unknown', 'folder-id': 528, 'duplicate-id': 151, 'new_label': 'pop_complex'}
[melody2chord:lyrics_101] Numbered: 
[melody2chord:lyrics_101] | 1------- | 6------- | 4------- | 5------- | 1------- | 6------- | 4------- | 5------- | 
[melody2chord:lyrics_101] Chord: 
[melody2chord:lyrics_101] | 
[melody2chord:lyrics_101] | B 0------- | G#1------- | E 0------- | F#0------- | B 0------- | G#1------- | E 0------- | F#0------- | 
[melody2chord:lyrics_101] 
[melody2chord:lyrics_101] Chord Progression
[melody2chord:lyrics_101] -Source: Niko_Kotoulas_Pop_7th_9th_Chords_4_B-E-G#m-F#_.mid
[melody2chord:lyrics_101] -Source Type: None
[melody2chord:lyrics_101] -Source Tonic: B
[melody2chord:lyrics_101] -Source Metre: 4/4
[melody2chord:lyrics_101] -Source Mode: M (M for Major and m for minor)
[melody2chord:lyrics_101] -Appeared Times: 1
[melody2chord:lyrics_101] -Appeared In Other Songs: 0
[melody2chord:lyrics_101] -Reliability: 1.0
[melody2chord:lyrics_101] -Progression Class: {'type': 'unknown', 'pattern': 'unknown', 'cycle': (1.0, 32), 'progression-style': 'pop', 'chord-style': 'classy', 'performing-style': 'unknown', 'rhythm': 'unknown', 'epic-endings': 'unknown', 'melodic': 'unknown', 'folder-id': 528, 'duplicate-id': 172, 'new_label': 'pop_complex'}
[melody2chord:lyrics_101] Numbered: 
[melody2chord:lyrics_101] | 1------- | 4------- | 6------- | 5------- | 1------- | 4------- | 6------- | 5------- | 
[melody2chord:lyrics_101] Chord: 
[melody2chord:lyrics_101] | 
[melody2chord:lyrics_101] | B 0------- | E 0------- | G#1------- | F#0------- | B 0------- | E 0------- | G#1------- | F#0------- | 
[melody2chord:lyrics_101] 
[melody2chord:lyrics_101] Total: 2
[melody2chord:lyrics_101] 
[melody2chord:lyrics_101] === Aligning chord_gen TPQ ===
[melody2chord:lyrics_101] Original melody TPQ: 480
[melody2chord:lyrics_101] Chord gen TPQ: 220
[melody2chord:lyrics_101] TPQ ratio: 2.1818
[melody2chord:lyrics_101] Converted chord_gen TPQ from 220 to 480
[melody2chord:lyrics_101] Output saved to: /data/home/fundwotsai/MIDI-SAG/generated_midi_right_key/lyrics_101/chord/chord_gen/sample01_shifted_chord_gen.mid
[melody2chord:lyrics_101] Re-quantized 62 melody notes to 1/16 beat grid
[melody2chord:lyrics_101] === Fill Empty Bars with Chords ===
[melody2chord:lyrics_101] Original melody TPQ: 480
[melody2chord:lyrics_101] Chord gen TPQ: 480
[melody2chord:lyrics_101] TPQ ratio: 1.0000
[melody2chord:lyrics_101] Chords start at tick: 9360 (bar 4.88)
[melody2chord:lyrics_101] Empty bars to fill: 4
[melody2chord:lyrics_101] Prepending 0 bars and copying 23 chord notes to cover 4 leading bars
[melody2chord:lyrics_101] 
[melody2chord:lyrics_101] === Output Summary ===
[melody2chord:lyrics_101] Output TPQ: 480
[melody2chord:lyrics_101] Melody track notes: 122
[melody2chord:lyrics_101] Chord track notes: 117
[melody2chord:lyrics_101] First chord now at tick: 0
[melody2chord:lyrics_101] Last chord at tick: 38160
[melody2chord:lyrics_101] Output saved to: /data/home/fundwotsai/MIDI-SAG/generated_midi_right_key/lyrics_101/chord/chord_gen_filled_empty/sample01_shifted_chord_gen_filled_empty_bars.mid
[melody2chord:lyrics_101] === Quantizing melody to 1/16 notes ===
[melody2chord:lyrics_101] TPQ: 480
[melody2chord:lyrics_101] Ticks per 16th note: 120.0
[melody2chord:lyrics_101] Quantized 140 notes to 1/16 note positions
[melody2chord:lyrics_101] Output saved to: /data/home/fundwotsai/MIDI-SAG/generated_midi_right_key/lyrics_101/chord/chord_gen_quantized/sample01_shifted_chord_gen_quantized.mid
[melody2chord:lyrics_101] Extracted 84 beat-level chords from 'Chords' track
[melody2chord:lyrics_101] Chord times remapped to 78 beat positions (subdivision: quarter notes)
[melody2chord:lyrics_101] Filled 4 None chords
[melody2chord:lyrics_101] ✓ Successfully processed: sample01_shifted
[melody2chord:lyrics_101]   Key: Eb major (confidence: 0.60)
[melody2chord:lyrics_101]   Tempo: 78.0 BPM (source: MIDI tempo)
[melody2chord:lyrics_101]   Chord Text: /data/home/fundwotsai/MIDI-SAG/generated_midi_right_key/lyrics_101/chord/chord_txt/sample01_shifted_chord_gen.txt
[melody2chord:lyrics_101]   BTC Text:   /data/home/fundwotsai/MIDI-SAG/generated_midi_right_key/lyrics_101/chord/btc_txt/sample01_shifted_chord_gen.txt
