[melody2chord:lyrics_61] /data/home/fundwotsai/MIDI-SAG/AccoMontage2/chorderator/utils/utils.py:24: UserWarning: Could not import FluidSynth, audio formats writing disabled
[melody2chord:lyrics_61]   warnings.warn('Could not import FluidSynth, audio formats writing disabled')
[melody2chord:lyrics_61] /home/fundwotsai/miniconda3/envs/midi-sag/lib/python3.9/site-packages/miditok/tokenizations/remi.py:88: UserWarning: Attribute controls are not compatible with 'config.one_token_stream_for_programs' and multi-vocabulary tokenizers. Disabling them from the config.
[melody2chord:lyrics_61]   super().__init__(tokenizer_config, params)
[melody2chord:lyrics_61] /data/home/fundwotsai/MIDI-SAG/AccoMontage2/chorderator/core.py:238: UserWarning: Meter auto set to 4/4/. Please set meter if this is not your expectation
[melody2chord:lyrics_61]   warnings.warn('Meter auto set to 4/4/. Please set meter if this is not your expectation')
[melody2chord:lyrics_61] @Chorderator 2026-04-14 12:25:35,269 - INFO - [1;30m start read progressions from dict [0m
[melody2chord:lyrics_61] @Chorderator 2026-04-14 12:25:41,717 - INFO - [1;30m read progressions done [0m
[melody2chord:lyrics_61] @Chorderator 2026-04-14 12:25:41,717 - INFO - [1;30m start read progression library from source_base.pnt [0m
[melody2chord:lyrics_61] @Chorderator 2026-04-14 12:25:48,004 - INFO - [1;30m read library done [0m
[melody2chord:lyrics_61] @Chorderator 2026-04-14 12:25:48,005 - WARNING - [1;33m Pre-processing... [0m
[melody2chord:lyrics_61] @Chorderator 2026-04-14 12:25:48,014 - WARNING - [1;33m Pre-process done! [0m
[melody2chord:lyrics_61] @Chorderator 2026-04-14 12:25:48,014 - WARNING - [1;33m Solving... [0m
[melody2chord:lyrics_61] @Chorderator 2026-04-14 12:25:48,014 - INFO - [1;30m start read progressions from rep [0m
[melody2chord:lyrics_61] @Chorderator 2026-04-14 12:25:48,046 - INFO - [1;30m read progressions done [0m
[melody2chord:lyrics_61] @Chorderator 2026-04-14 12:25:48,050 - INFO - [1;30m Melody length 2, generate progression with 63 templates [0m
[melody2chord:lyrics_61] @Chorderator 2026-04-14 12:25:48,099 - WARNING - [1;33m Solved! [0m
[melody2chord:lyrics_61] @Chorderator 2026-04-14 12:25:48,099 - WARNING - [1;33m Post-processing... [0m
[melody2chord:lyrics_61] @Chorderator 2026-04-14 12:25:48,103 - WARNING - [1;33m Post-process done! [0m
[melody2chord:lyrics_61] @Chorderator 2026-04-14 12:25:48,103 - WARNING - [1;33m Generating textures... [0m
[melody2chord:lyrics_61] @Chorderator 2026-04-14 12:25:48,104 - WARNING - [1;33m All process finished! [0m
[melody2chord:lyrics_61] 
[melody2chord:lyrics_61] === Processing: sample01_shifted ===
[melody2chord:lyrics_61] Output will be saved to: /data/home/fundwotsai/MIDI-SAG/generated_midi_right_key/lyrics_61/chord/
[melody2chord:lyrics_61] beat_file_path: None
[melody2chord:lyrics_61] Tempo from MIDI: 78.0 BPM (no beat file — skipping warp step)
[melody2chord:lyrics_61] processed_melody_path: /data/home/fundwotsai/MIDI-SAG/generated_midi_right_key/lyrics_61/chord/processed_melody/sample01_shifted.mid
[melody2chord:lyrics_61] Detected key: C major (confidence: 0.67, Bellman-Budge)
[melody2chord:lyrics_61] Content bars: 16 -> Segmentation: A8B8 (total: 16)
[melody2chord:lyrics_61] Chorderator bars: 16 -> Segmentation: A8B8 (total: 16)
[melody2chord:lyrics_61] auto_config: {'note_shift': 68, 'segmentation': 'A8B8', 'analysis': {'total_bars': 21, 'empty_bars': 4, 'content_bars': 16, 'note_shift': 68, 'segmentation': 'A8B8', 'first_note_bar': 4.25, 'last_note_bar': 20.75, 'chorderator_bars': {'max_end_positions': 264, 'fixed_end_positions': 256, 'fixed_end_bars': 16, 'tempo': 77.99997660000703, 'unit': 0.19230774999999997}}}
[melody2chord:lyrics_61] tempo for CDT: 78.0 BPM
[melody2chord:lyrics_61] max_end: 264.0
[melody2chord:lyrics_61] fixed_end: 256
[melody2chord:lyrics_61] 256
[melody2chord:lyrics_61] {'tonic': 'C', 'mode': 'maj', 'tempo': 77.99997660000702, 'meter': '4/4', 'pos': ['x', 'x'], 'unit': 0.19230775}
[melody2chord:lyrics_61] Phrase length: 128 positions = 8 bars
[melody2chord:lyrics_61] Phrase length: 128 positions = 8 bars
[melody2chord:lyrics_61] [128, 128]
[melody2chord:lyrics_61] Chord Progression
[melody2chord:lyrics_61] -Source: Niko_Kotoulas_EDM_7th_9th_Chords_16_C#m-B-G#m-F#_.mid
[melody2chord:lyrics_61] -Source Type: None
[melody2chord:lyrics_61] -Source Tonic: B
[melody2chord:lyrics_61] -Source Metre: 4/4
[melody2chord:lyrics_61] -Source Mode: M (M for Major and m for minor)
[melody2chord:lyrics_61] -Appeared Times: 1
[melody2chord:lyrics_61] -Appeared In Other Songs: 0
[melody2chord:lyrics_61] -Reliability: 1.0
[melody2chord:lyrics_61] -Progression Class: {'type': 'unknown', 'pattern': 'unknown', 'cycle': (0.9999999999999999, 32), 'progression-style': 'edm', 'chord-style': 'classy', 'performing-style': 'unknown', 'rhythm': 'unknown', 'epic-endings': 'unknown', 'melodic': 'unknown', 'folder-id': 531, 'duplicate-id': 221, 'new_label': 'pop_complex'}
[melody2chord:lyrics_61] Numbered: 
[melody2chord:lyrics_61] | 2------- | 1------- | 6------- | 5------- | 2------- | 1------- | 6------- | 5------- | 
[melody2chord:lyrics_61] Chord: 
[melody2chord:lyrics_61] | 
[melody2chord:lyrics_61] | C#1------- | B 0------- | G#1------- | F#0------- | C#1------- | B 0------- | G#1------- | F#0------- | 
[melody2chord:lyrics_61] 
[melody2chord:lyrics_61] Chord Progression
[melody2chord:lyrics_61] -Source: Niko_Kotoulas_Pop_7th_9th_Chords_1_B-G#m-E-F#_.mid
[melody2chord:lyrics_61] -Source Type: None
[melody2chord:lyrics_61] -Source Tonic: B
[melody2chord:lyrics_61] -Source Metre: 4/4
[melody2chord:lyrics_61] -Source Mode: M (M for Major and m for minor)
[melody2chord:lyrics_61] -Appeared Times: 1
[melody2chord:lyrics_61] -Appeared In Other Songs: 0
[melody2chord:lyrics_61] -Reliability: 1.0
[melody2chord:lyrics_61] -Progression Class: {'type': 'unknown', 'pattern': 'unknown', 'cycle': (1.0, 32), 'progression-style': 'pop', 'chord-style': 'classy', 'performing-style': 'unknown', 'rhythm': 'unknown', 'epic-endings': 'unknown', 'melodic': 'unknown', 'folder-id': 528, 'duplicate-id': 151, 'new_label': 'pop_complex'}
[melody2chord:lyrics_61] Numbered: 
[melody2chord:lyrics_61] | 1------- | 6------- | 4------- | 5------- | 1------- | 6------- | 4------- | 5------- | 
[melody2chord:lyrics_61] Chord: 
[melody2chord:lyrics_61] | 
[melody2chord:lyrics_61] | B 0------- | G#1------- | E 0------- | F#0------- | B 0------- | G#1------- | E 0------- | F#0------- | 
[melody2chord:lyrics_61] 
[melody2chord:lyrics_61] Total: 2
[melody2chord:lyrics_61] 
[melody2chord:lyrics_61] === Aligning chord_gen TPQ ===
[melody2chord:lyrics_61] Original melody TPQ: 480
[melody2chord:lyrics_61] Chord gen TPQ: 220
[melody2chord:lyrics_61] TPQ ratio: 2.1818
[melody2chord:lyrics_61] Converted chord_gen TPQ from 220 to 480
[melody2chord:lyrics_61] Output saved to: /data/home/fundwotsai/MIDI-SAG/generated_midi_right_key/lyrics_61/chord/chord_gen/sample01_shifted_chord_gen.mid
[melody2chord:lyrics_61] Re-quantized 54 melody notes to 1/16 beat grid
[melody2chord:lyrics_61] === Fill Empty Bars with Chords ===
[melody2chord:lyrics_61] Original melody TPQ: 480
[melody2chord:lyrics_61] Chord gen TPQ: 480
[melody2chord:lyrics_61] TPQ ratio: 1.0000
[melody2chord:lyrics_61] Chords start at tick: 8159 (bar 4.25)
[melody2chord:lyrics_61] Empty bars to fill: 4
[melody2chord:lyrics_61] Prepending 0 bars and copying 24 chord notes to cover 4 leading bars
[melody2chord:lyrics_61] 
[melody2chord:lyrics_61] === Output Summary ===
[melody2chord:lyrics_61] Output TPQ: 480
[melody2chord:lyrics_61] Melody track notes: 126
[melody2chord:lyrics_61] Chord track notes: 133
[melody2chord:lyrics_61] First chord now at tick: 0
[melody2chord:lyrics_61] Last chord at tick: 36960
[melody2chord:lyrics_61] Output saved to: /data/home/fundwotsai/MIDI-SAG/generated_midi_right_key/lyrics_61/chord/chord_gen_filled_empty/sample01_shifted_chord_gen_filled_empty_bars.mid
[melody2chord:lyrics_61] === Quantizing melody to 1/16 notes ===
[melody2chord:lyrics_61] TPQ: 480
[melody2chord:lyrics_61] Ticks per 16th note: 120.0
[melody2chord:lyrics_61] Quantized 144 notes to 1/16 note positions
[melody2chord:lyrics_61] Output saved to: /data/home/fundwotsai/MIDI-SAG/generated_midi_right_key/lyrics_61/chord/chord_gen_quantized/sample01_shifted_chord_gen_quantized.mid
[melody2chord:lyrics_61] Extracted 81 beat-level chords from 'Chords' track
[melody2chord:lyrics_61] Chord times remapped to 85 beat positions (subdivision: quarter notes)
[melody2chord:lyrics_61] Filled 1 None chords
[melody2chord:lyrics_61] ✓ Successfully processed: sample01_shifted
[melody2chord:lyrics_61]   Key: C major (confidence: 0.67)
[melody2chord:lyrics_61]   Tempo: 78.0 BPM (source: MIDI tempo)
[melody2chord:lyrics_61]   Chord Text: /data/home/fundwotsai/MIDI-SAG/generated_midi_right_key/lyrics_61/chord/chord_txt/sample01_shifted_chord_gen.txt
[melody2chord:lyrics_61]   BTC Text:   /data/home/fundwotsai/MIDI-SAG/generated_midi_right_key/lyrics_61/chord/btc_txt/sample01_shifted_chord_gen.txt
