[melody2chord:lyrics_153] /data/home/fundwotsai/MIDI-SAG/AccoMontage2/chorderator/utils/utils.py:24: UserWarning: Could not import FluidSynth, audio formats writing disabled
[melody2chord:lyrics_153]   warnings.warn('Could not import FluidSynth, audio formats writing disabled')
[melody2chord:lyrics_153] /home/fundwotsai/miniconda3/envs/midi-sag/lib/python3.9/site-packages/miditok/tokenizations/remi.py:88: UserWarning: Attribute controls are not compatible with 'config.one_token_stream_for_programs' and multi-vocabulary tokenizers. Disabling them from the config.
[melody2chord:lyrics_153]   super().__init__(tokenizer_config, params)
[melody2chord:lyrics_153] /data/home/fundwotsai/MIDI-SAG/AccoMontage2/chorderator/core.py:238: UserWarning: Meter auto set to 4/4/. Please set meter if this is not your expectation
[melody2chord:lyrics_153]   warnings.warn('Meter auto set to 4/4/. Please set meter if this is not your expectation')
[melody2chord:lyrics_153] @Chorderator 2026-04-14 11:43:24,527 - INFO - [1;30m start read progressions from dict [0m
[melody2chord:lyrics_153] @Chorderator 2026-04-14 11:43:31,132 - INFO - [1;30m read progressions done [0m
[melody2chord:lyrics_153] @Chorderator 2026-04-14 11:43:31,132 - INFO - [1;30m start read progression library from source_base.pnt [0m
[melody2chord:lyrics_153] @Chorderator 2026-04-14 11:43:37,393 - INFO - [1;30m read library done [0m
[melody2chord:lyrics_153] @Chorderator 2026-04-14 11:43:37,393 - WARNING - [1;33m Pre-processing... [0m
[melody2chord:lyrics_153] @Chorderator 2026-04-14 11:43:37,403 - WARNING - [1;33m Pre-process done! [0m
[melody2chord:lyrics_153] @Chorderator 2026-04-14 11:43:37,403 - WARNING - [1;33m Solving... [0m
[melody2chord:lyrics_153] @Chorderator 2026-04-14 11:43:37,404 - INFO - [1;30m start read progressions from rep [0m
[melody2chord:lyrics_153] @Chorderator 2026-04-14 11:43:37,436 - INFO - [1;30m read progressions done [0m
[melody2chord:lyrics_153] @Chorderator 2026-04-14 11:43:37,440 - INFO - [1;30m Melody length 2, generate progression with 63 templates [0m
[melody2chord:lyrics_153] @Chorderator 2026-04-14 11:43:37,489 - WARNING - [1;33m Solved! [0m
[melody2chord:lyrics_153] @Chorderator 2026-04-14 11:43:37,489 - WARNING - [1;33m Post-processing... [0m
[melody2chord:lyrics_153] @Chorderator 2026-04-14 11:43:37,493 - WARNING - [1;33m Post-process done! [0m
[melody2chord:lyrics_153] @Chorderator 2026-04-14 11:43:37,494 - WARNING - [1;33m Generating textures... [0m
[melody2chord:lyrics_153] @Chorderator 2026-04-14 11:43:37,494 - WARNING - [1;33m All process finished! [0m
[melody2chord:lyrics_153] 
[melody2chord:lyrics_153] === Processing: sample01_shifted ===
[melody2chord:lyrics_153] Output will be saved to: /data/home/fundwotsai/MIDI-SAG/generated_midi_right_key/lyrics_153/chord/
[melody2chord:lyrics_153] beat_file_path: None
[melody2chord:lyrics_153] Tempo from MIDI: 78.0 BPM (no beat file — skipping warp step)
[melody2chord:lyrics_153] processed_melody_path: /data/home/fundwotsai/MIDI-SAG/generated_midi_right_key/lyrics_153/chord/processed_melody/sample01_shifted.mid
[melody2chord:lyrics_153] Detected key: C major (confidence: 0.62, Bellman-Budge)
[melody2chord:lyrics_153] Content bars: 13 -> Segmentation: A8B8 (total: 16)
[melody2chord:lyrics_153] Chorderator bars: 16 -> Segmentation: A8B8 (total: 16)
[melody2chord:lyrics_153] auto_config: {'note_shift': 66, 'segmentation': 'A8B8', 'analysis': {'total_bars': 18, 'empty_bars': 4, 'content_bars': 13, 'note_shift': 66, 'segmentation': 'A8B8', 'first_note_bar': 4.125, 'last_note_bar': 17.46875, 'chorderator_bars': {'max_end_positions': 214, 'fixed_end_positions': 256, 'fixed_end_bars': 16, 'tempo': 77.99997660000703, 'unit': 0.19230774999999997}}}
[melody2chord:lyrics_153] tempo for CDT: 78.0 BPM
[melody2chord:lyrics_153] max_end: 213.0
[melody2chord:lyrics_153] fixed_end: 256
[melody2chord:lyrics_153] 256
[melody2chord:lyrics_153] {'tonic': 'C', 'mode': 'maj', 'tempo': 77.99997660000702, 'meter': '4/4', 'pos': ['x', 'x'], 'unit': 0.19230775}
[melody2chord:lyrics_153] Phrase length: 128 positions = 8 bars
[melody2chord:lyrics_153] Phrase length: 128 positions = 8 bars
[melody2chord:lyrics_153] [128, 128]
[melody2chord:lyrics_153] Chord Progression
[melody2chord:lyrics_153] -Source: Niko_Kotoulas_Emotional_Chords_2_C#m-B-F#-B-F#-G#m-E-B_.mid
[melody2chord:lyrics_153] -Source Type: None
[melody2chord:lyrics_153] -Source Tonic: B
[melody2chord:lyrics_153] -Source Metre: 4/4
[melody2chord:lyrics_153] -Source Mode: M (M for Major and m for minor)
[melody2chord:lyrics_153] -Appeared Times: 1
[melody2chord:lyrics_153] -Appeared In Other Songs: 0
[melody2chord:lyrics_153] -Reliability: 1.0
[melody2chord:lyrics_153] -Progression Class: {'type': 'unknown', 'pattern': 'unknown', 'cycle': (0.08151391459392222, 32), 'progression-style': 'emotional', 'chord-style': 'emotional', 'performing-style': 'unknown', 'rhythm': 'unknown', 'epic-endings': 'unknown', 'melodic': 'unknown', 'folder-id': 535, 'duplicate-id': 290, 'new_label': 'pop_complex'}
[melody2chord:lyrics_153] Numbered: 
[melody2chord:lyrics_153] | 2------- | 1------- | 5------- | 1------- | 5------- | 6------- | 4------- | 1------- | 
[melody2chord:lyrics_153] Chord: 
[melody2chord:lyrics_153] | 
[melody2chord:lyrics_153] | C#1------- | B 0------- | F#0------- | B 0------- | F#0------- | G#1------- | E 0------- | B 0------- | 
[melody2chord:lyrics_153] 
[melody2chord:lyrics_153] Chord Progression
[melody2chord:lyrics_153] -Source: Niko_Kotoulas_EDM_7th_9th_Chords_9_F#-G#m-E-B_.mid
[melody2chord:lyrics_153] -Source Type: None
[melody2chord:lyrics_153] -Source Tonic: B
[melody2chord:lyrics_153] -Source Metre: 4/4
[melody2chord:lyrics_153] -Source Mode: M (M for Major and m for minor)
[melody2chord:lyrics_153] -Appeared Times: 1
[melody2chord:lyrics_153] -Appeared In Other Songs: 0
[melody2chord:lyrics_153] -Reliability: 1.0
[melody2chord:lyrics_153] -Progression Class: {'type': 'unknown', 'pattern': 'unknown', 'cycle': (1.0, 32), 'progression-style': 'edm', 'chord-style': 'classy', 'performing-style': 'unknown', 'rhythm': 'unknown', 'epic-endings': 'unknown', 'melodic': 'unknown', 'folder-id': 531, 'duplicate-id': 209, 'new_label': 'pop_complex'}
[melody2chord:lyrics_153] Numbered: 
[melody2chord:lyrics_153] | 5------- | 6------- | 4------- | 1------- | 5------- | 6------- | 4------- | 1------- | 
[melody2chord:lyrics_153] Chord: 
[melody2chord:lyrics_153] | 
[melody2chord:lyrics_153] | F#0------- | G#1------- | E 0------- | B 0------- | F#0------- | G#1------- | E 0------- | B 0------- | 
[melody2chord:lyrics_153] 
[melody2chord:lyrics_153] Total: 2
[melody2chord:lyrics_153] 
[melody2chord:lyrics_153] === Aligning chord_gen TPQ ===
[melody2chord:lyrics_153] Original melody TPQ: 480
[melody2chord:lyrics_153] Chord gen TPQ: 220
[melody2chord:lyrics_153] TPQ ratio: 2.1818
[melody2chord:lyrics_153] Converted chord_gen TPQ from 220 to 480
[melody2chord:lyrics_153] Output saved to: /data/home/fundwotsai/MIDI-SAG/generated_midi_right_key/lyrics_153/chord/chord_gen/sample01_shifted_chord_gen.mid
[melody2chord:lyrics_153] Re-quantized 62 melody notes to 1/16 beat grid
[melody2chord:lyrics_153] === Fill Empty Bars with Chords ===
[melody2chord:lyrics_153] Original melody TPQ: 480
[melody2chord:lyrics_153] Chord gen TPQ: 480
[melody2chord:lyrics_153] TPQ ratio: 1.0000
[melody2chord:lyrics_153] Chords start at tick: 7919 (bar 4.12)
[melody2chord:lyrics_153] Empty bars to fill: 4
[melody2chord:lyrics_153] Prepending 0 bars and copying 18 chord notes to cover 4 leading bars
[melody2chord:lyrics_153] 
[melody2chord:lyrics_153] === Output Summary ===
[melody2chord:lyrics_153] Output TPQ: 480
[melody2chord:lyrics_153] Melody track notes: 123
[melody2chord:lyrics_153] Chord track notes: 116
[melody2chord:lyrics_153] First chord now at tick: 0
[melody2chord:lyrics_153] Last chord at tick: 36720
[melody2chord:lyrics_153] Output saved to: /data/home/fundwotsai/MIDI-SAG/generated_midi_right_key/lyrics_153/chord/chord_gen_filled_empty/sample01_shifted_chord_gen_filled_empty_bars.mid
[melody2chord:lyrics_153] === Quantizing melody to 1/16 notes ===
[melody2chord:lyrics_153] TPQ: 480
[melody2chord:lyrics_153] Ticks per 16th note: 120.0
[melody2chord:lyrics_153] Quantized 140 notes to 1/16 note positions
[melody2chord:lyrics_153] Output saved to: /data/home/fundwotsai/MIDI-SAG/generated_midi_right_key/lyrics_153/chord/chord_gen_quantized/sample01_shifted_chord_gen_quantized.mid
[melody2chord:lyrics_153] Extracted 80 beat-level chords from 'Chords' track
[melody2chord:lyrics_153] Chord times remapped to 71 beat positions (subdivision: quarter notes)
[melody2chord:lyrics_153] ✓ Successfully processed: sample01_shifted
[melody2chord:lyrics_153]   Key: C major (confidence: 0.62)
[melody2chord:lyrics_153]   Tempo: 78.0 BPM (source: MIDI tempo)
[melody2chord:lyrics_153]   Chord Text: /data/home/fundwotsai/MIDI-SAG/generated_midi_right_key/lyrics_153/chord/chord_txt/sample01_shifted_chord_gen.txt
[melody2chord:lyrics_153]   BTC Text:   /data/home/fundwotsai/MIDI-SAG/generated_midi_right_key/lyrics_153/chord/btc_txt/sample01_shifted_chord_gen.txt
