[melody2chord:lyrics_48] /data/home/fundwotsai/MIDI-SAG/AccoMontage2/chorderator/utils/utils.py:24: UserWarning: Could not import FluidSynth, audio formats writing disabled
[melody2chord:lyrics_48]   warnings.warn('Could not import FluidSynth, audio formats writing disabled')
[melody2chord:lyrics_48] /home/fundwotsai/miniconda3/envs/midi-sag/lib/python3.9/site-packages/miditok/tokenizations/remi.py:88: UserWarning: Attribute controls are not compatible with 'config.one_token_stream_for_programs' and multi-vocabulary tokenizers. Disabling them from the config.
[melody2chord:lyrics_48]   super().__init__(tokenizer_config, params)
[melody2chord:lyrics_48] /data/home/fundwotsai/MIDI-SAG/AccoMontage2/chorderator/core.py:238: UserWarning: Meter auto set to 4/4/. Please set meter if this is not your expectation
[melody2chord:lyrics_48]   warnings.warn('Meter auto set to 4/4/. Please set meter if this is not your expectation')
[melody2chord:lyrics_48] @Chorderator 2026-04-14 12:19:41,909 - INFO - [1;30m start read progressions from dict [0m
[melody2chord:lyrics_48] @Chorderator 2026-04-14 12:19:48,422 - INFO - [1;30m read progressions done [0m
[melody2chord:lyrics_48] @Chorderator 2026-04-14 12:19:48,422 - INFO - [1;30m start read progression library from source_base.pnt [0m
[melody2chord:lyrics_48] @Chorderator 2026-04-14 12:19:54,717 - INFO - [1;30m read library done [0m
[melody2chord:lyrics_48] @Chorderator 2026-04-14 12:19:54,717 - WARNING - [1;33m Pre-processing... [0m
[melody2chord:lyrics_48] @Chorderator 2026-04-14 12:19:54,729 - WARNING - [1;33m Pre-process done! [0m
[melody2chord:lyrics_48] @Chorderator 2026-04-14 12:19:54,729 - WARNING - [1;33m Solving... [0m
[melody2chord:lyrics_48] @Chorderator 2026-04-14 12:19:54,729 - INFO - [1;30m start read progressions from rep [0m
[melody2chord:lyrics_48] @Chorderator 2026-04-14 12:19:54,762 - INFO - [1;30m read progressions done [0m
[melody2chord:lyrics_48] @Chorderator 2026-04-14 12:19:54,767 - INFO - [1;30m Melody length 3, generate progression with 63 templates [0m
[melody2chord:lyrics_48] @Chorderator 2026-04-14 12:19:54,838 - WARNING - [1;33m Solved! [0m
[melody2chord:lyrics_48] @Chorderator 2026-04-14 12:19:54,838 - WARNING - [1;33m Post-processing... [0m
[melody2chord:lyrics_48] @Chorderator 2026-04-14 12:19:54,844 - WARNING - [1;33m Post-process done! [0m
[melody2chord:lyrics_48] @Chorderator 2026-04-14 12:19:54,844 - WARNING - [1;33m Generating textures... [0m
[melody2chord:lyrics_48] @Chorderator 2026-04-14 12:19:54,845 - WARNING - [1;33m All process finished! [0m
[melody2chord:lyrics_48] 
[melody2chord:lyrics_48] === Processing: sample01_shifted ===
[melody2chord:lyrics_48] Output will be saved to: /data/home/fundwotsai/MIDI-SAG/generated_midi_right_key/lyrics_48/chord/
[melody2chord:lyrics_48] beat_file_path: None
[melody2chord:lyrics_48] Tempo from MIDI: 78.0 BPM (no beat file — skipping warp step)
[melody2chord:lyrics_48] processed_melody_path: /data/home/fundwotsai/MIDI-SAG/generated_midi_right_key/lyrics_48/chord/processed_melody/sample01_shifted.mid
[melody2chord:lyrics_48] Detected key: Eb major (confidence: 0.71, Bellman-Budge)
[melody2chord:lyrics_48] Content bars: 17 -> Segmentation: A8B8A4 (total: 20)
[melody2chord:lyrics_48] Chorderator bars: 20 -> Segmentation: A8B8A4 (total: 20)
[melody2chord:lyrics_48] auto_config: {'note_shift': 66, 'segmentation': 'A8B8A4', 'analysis': {'total_bars': 22, 'empty_bars': 4, 'content_bars': 17, 'note_shift': 66, 'segmentation': 'A8B8A4', 'first_note_bar': 4.125, 'last_note_bar': 21.3125, 'chorderator_bars': {'max_end_positions': 275, 'fixed_end_positions': 320, 'fixed_end_bars': 20, 'tempo': 77.99997660000703, 'unit': 0.19230774999999997}}}
[melody2chord:lyrics_48] tempo for CDT: 78.0 BPM
[melody2chord:lyrics_48] max_end: 275.0
[melody2chord:lyrics_48] fixed_end: 320
[melody2chord:lyrics_48] 320
[melody2chord:lyrics_48] {'tonic': 'Eb', 'mode': 'maj', 'tempo': 77.99997660000702, 'meter': '4/4', 'pos': ['x', 'x', 'x'], 'unit': 0.19230775}
[melody2chord:lyrics_48] Phrase length: 128 positions = 8 bars
[melody2chord:lyrics_48] Phrase length: 128 positions = 8 bars
[melody2chord:lyrics_48] Phrase length: 64 positions = 4 bars
[melody2chord:lyrics_48] [128, 128, 64]
[melody2chord:lyrics_48] Chord Progression
[melody2chord:lyrics_48] -Source: Niko_Kotoulas_Pop_7th_9th_Chords_6_B-E-F#-B_.mid
[melody2chord:lyrics_48] -Source Type: None
[melody2chord:lyrics_48] -Source Tonic: B
[melody2chord:lyrics_48] -Source Metre: 4/4
[melody2chord:lyrics_48] -Source Mode: M (M for Major and m for minor)
[melody2chord:lyrics_48] -Appeared Times: 1
[melody2chord:lyrics_48] -Appeared In Other Songs: 0
[melody2chord:lyrics_48] -Reliability: 1.0
[melody2chord:lyrics_48] -Progression Class: {'type': 'unknown', 'pattern': 'unknown', 'cycle': (1.0, 32), 'progression-style': 'pop', 'chord-style': 'classy', 'performing-style': 'unknown', 'rhythm': 'unknown', 'epic-endings': 'unknown', 'melodic': 'unknown', 'folder-id': 528, 'duplicate-id': 157, 'new_label': 'pop_complex'}
[melody2chord:lyrics_48] Numbered: 
[melody2chord:lyrics_48] | 1------- | 4------- | 5------- | 1------- | 1------- | 4------- | 5------- | 1------- | 
[melody2chord:lyrics_48] Chord: 
[melody2chord:lyrics_48] | 
[melody2chord:lyrics_48] | B 0------- | E 0------- | F#0------- | B 0------- | B 0------- | E 0------- | F#0------- | B 0------- | 
[melody2chord:lyrics_48] 
[melody2chord:lyrics_48] Chord Progression
[melody2chord:lyrics_48] -Source: Niko_Kotoulas_EDM_7th_9th_Chords_9_F#-G#m-E-B_.mid
[melody2chord:lyrics_48] -Source Type: None
[melody2chord:lyrics_48] -Source Tonic: B
[melody2chord:lyrics_48] -Source Metre: 4/4
[melody2chord:lyrics_48] -Source Mode: M (M for Major and m for minor)
[melody2chord:lyrics_48] -Appeared Times: 1
[melody2chord:lyrics_48] -Appeared In Other Songs: 0
[melody2chord:lyrics_48] -Reliability: 1.0
[melody2chord:lyrics_48] -Progression Class: {'type': 'unknown', 'pattern': 'unknown', 'cycle': (1.0, 32), 'progression-style': 'edm', 'chord-style': 'classy', 'performing-style': 'unknown', 'rhythm': 'unknown', 'epic-endings': 'unknown', 'melodic': 'unknown', 'folder-id': 531, 'duplicate-id': 209, 'new_label': 'pop_complex'}
[melody2chord:lyrics_48] Numbered: 
[melody2chord:lyrics_48] | 5------- | 6------- | 4------- | 1------- | 5------- | 6------- | 4------- | 1------- | 
[melody2chord:lyrics_48] Chord: 
[melody2chord:lyrics_48] | 
[melody2chord:lyrics_48] | F#0------- | G#1------- | E 0------- | B 0------- | F#0------- | G#1------- | E 0------- | B 0------- | 
[melody2chord:lyrics_48] 
[melody2chord:lyrics_48] Chord Progression
[melody2chord:lyrics_48] -Source: Niko_Kotoulas_ChordProg_1_G#m-F#-B-E (vi-V-I-IV).mid
[melody2chord:lyrics_48] -Source Type: None
[melody2chord:lyrics_48] -Source Tonic: B
[melody2chord:lyrics_48] -Source Metre: 4/4
[melody2chord:lyrics_48] -Source Mode: M (M for Major and m for minor)
[melody2chord:lyrics_48] -Appeared Times: 1
[melody2chord:lyrics_48] -Appeared In Other Songs: 0
[melody2chord:lyrics_48] -Reliability: 0.9
[melody2chord:lyrics_48] -Progression Class: {'type': 'unknown', 'pattern': 'vi-V-I-IV', 'cycle': (-0.09078412990032035, 8), 'progression-style': 'unknown', 'chord-style': 'unknown', 'performing-style': 'unknown', 'rhythm': 'unknown', 'epic-endings': 'unknown', 'melodic': 'unknown', 'folder-id': 506, 'duplicate-id': 139, 'new_label': 'unknown'}
[melody2chord:lyrics_48] Numbered: 
[melody2chord:lyrics_48] | 6------- | 5------- | 1------- | 4------- | 
[melody2chord:lyrics_48] Chord: 
[melody2chord:lyrics_48] | G#1------- | F#0------- | B 0------- | E 0------- | 
[melody2chord:lyrics_48] 
[melody2chord:lyrics_48] Total: 3
[melody2chord:lyrics_48] 
[melody2chord:lyrics_48] === Aligning chord_gen TPQ ===
[melody2chord:lyrics_48] Original melody TPQ: 480
[melody2chord:lyrics_48] Chord gen TPQ: 220
[melody2chord:lyrics_48] TPQ ratio: 2.1818
[melody2chord:lyrics_48] Converted chord_gen TPQ from 220 to 480
[melody2chord:lyrics_48] Output saved to: /data/home/fundwotsai/MIDI-SAG/generated_midi_right_key/lyrics_48/chord/chord_gen/sample01_shifted_chord_gen.mid
[melody2chord:lyrics_48] Re-quantized 49 melody notes to 1/16 beat grid
[melody2chord:lyrics_48] === Fill Empty Bars with Chords ===
[melody2chord:lyrics_48] Original melody TPQ: 480
[melody2chord:lyrics_48] Chord gen TPQ: 480
[melody2chord:lyrics_48] TPQ ratio: 1.0000
[melody2chord:lyrics_48] Chords start at tick: 7919 (bar 4.12)
[melody2chord:lyrics_48] Empty bars to fill: 4
[melody2chord:lyrics_48] Prepending 0 bars and copying 24 chord notes to cover 4 leading bars
[melody2chord:lyrics_48] 
[melody2chord:lyrics_48] === Output Summary ===
[melody2chord:lyrics_48] Output TPQ: 480
[melody2chord:lyrics_48] Melody track notes: 124
[melody2chord:lyrics_48] Chord track notes: 162
[melody2chord:lyrics_48] First chord now at tick: 0
[melody2chord:lyrics_48] Last chord at tick: 44400
[melody2chord:lyrics_48] Output saved to: /data/home/fundwotsai/MIDI-SAG/generated_midi_right_key/lyrics_48/chord/chord_gen_filled_empty/sample01_shifted_chord_gen_filled_empty_bars.mid
[melody2chord:lyrics_48] === Quantizing melody to 1/16 notes ===
[melody2chord:lyrics_48] TPQ: 480
[melody2chord:lyrics_48] Ticks per 16th note: 120.0
[melody2chord:lyrics_48] Quantized 147 notes to 1/16 note positions
[melody2chord:lyrics_48] Output saved to: /data/home/fundwotsai/MIDI-SAG/generated_midi_right_key/lyrics_48/chord/chord_gen_quantized/sample01_shifted_chord_gen_quantized.mid
[melody2chord:lyrics_48] Extracted 96 beat-level chords from 'Chords' track
[melody2chord:lyrics_48] Chord times remapped to 87 beat positions (subdivision: quarter notes)
[melody2chord:lyrics_48] ✓ Successfully processed: sample01_shifted
[melody2chord:lyrics_48]   Key: Eb major (confidence: 0.71)
[melody2chord:lyrics_48]   Tempo: 78.0 BPM (source: MIDI tempo)
[melody2chord:lyrics_48]   Chord Text: /data/home/fundwotsai/MIDI-SAG/generated_midi_right_key/lyrics_48/chord/chord_txt/sample01_shifted_chord_gen.txt
[melody2chord:lyrics_48]   BTC Text:   /data/home/fundwotsai/MIDI-SAG/generated_midi_right_key/lyrics_48/chord/btc_txt/sample01_shifted_chord_gen.txt
