[melody2chord:lyrics_179] /data/home/fundwotsai/MIDI-SAG/AccoMontage2/chorderator/utils/utils.py:24: UserWarning: Could not import FluidSynth, audio formats writing disabled
[melody2chord:lyrics_179]   warnings.warn('Could not import FluidSynth, audio formats writing disabled')
[melody2chord:lyrics_179] /home/fundwotsai/miniconda3/envs/midi-sag/lib/python3.9/site-packages/miditok/tokenizations/remi.py:88: UserWarning: Attribute controls are not compatible with 'config.one_token_stream_for_programs' and multi-vocabulary tokenizers. Disabling them from the config.
[melody2chord:lyrics_179]   super().__init__(tokenizer_config, params)
[melody2chord:lyrics_179] /data/home/fundwotsai/MIDI-SAG/AccoMontage2/chorderator/core.py:238: UserWarning: Meter auto set to 4/4/. Please set meter if this is not your expectation
[melody2chord:lyrics_179]   warnings.warn('Meter auto set to 4/4/. Please set meter if this is not your expectation')
[melody2chord:lyrics_179] @Chorderator 2026-04-14 11:54:29,386 - INFO - [1;30m start read progressions from dict [0m
[melody2chord:lyrics_179] @Chorderator 2026-04-14 11:54:35,929 - INFO - [1;30m read progressions done [0m
[melody2chord:lyrics_179] @Chorderator 2026-04-14 11:54:35,930 - INFO - [1;30m start read progression library from source_base.pnt [0m
[melody2chord:lyrics_179] @Chorderator 2026-04-14 11:54:42,395 - INFO - [1;30m read library done [0m
[melody2chord:lyrics_179] @Chorderator 2026-04-14 11:54:42,395 - WARNING - [1;33m Pre-processing... [0m
[melody2chord:lyrics_179] @Chorderator 2026-04-14 11:54:42,405 - WARNING - [1;33m Pre-process done! [0m
[melody2chord:lyrics_179] @Chorderator 2026-04-14 11:54:42,405 - WARNING - [1;33m Solving... [0m
[melody2chord:lyrics_179] @Chorderator 2026-04-14 11:54:42,405 - INFO - [1;30m start read progressions from rep [0m
[melody2chord:lyrics_179] @Chorderator 2026-04-14 11:54:42,437 - INFO - [1;30m read progressions done [0m
[melody2chord:lyrics_179] @Chorderator 2026-04-14 11:54:42,442 - INFO - [1;30m Melody length 2, generate progression with 122 templates [0m
[melody2chord:lyrics_179] @Chorderator 2026-04-14 11:54:42,513 - WARNING - [1;33m Solved! [0m
[melody2chord:lyrics_179] @Chorderator 2026-04-14 11:54:42,513 - WARNING - [1;33m Post-processing... [0m
[melody2chord:lyrics_179] @Chorderator 2026-04-14 11:54:42,517 - WARNING - [1;33m Post-process done! [0m
[melody2chord:lyrics_179] @Chorderator 2026-04-14 11:54:42,517 - WARNING - [1;33m Generating textures... [0m
[melody2chord:lyrics_179] @Chorderator 2026-04-14 11:54:42,518 - WARNING - [1;33m All process finished! [0m
[melody2chord:lyrics_179] 
[melody2chord:lyrics_179] === Processing: sample01_shifted ===
[melody2chord:lyrics_179] Output will be saved to: /data/home/fundwotsai/MIDI-SAG/generated_midi_right_key/lyrics_179/chord/
[melody2chord:lyrics_179] beat_file_path: None
[melody2chord:lyrics_179] Tempo from MIDI: 78.0 BPM (no beat file — skipping warp step)
[melody2chord:lyrics_179] processed_melody_path: /data/home/fundwotsai/MIDI-SAG/generated_midi_right_key/lyrics_179/chord/processed_melody/sample01_shifted.mid
[melody2chord:lyrics_179] Detected key: F minor (confidence: 0.59, Bellman-Budge)
[melody2chord:lyrics_179] Content bars: 16 -> Segmentation: A8B8 (total: 16)
[melody2chord:lyrics_179] Chorderator bars: 16 -> Segmentation: A8B8 (total: 16)
[melody2chord:lyrics_179] auto_config: {'note_shift': 67, 'segmentation': 'A8B8', 'analysis': {'total_bars': 21, 'empty_bars': 4, 'content_bars': 16, 'note_shift': 67, 'segmentation': 'A8B8', 'first_note_bar': 4.1875, 'last_note_bar': 20.5, 'chorderator_bars': {'max_end_positions': 261, 'fixed_end_positions': 256, 'fixed_end_bars': 16, 'tempo': 77.99997660000703, 'unit': 0.19230774999999997}}}
[melody2chord:lyrics_179] tempo for CDT: 78.0 BPM
[melody2chord:lyrics_179] max_end: 261.0
[melody2chord:lyrics_179] fixed_end: 256
[melody2chord:lyrics_179] 256
[melody2chord:lyrics_179] {'tonic': 'F', 'mode': 'min', 'tempo': 77.99997660000702, 'meter': '4/4', 'pos': ['x', 'x'], 'unit': 0.19230775}
[melody2chord:lyrics_179] Phrase length: 128 positions = 8 bars
[melody2chord:lyrics_179] Phrase length: 128 positions = 8 bars
[melody2chord:lyrics_179] [128, 128]
[melody2chord:lyrics_179] Chord Progression
[melody2chord:lyrics_179] -Source: Niko_Kotoulas_EDM_7th_9th_Chords_15_G#m-F#-E-F#-G#m-F#-E-C#m_.mid
[melody2chord:lyrics_179] -Source Type: None
[melody2chord:lyrics_179] -Source Tonic: G#
[melody2chord:lyrics_179] -Source Metre: 4/4
[melody2chord:lyrics_179] -Source Mode: m (M for Major and m for minor)
[melody2chord:lyrics_179] -Appeared Times: 1
[melody2chord:lyrics_179] -Appeared In Other Songs: 0
[melody2chord:lyrics_179] -Reliability: 1.0
[melody2chord:lyrics_179] -Progression Class: {'type': 'unknown', 'pattern': 'unknown', 'cycle': (0.8553372034476998, 32), 'progression-style': 'edm', 'chord-style': 'classy', 'performing-style': 'unknown', 'rhythm': 'unknown', 'epic-endings': 'unknown', 'melodic': 'unknown', 'folder-id': 531, 'duplicate-id': 214, 'new_label': 'pop_complex'}
[melody2chord:lyrics_179] Numbered: 
[melody2chord:lyrics_179] | 1------- | 7------- | 6------- | 7------- | 1------- | 7------- | 6------- | 4------- | 
[melody2chord:lyrics_179] Chord: 
[melody2chord:lyrics_179] | 
[melody2chord:lyrics_179] | G#1------- | F#0------- | E 0------- | F#0------- | G#1------- | F#0------- | E 0------- | C#1------- | 
[melody2chord:lyrics_179] 
[melody2chord:lyrics_179] Chord Progression
[melody2chord:lyrics_179] -Source: Niko_Kotoulas_Dark_Chords_14_Em9-Cdim7-Bm7-Em9-Bm7-Ddim-Em9-B7-Ddim-Ddim-Em9_.mid
[melody2chord:lyrics_179] -Source Type: None
[melody2chord:lyrics_179] -Source Tonic: E
[melody2chord:lyrics_179] -Source Metre: 4/4
[melody2chord:lyrics_179] -Source Mode: m (M for Major and m for minor)
[melody2chord:lyrics_179] -Appeared Times: 1
[melody2chord:lyrics_179] -Appeared In Other Songs: 0
[melody2chord:lyrics_179] -Reliability: 1.0
[melody2chord:lyrics_179] -Progression Class: {'type': 'unknown', 'pattern': 'unknown', 'cycle': (0.22202762840223098, 16), 'progression-style': 'dark', 'chord-style': 'unknown', 'performing-style': 'unknown', 'rhythm': 'unknown', 'epic-endings': 'unknown', 'melodic': 'unknown', 'folder-id': 4832, 'duplicate-id': 403, 'new_label': 'dark'}
[melody2chord:lyrics_179] Numbered: 
[melody2chord:lyrics_179] | 1------- | 6---5--- | 1------- | 5---7--- | 1------- | 5------- | 7------- | 1------- | 
[melody2chord:lyrics_179] Chord: 
[melody2chord:lyrics_179] | 
[melody2chord:lyrics_179] | E 5------- | C 3---B 5--- | E 5------- | B 5---D 3--- | E 5------- | B 6------- | D 3------- | E 5------- | 
[melody2chord:lyrics_179] 
[melody2chord:lyrics_179] Total: 2
[melody2chord:lyrics_179] 
[melody2chord:lyrics_179] === Aligning chord_gen TPQ ===
[melody2chord:lyrics_179] Original melody TPQ: 480
[melody2chord:lyrics_179] Chord gen TPQ: 220
[melody2chord:lyrics_179] TPQ ratio: 2.1818
[melody2chord:lyrics_179] Converted chord_gen TPQ from 220 to 480
[melody2chord:lyrics_179] Output saved to: /data/home/fundwotsai/MIDI-SAG/generated_midi_right_key/lyrics_179/chord/chord_gen/sample01_shifted_chord_gen.mid
[melody2chord:lyrics_179] Re-quantized 67 melody notes to 1/16 beat grid
[melody2chord:lyrics_179] === Fill Empty Bars with Chords ===
[melody2chord:lyrics_179] Original melody TPQ: 480
[melody2chord:lyrics_179] Chord gen TPQ: 480
[melody2chord:lyrics_179] TPQ ratio: 1.0000
[melody2chord:lyrics_179] Chords start at tick: 8039 (bar 4.19)
[melody2chord:lyrics_179] Empty bars to fill: 4
[melody2chord:lyrics_179] Prepending 0 bars and copying 21 chord notes to cover 4 leading bars
[melody2chord:lyrics_179] 
[melody2chord:lyrics_179] === Output Summary ===
[melody2chord:lyrics_179] Output TPQ: 480
[melody2chord:lyrics_179] Melody track notes: 123
[melody2chord:lyrics_179] Chord track notes: 140
[melody2chord:lyrics_179] First chord now at tick: 0
[melody2chord:lyrics_179] Last chord at tick: 36840
[melody2chord:lyrics_179] Output saved to: /data/home/fundwotsai/MIDI-SAG/generated_midi_right_key/lyrics_179/chord/chord_gen_filled_empty/sample01_shifted_chord_gen_filled_empty_bars.mid
[melody2chord:lyrics_179] === Quantizing melody to 1/16 notes ===
[melody2chord:lyrics_179] TPQ: 480
[melody2chord:lyrics_179] Ticks per 16th note: 120.0
[melody2chord:lyrics_179] Quantized 140 notes to 1/16 note positions
[melody2chord:lyrics_179] Output saved to: /data/home/fundwotsai/MIDI-SAG/generated_midi_right_key/lyrics_179/chord/chord_gen_quantized/sample01_shifted_chord_gen_quantized.mid
[melody2chord:lyrics_179] Extracted 81 beat-level chords from 'Chords' track
[melody2chord:lyrics_179] Chord times remapped to 84 beat positions (subdivision: quarter notes)
[melody2chord:lyrics_179] Filled 1 None chords
[melody2chord:lyrics_179] ✓ Successfully processed: sample01_shifted
[melody2chord:lyrics_179]   Key: F minor (confidence: 0.59)
[melody2chord:lyrics_179]   Tempo: 78.0 BPM (source: MIDI tempo)
[melody2chord:lyrics_179]   Chord Text: /data/home/fundwotsai/MIDI-SAG/generated_midi_right_key/lyrics_179/chord/chord_txt/sample01_shifted_chord_gen.txt
[melody2chord:lyrics_179]   BTC Text:   /data/home/fundwotsai/MIDI-SAG/generated_midi_right_key/lyrics_179/chord/btc_txt/sample01_shifted_chord_gen.txt
