[melody2chord:lyrics_175] /data/home/fundwotsai/MIDI-SAG/AccoMontage2/chorderator/utils/utils.py:24: UserWarning: Could not import FluidSynth, audio formats writing disabled
[melody2chord:lyrics_175]   warnings.warn('Could not import FluidSynth, audio formats writing disabled')
[melody2chord:lyrics_175] /home/fundwotsai/miniconda3/envs/midi-sag/lib/python3.9/site-packages/miditok/tokenizations/remi.py:88: UserWarning: Attribute controls are not compatible with 'config.one_token_stream_for_programs' and multi-vocabulary tokenizers. Disabling them from the config.
[melody2chord:lyrics_175]   super().__init__(tokenizer_config, params)
[melody2chord:lyrics_175] /data/home/fundwotsai/MIDI-SAG/AccoMontage2/chorderator/core.py:238: UserWarning: Meter auto set to 4/4/. Please set meter if this is not your expectation
[melody2chord:lyrics_175]   warnings.warn('Meter auto set to 4/4/. Please set meter if this is not your expectation')
[melody2chord:lyrics_175] @Chorderator 2026-04-14 11:52:54,465 - INFO - [1;30m start read progressions from dict [0m
[melody2chord:lyrics_175] @Chorderator 2026-04-14 11:53:00,962 - INFO - [1;30m read progressions done [0m
[melody2chord:lyrics_175] @Chorderator 2026-04-14 11:53:00,963 - INFO - [1;30m start read progression library from source_base.pnt [0m
[melody2chord:lyrics_175] @Chorderator 2026-04-14 11:53:07,267 - INFO - [1;30m read library done [0m
[melody2chord:lyrics_175] @Chorderator 2026-04-14 11:53:07,267 - WARNING - [1;33m Pre-processing... [0m
[melody2chord:lyrics_175] @Chorderator 2026-04-14 11:53:07,277 - WARNING - [1;33m Pre-process done! [0m
[melody2chord:lyrics_175] @Chorderator 2026-04-14 11:53:07,277 - WARNING - [1;33m Solving... [0m
[melody2chord:lyrics_175] @Chorderator 2026-04-14 11:53:07,277 - INFO - [1;30m start read progressions from rep [0m
[melody2chord:lyrics_175] @Chorderator 2026-04-14 11:53:07,309 - INFO - [1;30m read progressions done [0m
[melody2chord:lyrics_175] @Chorderator 2026-04-14 11:53:07,314 - INFO - [1;30m Melody length 2, generate progression with 122 templates [0m
[melody2chord:lyrics_175] @Chorderator 2026-04-14 11:53:07,386 - WARNING - [1;33m Solved! [0m
[melody2chord:lyrics_175] @Chorderator 2026-04-14 11:53:07,386 - WARNING - [1;33m Post-processing... [0m
[melody2chord:lyrics_175] @Chorderator 2026-04-14 11:53:07,390 - WARNING - [1;33m Post-process done! [0m
[melody2chord:lyrics_175] @Chorderator 2026-04-14 11:53:07,390 - WARNING - [1;33m Generating textures... [0m
[melody2chord:lyrics_175] @Chorderator 2026-04-14 11:53:07,391 - WARNING - [1;33m All process finished! [0m
[melody2chord:lyrics_175] 
[melody2chord:lyrics_175] === Processing: sample01_shifted ===
[melody2chord:lyrics_175] Output will be saved to: /data/home/fundwotsai/MIDI-SAG/generated_midi_right_key/lyrics_175/chord/
[melody2chord:lyrics_175] beat_file_path: None
[melody2chord:lyrics_175] Tempo from MIDI: 78.0 BPM (no beat file — skipping warp step)
[melody2chord:lyrics_175] processed_melody_path: /data/home/fundwotsai/MIDI-SAG/generated_midi_right_key/lyrics_175/chord/processed_melody/sample01_shifted.mid
[melody2chord:lyrics_175] Detected key: A minor (confidence: 0.56, Bellman-Budge)
[melody2chord:lyrics_175] Content bars: 13 -> Segmentation: A8B8 (total: 16)
[melody2chord:lyrics_175] Chorderator bars: 16 -> Segmentation: A8B8 (total: 16)
[melody2chord:lyrics_175] auto_config: {'note_shift': 64, 'segmentation': 'A8B8', 'analysis': {'total_bars': 18, 'empty_bars': 4, 'content_bars': 13, 'note_shift': 64, 'segmentation': 'A8B8', 'first_note_bar': 4.0, 'last_note_bar': 17.25, 'chorderator_bars': {'max_end_positions': 212, 'fixed_end_positions': 256, 'fixed_end_bars': 16, 'tempo': 77.99997660000703, 'unit': 0.19230774999999997}}}
[melody2chord:lyrics_175] tempo for CDT: 78.0 BPM
[melody2chord:lyrics_175] max_end: 212.0
[melody2chord:lyrics_175] fixed_end: 256
[melody2chord:lyrics_175] 256
[melody2chord:lyrics_175] {'tonic': 'A', 'mode': 'min', 'tempo': 77.99997660000702, 'meter': '4/4', 'pos': ['x', 'x'], 'unit': 0.19230775}
[melody2chord:lyrics_175] Phrase length: 128 positions = 8 bars
[melody2chord:lyrics_175] Phrase length: 128 positions = 8 bars
[melody2chord:lyrics_175] [128, 128]
[melody2chord:lyrics_175] Chord Progression
[melody2chord:lyrics_175] -Source: Niko_Kotoulas_Dark_Chords_3_C#m-G#m-C#m-G#m-C#m6-G#m-C#_.mid
[melody2chord:lyrics_175] -Source Type: None
[melody2chord:lyrics_175] -Source Tonic: G#
[melody2chord:lyrics_175] -Source Metre: 4/4
[melody2chord:lyrics_175] -Source Mode: m (M for Major and m for minor)
[melody2chord:lyrics_175] -Appeared Times: 1
[melody2chord:lyrics_175] -Appeared In Other Songs: 0
[melody2chord:lyrics_175] -Reliability: 1.0
[melody2chord:lyrics_175] -Progression Class: {'type': 'unknown', 'pattern': 'unknown', 'cycle': (0.7071067811865475, 16), 'progression-style': 'dark', 'chord-style': 'unknown', 'performing-style': 'unknown', 'rhythm': 'unknown', 'epic-endings': 'unknown', 'melodic': 'unknown', 'folder-id': 536, 'duplicate-id': 303, 'new_label': 'dark'}
[melody2chord:lyrics_175] Numbered: 
[melody2chord:lyrics_175] | 4------- | 1------- | 4------- | 1------- | 4------- | 1------- | 4------- | 4------- | 
[melody2chord:lyrics_175] Chord: 
[melody2chord:lyrics_175] | 
[melody2chord:lyrics_175] | C#1------- | G#1------- | C#1------- | G#1------- | C#1------- | G#1------- | C#0------- | C#0------- | 
[melody2chord:lyrics_175] 
[melody2chord:lyrics_175] Chord Progression
[melody2chord:lyrics_175] -Source: Niko_Kotoulas_Dark_Chords_14_Cm9-Cdim7-Gm7-Cm9-Gm7-Ddim-Cm9-G7-Ddim-Ddim-Cm9_.mid
[melody2chord:lyrics_175] -Source Type: None
[melody2chord:lyrics_175] -Source Tonic: C
[melody2chord:lyrics_175] -Source Metre: 4/4
[melody2chord:lyrics_175] -Source Mode: m (M for Major and m for minor)
[melody2chord:lyrics_175] -Appeared Times: 1
[melody2chord:lyrics_175] -Appeared In Other Songs: 0
[melody2chord:lyrics_175] -Reliability: 1.0
[melody2chord:lyrics_175] -Progression Class: {'type': 'unknown', 'pattern': 'unknown', 'cycle': (0.2333756455116173, 32), 'progression-style': 'dark', 'chord-style': 'unknown', 'performing-style': 'unknown', 'rhythm': 'unknown', 'epic-endings': 'unknown', 'melodic': 'unknown', 'folder-id': 3758, 'duplicate-id': 381, 'new_label': 'dark'}
[melody2chord:lyrics_175] Numbered: 
[melody2chord:lyrics_175] | 1------- | 1---5--- | 1------- | 5---2--- | 1------- | 5------- | 2------- | 1------- | 
[melody2chord:lyrics_175] Chord: 
[melody2chord:lyrics_175] | 
[melody2chord:lyrics_175] | C 5------- | C 3---G 5--- | C 5------- | G 5---D 3--- | C 5------- | G 6------- | D 3------- | C 5------- | 
[melody2chord:lyrics_175] 
[melody2chord:lyrics_175] Total: 2
[melody2chord:lyrics_175] 
[melody2chord:lyrics_175] === Aligning chord_gen TPQ ===
[melody2chord:lyrics_175] Original melody TPQ: 480
[melody2chord:lyrics_175] Chord gen TPQ: 220
[melody2chord:lyrics_175] TPQ ratio: 2.1818
[melody2chord:lyrics_175] Converted chord_gen TPQ from 220 to 480
[melody2chord:lyrics_175] Output saved to: /data/home/fundwotsai/MIDI-SAG/generated_midi_right_key/lyrics_175/chord/chord_gen/sample01_shifted_chord_gen.mid
[melody2chord:lyrics_175] Re-quantized 60 melody notes to 1/16 beat grid
[melody2chord:lyrics_175] === Fill Empty Bars with Chords ===
[melody2chord:lyrics_175] Original melody TPQ: 480
[melody2chord:lyrics_175] Chord gen TPQ: 480
[melody2chord:lyrics_175] TPQ ratio: 1.0000
[melody2chord:lyrics_175] Chords start at tick: 7679 (bar 4.00)
[melody2chord:lyrics_175] Empty bars to fill: 4
[melody2chord:lyrics_175] Prepending 1 bars and copying 16 chord notes to cover 4 leading bars
[melody2chord:lyrics_175] 
[melody2chord:lyrics_175] === Output Summary ===
[melody2chord:lyrics_175] Output TPQ: 480
[melody2chord:lyrics_175] Melody track notes: 120
[melody2chord:lyrics_175] Chord track notes: 122
[melody2chord:lyrics_175] First chord now at tick: 0
[melody2chord:lyrics_175] Last chord at tick: 38400
[melody2chord:lyrics_175] Output saved to: /data/home/fundwotsai/MIDI-SAG/generated_midi_right_key/lyrics_175/chord/chord_gen_filled_empty/sample01_shifted_chord_gen_filled_empty_bars.mid
[melody2chord:lyrics_175] === Quantizing melody to 1/16 notes ===
[melody2chord:lyrics_175] TPQ: 480
[melody2chord:lyrics_175] Ticks per 16th note: 120.0
[melody2chord:lyrics_175] Quantized 139 notes to 1/16 note positions
[melody2chord:lyrics_175] Output saved to: /data/home/fundwotsai/MIDI-SAG/generated_midi_right_key/lyrics_175/chord/chord_gen_quantized/sample01_shifted_chord_gen_quantized.mid
[melody2chord:lyrics_175] Extracted 84 beat-level chords from 'Chords' track
[melody2chord:lyrics_175] Chord times remapped to 71 beat positions (subdivision: quarter notes)
[melody2chord:lyrics_175] Filled 4 None chords
[melody2chord:lyrics_175] ✓ Successfully processed: sample01_shifted
[melody2chord:lyrics_175]   Key: A minor (confidence: 0.56)
[melody2chord:lyrics_175]   Tempo: 78.0 BPM (source: MIDI tempo)
[melody2chord:lyrics_175]   Chord Text: /data/home/fundwotsai/MIDI-SAG/generated_midi_right_key/lyrics_175/chord/chord_txt/sample01_shifted_chord_gen.txt
[melody2chord:lyrics_175]   BTC Text:   /data/home/fundwotsai/MIDI-SAG/generated_midi_right_key/lyrics_175/chord/btc_txt/sample01_shifted_chord_gen.txt
