[melody2chord:lyrics_169] /data/home/fundwotsai/MIDI-SAG/AccoMontage2/chorderator/utils/utils.py:24: UserWarning: Could not import FluidSynth, audio formats writing disabled
[melody2chord:lyrics_169]   warnings.warn('Could not import FluidSynth, audio formats writing disabled')
[melody2chord:lyrics_169] /home/fundwotsai/miniconda3/envs/midi-sag/lib/python3.9/site-packages/miditok/tokenizations/remi.py:88: UserWarning: Attribute controls are not compatible with 'config.one_token_stream_for_programs' and multi-vocabulary tokenizers. Disabling them from the config.
[melody2chord:lyrics_169]   super().__init__(tokenizer_config, params)
[melody2chord:lyrics_169] /data/home/fundwotsai/MIDI-SAG/AccoMontage2/chorderator/core.py:238: UserWarning: Meter auto set to 4/4/. Please set meter if this is not your expectation
[melody2chord:lyrics_169]   warnings.warn('Meter auto set to 4/4/. Please set meter if this is not your expectation')
[melody2chord:lyrics_169] @Chorderator 2026-04-14 11:50:06,222 - INFO - [1;30m start read progressions from dict [0m
[melody2chord:lyrics_169] @Chorderator 2026-04-14 11:50:12,802 - INFO - [1;30m read progressions done [0m
[melody2chord:lyrics_169] @Chorderator 2026-04-14 11:50:12,802 - INFO - [1;30m start read progression library from source_base.pnt [0m
[melody2chord:lyrics_169] @Chorderator 2026-04-14 11:50:19,092 - INFO - [1;30m read library done [0m
[melody2chord:lyrics_169] @Chorderator 2026-04-14 11:50:19,093 - WARNING - [1;33m Pre-processing... [0m
[melody2chord:lyrics_169] @Chorderator 2026-04-14 11:50:19,102 - WARNING - [1;33m Pre-process done! [0m
[melody2chord:lyrics_169] @Chorderator 2026-04-14 11:50:19,102 - WARNING - [1;33m Solving... [0m
[melody2chord:lyrics_169] @Chorderator 2026-04-14 11:50:19,102 - INFO - [1;30m start read progressions from rep [0m
[melody2chord:lyrics_169] @Chorderator 2026-04-14 11:50:19,135 - INFO - [1;30m read progressions done [0m
[melody2chord:lyrics_169] @Chorderator 2026-04-14 11:50:19,139 - INFO - [1;30m Melody length 2, generate progression with 63 templates [0m
[melody2chord:lyrics_169] @Chorderator 2026-04-14 11:50:19,188 - WARNING - [1;33m Solved! [0m
[melody2chord:lyrics_169] @Chorderator 2026-04-14 11:50:19,189 - WARNING - [1;33m Post-processing... [0m
[melody2chord:lyrics_169] @Chorderator 2026-04-14 11:50:19,192 - WARNING - [1;33m Post-process done! [0m
[melody2chord:lyrics_169] @Chorderator 2026-04-14 11:50:19,192 - WARNING - [1;33m Generating textures... [0m
[melody2chord:lyrics_169] @Chorderator 2026-04-14 11:50:19,193 - WARNING - [1;33m All process finished! [0m
[melody2chord:lyrics_169] 
[melody2chord:lyrics_169] === Processing: sample01_shifted ===
[melody2chord:lyrics_169] Output will be saved to: /data/home/fundwotsai/MIDI-SAG/generated_midi_right_key/lyrics_169/chord/
[melody2chord:lyrics_169] beat_file_path: None
[melody2chord:lyrics_169] Tempo from MIDI: 78.0 BPM (no beat file — skipping warp step)
[melody2chord:lyrics_169] processed_melody_path: /data/home/fundwotsai/MIDI-SAG/generated_midi_right_key/lyrics_169/chord/processed_melody/sample01_shifted.mid
[melody2chord:lyrics_169] Detected key: Eb major (confidence: 0.47, Bellman-Budge)
[melody2chord:lyrics_169] Content bars: 15 -> Segmentation: A8B8 (total: 16)
[melody2chord:lyrics_169] Chorderator bars: 16 -> Segmentation: A8B8 (total: 16)
[melody2chord:lyrics_169] auto_config: {'note_shift': 79, 'segmentation': 'A8B8', 'analysis': {'total_bars': 20, 'empty_bars': 4, 'content_bars': 15, 'note_shift': 79, 'segmentation': 'A8B8', 'first_note_bar': 4.9375, 'last_note_bar': 19.875, 'chorderator_bars': {'max_end_positions': 239, 'fixed_end_positions': 256, 'fixed_end_bars': 16, 'tempo': 77.99997660000703, 'unit': 0.19230774999999997}}}
[melody2chord:lyrics_169] tempo for CDT: 78.0 BPM
[melody2chord:lyrics_169] max_end: 239.0
[melody2chord:lyrics_169] fixed_end: 256
[melody2chord:lyrics_169] 256
[melody2chord:lyrics_169] {'tonic': 'Eb', 'mode': 'maj', 'tempo': 77.99997660000702, 'meter': '4/4', 'pos': ['x', 'x'], 'unit': 0.19230775}
[melody2chord:lyrics_169] Phrase length: 128 positions = 8 bars
[melody2chord:lyrics_169] Phrase length: 128 positions = 8 bars
[melody2chord:lyrics_169] [128, 128]
[melody2chord:lyrics_169] Chord Progression
[melody2chord:lyrics_169] -Source: Niko_Kotoulas_Emotional_Chords_2_C#m-B-F#-B-F#-G#m-E-B_.mid
[melody2chord:lyrics_169] -Source Type: None
[melody2chord:lyrics_169] -Source Tonic: B
[melody2chord:lyrics_169] -Source Metre: 4/4
[melody2chord:lyrics_169] -Source Mode: M (M for Major and m for minor)
[melody2chord:lyrics_169] -Appeared Times: 1
[melody2chord:lyrics_169] -Appeared In Other Songs: 0
[melody2chord:lyrics_169] -Reliability: 1.0
[melody2chord:lyrics_169] -Progression Class: {'type': 'unknown', 'pattern': 'unknown', 'cycle': (0.08151391459392222, 32), 'progression-style': 'emotional', 'chord-style': 'emotional', 'performing-style': 'unknown', 'rhythm': 'unknown', 'epic-endings': 'unknown', 'melodic': 'unknown', 'folder-id': 535, 'duplicate-id': 290, 'new_label': 'pop_complex'}
[melody2chord:lyrics_169] Numbered: 
[melody2chord:lyrics_169] | 2------- | 1------- | 5------- | 1------- | 5------- | 6------- | 4------- | 1------- | 
[melody2chord:lyrics_169] Chord: 
[melody2chord:lyrics_169] | 
[melody2chord:lyrics_169] | C#1------- | B 0------- | F#0------- | B 0------- | F#0------- | G#1------- | E 0------- | B 0------- | 
[melody2chord:lyrics_169] 
[melody2chord:lyrics_169] Chord Progression
[melody2chord:lyrics_169] -Source: Niko_Kotoulas_Emotional_Chords_26_G#m-F#-B-C#m-D#m-E-F#-G#_.mid
[melody2chord:lyrics_169] -Source Type: None
[melody2chord:lyrics_169] -Source Tonic: B
[melody2chord:lyrics_169] -Source Metre: 4/4
[melody2chord:lyrics_169] -Source Mode: M (M for Major and m for minor)
[melody2chord:lyrics_169] -Appeared Times: 1
[melody2chord:lyrics_169] -Appeared In Other Songs: 0
[melody2chord:lyrics_169] -Reliability: 1.0
[melody2chord:lyrics_169] -Progression Class: {'type': 'unknown', 'pattern': 'unknown', 'cycle': (0.4338235294117646, 8), 'progression-style': 'emotional', 'chord-style': 'emotional', 'performing-style': 'unknown', 'rhythm': 'unknown', 'epic-endings': 'unknown', 'melodic': 'unknown', 'folder-id': 535, 'duplicate-id': 282, 'new_label': 'pop_complex'}
[melody2chord:lyrics_169] Numbered: 
[melody2chord:lyrics_169] | 6------- | 5------- | 1------- | 2------- | 3------- | 4------- | 5------- | 6------- | 
[melody2chord:lyrics_169] Chord: 
[melody2chord:lyrics_169] | 
[melody2chord:lyrics_169] | G#1------- | F#0------- | B 0------- | C#1------- | D#1------- | E 0------- | F#0------- | G#0------- | 
[melody2chord:lyrics_169] 
[melody2chord:lyrics_169] Total: 2
[melody2chord:lyrics_169] 
[melody2chord:lyrics_169] === Aligning chord_gen TPQ ===
[melody2chord:lyrics_169] Original melody TPQ: 480
[melody2chord:lyrics_169] Chord gen TPQ: 220
[melody2chord:lyrics_169] TPQ ratio: 2.1818
[melody2chord:lyrics_169] Converted chord_gen TPQ from 220 to 480
[melody2chord:lyrics_169] Output saved to: /data/home/fundwotsai/MIDI-SAG/generated_midi_right_key/lyrics_169/chord/chord_gen/sample01_shifted_chord_gen.mid
[melody2chord:lyrics_169] Re-quantized 61 melody notes to 1/16 beat grid
[melody2chord:lyrics_169] === Fill Empty Bars with Chords ===
[melody2chord:lyrics_169] Original melody TPQ: 480
[melody2chord:lyrics_169] Chord gen TPQ: 480
[melody2chord:lyrics_169] TPQ ratio: 1.0000
[melody2chord:lyrics_169] Chords start at tick: 9480 (bar 4.94)
[melody2chord:lyrics_169] Empty bars to fill: 4
[melody2chord:lyrics_169] Prepending 0 bars and copying 18 chord notes to cover 4 leading bars
[melody2chord:lyrics_169] 
[melody2chord:lyrics_169] === Output Summary ===
[melody2chord:lyrics_169] Output TPQ: 480
[melody2chord:lyrics_169] Melody track notes: 119
[melody2chord:lyrics_169] Chord track notes: 107
[melody2chord:lyrics_169] First chord now at tick: 0
[melody2chord:lyrics_169] Last chord at tick: 38280
[melody2chord:lyrics_169] Output saved to: /data/home/fundwotsai/MIDI-SAG/generated_midi_right_key/lyrics_169/chord/chord_gen_filled_empty/sample01_shifted_chord_gen_filled_empty_bars.mid
[melody2chord:lyrics_169] === Quantizing melody to 1/16 notes ===
[melody2chord:lyrics_169] TPQ: 480
[melody2chord:lyrics_169] Ticks per 16th note: 120.0
[melody2chord:lyrics_169] Quantized 132 notes to 1/16 note positions
[melody2chord:lyrics_169] Output saved to: /data/home/fundwotsai/MIDI-SAG/generated_midi_right_key/lyrics_169/chord/chord_gen_quantized/sample01_shifted_chord_gen_quantized.mid
[melody2chord:lyrics_169] Extracted 84 beat-level chords from 'Chords' track
[melody2chord:lyrics_169] Chord times remapped to 81 beat positions (subdivision: quarter notes)
[melody2chord:lyrics_169] Filled 4 None chords
[melody2chord:lyrics_169] ✓ Successfully processed: sample01_shifted
[melody2chord:lyrics_169]   Key: Eb major (confidence: 0.47)
[melody2chord:lyrics_169]   Tempo: 78.0 BPM (source: MIDI tempo)
[melody2chord:lyrics_169]   Chord Text: /data/home/fundwotsai/MIDI-SAG/generated_midi_right_key/lyrics_169/chord/chord_txt/sample01_shifted_chord_gen.txt
[melody2chord:lyrics_169]   BTC Text:   /data/home/fundwotsai/MIDI-SAG/generated_midi_right_key/lyrics_169/chord/btc_txt/sample01_shifted_chord_gen.txt
