[melody2chord:lyrics_177] /data/home/fundwotsai/MIDI-SAG/AccoMontage2/chorderator/utils/utils.py:24: UserWarning: Could not import FluidSynth, audio formats writing disabled
[melody2chord:lyrics_177]   warnings.warn('Could not import FluidSynth, audio formats writing disabled')
[melody2chord:lyrics_177] /home/fundwotsai/miniconda3/envs/midi-sag/lib/python3.9/site-packages/miditok/tokenizations/remi.py:88: UserWarning: Attribute controls are not compatible with 'config.one_token_stream_for_programs' and multi-vocabulary tokenizers. Disabling them from the config.
[melody2chord:lyrics_177]   super().__init__(tokenizer_config, params)
[melody2chord:lyrics_177] /data/home/fundwotsai/MIDI-SAG/AccoMontage2/chorderator/core.py:238: UserWarning: Meter auto set to 4/4/. Please set meter if this is not your expectation
[melody2chord:lyrics_177]   warnings.warn('Meter auto set to 4/4/. Please set meter if this is not your expectation')
[melody2chord:lyrics_177] @Chorderator 2026-04-14 11:53:41,441 - INFO - [1;30m start read progressions from dict [0m
[melody2chord:lyrics_177] @Chorderator 2026-04-14 11:53:49,130 - INFO - [1;30m read progressions done [0m
[melody2chord:lyrics_177] @Chorderator 2026-04-14 11:53:49,130 - INFO - [1;30m start read progression library from source_base.pnt [0m
[melody2chord:lyrics_177] @Chorderator 2026-04-14 11:53:55,417 - INFO - [1;30m read library done [0m
[melody2chord:lyrics_177] @Chorderator 2026-04-14 11:53:55,417 - WARNING - [1;33m Pre-processing... [0m
[melody2chord:lyrics_177] @Chorderator 2026-04-14 11:53:55,428 - WARNING - [1;33m Pre-process done! [0m
[melody2chord:lyrics_177] @Chorderator 2026-04-14 11:53:55,428 - WARNING - [1;33m Solving... [0m
[melody2chord:lyrics_177] @Chorderator 2026-04-14 11:53:55,428 - INFO - [1;30m start read progressions from rep [0m
[melody2chord:lyrics_177] @Chorderator 2026-04-14 11:53:55,462 - INFO - [1;30m read progressions done [0m
[melody2chord:lyrics_177] @Chorderator 2026-04-14 11:53:55,467 - INFO - [1;30m Melody length 2, generate progression with 63 templates [0m
[melody2chord:lyrics_177] @Chorderator 2026-04-14 11:53:55,517 - WARNING - [1;33m Solved! [0m
[melody2chord:lyrics_177] @Chorderator 2026-04-14 11:53:55,517 - WARNING - [1;33m Post-processing... [0m
[melody2chord:lyrics_177] @Chorderator 2026-04-14 11:53:55,521 - WARNING - [1;33m Post-process done! [0m
[melody2chord:lyrics_177] @Chorderator 2026-04-14 11:53:55,521 - WARNING - [1;33m Generating textures... [0m
[melody2chord:lyrics_177] @Chorderator 2026-04-14 11:53:55,522 - WARNING - [1;33m All process finished! [0m
[melody2chord:lyrics_177] 
[melody2chord:lyrics_177] === Processing: sample01_shifted ===
[melody2chord:lyrics_177] Output will be saved to: /data/home/fundwotsai/MIDI-SAG/generated_midi_right_key/lyrics_177/chord/
[melody2chord:lyrics_177] beat_file_path: None
[melody2chord:lyrics_177] Tempo from MIDI: 78.0 BPM (no beat file — skipping warp step)
[melody2chord:lyrics_177] processed_melody_path: /data/home/fundwotsai/MIDI-SAG/generated_midi_right_key/lyrics_177/chord/processed_melody/sample01_shifted.mid
[melody2chord:lyrics_177] Detected key: C major (confidence: 0.70, Bellman-Budge)
[melody2chord:lyrics_177] Content bars: 14 -> Segmentation: A8B8 (total: 16)
[melody2chord:lyrics_177] Chorderator bars: 16 -> Segmentation: A8B8 (total: 16)
[melody2chord:lyrics_177] auto_config: {'note_shift': 72, 'segmentation': 'A8B8', 'analysis': {'total_bars': 19, 'empty_bars': 4, 'content_bars': 14, 'note_shift': 72, 'segmentation': 'A8B8', 'first_note_bar': 4.5, 'last_note_bar': 18.875, 'chorderator_bars': {'max_end_positions': 230, 'fixed_end_positions': 256, 'fixed_end_bars': 16, 'tempo': 77.99997660000703, 'unit': 0.19230774999999997}}}
[melody2chord:lyrics_177] tempo for CDT: 78.0 BPM
[melody2chord:lyrics_177] max_end: 230.0
[melody2chord:lyrics_177] fixed_end: 256
[melody2chord:lyrics_177] 256
[melody2chord:lyrics_177] {'tonic': 'C', 'mode': 'maj', 'tempo': 77.99997660000702, 'meter': '4/4', 'pos': ['x', 'x'], 'unit': 0.19230775}
[melody2chord:lyrics_177] Phrase length: 128 positions = 8 bars
[melody2chord:lyrics_177] Phrase length: 128 positions = 8 bars
[melody2chord:lyrics_177] [128, 128]
[melody2chord:lyrics_177] Chord Progression
[melody2chord:lyrics_177] -Source: Niko_Kotoulas_Pop_7th_9th_Chords_6_B-E-F#-B_.mid
[melody2chord:lyrics_177] -Source Type: None
[melody2chord:lyrics_177] -Source Tonic: B
[melody2chord:lyrics_177] -Source Metre: 4/4
[melody2chord:lyrics_177] -Source Mode: M (M for Major and m for minor)
[melody2chord:lyrics_177] -Appeared Times: 1
[melody2chord:lyrics_177] -Appeared In Other Songs: 0
[melody2chord:lyrics_177] -Reliability: 1.0
[melody2chord:lyrics_177] -Progression Class: {'type': 'unknown', 'pattern': 'unknown', 'cycle': (1.0, 32), 'progression-style': 'pop', 'chord-style': 'classy', 'performing-style': 'unknown', 'rhythm': 'unknown', 'epic-endings': 'unknown', 'melodic': 'unknown', 'folder-id': 528, 'duplicate-id': 157, 'new_label': 'pop_complex'}
[melody2chord:lyrics_177] Numbered: 
[melody2chord:lyrics_177] | 1------- | 4------- | 5------- | 1------- | 1------- | 4------- | 5------- | 1------- | 
[melody2chord:lyrics_177] Chord: 
[melody2chord:lyrics_177] | 
[melody2chord:lyrics_177] | B 0------- | E 0------- | F#0------- | B 0------- | B 0------- | E 0------- | F#0------- | B 0------- | 
[melody2chord:lyrics_177] 
[melody2chord:lyrics_177] Chord Progression
[melody2chord:lyrics_177] -Source: Niko_Kotoulas_Epic_Ending_3_F#-G#m-E-B (V-vi-IV-I).mid
[melody2chord:lyrics_177] -Source Type: None
[melody2chord:lyrics_177] -Source Tonic: B
[melody2chord:lyrics_177] -Source Metre: 4/4
[melody2chord:lyrics_177] -Source Mode: M (M for Major and m for minor)
[melody2chord:lyrics_177] -Appeared Times: 1
[melody2chord:lyrics_177] -Appeared In Other Songs: 0
[melody2chord:lyrics_177] -Reliability: 0.4
[melody2chord:lyrics_177] -Progression Class: {'type': 'unknown', 'pattern': 'V-vi-IV-I', 'cycle': (0, 0), 'progression-style': 'unknown', 'chord-style': 'unknown', 'performing-style': 'unknown', 'rhythm': 'unknown', 'epic-endings': 'True', 'melodic': 'unknown', 'folder-id': 335, 'duplicate-id': 494, 'new_label': 'unknown'}
[melody2chord:lyrics_177] Numbered: 
[melody2chord:lyrics_177] | 5------- | 6------- | 4------- | 1------- | 1------- | 1------- | 1------- | 1------- | 
[melody2chord:lyrics_177] Chord: 
[melody2chord:lyrics_177] | 
[melody2chord:lyrics_177] | F#0------- | G#1------- | E 0------- | B 0------- | B 0------- | B 0------- | B 0------- | B 0------- | 
[melody2chord:lyrics_177] 
[melody2chord:lyrics_177] Total: 2
[melody2chord:lyrics_177] 
[melody2chord:lyrics_177] === Aligning chord_gen TPQ ===
[melody2chord:lyrics_177] Original melody TPQ: 480
[melody2chord:lyrics_177] Chord gen TPQ: 220
[melody2chord:lyrics_177] TPQ ratio: 2.1818
[melody2chord:lyrics_177] Converted chord_gen TPQ from 220 to 480
[melody2chord:lyrics_177] Output saved to: /data/home/fundwotsai/MIDI-SAG/generated_midi_right_key/lyrics_177/chord/chord_gen/sample01_shifted_chord_gen.mid
[melody2chord:lyrics_177] Re-quantized 49 melody notes to 1/16 beat grid
[melody2chord:lyrics_177] === Fill Empty Bars with Chords ===
[melody2chord:lyrics_177] Original melody TPQ: 480
[melody2chord:lyrics_177] Chord gen TPQ: 480
[melody2chord:lyrics_177] TPQ ratio: 1.0000
[melody2chord:lyrics_177] Chords start at tick: 8640 (bar 4.50)
[melody2chord:lyrics_177] Empty bars to fill: 4
[melody2chord:lyrics_177] Prepending 0 bars and copying 29 chord notes to cover 4 leading bars
[melody2chord:lyrics_177] 
[melody2chord:lyrics_177] === Output Summary ===
[melody2chord:lyrics_177] Output TPQ: 480
[melody2chord:lyrics_177] Melody track notes: 125
[melody2chord:lyrics_177] Chord track notes: 125
[melody2chord:lyrics_177] First chord now at tick: 0
[melody2chord:lyrics_177] Last chord at tick: 35040
[melody2chord:lyrics_177] Output saved to: /data/home/fundwotsai/MIDI-SAG/generated_midi_right_key/lyrics_177/chord/chord_gen_filled_empty/sample01_shifted_chord_gen_filled_empty_bars.mid
[melody2chord:lyrics_177] === Quantizing melody to 1/16 notes ===
[melody2chord:lyrics_177] TPQ: 480
[melody2chord:lyrics_177] Ticks per 16th note: 120.0
[melody2chord:lyrics_177] Quantized 150 notes to 1/16 note positions
[melody2chord:lyrics_177] Output saved to: /data/home/fundwotsai/MIDI-SAG/generated_midi_right_key/lyrics_177/chord/chord_gen_quantized/sample01_shifted_chord_gen_quantized.mid
[melody2chord:lyrics_177] Extracted 75 beat-level chords from 'Chords' track
[melody2chord:lyrics_177] Chord times remapped to 77 beat positions (subdivision: quarter notes)
[melody2chord:lyrics_177] Filled 6 None chords
[melody2chord:lyrics_177] ✓ Successfully processed: sample01_shifted
[melody2chord:lyrics_177]   Key: C major (confidence: 0.70)
[melody2chord:lyrics_177]   Tempo: 78.0 BPM (source: MIDI tempo)
[melody2chord:lyrics_177]   Chord Text: /data/home/fundwotsai/MIDI-SAG/generated_midi_right_key/lyrics_177/chord/chord_txt/sample01_shifted_chord_gen.txt
[melody2chord:lyrics_177]   BTC Text:   /data/home/fundwotsai/MIDI-SAG/generated_midi_right_key/lyrics_177/chord/btc_txt/sample01_shifted_chord_gen.txt
