[melody2chord:lyrics_5] /data/home/fundwotsai/MIDI-SAG/AccoMontage2/chorderator/utils/utils.py:24: UserWarning: Could not import FluidSynth, audio formats writing disabled
[melody2chord:lyrics_5]   warnings.warn('Could not import FluidSynth, audio formats writing disabled')
[melody2chord:lyrics_5] /home/fundwotsai/miniconda3/envs/midi-sag/lib/python3.9/site-packages/miditok/tokenizations/remi.py:88: UserWarning: Attribute controls are not compatible with 'config.one_token_stream_for_programs' and multi-vocabulary tokenizers. Disabling them from the config.
[melody2chord:lyrics_5]   super().__init__(tokenizer_config, params)
[melody2chord:lyrics_5] /data/home/fundwotsai/MIDI-SAG/AccoMontage2/chorderator/core.py:238: UserWarning: Meter auto set to 4/4/. Please set meter if this is not your expectation
[melody2chord:lyrics_5]   warnings.warn('Meter auto set to 4/4/. Please set meter if this is not your expectation')
[melody2chord:lyrics_5] @Chorderator 2026-04-14 12:20:28,680 - INFO - [1;30m start read progressions from dict [0m
[melody2chord:lyrics_5] @Chorderator 2026-04-14 12:20:35,174 - INFO - [1;30m read progressions done [0m
[melody2chord:lyrics_5] @Chorderator 2026-04-14 12:20:35,174 - INFO - [1;30m start read progression library from source_base.pnt [0m
[melody2chord:lyrics_5] @Chorderator 2026-04-14 12:20:41,464 - INFO - [1;30m read library done [0m
[melody2chord:lyrics_5] @Chorderator 2026-04-14 12:20:41,464 - WARNING - [1;33m Pre-processing... [0m
[melody2chord:lyrics_5] @Chorderator 2026-04-14 12:20:41,474 - WARNING - [1;33m Pre-process done! [0m
[melody2chord:lyrics_5] @Chorderator 2026-04-14 12:20:41,474 - WARNING - [1;33m Solving... [0m
[melody2chord:lyrics_5] @Chorderator 2026-04-14 12:20:41,474 - INFO - [1;30m start read progressions from rep [0m
[melody2chord:lyrics_5] @Chorderator 2026-04-14 12:20:41,506 - INFO - [1;30m read progressions done [0m
[melody2chord:lyrics_5] @Chorderator 2026-04-14 12:20:41,512 - INFO - [1;30m Melody length 3, generate progression with 63 templates [0m
[melody2chord:lyrics_5] @Chorderator 2026-04-14 12:20:41,584 - WARNING - [1;33m Solved! [0m
[melody2chord:lyrics_5] @Chorderator 2026-04-14 12:20:41,585 - WARNING - [1;33m Post-processing... [0m
[melody2chord:lyrics_5] @Chorderator 2026-04-14 12:20:41,590 - WARNING - [1;33m Post-process done! [0m
[melody2chord:lyrics_5] @Chorderator 2026-04-14 12:20:41,590 - WARNING - [1;33m Generating textures... [0m
[melody2chord:lyrics_5] @Chorderator 2026-04-14 12:20:41,591 - WARNING - [1;33m All process finished! [0m
[melody2chord:lyrics_5] 
[melody2chord:lyrics_5] === Processing: sample01_shifted ===
[melody2chord:lyrics_5] Output will be saved to: /data/home/fundwotsai/MIDI-SAG/generated_midi_right_key/lyrics_5/chord/
[melody2chord:lyrics_5] beat_file_path: None
[melody2chord:lyrics_5] Tempo from MIDI: 95.0 BPM (no beat file — skipping warp step)
[melody2chord:lyrics_5] processed_melody_path: /data/home/fundwotsai/MIDI-SAG/generated_midi_right_key/lyrics_5/chord/processed_melody/sample01_shifted.mid
[melody2chord:lyrics_5] Detected key: Ab major (confidence: 0.81, Bellman-Budge)
[melody2chord:lyrics_5] Content bars: 25 -> Segmentation: A8B8A8B4 (total: 28)
[melody2chord:lyrics_5] Chorderator bars: 24 -> Segmentation: A8B8A8 (total: 24)
[melody2chord:lyrics_5] auto_config: {'note_shift': 76, 'segmentation': 'A8B8A8', 'analysis': {'total_bars': 30, 'empty_bars': 4, 'content_bars': 25, 'note_shift': 76, 'segmentation': 'A8B8A8', 'first_note_bar': 4.75, 'last_note_bar': 29.5, 'chorderator_bars': {'max_end_positions': 396, 'fixed_end_positions': 384, 'fixed_end_bars': 24, 'tempo': 94.99999208333399, 'unit': 0.15789475}}}
[melody2chord:lyrics_5] tempo for CDT: 95.0 BPM
[melody2chord:lyrics_5] max_end: 396.0
[melody2chord:lyrics_5] fixed_end: 384
[melody2chord:lyrics_5] 384
[melody2chord:lyrics_5] {'tonic': 'Ab', 'mode': 'maj', 'tempo': 94.99999208333399, 'meter': '4/4', 'pos': ['x', 'x', 'x'], 'unit': 0.15789475}
[melody2chord:lyrics_5] Phrase length: 128 positions = 8 bars
[melody2chord:lyrics_5] Phrase length: 128 positions = 8 bars
[melody2chord:lyrics_5] Phrase length: 128 positions = 8 bars
[melody2chord:lyrics_5] [128, 128, 128]
[melody2chord:lyrics_5] Chord Progression
[melody2chord:lyrics_5] -Source: Niko_Kotoulas_Emotional_Chords_15_G#m-D#m-E-B_.mid
[melody2chord:lyrics_5] -Source Type: None
[melody2chord:lyrics_5] -Source Tonic: B
[melody2chord:lyrics_5] -Source Metre: 4/4
[melody2chord:lyrics_5] -Source Mode: M (M for Major and m for minor)
[melody2chord:lyrics_5] -Appeared Times: 1
[melody2chord:lyrics_5] -Appeared In Other Songs: 0
[melody2chord:lyrics_5] -Reliability: 1.0
[melody2chord:lyrics_5] -Progression Class: {'type': 'unknown', 'pattern': 'unknown', 'cycle': (1.0, 32), 'progression-style': 'emotional', 'chord-style': 'emotional', 'performing-style': 'unknown', 'rhythm': 'unknown', 'epic-endings': 'unknown', 'melodic': 'unknown', 'folder-id': 535, 'duplicate-id': 276, 'new_label': 'pop_complex'}
[melody2chord:lyrics_5] Numbered: 
[melody2chord:lyrics_5] | 6------- | 3------- | 4------- | 1------- | 6------- | 3------- | 4------- | 1------- | 
[melody2chord:lyrics_5] Chord: 
[melody2chord:lyrics_5] | 
[melody2chord:lyrics_5] | G#1------- | D#1------- | E 0------- | B 0------- | G#1------- | D#1------- | E 0------- | B 0------- | 
[melody2chord:lyrics_5] 
[melody2chord:lyrics_5] Chord Progression
[melody2chord:lyrics_5] -Source: Niko_Kotoulas_EDM_7th_9th_Chords_5_C#m-E-B-F#_.mid
[melody2chord:lyrics_5] -Source Type: None
[melody2chord:lyrics_5] -Source Tonic: B
[melody2chord:lyrics_5] -Source Metre: 4/4
[melody2chord:lyrics_5] -Source Mode: M (M for Major and m for minor)
[melody2chord:lyrics_5] -Appeared Times: 1
[melody2chord:lyrics_5] -Appeared In Other Songs: 0
[melody2chord:lyrics_5] -Reliability: 1.0
[melody2chord:lyrics_5] -Progression Class: {'type': 'unknown', 'pattern': 'unknown', 'cycle': (1.0, 32), 'progression-style': 'edm', 'chord-style': 'classy', 'performing-style': 'unknown', 'rhythm': 'unknown', 'epic-endings': 'unknown', 'melodic': 'unknown', 'folder-id': 531, 'duplicate-id': 218, 'new_label': 'pop_complex'}
[melody2chord:lyrics_5] Numbered: 
[melody2chord:lyrics_5] | 2------- | 4------- | 1------- | 5------- | 2------- | 4------- | 1------- | 5------- | 
[melody2chord:lyrics_5] Chord: 
[melody2chord:lyrics_5] | 
[melody2chord:lyrics_5] | C#1------- | E 0------- | B 0------- | F#0------- | C#1------- | E 0------- | B 0------- | F#0------- | 
[melody2chord:lyrics_5] 
[melody2chord:lyrics_5] Chord Progression
[melody2chord:lyrics_5] -Source: Niko_Kotoulas_Pop_7th_9th_Chords_7_B-G#m-B-G#m_.mid
[melody2chord:lyrics_5] -Source Type: None
[melody2chord:lyrics_5] -Source Tonic: B
[melody2chord:lyrics_5] -Source Metre: 4/4
[melody2chord:lyrics_5] -Source Mode: M (M for Major and m for minor)
[melody2chord:lyrics_5] -Appeared Times: 1
[melody2chord:lyrics_5] -Appeared In Other Songs: 0
[melody2chord:lyrics_5] -Reliability: 1.0
[melody2chord:lyrics_5] -Progression Class: {'type': 'unknown', 'pattern': 'unknown', 'cycle': (1.0, 16), 'progression-style': 'pop', 'chord-style': 'classy', 'performing-style': 'unknown', 'rhythm': 'unknown', 'epic-endings': 'unknown', 'melodic': 'unknown', 'folder-id': 528, 'duplicate-id': 174, 'new_label': 'pop_complex'}
[melody2chord:lyrics_5] Numbered: 
[melody2chord:lyrics_5] | 1------- | 6------- | 1------- | 6------- | 1------- | 6------- | 1------- | 6------- | 
[melody2chord:lyrics_5] Chord: 
[melody2chord:lyrics_5] | 
[melody2chord:lyrics_5] | B 0------- | G#1------- | B 0------- | G#1------- | B 0------- | G#1------- | B 0------- | G#1------- | 
[melody2chord:lyrics_5] 
[melody2chord:lyrics_5] Total: 3
[melody2chord:lyrics_5] 
[melody2chord:lyrics_5] === Aligning chord_gen TPQ ===
[melody2chord:lyrics_5] Original melody TPQ: 480
[melody2chord:lyrics_5] Chord gen TPQ: 220
[melody2chord:lyrics_5] TPQ ratio: 2.1818
[melody2chord:lyrics_5] Converted chord_gen TPQ from 220 to 480
[melody2chord:lyrics_5] Output saved to: /data/home/fundwotsai/MIDI-SAG/generated_midi_right_key/lyrics_5/chord/chord_gen/sample01_shifted_chord_gen.mid
[melody2chord:lyrics_5] Re-quantized 51 melody notes to 1/16 beat grid
[melody2chord:lyrics_5] === Fill Empty Bars with Chords ===
[melody2chord:lyrics_5] Original melody TPQ: 480
[melody2chord:lyrics_5] Chord gen TPQ: 480
[melody2chord:lyrics_5] TPQ ratio: 1.0000
[melody2chord:lyrics_5] Chords start at tick: 9120 (bar 4.75)
[melody2chord:lyrics_5] Empty bars to fill: 4
[melody2chord:lyrics_5] Prepending 0 bars and copying 23 chord notes to cover 4 leading bars
[melody2chord:lyrics_5] 
[melody2chord:lyrics_5] === Output Summary ===
[melody2chord:lyrics_5] Output TPQ: 480
[melody2chord:lyrics_5] Melody track notes: 125
[melody2chord:lyrics_5] Chord track notes: 175
[melody2chord:lyrics_5] First chord now at tick: 0
[melody2chord:lyrics_5] Last chord at tick: 53279
[melody2chord:lyrics_5] Output saved to: /data/home/fundwotsai/MIDI-SAG/generated_midi_right_key/lyrics_5/chord/chord_gen_filled_empty/sample01_shifted_chord_gen_filled_empty_bars.mid
[melody2chord:lyrics_5] === Quantizing melody to 1/16 notes ===
[melody2chord:lyrics_5] TPQ: 480
[melody2chord:lyrics_5] Ticks per 16th note: 120.0
[melody2chord:lyrics_5] Quantized 153 notes to 1/16 note positions
[melody2chord:lyrics_5] Output saved to: /data/home/fundwotsai/MIDI-SAG/generated_midi_right_key/lyrics_5/chord/chord_gen_quantized/sample01_shifted_chord_gen_quantized.mid
[melody2chord:lyrics_5] Extracted 115 beat-level chords from 'Chords' track
[melody2chord:lyrics_5] Chord times remapped to 120 beat positions (subdivision: quarter notes)
[melody2chord:lyrics_5] Filled 3 None chords
[melody2chord:lyrics_5] ✓ Successfully processed: sample01_shifted
[melody2chord:lyrics_5]   Key: Ab major (confidence: 0.81)
[melody2chord:lyrics_5]   Tempo: 95.0 BPM (source: MIDI tempo)
[melody2chord:lyrics_5]   Chord Text: /data/home/fundwotsai/MIDI-SAG/generated_midi_right_key/lyrics_5/chord/chord_txt/sample01_shifted_chord_gen.txt
[melody2chord:lyrics_5]   BTC Text:   /data/home/fundwotsai/MIDI-SAG/generated_midi_right_key/lyrics_5/chord/btc_txt/sample01_shifted_chord_gen.txt
