[melody2chord:lyrics_57] /data/home/fundwotsai/MIDI-SAG/AccoMontage2/chorderator/utils/utils.py:24: UserWarning: Could not import FluidSynth, audio formats writing disabled
[melody2chord:lyrics_57]   warnings.warn('Could not import FluidSynth, audio formats writing disabled')
[melody2chord:lyrics_57] /home/fundwotsai/miniconda3/envs/midi-sag/lib/python3.9/site-packages/miditok/tokenizations/remi.py:88: UserWarning: Attribute controls are not compatible with 'config.one_token_stream_for_programs' and multi-vocabulary tokenizers. Disabling them from the config.
[melody2chord:lyrics_57]   super().__init__(tokenizer_config, params)
[melody2chord:lyrics_57] /data/home/fundwotsai/MIDI-SAG/AccoMontage2/chorderator/core.py:238: UserWarning: Meter auto set to 4/4/. Please set meter if this is not your expectation
[melody2chord:lyrics_57]   warnings.warn('Meter auto set to 4/4/. Please set meter if this is not your expectation')
[melody2chord:lyrics_57] @Chorderator 2026-04-14 12:23:36,266 - INFO - [1;30m start read progressions from dict [0m
[melody2chord:lyrics_57] @Chorderator 2026-04-14 12:23:44,430 - INFO - [1;30m read progressions done [0m
[melody2chord:lyrics_57] @Chorderator 2026-04-14 12:23:44,430 - INFO - [1;30m start read progression library from source_base.pnt [0m
[melody2chord:lyrics_57] @Chorderator 2026-04-14 12:23:50,808 - INFO - [1;30m read library done [0m
[melody2chord:lyrics_57] @Chorderator 2026-04-14 12:23:50,808 - WARNING - [1;33m Pre-processing... [0m
[melody2chord:lyrics_57] @Chorderator 2026-04-14 12:23:50,815 - WARNING - [1;33m Pre-process done! [0m
[melody2chord:lyrics_57] @Chorderator 2026-04-14 12:23:50,816 - WARNING - [1;33m Solving... [0m
[melody2chord:lyrics_57] @Chorderator 2026-04-14 12:23:50,816 - INFO - [1;30m start read progressions from rep [0m
[melody2chord:lyrics_57] @Chorderator 2026-04-14 12:23:50,850 - INFO - [1;30m read progressions done [0m
[melody2chord:lyrics_57] @Chorderator 2026-04-14 12:23:50,854 - INFO - [1;30m Melody length 2, generate progression with 63 templates [0m
[melody2chord:lyrics_57] @Chorderator 2026-04-14 12:23:50,903 - WARNING - [1;33m Solved! [0m
[melody2chord:lyrics_57] @Chorderator 2026-04-14 12:23:50,904 - WARNING - [1;33m Post-processing... [0m
[melody2chord:lyrics_57] @Chorderator 2026-04-14 12:23:50,908 - WARNING - [1;33m Post-process done! [0m
[melody2chord:lyrics_57] @Chorderator 2026-04-14 12:23:50,908 - WARNING - [1;33m Generating textures... [0m
[melody2chord:lyrics_57] @Chorderator 2026-04-14 12:23:50,909 - WARNING - [1;33m All process finished! [0m
[melody2chord:lyrics_57] 
[melody2chord:lyrics_57] === Processing: sample01_shifted ===
[melody2chord:lyrics_57] Output will be saved to: /data/home/fundwotsai/MIDI-SAG/generated_midi_right_key/lyrics_57/chord/
[melody2chord:lyrics_57] beat_file_path: None
[melody2chord:lyrics_57] Tempo from MIDI: 78.0 BPM (no beat file — skipping warp step)
[melody2chord:lyrics_57] processed_melody_path: /data/home/fundwotsai/MIDI-SAG/generated_midi_right_key/lyrics_57/chord/processed_melody/sample01_shifted.mid
[melody2chord:lyrics_57] Detected key: Ab major (confidence: 0.70, Bellman-Budge)
[melody2chord:lyrics_57] Content bars: 12 -> Segmentation: A8B4 (total: 12)
[melody2chord:lyrics_57] Chorderator bars: 12 -> Segmentation: A8B4 (total: 12)
[melody2chord:lyrics_57] auto_config: {'note_shift': 67, 'segmentation': 'A8B4', 'analysis': {'total_bars': 17, 'empty_bars': 4, 'content_bars': 12, 'note_shift': 67, 'segmentation': 'A8B4', 'first_note_bar': 4.1875, 'last_note_bar': 16.125, 'chorderator_bars': {'max_end_positions': 191, 'fixed_end_positions': 192, 'fixed_end_bars': 12, 'tempo': 77.99997660000703, 'unit': 0.19230774999999997}}}
[melody2chord:lyrics_57] tempo for CDT: 78.0 BPM
[melody2chord:lyrics_57] max_end: 191.0
[melody2chord:lyrics_57] fixed_end: 192
[melody2chord:lyrics_57] 192
[melody2chord:lyrics_57] {'tonic': 'Ab', 'mode': 'maj', 'tempo': 77.99997660000702, 'meter': '4/4', 'pos': ['x', 'x'], 'unit': 0.19230775}
[melody2chord:lyrics_57] Phrase length: 128 positions = 8 bars
[melody2chord:lyrics_57] Phrase length: 64 positions = 4 bars
[melody2chord:lyrics_57] [128, 64]
[melody2chord:lyrics_57] Chord Progression
[melody2chord:lyrics_57] -Source: Niko_Kotoulas_Pop_7th_9th_Chords_7_B-G#m-B-G#m_.mid
[melody2chord:lyrics_57] -Source Type: None
[melody2chord:lyrics_57] -Source Tonic: B
[melody2chord:lyrics_57] -Source Metre: 4/4
[melody2chord:lyrics_57] -Source Mode: M (M for Major and m for minor)
[melody2chord:lyrics_57] -Appeared Times: 1
[melody2chord:lyrics_57] -Appeared In Other Songs: 0
[melody2chord:lyrics_57] -Reliability: 1.0
[melody2chord:lyrics_57] -Progression Class: {'type': 'unknown', 'pattern': 'unknown', 'cycle': (1.0, 16), 'progression-style': 'pop', 'chord-style': 'classy', 'performing-style': 'unknown', 'rhythm': 'unknown', 'epic-endings': 'unknown', 'melodic': 'unknown', 'folder-id': 528, 'duplicate-id': 174, 'new_label': 'pop_complex'}
[melody2chord:lyrics_57] Numbered: 
[melody2chord:lyrics_57] | 1------- | 6------- | 1------- | 6------- | 1------- | 6------- | 1------- | 6------- | 
[melody2chord:lyrics_57] Chord: 
[melody2chord:lyrics_57] | 
[melody2chord:lyrics_57] | B 0------- | G#1------- | B 0------- | G#1------- | B 0------- | G#1------- | B 0------- | G#1------- | 
[melody2chord:lyrics_57] 
[melody2chord:lyrics_57] Chord Progression
[melody2chord:lyrics_57] -Source: Niko_Kotoulas_ChordProg_9_G#m-D#m-E-B (vi-iii-IV-I).mid
[melody2chord:lyrics_57] -Source Type: None
[melody2chord:lyrics_57] -Source Tonic: B
[melody2chord:lyrics_57] -Source Metre: 4/4
[melody2chord:lyrics_57] -Source Mode: M (M for Major and m for minor)
[melody2chord:lyrics_57] -Appeared Times: 1
[melody2chord:lyrics_57] -Appeared In Other Songs: 0
[melody2chord:lyrics_57] -Reliability: 0.9
[melody2chord:lyrics_57] -Progression Class: {'type': 'unknown', 'pattern': 'vi-iii-IV-I', 'cycle': (1.0, 16), 'progression-style': 'unknown', 'chord-style': 'unknown', 'performing-style': 'unknown', 'rhythm': 'unknown', 'epic-endings': 'unknown', 'melodic': 'unknown', 'folder-id': 517, 'duplicate-id': 143, 'new_label': 'unknown'}
[melody2chord:lyrics_57] Numbered: 
[melody2chord:lyrics_57] | 6------- | 3------- | 4------- | 1------- | 
[melody2chord:lyrics_57] Chord: 
[melody2chord:lyrics_57] | G#1------- | D#1------- | E 0------- | B 0------- | 
[melody2chord:lyrics_57] 
[melody2chord:lyrics_57] Total: 2
[melody2chord:lyrics_57] 
[melody2chord:lyrics_57] === Aligning chord_gen TPQ ===
[melody2chord:lyrics_57] Original melody TPQ: 480
[melody2chord:lyrics_57] Chord gen TPQ: 220
[melody2chord:lyrics_57] TPQ ratio: 2.1818
[melody2chord:lyrics_57] Converted chord_gen TPQ from 220 to 480
[melody2chord:lyrics_57] Output saved to: /data/home/fundwotsai/MIDI-SAG/generated_midi_right_key/lyrics_57/chord/chord_gen/sample01_shifted_chord_gen.mid
[melody2chord:lyrics_57] Re-quantized 73 melody notes to 1/16 beat grid
[melody2chord:lyrics_57] === Fill Empty Bars with Chords ===
[melody2chord:lyrics_57] Original melody TPQ: 480
[melody2chord:lyrics_57] Chord gen TPQ: 480
[melody2chord:lyrics_57] TPQ ratio: 1.0000
[melody2chord:lyrics_57] Chords start at tick: 8039 (bar 4.19)
[melody2chord:lyrics_57] Empty bars to fill: 4
[melody2chord:lyrics_57] Prepending 0 bars and copying 26 chord notes to cover 4 leading bars
[melody2chord:lyrics_57] 
[melody2chord:lyrics_57] === Output Summary ===
[melody2chord:lyrics_57] Output TPQ: 480
[melody2chord:lyrics_57] Melody track notes: 119
[melody2chord:lyrics_57] Chord track notes: 102
[melody2chord:lyrics_57] First chord now at tick: 0
[melody2chord:lyrics_57] Last chord at tick: 29159
[melody2chord:lyrics_57] Output saved to: /data/home/fundwotsai/MIDI-SAG/generated_midi_right_key/lyrics_57/chord/chord_gen_filled_empty/sample01_shifted_chord_gen_filled_empty_bars.mid
[melody2chord:lyrics_57] === Quantizing melody to 1/16 notes ===
[melody2chord:lyrics_57] TPQ: 480
[melody2chord:lyrics_57] Ticks per 16th note: 120.0
[melody2chord:lyrics_57] Quantized 121 notes to 1/16 note positions
[melody2chord:lyrics_57] Output saved to: /data/home/fundwotsai/MIDI-SAG/generated_midi_right_key/lyrics_57/chord/chord_gen_quantized/sample01_shifted_chord_gen_quantized.mid
[melody2chord:lyrics_57] Extracted 65 beat-level chords from 'Chords' track
[melody2chord:lyrics_57] Chord times remapped to 66 beat positions (subdivision: quarter notes)
[melody2chord:lyrics_57] Filled 1 None chords
[melody2chord:lyrics_57] ✓ Successfully processed: sample01_shifted
[melody2chord:lyrics_57]   Key: Ab major (confidence: 0.70)
[melody2chord:lyrics_57]   Tempo: 78.0 BPM (source: MIDI tempo)
[melody2chord:lyrics_57]   Chord Text: /data/home/fundwotsai/MIDI-SAG/generated_midi_right_key/lyrics_57/chord/chord_txt/sample01_shifted_chord_gen.txt
[melody2chord:lyrics_57]   BTC Text:   /data/home/fundwotsai/MIDI-SAG/generated_midi_right_key/lyrics_57/chord/btc_txt/sample01_shifted_chord_gen.txt
