[melody2chord:lyrics_20] /data/home/fundwotsai/MIDI-SAG/AccoMontage2/chorderator/utils/utils.py:24: UserWarning: Could not import FluidSynth, audio formats writing disabled
[melody2chord:lyrics_20]   warnings.warn('Could not import FluidSynth, audio formats writing disabled')
[melody2chord:lyrics_20] /home/fundwotsai/miniconda3/envs/midi-sag/lib/python3.9/site-packages/miditok/tokenizations/remi.py:88: UserWarning: Attribute controls are not compatible with 'config.one_token_stream_for_programs' and multi-vocabulary tokenizers. Disabling them from the config.
[melody2chord:lyrics_20]   super().__init__(tokenizer_config, params)
[melody2chord:lyrics_20] /data/home/fundwotsai/MIDI-SAG/AccoMontage2/chorderator/core.py:238: UserWarning: Meter auto set to 4/4/. Please set meter if this is not your expectation
[melody2chord:lyrics_20]   warnings.warn('Meter auto set to 4/4/. Please set meter if this is not your expectation')
[melody2chord:lyrics_20] @Chorderator 2026-04-14 12:03:59,940 - INFO - [1;30m start read progressions from dict [0m
[melody2chord:lyrics_20] @Chorderator 2026-04-14 12:04:07,377 - INFO - [1;30m read progressions done [0m
[melody2chord:lyrics_20] @Chorderator 2026-04-14 12:04:07,377 - INFO - [1;30m start read progression library from source_base.pnt [0m
[melody2chord:lyrics_20] @Chorderator 2026-04-14 12:04:13,611 - INFO - [1;30m read library done [0m
[melody2chord:lyrics_20] @Chorderator 2026-04-14 12:04:13,612 - WARNING - [1;33m Pre-processing... [0m
[melody2chord:lyrics_20] @Chorderator 2026-04-14 12:04:13,622 - WARNING - [1;33m Pre-process done! [0m
[melody2chord:lyrics_20] @Chorderator 2026-04-14 12:04:13,622 - WARNING - [1;33m Solving... [0m
[melody2chord:lyrics_20] @Chorderator 2026-04-14 12:04:13,622 - INFO - [1;30m start read progressions from rep [0m
[melody2chord:lyrics_20] @Chorderator 2026-04-14 12:04:13,654 - INFO - [1;30m read progressions done [0m
[melody2chord:lyrics_20] @Chorderator 2026-04-14 12:04:13,660 - INFO - [1;30m Melody length 3, generate progression with 63 templates [0m
[melody2chord:lyrics_20] @Chorderator 2026-04-14 12:04:13,738 - WARNING - [1;33m Solved! [0m
[melody2chord:lyrics_20] @Chorderator 2026-04-14 12:04:13,739 - WARNING - [1;33m Post-processing... [0m
[melody2chord:lyrics_20] @Chorderator 2026-04-14 12:04:13,745 - WARNING - [1;33m Post-process done! [0m
[melody2chord:lyrics_20] @Chorderator 2026-04-14 12:04:13,745 - WARNING - [1;33m Generating textures... [0m
[melody2chord:lyrics_20] @Chorderator 2026-04-14 12:04:13,745 - WARNING - [1;33m All process finished! [0m
[melody2chord:lyrics_20] 
[melody2chord:lyrics_20] === Processing: sample01_shifted ===
[melody2chord:lyrics_20] Output will be saved to: /data/home/fundwotsai/MIDI-SAG/generated_midi_right_key/lyrics_20/chord/
[melody2chord:lyrics_20] beat_file_path: None
[melody2chord:lyrics_20] Tempo from MIDI: 95.0 BPM (no beat file — skipping warp step)
[melody2chord:lyrics_20] processed_melody_path: /data/home/fundwotsai/MIDI-SAG/generated_midi_right_key/lyrics_20/chord/processed_melody/sample01_shifted.mid
[melody2chord:lyrics_20] Detected key: Db major (confidence: 0.82, Bellman-Budge)
[melody2chord:lyrics_20] Content bars: 23 -> Segmentation: A8B8A8 (total: 24)
[melody2chord:lyrics_20] Chorderator bars: 24 -> Segmentation: A8B8A8 (total: 24)
[melody2chord:lyrics_20] auto_config: {'note_shift': 76, 'segmentation': 'A8B8A8', 'analysis': {'total_bars': 28, 'empty_bars': 4, 'content_bars': 23, 'note_shift': 76, 'segmentation': 'A8B8A8', 'first_note_bar': 4.75, 'last_note_bar': 27.375, 'chorderator_bars': {'max_end_positions': 362, 'fixed_end_positions': 384, 'fixed_end_bars': 24, 'tempo': 94.99999208333399, 'unit': 0.15789475}}}
[melody2chord:lyrics_20] tempo for CDT: 95.0 BPM
[melody2chord:lyrics_20] max_end: 362.0
[melody2chord:lyrics_20] fixed_end: 384
[melody2chord:lyrics_20] 384
[melody2chord:lyrics_20] {'tonic': 'Db', 'mode': 'maj', 'tempo': 94.99999208333399, 'meter': '4/4', 'pos': ['x', 'x', 'x'], 'unit': 0.15789475}
[melody2chord:lyrics_20] Phrase length: 128 positions = 8 bars
[melody2chord:lyrics_20] Phrase length: 128 positions = 8 bars
[melody2chord:lyrics_20] Phrase length: 128 positions = 8 bars
[melody2chord:lyrics_20] [128, 128, 128]
[melody2chord:lyrics_20] Chord Progression
[melody2chord:lyrics_20] -Source: Niko_Kotoulas_Emotional_Chords_15_G#m-D#m-E-B_.mid
[melody2chord:lyrics_20] -Source Type: None
[melody2chord:lyrics_20] -Source Tonic: B
[melody2chord:lyrics_20] -Source Metre: 4/4
[melody2chord:lyrics_20] -Source Mode: M (M for Major and m for minor)
[melody2chord:lyrics_20] -Appeared Times: 1
[melody2chord:lyrics_20] -Appeared In Other Songs: 0
[melody2chord:lyrics_20] -Reliability: 1.0
[melody2chord:lyrics_20] -Progression Class: {'type': 'unknown', 'pattern': 'unknown', 'cycle': (1.0, 32), 'progression-style': 'emotional', 'chord-style': 'emotional', 'performing-style': 'unknown', 'rhythm': 'unknown', 'epic-endings': 'unknown', 'melodic': 'unknown', 'folder-id': 535, 'duplicate-id': 276, 'new_label': 'pop_complex'}
[melody2chord:lyrics_20] Numbered: 
[melody2chord:lyrics_20] | 6------- | 3------- | 4------- | 1------- | 6------- | 3------- | 4------- | 1------- | 
[melody2chord:lyrics_20] Chord: 
[melody2chord:lyrics_20] | 
[melody2chord:lyrics_20] | G#1------- | D#1------- | E 0------- | B 0------- | G#1------- | D#1------- | E 0------- | B 0------- | 
[melody2chord:lyrics_20] 
[melody2chord:lyrics_20] Chord Progression
[melody2chord:lyrics_20] -Source: Niko_Kotoulas_Emotional_Chords_15_G#m-D#m-E-B_.mid
[melody2chord:lyrics_20] -Source Type: None
[melody2chord:lyrics_20] -Source Tonic: B
[melody2chord:lyrics_20] -Source Metre: 4/4
[melody2chord:lyrics_20] -Source Mode: M (M for Major and m for minor)
[melody2chord:lyrics_20] -Appeared Times: 1
[melody2chord:lyrics_20] -Appeared In Other Songs: 0
[melody2chord:lyrics_20] -Reliability: 1.0
[melody2chord:lyrics_20] -Progression Class: {'type': 'unknown', 'pattern': 'unknown', 'cycle': (1.0, 32), 'progression-style': 'emotional', 'chord-style': 'emotional', 'performing-style': 'unknown', 'rhythm': 'unknown', 'epic-endings': 'unknown', 'melodic': 'unknown', 'folder-id': 535, 'duplicate-id': 276, 'new_label': 'pop_complex'}
[melody2chord:lyrics_20] Numbered: 
[melody2chord:lyrics_20] | 6------- | 3------- | 4------- | 1------- | 6------- | 3------- | 4------- | 1------- | 
[melody2chord:lyrics_20] Chord: 
[melody2chord:lyrics_20] | 
[melody2chord:lyrics_20] | G#1------- | D#1------- | E 0------- | B 0------- | G#1------- | D#1------- | E 0------- | B 0------- | 
[melody2chord:lyrics_20] 
[melody2chord:lyrics_20] Chord Progression
[melody2chord:lyrics_20] -Source: Niko_Kotoulas_EDM_7th_9th_Chords_16_C#m-B-G#m-F#_.mid
[melody2chord:lyrics_20] -Source Type: None
[melody2chord:lyrics_20] -Source Tonic: B
[melody2chord:lyrics_20] -Source Metre: 4/4
[melody2chord:lyrics_20] -Source Mode: M (M for Major and m for minor)
[melody2chord:lyrics_20] -Appeared Times: 1
[melody2chord:lyrics_20] -Appeared In Other Songs: 0
[melody2chord:lyrics_20] -Reliability: 1.0
[melody2chord:lyrics_20] -Progression Class: {'type': 'unknown', 'pattern': 'unknown', 'cycle': (0.9999999999999999, 32), 'progression-style': 'edm', 'chord-style': 'classy', 'performing-style': 'unknown', 'rhythm': 'unknown', 'epic-endings': 'unknown', 'melodic': 'unknown', 'folder-id': 531, 'duplicate-id': 221, 'new_label': 'pop_complex'}
[melody2chord:lyrics_20] Numbered: 
[melody2chord:lyrics_20] | 2------- | 1------- | 6------- | 5------- | 2------- | 1------- | 6------- | 5------- | 
[melody2chord:lyrics_20] Chord: 
[melody2chord:lyrics_20] | 
[melody2chord:lyrics_20] | C#1------- | B 0------- | G#1------- | F#0------- | C#1------- | B 0------- | G#1------- | F#0------- | 
[melody2chord:lyrics_20] 
[melody2chord:lyrics_20] Total: 3
[melody2chord:lyrics_20] 
[melody2chord:lyrics_20] === Aligning chord_gen TPQ ===
[melody2chord:lyrics_20] Original melody TPQ: 480
[melody2chord:lyrics_20] Chord gen TPQ: 220
[melody2chord:lyrics_20] TPQ ratio: 2.1818
[melody2chord:lyrics_20] Converted chord_gen TPQ from 220 to 480
[melody2chord:lyrics_20] Output saved to: /data/home/fundwotsai/MIDI-SAG/generated_midi_right_key/lyrics_20/chord/chord_gen/sample01_shifted_chord_gen.mid
[melody2chord:lyrics_20] Re-quantized 42 melody notes to 1/16 beat grid
[melody2chord:lyrics_20] === Fill Empty Bars with Chords ===
[melody2chord:lyrics_20] Original melody TPQ: 480
[melody2chord:lyrics_20] Chord gen TPQ: 480
[melody2chord:lyrics_20] TPQ ratio: 1.0000
[melody2chord:lyrics_20] Chords start at tick: 9120 (bar 4.75)
[melody2chord:lyrics_20] Empty bars to fill: 4
[melody2chord:lyrics_20] Prepending 0 bars and copying 23 chord notes to cover 4 leading bars
[melody2chord:lyrics_20] 
[melody2chord:lyrics_20] === Output Summary ===
[melody2chord:lyrics_20] Output TPQ: 480
[melody2chord:lyrics_20] Melody track notes: 124
[melody2chord:lyrics_20] Chord track notes: 167
[melody2chord:lyrics_20] First chord now at tick: 0
[melody2chord:lyrics_20] Last chord at tick: 53279
[melody2chord:lyrics_20] Output saved to: /data/home/fundwotsai/MIDI-SAG/generated_midi_right_key/lyrics_20/chord/chord_gen_filled_empty/sample01_shifted_chord_gen_filled_empty_bars.mid
[melody2chord:lyrics_20] === Quantizing melody to 1/16 notes ===
[melody2chord:lyrics_20] TPQ: 480
[melody2chord:lyrics_20] Ticks per 16th note: 120.0
[melody2chord:lyrics_20] Quantized 152 notes to 1/16 note positions
[melody2chord:lyrics_20] Output saved to: /data/home/fundwotsai/MIDI-SAG/generated_midi_right_key/lyrics_20/chord/chord_gen_quantized/sample01_shifted_chord_gen_quantized.mid
[melody2chord:lyrics_20] Extracted 115 beat-level chords from 'Chords' track
[melody2chord:lyrics_20] Chord times remapped to 111 beat positions (subdivision: quarter notes)
[melody2chord:lyrics_20] Filled 3 None chords
[melody2chord:lyrics_20] ✓ Successfully processed: sample01_shifted
[melody2chord:lyrics_20]   Key: Db major (confidence: 0.82)
[melody2chord:lyrics_20]   Tempo: 95.0 BPM (source: MIDI tempo)
[melody2chord:lyrics_20]   Chord Text: /data/home/fundwotsai/MIDI-SAG/generated_midi_right_key/lyrics_20/chord/chord_txt/sample01_shifted_chord_gen.txt
[melody2chord:lyrics_20]   BTC Text:   /data/home/fundwotsai/MIDI-SAG/generated_midi_right_key/lyrics_20/chord/btc_txt/sample01_shifted_chord_gen.txt
