[melody2chord:lyrics_59] /data/home/fundwotsai/MIDI-SAG/AccoMontage2/chorderator/utils/utils.py:24: UserWarning: Could not import FluidSynth, audio formats writing disabled
[melody2chord:lyrics_59]   warnings.warn('Could not import FluidSynth, audio formats writing disabled')
[melody2chord:lyrics_59] /home/fundwotsai/miniconda3/envs/midi-sag/lib/python3.9/site-packages/miditok/tokenizations/remi.py:88: UserWarning: Attribute controls are not compatible with 'config.one_token_stream_for_programs' and multi-vocabulary tokenizers. Disabling them from the config.
[melody2chord:lyrics_59]   super().__init__(tokenizer_config, params)
[melody2chord:lyrics_59] /data/home/fundwotsai/MIDI-SAG/AccoMontage2/chorderator/core.py:238: UserWarning: Meter auto set to 4/4/. Please set meter if this is not your expectation
[melody2chord:lyrics_59]   warnings.warn('Meter auto set to 4/4/. Please set meter if this is not your expectation')
[melody2chord:lyrics_59] @Chorderator 2026-04-14 12:24:24,976 - INFO - [1;30m start read progressions from dict [0m
[melody2chord:lyrics_59] @Chorderator 2026-04-14 12:24:31,589 - INFO - [1;30m read progressions done [0m
[melody2chord:lyrics_59] @Chorderator 2026-04-14 12:24:31,589 - INFO - [1;30m start read progression library from source_base.pnt [0m
[melody2chord:lyrics_59] @Chorderator 2026-04-14 12:24:37,893 - INFO - [1;30m read library done [0m
[melody2chord:lyrics_59] @Chorderator 2026-04-14 12:24:37,894 - WARNING - [1;33m Pre-processing... [0m
[melody2chord:lyrics_59] @Chorderator 2026-04-14 12:24:37,904 - WARNING - [1;33m Pre-process done! [0m
[melody2chord:lyrics_59] @Chorderator 2026-04-14 12:24:37,904 - WARNING - [1;33m Solving... [0m
[melody2chord:lyrics_59] @Chorderator 2026-04-14 12:24:37,904 - INFO - [1;30m start read progressions from rep [0m
[melody2chord:lyrics_59] @Chorderator 2026-04-14 12:24:37,936 - INFO - [1;30m read progressions done [0m
[melody2chord:lyrics_59] @Chorderator 2026-04-14 12:24:37,942 - INFO - [1;30m Melody length 3, generate progression with 63 templates [0m
[melody2chord:lyrics_59] @Chorderator 2026-04-14 12:24:38,014 - WARNING - [1;33m Solved! [0m
[melody2chord:lyrics_59] @Chorderator 2026-04-14 12:24:38,014 - WARNING - [1;33m Post-processing... [0m
[melody2chord:lyrics_59] @Chorderator 2026-04-14 12:24:38,020 - WARNING - [1;33m Post-process done! [0m
[melody2chord:lyrics_59] @Chorderator 2026-04-14 12:24:38,020 - WARNING - [1;33m Generating textures... [0m
[melody2chord:lyrics_59] @Chorderator 2026-04-14 12:24:38,020 - WARNING - [1;33m All process finished! [0m
[melody2chord:lyrics_59] 
[melody2chord:lyrics_59] === Processing: sample01_shifted ===
[melody2chord:lyrics_59] Output will be saved to: /data/home/fundwotsai/MIDI-SAG/generated_midi_right_key/lyrics_59/chord/
[melody2chord:lyrics_59] beat_file_path: None
[melody2chord:lyrics_59] Tempo from MIDI: 135.0 BPM (no beat file — skipping warp step)
[melody2chord:lyrics_59] processed_melody_path: /data/home/fundwotsai/MIDI-SAG/generated_midi_right_key/lyrics_59/chord/processed_melody/sample01_shifted.mid
[melody2chord:lyrics_59] Detected key: E major (confidence: 0.52, Bellman-Budge)
[melody2chord:lyrics_59] Content bars: 25 -> Segmentation: A8B8A8B4 (total: 28)
[melody2chord:lyrics_59] Chorderator bars: 24 -> Segmentation: A8B8A8 (total: 24)
[melody2chord:lyrics_59] auto_config: {'note_shift': 78, 'segmentation': 'A8B8A8', 'analysis': {'total_bars': 30, 'empty_bars': 4, 'content_bars': 25, 'note_shift': 78, 'segmentation': 'A8B8A8', 'first_note_bar': 4.875, 'last_note_bar': 29.5, 'chorderator_bars': {'max_end_positions': 394, 'fixed_end_positions': 384, 'fixed_end_bars': 24, 'tempo': 135.000135000135, 'unit': 0.111111}}}
[melody2chord:lyrics_59] tempo for CDT: 135.0 BPM
[melody2chord:lyrics_59] max_end: 394.0
[melody2chord:lyrics_59] fixed_end: 384
[melody2chord:lyrics_59] 384
[melody2chord:lyrics_59] {'tonic': 'E', 'mode': 'maj', 'tempo': 135.000135000135, 'meter': '4/4', 'pos': ['x', 'x', 'x'], 'unit': 0.111111}
[melody2chord:lyrics_59] Phrase length: 128 positions = 8 bars
[melody2chord:lyrics_59] Phrase length: 128 positions = 8 bars
[melody2chord:lyrics_59] Phrase length: 128 positions = 8 bars
[melody2chord:lyrics_59] [128, 128, 128]
[melody2chord:lyrics_59] Chord Progression
[melody2chord:lyrics_59] -Source: Niko_Kotoulas_Pop_7th_9th_Chords_18_G#m-B-E-F#_.mid
[melody2chord:lyrics_59] -Source Type: None
[melody2chord:lyrics_59] -Source Tonic: B
[melody2chord:lyrics_59] -Source Metre: 4/4
[melody2chord:lyrics_59] -Source Mode: M (M for Major and m for minor)
[melody2chord:lyrics_59] -Appeared Times: 1
[melody2chord:lyrics_59] -Appeared In Other Songs: 0
[melody2chord:lyrics_59] -Reliability: 1.0
[melody2chord:lyrics_59] -Progression Class: {'type': 'unknown', 'pattern': 'unknown', 'cycle': (1.0, 32), 'progression-style': 'pop', 'chord-style': 'classy', 'performing-style': 'unknown', 'rhythm': 'unknown', 'epic-endings': 'unknown', 'melodic': 'unknown', 'folder-id': 528, 'duplicate-id': 180, 'new_label': 'pop_complex'}
[melody2chord:lyrics_59] Numbered: 
[melody2chord:lyrics_59] | 6------- | 1------- | 4------- | 5------- | 6------- | 1------- | 4------- | 5------- | 
[melody2chord:lyrics_59] Chord: 
[melody2chord:lyrics_59] | 
[melody2chord:lyrics_59] | G#1------- | B 0------- | E 0------- | F#0------- | G#1------- | B 0------- | E 0------- | F#0------- | 
[melody2chord:lyrics_59] 
[melody2chord:lyrics_59] Chord Progression
[melody2chord:lyrics_59] -Source: Niko_Kotoulas_Pop_7th_9th_Chords_18_G#m-B-E-F#_.mid
[melody2chord:lyrics_59] -Source Type: None
[melody2chord:lyrics_59] -Source Tonic: B
[melody2chord:lyrics_59] -Source Metre: 4/4
[melody2chord:lyrics_59] -Source Mode: M (M for Major and m for minor)
[melody2chord:lyrics_59] -Appeared Times: 1
[melody2chord:lyrics_59] -Appeared In Other Songs: 0
[melody2chord:lyrics_59] -Reliability: 1.0
[melody2chord:lyrics_59] -Progression Class: {'type': 'unknown', 'pattern': 'unknown', 'cycle': (1.0, 32), 'progression-style': 'pop', 'chord-style': 'classy', 'performing-style': 'unknown', 'rhythm': 'unknown', 'epic-endings': 'unknown', 'melodic': 'unknown', 'folder-id': 528, 'duplicate-id': 180, 'new_label': 'pop_complex'}
[melody2chord:lyrics_59] Numbered: 
[melody2chord:lyrics_59] | 6------- | 1------- | 4------- | 5------- | 6------- | 1------- | 4------- | 5------- | 
[melody2chord:lyrics_59] Chord: 
[melody2chord:lyrics_59] | 
[melody2chord:lyrics_59] | G#1------- | B 0------- | E 0------- | F#0------- | G#1------- | B 0------- | E 0------- | F#0------- | 
[melody2chord:lyrics_59] 
[melody2chord:lyrics_59] Chord Progression
[melody2chord:lyrics_59] -Source: Niko_Kotoulas_Pop_7th_9th_Chords_7_B-G#m-B-G#m_.mid
[melody2chord:lyrics_59] -Source Type: None
[melody2chord:lyrics_59] -Source Tonic: B
[melody2chord:lyrics_59] -Source Metre: 4/4
[melody2chord:lyrics_59] -Source Mode: M (M for Major and m for minor)
[melody2chord:lyrics_59] -Appeared Times: 1
[melody2chord:lyrics_59] -Appeared In Other Songs: 0
[melody2chord:lyrics_59] -Reliability: 1.0
[melody2chord:lyrics_59] -Progression Class: {'type': 'unknown', 'pattern': 'unknown', 'cycle': (1.0, 16), 'progression-style': 'pop', 'chord-style': 'classy', 'performing-style': 'unknown', 'rhythm': 'unknown', 'epic-endings': 'unknown', 'melodic': 'unknown', 'folder-id': 528, 'duplicate-id': 174, 'new_label': 'pop_complex'}
[melody2chord:lyrics_59] Numbered: 
[melody2chord:lyrics_59] | 1------- | 6------- | 1------- | 6------- | 1------- | 6------- | 1------- | 6------- | 
[melody2chord:lyrics_59] Chord: 
[melody2chord:lyrics_59] | 
[melody2chord:lyrics_59] | B 0------- | G#1------- | B 0------- | G#1------- | B 0------- | G#1------- | B 0------- | G#1------- | 
[melody2chord:lyrics_59] 
[melody2chord:lyrics_59] Total: 3
[melody2chord:lyrics_59] 
[melody2chord:lyrics_59] === Aligning chord_gen TPQ ===
[melody2chord:lyrics_59] Original melody TPQ: 480
[melody2chord:lyrics_59] Chord gen TPQ: 220
[melody2chord:lyrics_59] TPQ ratio: 2.1818
[melody2chord:lyrics_59] Converted chord_gen TPQ from 220 to 480
[melody2chord:lyrics_59] Output saved to: /data/home/fundwotsai/MIDI-SAG/generated_midi_right_key/lyrics_59/chord/chord_gen/sample01_shifted_chord_gen.mid
[melody2chord:lyrics_59] Re-quantized 62 melody notes to 1/16 beat grid
[melody2chord:lyrics_59] === Fill Empty Bars with Chords ===
[melody2chord:lyrics_59] Original melody TPQ: 480
[melody2chord:lyrics_59] Chord gen TPQ: 480
[melody2chord:lyrics_59] TPQ ratio: 1.0000
[melody2chord:lyrics_59] Chords start at tick: 9360 (bar 4.88)
[melody2chord:lyrics_59] Empty bars to fill: 4
[melody2chord:lyrics_59] Prepending 0 bars and copying 22 chord notes to cover 4 leading bars
[melody2chord:lyrics_59] 
[melody2chord:lyrics_59] === Output Summary ===
[melody2chord:lyrics_59] Output TPQ: 480
[melody2chord:lyrics_59] Melody track notes: 123
[melody2chord:lyrics_59] Chord track notes: 152
[melody2chord:lyrics_59] First chord now at tick: 0
[melody2chord:lyrics_59] Last chord at tick: 53519
[melody2chord:lyrics_59] Output saved to: /data/home/fundwotsai/MIDI-SAG/generated_midi_right_key/lyrics_59/chord/chord_gen_filled_empty/sample01_shifted_chord_gen_filled_empty_bars.mid
[melody2chord:lyrics_59] === Quantizing melody to 1/16 notes ===
[melody2chord:lyrics_59] TPQ: 480
[melody2chord:lyrics_59] Ticks per 16th note: 120.0
[melody2chord:lyrics_59] Quantized 141 notes to 1/16 note positions
[melody2chord:lyrics_59] Output saved to: /data/home/fundwotsai/MIDI-SAG/generated_midi_right_key/lyrics_59/chord/chord_gen_quantized/sample01_shifted_chord_gen_quantized.mid
[melody2chord:lyrics_59] Extracted 115 beat-level chords from 'Chords' track
[melody2chord:lyrics_59] Chord times remapped to 120 beat positions (subdivision: quarter notes)
[melody2chord:lyrics_59] Filled 4 None chords
[melody2chord:lyrics_59] ✓ Successfully processed: sample01_shifted
[melody2chord:lyrics_59]   Key: E major (confidence: 0.52)
[melody2chord:lyrics_59]   Tempo: 135.0 BPM (source: MIDI tempo)
[melody2chord:lyrics_59]   Chord Text: /data/home/fundwotsai/MIDI-SAG/generated_midi_right_key/lyrics_59/chord/chord_txt/sample01_shifted_chord_gen.txt
[melody2chord:lyrics_59]   BTC Text:   /data/home/fundwotsai/MIDI-SAG/generated_midi_right_key/lyrics_59/chord/btc_txt/sample01_shifted_chord_gen.txt
