[melody2chord:lyrics_119] /data/home/fundwotsai/MIDI-SAG/AccoMontage2/chorderator/utils/utils.py:24: UserWarning: Could not import FluidSynth, audio formats writing disabled
[melody2chord:lyrics_119]   warnings.warn('Could not import FluidSynth, audio formats writing disabled')
[melody2chord:lyrics_119] /home/fundwotsai/miniconda3/envs/midi-sag/lib/python3.9/site-packages/miditok/tokenizations/remi.py:88: UserWarning: Attribute controls are not compatible with 'config.one_token_stream_for_programs' and multi-vocabulary tokenizers. Disabling them from the config.
[melody2chord:lyrics_119]   super().__init__(tokenizer_config, params)
[melody2chord:lyrics_119] /data/home/fundwotsai/MIDI-SAG/AccoMontage2/chorderator/core.py:238: UserWarning: Meter auto set to 4/4/. Please set meter if this is not your expectation
[melody2chord:lyrics_119]   warnings.warn('Meter auto set to 4/4/. Please set meter if this is not your expectation')
[melody2chord:lyrics_119] @Chorderator 2026-04-14 11:28:08,467 - INFO - [1;30m start read progressions from dict [0m
[melody2chord:lyrics_119] @Chorderator 2026-04-14 11:28:16,552 - INFO - [1;30m read progressions done [0m
[melody2chord:lyrics_119] @Chorderator 2026-04-14 11:28:16,553 - INFO - [1;30m start read progression library from source_base.pnt [0m
[melody2chord:lyrics_119] @Chorderator 2026-04-14 11:28:23,641 - INFO - [1;30m read library done [0m
[melody2chord:lyrics_119] @Chorderator 2026-04-14 11:28:23,642 - WARNING - [1;33m Pre-processing... [0m
[melody2chord:lyrics_119] @Chorderator 2026-04-14 11:28:23,654 - WARNING - [1;33m Pre-process done! [0m
[melody2chord:lyrics_119] @Chorderator 2026-04-14 11:28:23,654 - WARNING - [1;33m Solving... [0m
[melody2chord:lyrics_119] @Chorderator 2026-04-14 11:28:23,654 - INFO - [1;30m start read progressions from rep [0m
[melody2chord:lyrics_119] @Chorderator 2026-04-14 11:28:23,687 - INFO - [1;30m read progressions done [0m
[melody2chord:lyrics_119] @Chorderator 2026-04-14 11:28:23,693 - INFO - [1;30m Melody length 3, generate progression with 63 templates [0m
[melody2chord:lyrics_119] @Chorderator 2026-04-14 11:28:23,769 - WARNING - [1;33m Solved! [0m
[melody2chord:lyrics_119] @Chorderator 2026-04-14 11:28:23,769 - WARNING - [1;33m Post-processing... [0m
[melody2chord:lyrics_119] @Chorderator 2026-04-14 11:28:23,775 - WARNING - [1;33m Post-process done! [0m
[melody2chord:lyrics_119] @Chorderator 2026-04-14 11:28:23,775 - WARNING - [1;33m Generating textures... [0m
[melody2chord:lyrics_119] @Chorderator 2026-04-14 11:28:23,776 - WARNING - [1;33m All process finished! [0m
[melody2chord:lyrics_119] 
[melody2chord:lyrics_119] === Processing: sample01_shifted ===
[melody2chord:lyrics_119] Output will be saved to: /data/home/fundwotsai/MIDI-SAG/generated_midi_right_key/lyrics_119/chord/
[melody2chord:lyrics_119] beat_file_path: None
[melody2chord:lyrics_119] Tempo from MIDI: 78.0 BPM (no beat file — skipping warp step)
[melody2chord:lyrics_119] processed_melody_path: /data/home/fundwotsai/MIDI-SAG/generated_midi_right_key/lyrics_119/chord/processed_melody/sample01_shifted.mid
[melody2chord:lyrics_119] Detected key: F major (confidence: 0.56, Bellman-Budge)
[melody2chord:lyrics_119] Content bars: 18 -> Segmentation: A8B8A4 (total: 20)
[melody2chord:lyrics_119] Chorderator bars: 20 -> Segmentation: A8B8A4 (total: 20)
[melody2chord:lyrics_119] auto_config: {'note_shift': 68, 'segmentation': 'A8B8A4', 'analysis': {'total_bars': 23, 'empty_bars': 4, 'content_bars': 18, 'note_shift': 68, 'segmentation': 'A8B8A4', 'first_note_bar': 4.25, 'last_note_bar': 22.75, 'chorderator_bars': {'max_end_positions': 296, 'fixed_end_positions': 320, 'fixed_end_bars': 20, 'tempo': 77.99997660000703, 'unit': 0.19230774999999997}}}
[melody2chord:lyrics_119] tempo for CDT: 78.0 BPM
[melody2chord:lyrics_119] max_end: 296.0
[melody2chord:lyrics_119] fixed_end: 320
[melody2chord:lyrics_119] 320
[melody2chord:lyrics_119] {'tonic': 'F', 'mode': 'maj', 'tempo': 77.99997660000702, 'meter': '4/4', 'pos': ['x', 'x', 'x'], 'unit': 0.19230775}
[melody2chord:lyrics_119] Phrase length: 128 positions = 8 bars
[melody2chord:lyrics_119] Phrase length: 128 positions = 8 bars
[melody2chord:lyrics_119] Phrase length: 64 positions = 4 bars
[melody2chord:lyrics_119] [128, 128, 64]
[melody2chord:lyrics_119] Chord Progression
[melody2chord:lyrics_119] -Source: Niko_Kotoulas_Pop_7th_9th_Chords_7_B-G#m-B-G#m_.mid
[melody2chord:lyrics_119] -Source Type: None
[melody2chord:lyrics_119] -Source Tonic: B
[melody2chord:lyrics_119] -Source Metre: 4/4
[melody2chord:lyrics_119] -Source Mode: M (M for Major and m for minor)
[melody2chord:lyrics_119] -Appeared Times: 1
[melody2chord:lyrics_119] -Appeared In Other Songs: 0
[melody2chord:lyrics_119] -Reliability: 1.0
[melody2chord:lyrics_119] -Progression Class: {'type': 'unknown', 'pattern': 'unknown', 'cycle': (1.0, 16), 'progression-style': 'pop', 'chord-style': 'classy', 'performing-style': 'unknown', 'rhythm': 'unknown', 'epic-endings': 'unknown', 'melodic': 'unknown', 'folder-id': 528, 'duplicate-id': 174, 'new_label': 'pop_complex'}
[melody2chord:lyrics_119] Numbered: 
[melody2chord:lyrics_119] | 1------- | 6------- | 1------- | 6------- | 1------- | 6------- | 1------- | 6------- | 
[melody2chord:lyrics_119] Chord: 
[melody2chord:lyrics_119] | 
[melody2chord:lyrics_119] | B 0------- | G#1------- | B 0------- | G#1------- | B 0------- | G#1------- | B 0------- | G#1------- | 
[melody2chord:lyrics_119] 
[melody2chord:lyrics_119] Chord Progression
[melody2chord:lyrics_119] -Source: Niko_Kotoulas_EDM_7th_9th_Chords_9_F#-G#m-E-B_.mid
[melody2chord:lyrics_119] -Source Type: None
[melody2chord:lyrics_119] -Source Tonic: B
[melody2chord:lyrics_119] -Source Metre: 4/4
[melody2chord:lyrics_119] -Source Mode: M (M for Major and m for minor)
[melody2chord:lyrics_119] -Appeared Times: 1
[melody2chord:lyrics_119] -Appeared In Other Songs: 0
[melody2chord:lyrics_119] -Reliability: 1.0
[melody2chord:lyrics_119] -Progression Class: {'type': 'unknown', 'pattern': 'unknown', 'cycle': (1.0, 32), 'progression-style': 'edm', 'chord-style': 'classy', 'performing-style': 'unknown', 'rhythm': 'unknown', 'epic-endings': 'unknown', 'melodic': 'unknown', 'folder-id': 531, 'duplicate-id': 209, 'new_label': 'pop_complex'}
[melody2chord:lyrics_119] Numbered: 
[melody2chord:lyrics_119] | 5------- | 6------- | 4------- | 1------- | 5------- | 6------- | 4------- | 1------- | 
[melody2chord:lyrics_119] Chord: 
[melody2chord:lyrics_119] | 
[melody2chord:lyrics_119] | F#0------- | G#1------- | E 0------- | B 0------- | F#0------- | G#1------- | E 0------- | B 0------- | 
[melody2chord:lyrics_119] 
[melody2chord:lyrics_119] Chord Progression
[melody2chord:lyrics_119] -Source: Niko_Kotoulas_ChordProg_8_G#m-B-F#-G#m (vi-I-V-vi).mid
[melody2chord:lyrics_119] -Source Type: None
[melody2chord:lyrics_119] -Source Tonic: B
[melody2chord:lyrics_119] -Source Metre: 4/4
[melody2chord:lyrics_119] -Source Mode: M (M for Major and m for minor)
[melody2chord:lyrics_119] -Appeared Times: 1
[melody2chord:lyrics_119] -Appeared In Other Songs: 0
[melody2chord:lyrics_119] -Reliability: 0.9
[melody2chord:lyrics_119] -Progression Class: {'type': 'unknown', 'pattern': 'vi-I-V-vi', 'cycle': (-0.49999999999999994, 8), 'progression-style': 'unknown', 'chord-style': 'unknown', 'performing-style': 'unknown', 'rhythm': 'unknown', 'epic-endings': 'unknown', 'melodic': 'unknown', 'folder-id': 182, 'duplicate-id': 97, 'new_label': 'unknown'}
[melody2chord:lyrics_119] Numbered: 
[melody2chord:lyrics_119] | 6------- | 1------- | 5------- | 6------- | 
[melody2chord:lyrics_119] Chord: 
[melody2chord:lyrics_119] | G#1------- | B 0------- | F#0------- | G#1------- | 
[melody2chord:lyrics_119] 
[melody2chord:lyrics_119] Total: 3
[melody2chord:lyrics_119] 
[melody2chord:lyrics_119] === Aligning chord_gen TPQ ===
[melody2chord:lyrics_119] Original melody TPQ: 480
[melody2chord:lyrics_119] Chord gen TPQ: 220
[melody2chord:lyrics_119] TPQ ratio: 2.1818
[melody2chord:lyrics_119] Converted chord_gen TPQ from 220 to 480
[melody2chord:lyrics_119] Output saved to: /data/home/fundwotsai/MIDI-SAG/generated_midi_right_key/lyrics_119/chord/chord_gen/sample01_shifted_chord_gen.mid
[melody2chord:lyrics_119] Re-quantized 52 melody notes to 1/16 beat grid
[melody2chord:lyrics_119] === Fill Empty Bars with Chords ===
[melody2chord:lyrics_119] Original melody TPQ: 480
[melody2chord:lyrics_119] Chord gen TPQ: 480
[melody2chord:lyrics_119] TPQ ratio: 1.0000
[melody2chord:lyrics_119] Chords start at tick: 8159 (bar 4.25)
[melody2chord:lyrics_119] Empty bars to fill: 4
[melody2chord:lyrics_119] Prepending 0 bars and copying 20 chord notes to cover 4 leading bars
[melody2chord:lyrics_119] 
[melody2chord:lyrics_119] === Output Summary ===
[melody2chord:lyrics_119] Output TPQ: 480
[melody2chord:lyrics_119] Melody track notes: 126
[melody2chord:lyrics_119] Chord track notes: 136
[melody2chord:lyrics_119] First chord now at tick: 0
[melody2chord:lyrics_119] Last chord at tick: 44640
[melody2chord:lyrics_119] Output saved to: /data/home/fundwotsai/MIDI-SAG/generated_midi_right_key/lyrics_119/chord/chord_gen_filled_empty/sample01_shifted_chord_gen_filled_empty_bars.mid
[melody2chord:lyrics_119] === Quantizing melody to 1/16 notes ===
[melody2chord:lyrics_119] TPQ: 480
[melody2chord:lyrics_119] Ticks per 16th note: 120.0
[melody2chord:lyrics_119] Quantized 147 notes to 1/16 note positions
[melody2chord:lyrics_119] Output saved to: /data/home/fundwotsai/MIDI-SAG/generated_midi_right_key/lyrics_119/chord/chord_gen_quantized/sample01_shifted_chord_gen_quantized.mid
[melody2chord:lyrics_119] Extracted 97 beat-level chords from 'Chords' track
[melody2chord:lyrics_119] Chord times remapped to 93 beat positions (subdivision: quarter notes)
[melody2chord:lyrics_119] Filled 1 None chords
[melody2chord:lyrics_119] ✓ Successfully processed: sample01_shifted
[melody2chord:lyrics_119]   Key: F major (confidence: 0.56)
[melody2chord:lyrics_119]   Tempo: 78.0 BPM (source: MIDI tempo)
[melody2chord:lyrics_119]   Chord Text: /data/home/fundwotsai/MIDI-SAG/generated_midi_right_key/lyrics_119/chord/chord_txt/sample01_shifted_chord_gen.txt
[melody2chord:lyrics_119]   BTC Text:   /data/home/fundwotsai/MIDI-SAG/generated_midi_right_key/lyrics_119/chord/btc_txt/sample01_shifted_chord_gen.txt
