[melody2chord:lyrics_23] /data/home/fundwotsai/MIDI-SAG/AccoMontage2/chorderator/utils/utils.py:24: UserWarning: Could not import FluidSynth, audio formats writing disabled
[melody2chord:lyrics_23]   warnings.warn('Could not import FluidSynth, audio formats writing disabled')
[melody2chord:lyrics_23] /home/fundwotsai/miniconda3/envs/midi-sag/lib/python3.9/site-packages/miditok/tokenizations/remi.py:88: UserWarning: Attribute controls are not compatible with 'config.one_token_stream_for_programs' and multi-vocabulary tokenizers. Disabling them from the config.
[melody2chord:lyrics_23]   super().__init__(tokenizer_config, params)
[melody2chord:lyrics_23] /data/home/fundwotsai/MIDI-SAG/AccoMontage2/chorderator/core.py:238: UserWarning: Meter auto set to 4/4/. Please set meter if this is not your expectation
[melody2chord:lyrics_23]   warnings.warn('Meter auto set to 4/4/. Please set meter if this is not your expectation')
[melody2chord:lyrics_23] @Chorderator 2026-04-14 12:08:44,884 - INFO - [1;30m start read progressions from dict [0m
[melody2chord:lyrics_23] @Chorderator 2026-04-14 12:08:52,939 - INFO - [1;30m read progressions done [0m
[melody2chord:lyrics_23] @Chorderator 2026-04-14 12:08:52,939 - INFO - [1;30m start read progression library from source_base.pnt [0m
[melody2chord:lyrics_23] @Chorderator 2026-04-14 12:08:59,600 - INFO - [1;30m read library done [0m
[melody2chord:lyrics_23] @Chorderator 2026-04-14 12:08:59,600 - WARNING - [1;33m Pre-processing... [0m
[melody2chord:lyrics_23] @Chorderator 2026-04-14 12:08:59,610 - WARNING - [1;33m Pre-process done! [0m
[melody2chord:lyrics_23] @Chorderator 2026-04-14 12:08:59,611 - WARNING - [1;33m Solving... [0m
[melody2chord:lyrics_23] @Chorderator 2026-04-14 12:08:59,611 - INFO - [1;30m start read progressions from rep [0m
[melody2chord:lyrics_23] @Chorderator 2026-04-14 12:08:59,643 - INFO - [1;30m read progressions done [0m
[melody2chord:lyrics_23] @Chorderator 2026-04-14 12:08:59,649 - INFO - [1;30m Melody length 3, generate progression with 63 templates [0m
[melody2chord:lyrics_23] @Chorderator 2026-04-14 12:08:59,721 - WARNING - [1;33m Solved! [0m
[melody2chord:lyrics_23] @Chorderator 2026-04-14 12:08:59,721 - WARNING - [1;33m Post-processing... [0m
[melody2chord:lyrics_23] @Chorderator 2026-04-14 12:08:59,727 - WARNING - [1;33m Post-process done! [0m
[melody2chord:lyrics_23] @Chorderator 2026-04-14 12:08:59,727 - WARNING - [1;33m Generating textures... [0m
[melody2chord:lyrics_23] @Chorderator 2026-04-14 12:08:59,728 - WARNING - [1;33m All process finished! [0m
[melody2chord:lyrics_23] 
[melody2chord:lyrics_23] === Processing: sample01_shifted ===
[melody2chord:lyrics_23] Output will be saved to: /data/home/fundwotsai/MIDI-SAG/generated_midi_right_key/lyrics_23/chord/
[melody2chord:lyrics_23] beat_file_path: None
[melody2chord:lyrics_23] Tempo from MIDI: 95.0 BPM (no beat file — skipping warp step)
[melody2chord:lyrics_23] processed_melody_path: /data/home/fundwotsai/MIDI-SAG/generated_midi_right_key/lyrics_23/chord/processed_melody/sample01_shifted.mid
[melody2chord:lyrics_23] Detected key: G major (confidence: 0.88, Bellman-Budge)
[melody2chord:lyrics_23] Content bars: 22 -> Segmentation: A8B8A8 (total: 24)
[melody2chord:lyrics_23] Chorderator bars: 24 -> Segmentation: A8B8A8 (total: 24)
[melody2chord:lyrics_23] auto_config: {'note_shift': 72, 'segmentation': 'A8B8A8', 'analysis': {'total_bars': 27, 'empty_bars': 4, 'content_bars': 22, 'note_shift': 72, 'segmentation': 'A8B8A8', 'first_note_bar': 4.5, 'last_note_bar': 26.875, 'chorderator_bars': {'max_end_positions': 358, 'fixed_end_positions': 384, 'fixed_end_bars': 24, 'tempo': 94.99999208333399, 'unit': 0.15789475}}}
[melody2chord:lyrics_23] tempo for CDT: 95.0 BPM
[melody2chord:lyrics_23] max_end: 358.0
[melody2chord:lyrics_23] fixed_end: 384
[melody2chord:lyrics_23] 384
[melody2chord:lyrics_23] {'tonic': 'G', 'mode': 'maj', 'tempo': 94.99999208333399, 'meter': '4/4', 'pos': ['x', 'x', 'x'], 'unit': 0.15789475}
[melody2chord:lyrics_23] Phrase length: 128 positions = 8 bars
[melody2chord:lyrics_23] Phrase length: 128 positions = 8 bars
[melody2chord:lyrics_23] Phrase length: 128 positions = 8 bars
[melody2chord:lyrics_23] [128, 128, 128]
[melody2chord:lyrics_23] Chord Progression
[melody2chord:lyrics_23] -Source: Niko_Kotoulas_Pop_7th_9th_Chords_8_B-Em-B-Em_.mid
[melody2chord:lyrics_23] -Source Type: None
[melody2chord:lyrics_23] -Source Tonic: B
[melody2chord:lyrics_23] -Source Metre: 4/4
[melody2chord:lyrics_23] -Source Mode: M (M for Major and m for minor)
[melody2chord:lyrics_23] -Appeared Times: 1
[melody2chord:lyrics_23] -Appeared In Other Songs: 0
[melody2chord:lyrics_23] -Reliability: 1.0
[melody2chord:lyrics_23] -Progression Class: {'type': 'unknown', 'pattern': 'unknown', 'cycle': (1.0, 16), 'progression-style': 'pop', 'chord-style': 'classy', 'performing-style': 'unknown', 'rhythm': 'unknown', 'epic-endings': 'unknown', 'melodic': 'unknown', 'folder-id': 528, 'duplicate-id': 154, 'new_label': 'pop_complex'}
[melody2chord:lyrics_23] Numbered: 
[melody2chord:lyrics_23] | 1------- | 4------- | 1------- | 4------- | 1------- | 4------- | 1------- | 4------- | 
[melody2chord:lyrics_23] Chord: 
[melody2chord:lyrics_23] | 
[melody2chord:lyrics_23] | B 0------- | E 1------- | B 0------- | E 1------- | B 0------- | E 1------- | B 0------- | E 1------- | 
[melody2chord:lyrics_23] 
[melody2chord:lyrics_23] Chord Progression
[melody2chord:lyrics_23] -Source: Niko_Kotoulas_Pop_7th_9th_Chords_8_B-Em-B-Em_.mid
[melody2chord:lyrics_23] -Source Type: None
[melody2chord:lyrics_23] -Source Tonic: B
[melody2chord:lyrics_23] -Source Metre: 4/4
[melody2chord:lyrics_23] -Source Mode: M (M for Major and m for minor)
[melody2chord:lyrics_23] -Appeared Times: 1
[melody2chord:lyrics_23] -Appeared In Other Songs: 0
[melody2chord:lyrics_23] -Reliability: 1.0
[melody2chord:lyrics_23] -Progression Class: {'type': 'unknown', 'pattern': 'unknown', 'cycle': (1.0, 16), 'progression-style': 'pop', 'chord-style': 'classy', 'performing-style': 'unknown', 'rhythm': 'unknown', 'epic-endings': 'unknown', 'melodic': 'unknown', 'folder-id': 528, 'duplicate-id': 154, 'new_label': 'pop_complex'}
[melody2chord:lyrics_23] Numbered: 
[melody2chord:lyrics_23] | 1------- | 4------- | 1------- | 4------- | 1------- | 4------- | 1------- | 4------- | 
[melody2chord:lyrics_23] Chord: 
[melody2chord:lyrics_23] | 
[melody2chord:lyrics_23] | B 0------- | E 1------- | B 0------- | E 1------- | B 0------- | E 1------- | B 0------- | E 1------- | 
[melody2chord:lyrics_23] 
[melody2chord:lyrics_23] Chord Progression
[melody2chord:lyrics_23] -Source: Niko_Kotoulas_Pop_7th_9th_Chords_6_B-E-F#-B_.mid
[melody2chord:lyrics_23] -Source Type: None
[melody2chord:lyrics_23] -Source Tonic: B
[melody2chord:lyrics_23] -Source Metre: 4/4
[melody2chord:lyrics_23] -Source Mode: M (M for Major and m for minor)
[melody2chord:lyrics_23] -Appeared Times: 1
[melody2chord:lyrics_23] -Appeared In Other Songs: 0
[melody2chord:lyrics_23] -Reliability: 1.0
[melody2chord:lyrics_23] -Progression Class: {'type': 'unknown', 'pattern': 'unknown', 'cycle': (1.0, 32), 'progression-style': 'pop', 'chord-style': 'classy', 'performing-style': 'unknown', 'rhythm': 'unknown', 'epic-endings': 'unknown', 'melodic': 'unknown', 'folder-id': 528, 'duplicate-id': 157, 'new_label': 'pop_complex'}
[melody2chord:lyrics_23] Numbered: 
[melody2chord:lyrics_23] | 1------- | 4------- | 5------- | 1------- | 1------- | 4------- | 5------- | 1------- | 
[melody2chord:lyrics_23] Chord: 
[melody2chord:lyrics_23] | 
[melody2chord:lyrics_23] | B 0------- | E 0------- | F#0------- | B 0------- | B 0------- | E 0------- | F#0------- | B 0------- | 
[melody2chord:lyrics_23] 
[melody2chord:lyrics_23] Total: 3
[melody2chord:lyrics_23] 
[melody2chord:lyrics_23] === Aligning chord_gen TPQ ===
[melody2chord:lyrics_23] Original melody TPQ: 480
[melody2chord:lyrics_23] Chord gen TPQ: 220
[melody2chord:lyrics_23] TPQ ratio: 2.1818
[melody2chord:lyrics_23] Converted chord_gen TPQ from 220 to 480
[melody2chord:lyrics_23] Output saved to: /data/home/fundwotsai/MIDI-SAG/generated_midi_right_key/lyrics_23/chord/chord_gen/sample01_shifted_chord_gen.mid
[melody2chord:lyrics_23] Re-quantized 43 melody notes to 1/16 beat grid
[melody2chord:lyrics_23] === Fill Empty Bars with Chords ===
[melody2chord:lyrics_23] Original melody TPQ: 480
[melody2chord:lyrics_23] Chord gen TPQ: 480
[melody2chord:lyrics_23] TPQ ratio: 1.0000
[melody2chord:lyrics_23] Chords start at tick: 8640 (bar 4.50)
[melody2chord:lyrics_23] Empty bars to fill: 4
[melody2chord:lyrics_23] Prepending 0 bars and copying 36 chord notes to cover 4 leading bars
[melody2chord:lyrics_23] 
[melody2chord:lyrics_23] === Output Summary ===
[melody2chord:lyrics_23] Output TPQ: 480
[melody2chord:lyrics_23] Melody track notes: 125
[melody2chord:lyrics_23] Chord track notes: 184
[melody2chord:lyrics_23] First chord now at tick: 0
[melody2chord:lyrics_23] Last chord at tick: 52799
[melody2chord:lyrics_23] Output saved to: /data/home/fundwotsai/MIDI-SAG/generated_midi_right_key/lyrics_23/chord/chord_gen_filled_empty/sample01_shifted_chord_gen_filled_empty_bars.mid
[melody2chord:lyrics_23] === Quantizing melody to 1/16 notes ===
[melody2chord:lyrics_23] TPQ: 480
[melody2chord:lyrics_23] Ticks per 16th note: 120.0
[melody2chord:lyrics_23] Quantized 154 notes to 1/16 note positions
[melody2chord:lyrics_23] Output saved to: /data/home/fundwotsai/MIDI-SAG/generated_midi_right_key/lyrics_23/chord/chord_gen_quantized/sample01_shifted_chord_gen_quantized.mid
[melody2chord:lyrics_23] Extracted 114 beat-level chords from 'Chords' track
[melody2chord:lyrics_23] Chord times remapped to 109 beat positions (subdivision: quarter notes)
[melody2chord:lyrics_23] ✓ Successfully processed: sample01_shifted
[melody2chord:lyrics_23]   Key: G major (confidence: 0.88)
[melody2chord:lyrics_23]   Tempo: 95.0 BPM (source: MIDI tempo)
[melody2chord:lyrics_23]   Chord Text: /data/home/fundwotsai/MIDI-SAG/generated_midi_right_key/lyrics_23/chord/chord_txt/sample01_shifted_chord_gen.txt
[melody2chord:lyrics_23]   BTC Text:   /data/home/fundwotsai/MIDI-SAG/generated_midi_right_key/lyrics_23/chord/btc_txt/sample01_shifted_chord_gen.txt
