[melody2chord:lyrics_39] /data/home/fundwotsai/MIDI-SAG/AccoMontage2/chorderator/utils/utils.py:24: UserWarning: Could not import FluidSynth, audio formats writing disabled
[melody2chord:lyrics_39]   warnings.warn('Could not import FluidSynth, audio formats writing disabled')
[melody2chord:lyrics_39] /home/fundwotsai/miniconda3/envs/midi-sag/lib/python3.9/site-packages/miditok/tokenizations/remi.py:88: UserWarning: Attribute controls are not compatible with 'config.one_token_stream_for_programs' and multi-vocabulary tokenizers. Disabling them from the config.
[melody2chord:lyrics_39]   super().__init__(tokenizer_config, params)
[melody2chord:lyrics_39] /data/home/fundwotsai/MIDI-SAG/AccoMontage2/chorderator/core.py:238: UserWarning: Meter auto set to 4/4/. Please set meter if this is not your expectation
[melody2chord:lyrics_39]   warnings.warn('Meter auto set to 4/4/. Please set meter if this is not your expectation')
[melody2chord:lyrics_39] @Chorderator 2026-04-14 12:15:37,652 - INFO - [1;30m start read progressions from dict [0m
[melody2chord:lyrics_39] @Chorderator 2026-04-14 12:15:44,190 - INFO - [1;30m read progressions done [0m
[melody2chord:lyrics_39] @Chorderator 2026-04-14 12:15:44,190 - INFO - [1;30m start read progression library from source_base.pnt [0m
[melody2chord:lyrics_39] @Chorderator 2026-04-14 12:15:50,649 - INFO - [1;30m read library done [0m
[melody2chord:lyrics_39] @Chorderator 2026-04-14 12:15:50,649 - WARNING - [1;33m Pre-processing... [0m
[melody2chord:lyrics_39] @Chorderator 2026-04-14 12:15:50,662 - WARNING - [1;33m Pre-process done! [0m
[melody2chord:lyrics_39] @Chorderator 2026-04-14 12:15:50,662 - WARNING - [1;33m Solving... [0m
[melody2chord:lyrics_39] @Chorderator 2026-04-14 12:15:50,663 - INFO - [1;30m start read progressions from rep [0m
[melody2chord:lyrics_39] @Chorderator 2026-04-14 12:15:50,694 - INFO - [1;30m read progressions done [0m
[melody2chord:lyrics_39] @Chorderator 2026-04-14 12:15:50,702 - INFO - [1;30m Melody length 4, generate progression with 122 templates [0m
[melody2chord:lyrics_39] @Chorderator 2026-04-14 12:15:50,842 - WARNING - [1;33m Solved! [0m
[melody2chord:lyrics_39] @Chorderator 2026-04-14 12:15:50,843 - WARNING - [1;33m Post-processing... [0m
[melody2chord:lyrics_39] @Chorderator 2026-04-14 12:15:50,850 - WARNING - [1;33m Post-process done! [0m
[melody2chord:lyrics_39] @Chorderator 2026-04-14 12:15:50,850 - WARNING - [1;33m Generating textures... [0m
[melody2chord:lyrics_39] @Chorderator 2026-04-14 12:15:50,851 - WARNING - [1;33m All process finished! [0m
[melody2chord:lyrics_39] 
[melody2chord:lyrics_39] === Processing: sample01_shifted ===
[melody2chord:lyrics_39] Output will be saved to: /data/home/fundwotsai/MIDI-SAG/generated_midi_right_key/lyrics_39/chord/
[melody2chord:lyrics_39] beat_file_path: None
[melody2chord:lyrics_39] Tempo from MIDI: 135.0 BPM (no beat file — skipping warp step)
[melody2chord:lyrics_39] processed_melody_path: /data/home/fundwotsai/MIDI-SAG/generated_midi_right_key/lyrics_39/chord/processed_melody/sample01_shifted.mid
[melody2chord:lyrics_39] Detected key: D minor (confidence: 0.47, Bellman-Budge)
[melody2chord:lyrics_39] Content bars: 28 -> Segmentation: A8B8A8B4 (total: 28)
[melody2chord:lyrics_39] Chorderator bars: 28 -> Segmentation: A8B8A8B4 (total: 28)
[melody2chord:lyrics_39] auto_config: {'note_shift': 78, 'segmentation': 'A8B8A8B4', 'analysis': {'total_bars': 33, 'empty_bars': 4, 'content_bars': 28, 'note_shift': 78, 'segmentation': 'A8B8A8B4', 'first_note_bar': 4.875, 'last_note_bar': 32.125, 'chorderator_bars': {'max_end_positions': 436, 'fixed_end_positions': 448, 'fixed_end_bars': 28, 'tempo': 135.000135000135, 'unit': 0.111111}}}
[melody2chord:lyrics_39] tempo for CDT: 135.0 BPM
[melody2chord:lyrics_39] max_end: 436.0
[melody2chord:lyrics_39] fixed_end: 448
[melody2chord:lyrics_39] 448
[melody2chord:lyrics_39] {'tonic': 'D', 'mode': 'min', 'tempo': 135.000135000135, 'meter': '4/4', 'pos': ['x', 'x', 'x', 'x'], 'unit': 0.111111}
[melody2chord:lyrics_39] Phrase length: 128 positions = 8 bars
[melody2chord:lyrics_39] Phrase length: 128 positions = 8 bars
[melody2chord:lyrics_39] Phrase length: 128 positions = 8 bars
[melody2chord:lyrics_39] Phrase length: 64 positions = 4 bars
[melody2chord:lyrics_39] [128, 128, 128, 64]
[melody2chord:lyrics_39] Chord Progression
[melody2chord:lyrics_39] -Source: Niko_Kotoulas_Dark_Chords_12_G#m9-D#m7-G#m9-D#m7-G#m9-D#m7-G#m9-D#m7_.mid
[melody2chord:lyrics_39] -Source Type: None
[melody2chord:lyrics_39] -Source Tonic: G#
[melody2chord:lyrics_39] -Source Metre: 4/4
[melody2chord:lyrics_39] -Source Mode: m (M for Major and m for minor)
[melody2chord:lyrics_39] -Appeared Times: 1
[melody2chord:lyrics_39] -Appeared In Other Songs: 0
[melody2chord:lyrics_39] -Reliability: 1.0
[melody2chord:lyrics_39] -Progression Class: {'type': 'unknown', 'pattern': 'unknown', 'cycle': (1.0, 32), 'progression-style': 'dark', 'chord-style': 'unknown', 'performing-style': 'unknown', 'rhythm': 'unknown', 'epic-endings': 'unknown', 'melodic': 'unknown', 'folder-id': 536, 'duplicate-id': 300, 'new_label': 'dark'}
[melody2chord:lyrics_39] Numbered: 
[melody2chord:lyrics_39] | 1------- | 5------- | 1------- | 5------- | 1------- | 5------- | 1------- | 5------- | 
[melody2chord:lyrics_39] Chord: 
[melody2chord:lyrics_39] | 
[melody2chord:lyrics_39] | G#5------- | D#5------- | G#5------- | D#5------- | G#5------- | D#5------- | G#5------- | D#5------- | 
[melody2chord:lyrics_39] 
[melody2chord:lyrics_39] Chord Progression
[melody2chord:lyrics_39] -Source: Niko_Kotoulas_EDM_7th_9th_Chords_18_G#m-C#-D#-D#_.mid
[melody2chord:lyrics_39] -Source Type: None
[melody2chord:lyrics_39] -Source Tonic: G#
[melody2chord:lyrics_39] -Source Metre: 4/4
[melody2chord:lyrics_39] -Source Mode: m (M for Major and m for minor)
[melody2chord:lyrics_39] -Appeared Times: 1
[melody2chord:lyrics_39] -Appeared In Other Songs: 0
[melody2chord:lyrics_39] -Reliability: 1.0
[melody2chord:lyrics_39] -Progression Class: {'type': 'unknown', 'pattern': 'unknown', 'cycle': (0.9999999999999999, 32), 'progression-style': 'edm', 'chord-style': 'classy', 'performing-style': 'unknown', 'rhythm': 'unknown', 'epic-endings': 'unknown', 'melodic': 'unknown', 'folder-id': 531, 'duplicate-id': 201, 'new_label': 'pop_complex'}
[melody2chord:lyrics_39] Numbered: 
[melody2chord:lyrics_39] | 1------- | 4------- | 5------- | 5------- | 1------- | 4------- | 5------- | 5------- | 
[melody2chord:lyrics_39] Chord: 
[melody2chord:lyrics_39] | 
[melody2chord:lyrics_39] | G#1------- | C#0------- | D#0------- | D#0------- | G#1------- | C#0------- | D#0------- | D#0------- | 
[melody2chord:lyrics_39] 
[melody2chord:lyrics_39] Chord Progression
[melody2chord:lyrics_39] -Source: Niko_Kotoulas_Dark_Chords_18_G#m-F#-G#m-D#m_.mid
[melody2chord:lyrics_39] -Source Type: None
[melody2chord:lyrics_39] -Source Tonic: G#
[melody2chord:lyrics_39] -Source Metre: 4/4
[melody2chord:lyrics_39] -Source Mode: m (M for Major and m for minor)
[melody2chord:lyrics_39] -Appeared Times: 1
[melody2chord:lyrics_39] -Appeared In Other Songs: 0
[melody2chord:lyrics_39] -Reliability: 1.0
[melody2chord:lyrics_39] -Progression Class: {'type': 'unknown', 'pattern': 'unknown', 'cycle': (1.0, 32), 'progression-style': 'dark', 'chord-style': 'unknown', 'performing-style': 'unknown', 'rhythm': 'unknown', 'epic-endings': 'unknown', 'melodic': 'unknown', 'folder-id': 536, 'duplicate-id': 298, 'new_label': 'dark'}
[melody2chord:lyrics_39] Numbered: 
[melody2chord:lyrics_39] | 1------- | 7------- | 1------- | 5------- | 1------- | 7------- | 1------- | 5------- | 
[melody2chord:lyrics_39] Chord: 
[melody2chord:lyrics_39] | 
[melody2chord:lyrics_39] | G#1------- | F#0------- | G#1------- | D#1------- | G#1------- | F#0------- | G#1------- | D#1------- | 
[melody2chord:lyrics_39] 
[melody2chord:lyrics_39] Chord Progression
[melody2chord:lyrics_39] -Source: Niko_Kotoulas_ChordProg_7_G#m-F#-G#m-E (vi-V-vi-IV).mid
[melody2chord:lyrics_39] -Source Type: None
[melody2chord:lyrics_39] -Source Tonic: G#
[melody2chord:lyrics_39] -Source Metre: 4/4
[melody2chord:lyrics_39] -Source Mode: m (M for Major and m for minor)
[melody2chord:lyrics_39] -Appeared Times: 1
[melody2chord:lyrics_39] -Appeared In Other Songs: 0
[melody2chord:lyrics_39] -Reliability: 0.9
[melody2chord:lyrics_39] -Progression Class: {'type': 'unknown', 'pattern': 'vi-V-vi-IV', 'cycle': (1.0, 16), 'progression-style': 'unknown', 'chord-style': 'unknown', 'performing-style': 'unknown', 'rhythm': 'unknown', 'epic-endings': 'unknown', 'melodic': 'unknown', 'folder-id': 225, 'duplicate-id': 443, 'new_label': 'unknown'}
[melody2chord:lyrics_39] Numbered: 
[melody2chord:lyrics_39] | 1------- | 7------- | 1------- | 6------- | 
[melody2chord:lyrics_39] Chord: 
[melody2chord:lyrics_39] | G#1------- | F#0------- | G#1------- | E 0------- | 
[melody2chord:lyrics_39] 
[melody2chord:lyrics_39] Total: 4
[melody2chord:lyrics_39] 
[melody2chord:lyrics_39] === Aligning chord_gen TPQ ===
[melody2chord:lyrics_39] Original melody TPQ: 480
[melody2chord:lyrics_39] Chord gen TPQ: 220
[melody2chord:lyrics_39] TPQ ratio: 2.1818
[melody2chord:lyrics_39] Converted chord_gen TPQ from 220 to 480
[melody2chord:lyrics_39] Output saved to: /data/home/fundwotsai/MIDI-SAG/generated_midi_right_key/lyrics_39/chord/chord_gen/sample01_shifted_chord_gen.mid
[melody2chord:lyrics_39] Re-quantized 60 melody notes to 1/16 beat grid
[melody2chord:lyrics_39] === Fill Empty Bars with Chords ===
[melody2chord:lyrics_39] Original melody TPQ: 480
[melody2chord:lyrics_39] Chord gen TPQ: 480
[melody2chord:lyrics_39] TPQ ratio: 1.0000
[melody2chord:lyrics_39] Chords start at tick: 9360 (bar 4.88)
[melody2chord:lyrics_39] Empty bars to fill: 4
[melody2chord:lyrics_39] Prepending 0 bars and copying 28 chord notes to cover 4 leading bars
[melody2chord:lyrics_39] 
[melody2chord:lyrics_39] === Output Summary ===
[melody2chord:lyrics_39] Output TPQ: 480
[melody2chord:lyrics_39] Melody track notes: 127
[melody2chord:lyrics_39] Chord track notes: 181
[melody2chord:lyrics_39] First chord now at tick: 0
[melody2chord:lyrics_39] Last chord at tick: 61199
[melody2chord:lyrics_39] Output saved to: /data/home/fundwotsai/MIDI-SAG/generated_midi_right_key/lyrics_39/chord/chord_gen_filled_empty/sample01_shifted_chord_gen_filled_empty_bars.mid
[melody2chord:lyrics_39] === Quantizing melody to 1/16 notes ===
[melody2chord:lyrics_39] TPQ: 480
[melody2chord:lyrics_39] Ticks per 16th note: 120.0
[melody2chord:lyrics_39] Quantized 153 notes to 1/16 note positions
[melody2chord:lyrics_39] Output saved to: /data/home/fundwotsai/MIDI-SAG/generated_midi_right_key/lyrics_39/chord/chord_gen_quantized/sample01_shifted_chord_gen_quantized.mid
[melody2chord:lyrics_39] Extracted 131 beat-level chords from 'Chords' track
[melody2chord:lyrics_39] Chord times remapped to 130 beat positions (subdivision: quarter notes)
[melody2chord:lyrics_39] Filled 4 None chords
[melody2chord:lyrics_39] ✓ Successfully processed: sample01_shifted
[melody2chord:lyrics_39]   Key: D minor (confidence: 0.47)
[melody2chord:lyrics_39]   Tempo: 135.0 BPM (source: MIDI tempo)
[melody2chord:lyrics_39]   Chord Text: /data/home/fundwotsai/MIDI-SAG/generated_midi_right_key/lyrics_39/chord/chord_txt/sample01_shifted_chord_gen.txt
[melody2chord:lyrics_39]   BTC Text:   /data/home/fundwotsai/MIDI-SAG/generated_midi_right_key/lyrics_39/chord/btc_txt/sample01_shifted_chord_gen.txt
