[melody2chord:lyrics_113] /data/home/fundwotsai/MIDI-SAG/AccoMontage2/chorderator/utils/utils.py:24: UserWarning: Could not import FluidSynth, audio formats writing disabled
[melody2chord:lyrics_113]   warnings.warn('Could not import FluidSynth, audio formats writing disabled')
[melody2chord:lyrics_113] /home/fundwotsai/miniconda3/envs/midi-sag/lib/python3.9/site-packages/miditok/tokenizations/remi.py:88: UserWarning: Attribute controls are not compatible with 'config.one_token_stream_for_programs' and multi-vocabulary tokenizers. Disabling them from the config.
[melody2chord:lyrics_113]   super().__init__(tokenizer_config, params)
[melody2chord:lyrics_113] /data/home/fundwotsai/MIDI-SAG/AccoMontage2/chorderator/core.py:238: UserWarning: Meter auto set to 4/4/. Please set meter if this is not your expectation
[melody2chord:lyrics_113]   warnings.warn('Meter auto set to 4/4/. Please set meter if this is not your expectation')
[melody2chord:lyrics_113] @Chorderator 2026-04-14 11:25:40,960 - INFO - [1;30m start read progressions from dict [0m
[melody2chord:lyrics_113] @Chorderator 2026-04-14 11:25:48,533 - INFO - [1;30m read progressions done [0m
[melody2chord:lyrics_113] @Chorderator 2026-04-14 11:25:48,534 - INFO - [1;30m start read progression library from source_base.pnt [0m
[melody2chord:lyrics_113] @Chorderator 2026-04-14 11:25:54,835 - INFO - [1;30m read library done [0m
[melody2chord:lyrics_113] @Chorderator 2026-04-14 11:25:54,836 - WARNING - [1;33m Pre-processing... [0m
[melody2chord:lyrics_113] @Chorderator 2026-04-14 11:25:54,846 - WARNING - [1;33m Pre-process done! [0m
[melody2chord:lyrics_113] @Chorderator 2026-04-14 11:25:54,846 - WARNING - [1;33m Solving... [0m
[melody2chord:lyrics_113] @Chorderator 2026-04-14 11:25:54,846 - INFO - [1;30m start read progressions from rep [0m
[melody2chord:lyrics_113] @Chorderator 2026-04-14 11:25:54,881 - INFO - [1;30m read progressions done [0m
[melody2chord:lyrics_113] @Chorderator 2026-04-14 11:25:54,885 - INFO - [1;30m Melody length 2, generate progression with 63 templates [0m
[melody2chord:lyrics_113] @Chorderator 2026-04-14 11:25:54,935 - WARNING - [1;33m Solved! [0m
[melody2chord:lyrics_113] @Chorderator 2026-04-14 11:25:54,935 - WARNING - [1;33m Post-processing... [0m
[melody2chord:lyrics_113] @Chorderator 2026-04-14 11:25:54,939 - WARNING - [1;33m Post-process done! [0m
[melody2chord:lyrics_113] @Chorderator 2026-04-14 11:25:54,939 - WARNING - [1;33m Generating textures... [0m
[melody2chord:lyrics_113] @Chorderator 2026-04-14 11:25:54,940 - WARNING - [1;33m All process finished! [0m
[melody2chord:lyrics_113] 
[melody2chord:lyrics_113] === Processing: sample01_shifted ===
[melody2chord:lyrics_113] Output will be saved to: /data/home/fundwotsai/MIDI-SAG/generated_midi_right_key/lyrics_113/chord/
[melody2chord:lyrics_113] beat_file_path: None
[melody2chord:lyrics_113] Tempo from MIDI: 78.0 BPM (no beat file — skipping warp step)
[melody2chord:lyrics_113] processed_melody_path: /data/home/fundwotsai/MIDI-SAG/generated_midi_right_key/lyrics_113/chord/processed_melody/sample01_shifted.mid
[melody2chord:lyrics_113] Detected key: Eb major (confidence: 0.57, Bellman-Budge)
[melody2chord:lyrics_113] Content bars: 17 -> Segmentation: A8B8A4 (total: 20)
[melody2chord:lyrics_113] Chorderator bars: 16 -> Segmentation: A8B8 (total: 16)
[melody2chord:lyrics_113] auto_config: {'note_shift': 79, 'segmentation': 'A8B8', 'analysis': {'total_bars': 22, 'empty_bars': 4, 'content_bars': 17, 'note_shift': 79, 'segmentation': 'A8B8', 'first_note_bar': 4.9375, 'last_note_bar': 21.125, 'chorderator_bars': {'max_end_positions': 259, 'fixed_end_positions': 256, 'fixed_end_bars': 16, 'tempo': 77.99997660000703, 'unit': 0.19230774999999997}}}
[melody2chord:lyrics_113] tempo for CDT: 78.0 BPM
[melody2chord:lyrics_113] max_end: 259.0
[melody2chord:lyrics_113] fixed_end: 256
[melody2chord:lyrics_113] 256
[melody2chord:lyrics_113] {'tonic': 'Eb', 'mode': 'maj', 'tempo': 77.99997660000702, 'meter': '4/4', 'pos': ['x', 'x'], 'unit': 0.19230775}
[melody2chord:lyrics_113] Phrase length: 128 positions = 8 bars
[melody2chord:lyrics_113] Phrase length: 128 positions = 8 bars
[melody2chord:lyrics_113] [128, 128]
[melody2chord:lyrics_113] Chord Progression
[melody2chord:lyrics_113] -Source: Niko_Kotoulas_Pop_7th_9th_Chords_16_E-F#-G#m-B_.mid
[melody2chord:lyrics_113] -Source Type: None
[melody2chord:lyrics_113] -Source Tonic: B
[melody2chord:lyrics_113] -Source Metre: 4/4
[melody2chord:lyrics_113] -Source Mode: M (M for Major and m for minor)
[melody2chord:lyrics_113] -Appeared Times: 1
[melody2chord:lyrics_113] -Appeared In Other Songs: 0
[melody2chord:lyrics_113] -Reliability: 1.0
[melody2chord:lyrics_113] -Progression Class: {'type': 'unknown', 'pattern': 'unknown', 'cycle': (1.0, 32), 'progression-style': 'pop', 'chord-style': 'classy', 'performing-style': 'unknown', 'rhythm': 'unknown', 'epic-endings': 'unknown', 'melodic': 'unknown', 'folder-id': 528, 'duplicate-id': 184, 'new_label': 'pop_complex'}
[melody2chord:lyrics_113] Numbered: 
[melody2chord:lyrics_113] | 4------- | 5------- | 6------- | 1------- | 4------- | 5------- | 6------- | 1------- | 
[melody2chord:lyrics_113] Chord: 
[melody2chord:lyrics_113] | 
[melody2chord:lyrics_113] | E 0------- | F#0------- | G#1------- | B 0------- | E 0------- | F#0------- | G#1------- | B 0------- | 
[melody2chord:lyrics_113] 
[melody2chord:lyrics_113] Chord Progression
[melody2chord:lyrics_113] -Source: Niko_Kotoulas_EDM_7th_9th_Chords_5_C#m-E-B-F#_.mid
[melody2chord:lyrics_113] -Source Type: None
[melody2chord:lyrics_113] -Source Tonic: B
[melody2chord:lyrics_113] -Source Metre: 4/4
[melody2chord:lyrics_113] -Source Mode: M (M for Major and m for minor)
[melody2chord:lyrics_113] -Appeared Times: 1
[melody2chord:lyrics_113] -Appeared In Other Songs: 0
[melody2chord:lyrics_113] -Reliability: 1.0
[melody2chord:lyrics_113] -Progression Class: {'type': 'unknown', 'pattern': 'unknown', 'cycle': (1.0, 32), 'progression-style': 'edm', 'chord-style': 'classy', 'performing-style': 'unknown', 'rhythm': 'unknown', 'epic-endings': 'unknown', 'melodic': 'unknown', 'folder-id': 531, 'duplicate-id': 218, 'new_label': 'pop_complex'}
[melody2chord:lyrics_113] Numbered: 
[melody2chord:lyrics_113] | 2------- | 4------- | 1------- | 5------- | 2------- | 4------- | 1------- | 5------- | 
[melody2chord:lyrics_113] Chord: 
[melody2chord:lyrics_113] | 
[melody2chord:lyrics_113] | C#1------- | E 0------- | B 0------- | F#0------- | C#1------- | E 0------- | B 0------- | F#0------- | 
[melody2chord:lyrics_113] 
[melody2chord:lyrics_113] Total: 2
[melody2chord:lyrics_113] 
[melody2chord:lyrics_113] === Aligning chord_gen TPQ ===
[melody2chord:lyrics_113] Original melody TPQ: 480
[melody2chord:lyrics_113] Chord gen TPQ: 220
[melody2chord:lyrics_113] TPQ ratio: 2.1818
[melody2chord:lyrics_113] Converted chord_gen TPQ from 220 to 480
[melody2chord:lyrics_113] Output saved to: /data/home/fundwotsai/MIDI-SAG/generated_midi_right_key/lyrics_113/chord/chord_gen/sample01_shifted_chord_gen.mid
[melody2chord:lyrics_113] Re-quantized 57 melody notes to 1/16 beat grid
[melody2chord:lyrics_113] === Fill Empty Bars with Chords ===
[melody2chord:lyrics_113] Original melody TPQ: 480
[melody2chord:lyrics_113] Chord gen TPQ: 480
[melody2chord:lyrics_113] TPQ ratio: 1.0000
[melody2chord:lyrics_113] Chords start at tick: 9480 (bar 4.94)
[melody2chord:lyrics_113] Empty bars to fill: 4
[melody2chord:lyrics_113] Prepending 0 bars and copying 26 chord notes to cover 4 leading bars
[melody2chord:lyrics_113] 
[melody2chord:lyrics_113] === Output Summary ===
[melody2chord:lyrics_113] Output TPQ: 480
[melody2chord:lyrics_113] Melody track notes: 126
[melody2chord:lyrics_113] Chord track notes: 133
[melody2chord:lyrics_113] First chord now at tick: 0
[melody2chord:lyrics_113] Last chord at tick: 38280
[melody2chord:lyrics_113] Output saved to: /data/home/fundwotsai/MIDI-SAG/generated_midi_right_key/lyrics_113/chord/chord_gen_filled_empty/sample01_shifted_chord_gen_filled_empty_bars.mid
[melody2chord:lyrics_113] === Quantizing melody to 1/16 notes ===
[melody2chord:lyrics_113] TPQ: 480
[melody2chord:lyrics_113] Ticks per 16th note: 120.0
[melody2chord:lyrics_113] Quantized 141 notes to 1/16 note positions
[melody2chord:lyrics_113] Output saved to: /data/home/fundwotsai/MIDI-SAG/generated_midi_right_key/lyrics_113/chord/chord_gen_quantized/sample01_shifted_chord_gen_quantized.mid
[melody2chord:lyrics_113] Extracted 84 beat-level chords from 'Chords' track
[melody2chord:lyrics_113] Chord times remapped to 86 beat positions (subdivision: quarter notes)
[melody2chord:lyrics_113] Filled 4 None chords
[melody2chord:lyrics_113] ✓ Successfully processed: sample01_shifted
[melody2chord:lyrics_113]   Key: Eb major (confidence: 0.57)
[melody2chord:lyrics_113]   Tempo: 78.0 BPM (source: MIDI tempo)
[melody2chord:lyrics_113]   Chord Text: /data/home/fundwotsai/MIDI-SAG/generated_midi_right_key/lyrics_113/chord/chord_txt/sample01_shifted_chord_gen.txt
[melody2chord:lyrics_113]   BTC Text:   /data/home/fundwotsai/MIDI-SAG/generated_midi_right_key/lyrics_113/chord/btc_txt/sample01_shifted_chord_gen.txt
