[melody2chord:lyrics_206_2] /data/home/fundwotsai/MIDI-SAG/AccoMontage2/chorderator/utils/utils.py:24: UserWarning: Could not import FluidSynth, audio formats writing disabled
[melody2chord:lyrics_206_2]   warnings.warn('Could not import FluidSynth, audio formats writing disabled')
[melody2chord:lyrics_206_2] /home/fundwotsai/miniconda3/envs/midi-sag/lib/python3.9/site-packages/miditok/tokenizations/remi.py:88: UserWarning: Attribute controls are not compatible with 'config.one_token_stream_for_programs' and multi-vocabulary tokenizers. Disabling them from the config.
[melody2chord:lyrics_206_2]   super().__init__(tokenizer_config, params)
[melody2chord:lyrics_206_2] /data/home/fundwotsai/MIDI-SAG/AccoMontage2/chorderator/core.py:238: UserWarning: Meter auto set to 4/4/. Please set meter if this is not your expectation
[melody2chord:lyrics_206_2]   warnings.warn('Meter auto set to 4/4/. Please set meter if this is not your expectation')
[melody2chord:lyrics_206_2] @Chorderator 2026-04-14 12:07:11,333 - INFO - [1;30m start read progressions from dict [0m
[melody2chord:lyrics_206_2] @Chorderator 2026-04-14 12:07:17,875 - INFO - [1;30m read progressions done [0m
[melody2chord:lyrics_206_2] @Chorderator 2026-04-14 12:07:17,875 - INFO - [1;30m start read progression library from source_base.pnt [0m
[melody2chord:lyrics_206_2] @Chorderator 2026-04-14 12:07:24,117 - INFO - [1;30m read library done [0m
[melody2chord:lyrics_206_2] @Chorderator 2026-04-14 12:07:24,117 - WARNING - [1;33m Pre-processing... [0m
[melody2chord:lyrics_206_2] @Chorderator 2026-04-14 12:07:24,152 - WARNING - [1;33m Pre-process done! [0m
[melody2chord:lyrics_206_2] @Chorderator 2026-04-14 12:07:24,152 - WARNING - [1;33m Solving... [0m
[melody2chord:lyrics_206_2] @Chorderator 2026-04-14 12:07:24,152 - INFO - [1;30m start read progressions from rep [0m
[melody2chord:lyrics_206_2] @Chorderator 2026-04-14 12:07:24,184 - INFO - [1;30m read progressions done [0m
[melody2chord:lyrics_206_2] @Chorderator 2026-04-14 12:07:24,191 - INFO - [1;30m Melody length 4, generate progression with 63 templates [0m
[melody2chord:lyrics_206_2] @Chorderator 2026-04-14 12:07:24,289 - WARNING - [1;33m Solved! [0m
[melody2chord:lyrics_206_2] @Chorderator 2026-04-14 12:07:24,289 - WARNING - [1;33m Post-processing... [0m
[melody2chord:lyrics_206_2] @Chorderator 2026-04-14 12:07:24,297 - WARNING - [1;33m Post-process done! [0m
[melody2chord:lyrics_206_2] @Chorderator 2026-04-14 12:07:24,297 - WARNING - [1;33m Generating textures... [0m
[melody2chord:lyrics_206_2] @Chorderator 2026-04-14 12:07:24,298 - WARNING - [1;33m All process finished! [0m
[melody2chord:lyrics_206_2] 
[melody2chord:lyrics_206_2] === Processing: sample01_shifted ===
[melody2chord:lyrics_206_2] Output will be saved to: /data/home/fundwotsai/MIDI-SAG/generated_midi_right_key/lyrics_206_2/chord/
[melody2chord:lyrics_206_2] beat_file_path: None
[melody2chord:lyrics_206_2] Tempo from MIDI: 60.0 BPM (no beat file — skipping warp step)
[melody2chord:lyrics_206_2] processed_melody_path: /data/home/fundwotsai/MIDI-SAG/generated_midi_right_key/lyrics_206_2/chord/processed_melody/sample01_shifted.mid
[melody2chord:lyrics_206_2] Detected key: Ab major (confidence: 0.63, Bellman-Budge)
[melody2chord:lyrics_206_2] Content bars: 29 -> Segmentation: A8B8A8B8 (total: 32)
[melody2chord:lyrics_206_2] Chorderator bars: 32 -> Segmentation: A8B8A8B8 (total: 32)
[melody2chord:lyrics_206_2] auto_config: {'note_shift': 70, 'segmentation': 'A8B8A8B8', 'analysis': {'total_bars': 34, 'empty_bars': 4, 'content_bars': 29, 'note_shift': 70, 'segmentation': 'A8B8A8B8', 'first_note_bar': 4.375, 'last_note_bar': 33.375, 'chorderator_bars': {'max_end_positions': 464, 'fixed_end_positions': 512, 'fixed_end_bars': 32, 'tempo': 60.0, 'unit': 0.25}}}
[melody2chord:lyrics_206_2] tempo for CDT: 60.0 BPM
[melody2chord:lyrics_206_2] max_end: 464.0
[melody2chord:lyrics_206_2] fixed_end: 512
[melody2chord:lyrics_206_2] 512
[melody2chord:lyrics_206_2] {'tonic': 'Ab', 'mode': 'maj', 'tempo': 60.0, 'meter': '4/4', 'pos': ['x', 'x', 'x', 'x'], 'unit': 0.25}
[melody2chord:lyrics_206_2] Phrase length: 128 positions = 8 bars
[melody2chord:lyrics_206_2] Phrase length: 128 positions = 8 bars
[melody2chord:lyrics_206_2] Phrase length: 128 positions = 8 bars
[melody2chord:lyrics_206_2] Phrase length: 128 positions = 8 bars
[melody2chord:lyrics_206_2] [128, 128, 128, 128]
[melody2chord:lyrics_206_2] Chord Progression
[melody2chord:lyrics_206_2] -Source: Niko_Kotoulas_Pop_7th_9th_Chords_4_B-E-G#m-F#_.mid
[melody2chord:lyrics_206_2] -Source Type: None
[melody2chord:lyrics_206_2] -Source Tonic: B
[melody2chord:lyrics_206_2] -Source Metre: 4/4
[melody2chord:lyrics_206_2] -Source Mode: M (M for Major and m for minor)
[melody2chord:lyrics_206_2] -Appeared Times: 1
[melody2chord:lyrics_206_2] -Appeared In Other Songs: 0
[melody2chord:lyrics_206_2] -Reliability: 1.0
[melody2chord:lyrics_206_2] -Progression Class: {'type': 'unknown', 'pattern': 'unknown', 'cycle': (1.0, 32), 'progression-style': 'pop', 'chord-style': 'classy', 'performing-style': 'unknown', 'rhythm': 'unknown', 'epic-endings': 'unknown', 'melodic': 'unknown', 'folder-id': 528, 'duplicate-id': 172, 'new_label': 'pop_complex'}
[melody2chord:lyrics_206_2] Numbered: 
[melody2chord:lyrics_206_2] | 1------- | 4------- | 6------- | 5------- | 1------- | 4------- | 6------- | 5------- | 
[melody2chord:lyrics_206_2] Chord: 
[melody2chord:lyrics_206_2] | 
[melody2chord:lyrics_206_2] | B 0------- | E 0------- | G#1------- | F#0------- | B 0------- | E 0------- | G#1------- | F#0------- | 
[melody2chord:lyrics_206_2] 
[melody2chord:lyrics_206_2] Chord Progression
[melody2chord:lyrics_206_2] -Source: Niko_Kotoulas_Pop_7th_9th_Chords_7_B-G#m-B-G#m_.mid
[melody2chord:lyrics_206_2] -Source Type: None
[melody2chord:lyrics_206_2] -Source Tonic: B
[melody2chord:lyrics_206_2] -Source Metre: 4/4
[melody2chord:lyrics_206_2] -Source Mode: M (M for Major and m for minor)
[melody2chord:lyrics_206_2] -Appeared Times: 1
[melody2chord:lyrics_206_2] -Appeared In Other Songs: 0
[melody2chord:lyrics_206_2] -Reliability: 1.0
[melody2chord:lyrics_206_2] -Progression Class: {'type': 'unknown', 'pattern': 'unknown', 'cycle': (1.0, 16), 'progression-style': 'pop', 'chord-style': 'classy', 'performing-style': 'unknown', 'rhythm': 'unknown', 'epic-endings': 'unknown', 'melodic': 'unknown', 'folder-id': 528, 'duplicate-id': 174, 'new_label': 'pop_complex'}
[melody2chord:lyrics_206_2] Numbered: 
[melody2chord:lyrics_206_2] | 1------- | 6------- | 1------- | 6------- | 1------- | 6------- | 1------- | 6------- | 
[melody2chord:lyrics_206_2] Chord: 
[melody2chord:lyrics_206_2] | 
[melody2chord:lyrics_206_2] | B 0------- | G#1------- | B 0------- | G#1------- | B 0------- | G#1------- | B 0------- | G#1------- | 
[melody2chord:lyrics_206_2] 
[melody2chord:lyrics_206_2] Chord Progression
[melody2chord:lyrics_206_2] -Source: Niko_Kotoulas_Epic_Ending_3_F#-G#m-E-B (V-vi-IV-I).mid
[melody2chord:lyrics_206_2] -Source Type: None
[melody2chord:lyrics_206_2] -Source Tonic: B
[melody2chord:lyrics_206_2] -Source Metre: 4/4
[melody2chord:lyrics_206_2] -Source Mode: M (M for Major and m for minor)
[melody2chord:lyrics_206_2] -Appeared Times: 1
[melody2chord:lyrics_206_2] -Appeared In Other Songs: 0
[melody2chord:lyrics_206_2] -Reliability: 0.4
[melody2chord:lyrics_206_2] -Progression Class: {'type': 'unknown', 'pattern': 'V-vi-IV-I', 'cycle': (0, 0), 'progression-style': 'unknown', 'chord-style': 'unknown', 'performing-style': 'unknown', 'rhythm': 'unknown', 'epic-endings': 'True', 'melodic': 'unknown', 'folder-id': 335, 'duplicate-id': 494, 'new_label': 'unknown'}
[melody2chord:lyrics_206_2] Numbered: 
[melody2chord:lyrics_206_2] | 5------- | 6------- | 4------- | 1------- | 1------- | 1------- | 1------- | 1------- | 
[melody2chord:lyrics_206_2] Chord: 
[melody2chord:lyrics_206_2] | 
[melody2chord:lyrics_206_2] | F#0------- | G#1------- | E 0------- | B 0------- | B 0------- | B 0------- | B 0------- | B 0------- | 
[melody2chord:lyrics_206_2] 
[melody2chord:lyrics_206_2] Chord Progression
[melody2chord:lyrics_206_2] -Source: Niko_Kotoulas_Emotional_Chords_15_G#m-D#m-E-B_.mid
[melody2chord:lyrics_206_2] -Source Type: None
[melody2chord:lyrics_206_2] -Source Tonic: B
[melody2chord:lyrics_206_2] -Source Metre: 4/4
[melody2chord:lyrics_206_2] -Source Mode: M (M for Major and m for minor)
[melody2chord:lyrics_206_2] -Appeared Times: 1
[melody2chord:lyrics_206_2] -Appeared In Other Songs: 0
[melody2chord:lyrics_206_2] -Reliability: 1.0
[melody2chord:lyrics_206_2] -Progression Class: {'type': 'unknown', 'pattern': 'unknown', 'cycle': (1.0, 32), 'progression-style': 'emotional', 'chord-style': 'emotional', 'performing-style': 'unknown', 'rhythm': 'unknown', 'epic-endings': 'unknown', 'melodic': 'unknown', 'folder-id': 535, 'duplicate-id': 276, 'new_label': 'pop_complex'}
[melody2chord:lyrics_206_2] Numbered: 
[melody2chord:lyrics_206_2] | 6------- | 3------- | 4------- | 1------- | 6------- | 3------- | 4------- | 1------- | 
[melody2chord:lyrics_206_2] Chord: 
[melody2chord:lyrics_206_2] | 
[melody2chord:lyrics_206_2] | G#1------- | D#1------- | E 0------- | B 0------- | G#1------- | D#1------- | E 0------- | B 0------- | 
[melody2chord:lyrics_206_2] 
[melody2chord:lyrics_206_2] Total: 4
[melody2chord:lyrics_206_2] 
[melody2chord:lyrics_206_2] === Aligning chord_gen TPQ ===
[melody2chord:lyrics_206_2] Original melody TPQ: 480
[melody2chord:lyrics_206_2] Chord gen TPQ: 220
[melody2chord:lyrics_206_2] TPQ ratio: 2.1818
[melody2chord:lyrics_206_2] Converted chord_gen TPQ from 220 to 480
[melody2chord:lyrics_206_2] Output saved to: /data/home/fundwotsai/MIDI-SAG/generated_midi_right_key/lyrics_206_2/chord/chord_gen/sample01_shifted_chord_gen.mid
[melody2chord:lyrics_206_2] Re-quantized 97 melody notes to 1/16 beat grid
[melody2chord:lyrics_206_2] === Fill Empty Bars with Chords ===
[melody2chord:lyrics_206_2] Original melody TPQ: 480
[melody2chord:lyrics_206_2] Chord gen TPQ: 480
[melody2chord:lyrics_206_2] TPQ ratio: 1.0000
[melody2chord:lyrics_206_2] Chords start at tick: 8400 (bar 4.38)
[melody2chord:lyrics_206_2] Empty bars to fill: 4
[melody2chord:lyrics_206_2] Prepending 0 bars and copying 28 chord notes to cover 4 leading bars
[melody2chord:lyrics_206_2] 
[melody2chord:lyrics_206_2] === Output Summary ===
[melody2chord:lyrics_206_2] Output TPQ: 480
[melody2chord:lyrics_206_2] Melody track notes: 270
[melody2chord:lyrics_206_2] Chord track notes: 217
[melody2chord:lyrics_206_2] First chord now at tick: 0
[melody2chord:lyrics_206_2] Last chord at tick: 67920
[melody2chord:lyrics_206_2] Output saved to: /data/home/fundwotsai/MIDI-SAG/generated_midi_right_key/lyrics_206_2/chord/chord_gen_filled_empty/sample01_shifted_chord_gen_filled_empty_bars.mid
[melody2chord:lyrics_206_2] === Quantizing melody to 1/16 notes ===
[melody2chord:lyrics_206_2] TPQ: 480
[melody2chord:lyrics_206_2] Ticks per 16th note: 120.0
[melody2chord:lyrics_206_2] Quantized 310 notes to 1/16 note positions
[melody2chord:lyrics_206_2] Output saved to: /data/home/fundwotsai/MIDI-SAG/generated_midi_right_key/lyrics_206_2/chord/chord_gen_quantized/sample01_shifted_chord_gen_quantized.mid
[melody2chord:lyrics_206_2] Extracted 146 beat-level chords from 'Chords' track
[melody2chord:lyrics_206_2] Chord times remapped to 135 beat positions (subdivision: quarter notes)
[melody2chord:lyrics_206_2] Filled 10 None chords
[melody2chord:lyrics_206_2] ✓ Successfully processed: sample01_shifted
[melody2chord:lyrics_206_2]   Key: Ab major (confidence: 0.63)
[melody2chord:lyrics_206_2]   Tempo: 60.0 BPM (source: MIDI tempo)
[melody2chord:lyrics_206_2]   Chord Text: /data/home/fundwotsai/MIDI-SAG/generated_midi_right_key/lyrics_206_2/chord/chord_txt/sample01_shifted_chord_gen.txt
[melody2chord:lyrics_206_2]   BTC Text:   /data/home/fundwotsai/MIDI-SAG/generated_midi_right_key/lyrics_206_2/chord/btc_txt/sample01_shifted_chord_gen.txt
