[melody2chord:lyrics_103] /data/home/fundwotsai/MIDI-SAG/AccoMontage2/chorderator/utils/utils.py:24: UserWarning: Could not import FluidSynth, audio formats writing disabled
[melody2chord:lyrics_103]   warnings.warn('Could not import FluidSynth, audio formats writing disabled')
[melody2chord:lyrics_103] /home/fundwotsai/miniconda3/envs/midi-sag/lib/python3.9/site-packages/miditok/tokenizations/remi.py:88: UserWarning: Attribute controls are not compatible with 'config.one_token_stream_for_programs' and multi-vocabulary tokenizers. Disabling them from the config.
[melody2chord:lyrics_103]   super().__init__(tokenizer_config, params)
[melody2chord:lyrics_103] /data/home/fundwotsai/MIDI-SAG/AccoMontage2/chorderator/core.py:238: UserWarning: Meter auto set to 4/4/. Please set meter if this is not your expectation
[melody2chord:lyrics_103]   warnings.warn('Meter auto set to 4/4/. Please set meter if this is not your expectation')
[melody2chord:lyrics_103] @Chorderator 2026-04-13 23:25:26,981 - INFO - [1;30m start read progressions from dict [0m
[melody2chord:lyrics_103] @Chorderator 2026-04-13 23:25:33,589 - INFO - [1;30m read progressions done [0m
[melody2chord:lyrics_103] @Chorderator 2026-04-13 23:25:33,589 - INFO - [1;30m start read progression library from source_base.pnt [0m
[melody2chord:lyrics_103] @Chorderator 2026-04-13 23:25:40,065 - INFO - [1;30m read library done [0m
[melody2chord:lyrics_103] @Chorderator 2026-04-13 23:25:40,065 - WARNING - [1;33m Pre-processing... [0m
[melody2chord:lyrics_103] @Chorderator 2026-04-13 23:25:40,075 - WARNING - [1;33m Pre-process done! [0m
[melody2chord:lyrics_103] @Chorderator 2026-04-13 23:25:40,075 - WARNING - [1;33m Solving... [0m
[melody2chord:lyrics_103] @Chorderator 2026-04-13 23:25:40,075 - INFO - [1;30m start read progressions from rep [0m
[melody2chord:lyrics_103] @Chorderator 2026-04-13 23:25:40,108 - INFO - [1;30m read progressions done [0m
[melody2chord:lyrics_103] @Chorderator 2026-04-13 23:25:40,112 - INFO - [1;30m Melody length 2, generate progression with 63 templates [0m
[melody2chord:lyrics_103] @Chorderator 2026-04-13 23:25:40,161 - WARNING - [1;33m Solved! [0m
[melody2chord:lyrics_103] @Chorderator 2026-04-13 23:25:40,161 - WARNING - [1;33m Post-processing... [0m
[melody2chord:lyrics_103] @Chorderator 2026-04-13 23:25:40,165 - WARNING - [1;33m Post-process done! [0m
[melody2chord:lyrics_103] @Chorderator 2026-04-13 23:25:40,165 - WARNING - [1;33m Generating textures... [0m
[melody2chord:lyrics_103] @Chorderator 2026-04-13 23:25:40,166 - WARNING - [1;33m All process finished! [0m
[melody2chord:lyrics_103] 
[melody2chord:lyrics_103] === Processing: sample01_shifted ===
[melody2chord:lyrics_103] Output will be saved to: /data/home/fundwotsai/MIDI-SAG/generated_midi_right_key/lyrics_103/chord/
[melody2chord:lyrics_103] beat_file_path: None
[melody2chord:lyrics_103] Tempo from MIDI: 78.0 BPM (no beat file — skipping warp step)
[melody2chord:lyrics_103] processed_melody_path: /data/home/fundwotsai/MIDI-SAG/generated_midi_right_key/lyrics_103/chord/processed_melody/sample01_shifted.mid
[melody2chord:lyrics_103] Detected key: Ab major (confidence: 0.62, Bellman-Budge)
[melody2chord:lyrics_103] Content bars: 15 -> Segmentation: A8B8 (total: 16)
[melody2chord:lyrics_103] Chorderator bars: 16 -> Segmentation: A8B8 (total: 16)
[melody2chord:lyrics_103] auto_config: {'note_shift': 66, 'segmentation': 'A8B8', 'analysis': {'total_bars': 20, 'empty_bars': 4, 'content_bars': 15, 'note_shift': 66, 'segmentation': 'A8B8', 'first_note_bar': 4.125, 'last_note_bar': 19.1875, 'chorderator_bars': {'max_end_positions': 241, 'fixed_end_positions': 256, 'fixed_end_bars': 16, 'tempo': 77.99997660000703, 'unit': 0.19230774999999997}}}
[melody2chord:lyrics_103] tempo for CDT: 78.0 BPM
[melody2chord:lyrics_103] max_end: 241.0
[melody2chord:lyrics_103] fixed_end: 256
[melody2chord:lyrics_103] 256
[melody2chord:lyrics_103] {'tonic': 'Ab', 'mode': 'maj', 'tempo': 77.99997660000702, 'meter': '4/4', 'pos': ['x', 'x'], 'unit': 0.19230775}
[melody2chord:lyrics_103] Phrase length: 128 positions = 8 bars
[melody2chord:lyrics_103] Phrase length: 128 positions = 8 bars
[melody2chord:lyrics_103] [128, 128]
[melody2chord:lyrics_103] Chord Progression
[melody2chord:lyrics_103] -Source: Niko_Kotoulas_Emotional_Chords_2_C#m-B-F#-B-F#-G#m-E-B_.mid
[melody2chord:lyrics_103] -Source Type: None
[melody2chord:lyrics_103] -Source Tonic: B
[melody2chord:lyrics_103] -Source Metre: 4/4
[melody2chord:lyrics_103] -Source Mode: M (M for Major and m for minor)
[melody2chord:lyrics_103] -Appeared Times: 1
[melody2chord:lyrics_103] -Appeared In Other Songs: 0
[melody2chord:lyrics_103] -Reliability: 1.0
[melody2chord:lyrics_103] -Progression Class: {'type': 'unknown', 'pattern': 'unknown', 'cycle': (0.08151391459392222, 32), 'progression-style': 'emotional', 'chord-style': 'emotional', 'performing-style': 'unknown', 'rhythm': 'unknown', 'epic-endings': 'unknown', 'melodic': 'unknown', 'folder-id': 535, 'duplicate-id': 290, 'new_label': 'pop_complex'}
[melody2chord:lyrics_103] Numbered: 
[melody2chord:lyrics_103] | 2------- | 1------- | 5------- | 1------- | 5------- | 6------- | 4------- | 1------- | 
[melody2chord:lyrics_103] Chord: 
[melody2chord:lyrics_103] | 
[melody2chord:lyrics_103] | C#1------- | B 0------- | F#0------- | B 0------- | F#0------- | G#1------- | E 0------- | B 0------- | 
[melody2chord:lyrics_103] 
[melody2chord:lyrics_103] Chord Progression
[melody2chord:lyrics_103] -Source: Niko_Kotoulas_Pop_7th_9th_Chords_18_G#m-B-E-F#_.mid
[melody2chord:lyrics_103] -Source Type: None
[melody2chord:lyrics_103] -Source Tonic: B
[melody2chord:lyrics_103] -Source Metre: 4/4
[melody2chord:lyrics_103] -Source Mode: M (M for Major and m for minor)
[melody2chord:lyrics_103] -Appeared Times: 1
[melody2chord:lyrics_103] -Appeared In Other Songs: 0
[melody2chord:lyrics_103] -Reliability: 1.0
[melody2chord:lyrics_103] -Progression Class: {'type': 'unknown', 'pattern': 'unknown', 'cycle': (1.0, 32), 'progression-style': 'pop', 'chord-style': 'classy', 'performing-style': 'unknown', 'rhythm': 'unknown', 'epic-endings': 'unknown', 'melodic': 'unknown', 'folder-id': 528, 'duplicate-id': 180, 'new_label': 'pop_complex'}
[melody2chord:lyrics_103] Numbered: 
[melody2chord:lyrics_103] | 6------- | 1------- | 4------- | 5------- | 6------- | 1------- | 4------- | 5------- | 
[melody2chord:lyrics_103] Chord: 
[melody2chord:lyrics_103] | 
[melody2chord:lyrics_103] | G#1------- | B 0------- | E 0------- | F#0------- | G#1------- | B 0------- | E 0------- | F#0------- | 
[melody2chord:lyrics_103] 
[melody2chord:lyrics_103] Total: 2
[melody2chord:lyrics_103] 
[melody2chord:lyrics_103] === Aligning chord_gen TPQ ===
[melody2chord:lyrics_103] Original melody TPQ: 480
[melody2chord:lyrics_103] Chord gen TPQ: 220
[melody2chord:lyrics_103] TPQ ratio: 2.1818
[melody2chord:lyrics_103] Converted chord_gen TPQ from 220 to 480
[melody2chord:lyrics_103] Output saved to: /data/home/fundwotsai/MIDI-SAG/generated_midi_right_key/lyrics_103/chord/chord_gen/sample01_shifted_chord_gen.mid
[melody2chord:lyrics_103] Re-quantized 50 melody notes to 1/16 beat grid
[melody2chord:lyrics_103] === Fill Empty Bars with Chords ===
[melody2chord:lyrics_103] Original melody TPQ: 480
[melody2chord:lyrics_103] Chord gen TPQ: 480
[melody2chord:lyrics_103] TPQ ratio: 1.0000
[melody2chord:lyrics_103] Chords start at tick: 7919 (bar 4.12)
[melody2chord:lyrics_103] Empty bars to fill: 4
[melody2chord:lyrics_103] Prepending 0 bars and copying 18 chord notes to cover 4 leading bars
[melody2chord:lyrics_103] 
[melody2chord:lyrics_103] === Output Summary ===
[melody2chord:lyrics_103] Output TPQ: 480
[melody2chord:lyrics_103] Melody track notes: 118
[melody2chord:lyrics_103] Chord track notes: 116
[melody2chord:lyrics_103] First chord now at tick: 0
[melody2chord:lyrics_103] Last chord at tick: 36720
[melody2chord:lyrics_103] Output saved to: /data/home/fundwotsai/MIDI-SAG/generated_midi_right_key/lyrics_103/chord/chord_gen_filled_empty/sample01_shifted_chord_gen_filled_empty_bars.mid
[melody2chord:lyrics_103] === Quantizing melody to 1/16 notes ===
[melody2chord:lyrics_103] TPQ: 480
[melody2chord:lyrics_103] Ticks per 16th note: 120.0
[melody2chord:lyrics_103] Quantized 137 notes to 1/16 note positions
[melody2chord:lyrics_103] Output saved to: /data/home/fundwotsai/MIDI-SAG/generated_midi_right_key/lyrics_103/chord/chord_gen_quantized/sample01_shifted_chord_gen_quantized.mid
[melody2chord:lyrics_103] Extracted 80 beat-level chords from 'Chords' track
[melody2chord:lyrics_103] Chord times remapped to 78 beat positions (subdivision: quarter notes)
[melody2chord:lyrics_103] ✓ Successfully processed: sample01_shifted
[melody2chord:lyrics_103]   Key: Ab major (confidence: 0.62)
[melody2chord:lyrics_103]   Tempo: 78.0 BPM (source: MIDI tempo)
[melody2chord:lyrics_103]   Chord Text: /data/home/fundwotsai/MIDI-SAG/generated_midi_right_key/lyrics_103/chord/chord_txt/sample01_shifted_chord_gen.txt
[melody2chord:lyrics_103]   BTC Text:   /data/home/fundwotsai/MIDI-SAG/generated_midi_right_key/lyrics_103/chord/btc_txt/sample01_shifted_chord_gen.txt
[melody2chord:lyrics_103] /data/home/fundwotsai/MIDI-SAG/AccoMontage2/chorderator/utils/utils.py:24: UserWarning: Could not import FluidSynth, audio formats writing disabled
[melody2chord:lyrics_103]   warnings.warn('Could not import FluidSynth, audio formats writing disabled')
[melody2chord:lyrics_103] /home/fundwotsai/miniconda3/envs/midi-sag/lib/python3.9/site-packages/miditok/tokenizations/remi.py:88: UserWarning: Attribute controls are not compatible with 'config.one_token_stream_for_programs' and multi-vocabulary tokenizers. Disabling them from the config.
[melody2chord:lyrics_103]   super().__init__(tokenizer_config, params)
[melody2chord:lyrics_103] /data/home/fundwotsai/MIDI-SAG/AccoMontage2/chorderator/core.py:238: UserWarning: Meter auto set to 4/4/. Please set meter if this is not your expectation
[melody2chord:lyrics_103]   warnings.warn('Meter auto set to 4/4/. Please set meter if this is not your expectation')
[melody2chord:lyrics_103] @Chorderator 2026-04-14 11:21:15,055 - INFO - [1;30m start read progressions from dict [0m
[melody2chord:lyrics_103] @Chorderator 2026-04-14 11:21:21,956 - INFO - [1;30m read progressions done [0m
[melody2chord:lyrics_103] @Chorderator 2026-04-14 11:21:21,956 - INFO - [1;30m start read progression library from source_base.pnt [0m
[melody2chord:lyrics_103] @Chorderator 2026-04-14 11:21:28,247 - INFO - [1;30m read library done [0m
[melody2chord:lyrics_103] @Chorderator 2026-04-14 11:21:28,247 - WARNING - [1;33m Pre-processing... [0m
[melody2chord:lyrics_103] @Chorderator 2026-04-14 11:21:28,257 - WARNING - [1;33m Pre-process done! [0m
[melody2chord:lyrics_103] @Chorderator 2026-04-14 11:21:28,257 - WARNING - [1;33m Solving... [0m
[melody2chord:lyrics_103] @Chorderator 2026-04-14 11:21:28,257 - INFO - [1;30m start read progressions from rep [0m
[melody2chord:lyrics_103] @Chorderator 2026-04-14 11:21:28,290 - INFO - [1;30m read progressions done [0m
[melody2chord:lyrics_103] @Chorderator 2026-04-14 11:21:28,295 - INFO - [1;30m Melody length 2, generate progression with 63 templates [0m
[melody2chord:lyrics_103] @Chorderator 2026-04-14 11:21:28,345 - WARNING - [1;33m Solved! [0m
[melody2chord:lyrics_103] @Chorderator 2026-04-14 11:21:28,345 - WARNING - [1;33m Post-processing... [0m
[melody2chord:lyrics_103] @Chorderator 2026-04-14 11:21:28,349 - WARNING - [1;33m Post-process done! [0m
[melody2chord:lyrics_103] @Chorderator 2026-04-14 11:21:28,349 - WARNING - [1;33m Generating textures... [0m
[melody2chord:lyrics_103] @Chorderator 2026-04-14 11:21:28,350 - WARNING - [1;33m All process finished! [0m
[melody2chord:lyrics_103] 
[melody2chord:lyrics_103] === Processing: sample01_shifted ===
[melody2chord:lyrics_103] Output will be saved to: /data/home/fundwotsai/MIDI-SAG/generated_midi_right_key/lyrics_103/chord/
[melody2chord:lyrics_103] beat_file_path: None
[melody2chord:lyrics_103] Tempo from MIDI: 78.0 BPM (no beat file — skipping warp step)
[melody2chord:lyrics_103] processed_melody_path: /data/home/fundwotsai/MIDI-SAG/generated_midi_right_key/lyrics_103/chord/processed_melody/sample01_shifted.mid
[melody2chord:lyrics_103] Detected key: Ab major (confidence: 0.62, Bellman-Budge)
[melody2chord:lyrics_103] Content bars: 15 -> Segmentation: A8B8 (total: 16)
[melody2chord:lyrics_103] Chorderator bars: 16 -> Segmentation: A8B8 (total: 16)
[melody2chord:lyrics_103] auto_config: {'note_shift': 66, 'segmentation': 'A8B8', 'analysis': {'total_bars': 20, 'empty_bars': 4, 'content_bars': 15, 'note_shift': 66, 'segmentation': 'A8B8', 'first_note_bar': 4.125, 'last_note_bar': 19.1875, 'chorderator_bars': {'max_end_positions': 241, 'fixed_end_positions': 256, 'fixed_end_bars': 16, 'tempo': 77.99997660000703, 'unit': 0.19230774999999997}}}
[melody2chord:lyrics_103] tempo for CDT: 78.0 BPM
[melody2chord:lyrics_103] max_end: 241.0
[melody2chord:lyrics_103] fixed_end: 256
[melody2chord:lyrics_103] 256
[melody2chord:lyrics_103] {'tonic': 'Ab', 'mode': 'maj', 'tempo': 77.99997660000702, 'meter': '4/4', 'pos': ['x', 'x'], 'unit': 0.19230775}
[melody2chord:lyrics_103] Phrase length: 128 positions = 8 bars
[melody2chord:lyrics_103] Phrase length: 128 positions = 8 bars
[melody2chord:lyrics_103] [128, 128]
[melody2chord:lyrics_103] Chord Progression
[melody2chord:lyrics_103] -Source: Niko_Kotoulas_Emotional_Chords_2_C#m-B-F#-B-F#-G#m-E-B_.mid
[melody2chord:lyrics_103] -Source Type: None
[melody2chord:lyrics_103] -Source Tonic: B
[melody2chord:lyrics_103] -Source Metre: 4/4
[melody2chord:lyrics_103] -Source Mode: M (M for Major and m for minor)
[melody2chord:lyrics_103] -Appeared Times: 1
[melody2chord:lyrics_103] -Appeared In Other Songs: 0
[melody2chord:lyrics_103] -Reliability: 1.0
[melody2chord:lyrics_103] -Progression Class: {'type': 'unknown', 'pattern': 'unknown', 'cycle': (0.08151391459392222, 32), 'progression-style': 'emotional', 'chord-style': 'emotional', 'performing-style': 'unknown', 'rhythm': 'unknown', 'epic-endings': 'unknown', 'melodic': 'unknown', 'folder-id': 535, 'duplicate-id': 290, 'new_label': 'pop_complex'}
[melody2chord:lyrics_103] Numbered: 
[melody2chord:lyrics_103] | 2------- | 1------- | 5------- | 1------- | 5------- | 6------- | 4------- | 1------- | 
[melody2chord:lyrics_103] Chord: 
[melody2chord:lyrics_103] | 
[melody2chord:lyrics_103] | C#1------- | B 0------- | F#0------- | B 0------- | F#0------- | G#1------- | E 0------- | B 0------- | 
[melody2chord:lyrics_103] 
[melody2chord:lyrics_103] Chord Progression
[melody2chord:lyrics_103] -Source: Niko_Kotoulas_Pop_7th_9th_Chords_18_G#m-B-E-F#_.mid
[melody2chord:lyrics_103] -Source Type: None
[melody2chord:lyrics_103] -Source Tonic: B
[melody2chord:lyrics_103] -Source Metre: 4/4
[melody2chord:lyrics_103] -Source Mode: M (M for Major and m for minor)
[melody2chord:lyrics_103] -Appeared Times: 1
[melody2chord:lyrics_103] -Appeared In Other Songs: 0
[melody2chord:lyrics_103] -Reliability: 1.0
[melody2chord:lyrics_103] -Progression Class: {'type': 'unknown', 'pattern': 'unknown', 'cycle': (1.0, 32), 'progression-style': 'pop', 'chord-style': 'classy', 'performing-style': 'unknown', 'rhythm': 'unknown', 'epic-endings': 'unknown', 'melodic': 'unknown', 'folder-id': 528, 'duplicate-id': 180, 'new_label': 'pop_complex'}
[melody2chord:lyrics_103] Numbered: 
[melody2chord:lyrics_103] | 6------- | 1------- | 4------- | 5------- | 6------- | 1------- | 4------- | 5------- | 
[melody2chord:lyrics_103] Chord: 
[melody2chord:lyrics_103] | 
[melody2chord:lyrics_103] | G#1------- | B 0------- | E 0------- | F#0------- | G#1------- | B 0------- | E 0------- | F#0------- | 
[melody2chord:lyrics_103] 
[melody2chord:lyrics_103] Total: 2
[melody2chord:lyrics_103] 
[melody2chord:lyrics_103] === Aligning chord_gen TPQ ===
[melody2chord:lyrics_103] Original melody TPQ: 480
[melody2chord:lyrics_103] Chord gen TPQ: 220
[melody2chord:lyrics_103] TPQ ratio: 2.1818
[melody2chord:lyrics_103] Converted chord_gen TPQ from 220 to 480
[melody2chord:lyrics_103] Output saved to: /data/home/fundwotsai/MIDI-SAG/generated_midi_right_key/lyrics_103/chord/chord_gen/sample01_shifted_chord_gen.mid
[melody2chord:lyrics_103] Re-quantized 50 melody notes to 1/16 beat grid
[melody2chord:lyrics_103] === Fill Empty Bars with Chords ===
[melody2chord:lyrics_103] Original melody TPQ: 480
[melody2chord:lyrics_103] Chord gen TPQ: 480
[melody2chord:lyrics_103] TPQ ratio: 1.0000
[melody2chord:lyrics_103] Chords start at tick: 7919 (bar 4.12)
[melody2chord:lyrics_103] Empty bars to fill: 4
[melody2chord:lyrics_103] Prepending 0 bars and copying 18 chord notes to cover 4 leading bars
[melody2chord:lyrics_103] 
[melody2chord:lyrics_103] === Output Summary ===
[melody2chord:lyrics_103] Output TPQ: 480
[melody2chord:lyrics_103] Melody track notes: 118
[melody2chord:lyrics_103] Chord track notes: 99
[melody2chord:lyrics_103] First chord now at tick: 0
[melody2chord:lyrics_103] Last chord at tick: 36720
[melody2chord:lyrics_103] Output saved to: /data/home/fundwotsai/MIDI-SAG/generated_midi_right_key/lyrics_103/chord/chord_gen_filled_empty/sample01_shifted_chord_gen_filled_empty_bars.mid
[melody2chord:lyrics_103] === Quantizing melody to 1/16 notes ===
[melody2chord:lyrics_103] TPQ: 480
[melody2chord:lyrics_103] Ticks per 16th note: 120.0
[melody2chord:lyrics_103] Quantized 137 notes to 1/16 note positions
[melody2chord:lyrics_103] Output saved to: /data/home/fundwotsai/MIDI-SAG/generated_midi_right_key/lyrics_103/chord/chord_gen_quantized/sample01_shifted_chord_gen_quantized.mid
[melody2chord:lyrics_103] Extracted 80 beat-level chords from 'Chords' track
[melody2chord:lyrics_103] Chord times remapped to 78 beat positions (subdivision: quarter notes)
[melody2chord:lyrics_103] ✓ Successfully processed: sample01_shifted
[melody2chord:lyrics_103]   Key: Ab major (confidence: 0.62)
[melody2chord:lyrics_103]   Tempo: 78.0 BPM (source: MIDI tempo)
[melody2chord:lyrics_103]   Chord Text: /data/home/fundwotsai/MIDI-SAG/generated_midi_right_key/lyrics_103/chord/chord_txt/sample01_shifted_chord_gen.txt
[melody2chord:lyrics_103]   BTC Text:   /data/home/fundwotsai/MIDI-SAG/generated_midi_right_key/lyrics_103/chord/btc_txt/sample01_shifted_chord_gen.txt
