[melody2chord:lyrics_190] /data/home/fundwotsai/MIDI-SAG/AccoMontage2/chorderator/utils/utils.py:24: UserWarning: Could not import FluidSynth, audio formats writing disabled
[melody2chord:lyrics_190]   warnings.warn('Could not import FluidSynth, audio formats writing disabled')
[melody2chord:lyrics_190] /home/fundwotsai/miniconda3/envs/midi-sag/lib/python3.9/site-packages/miditok/tokenizations/remi.py:88: UserWarning: Attribute controls are not compatible with 'config.one_token_stream_for_programs' and multi-vocabulary tokenizers. Disabling them from the config.
[melody2chord:lyrics_190]   super().__init__(tokenizer_config, params)
[melody2chord:lyrics_190] /data/home/fundwotsai/MIDI-SAG/AccoMontage2/chorderator/core.py:238: UserWarning: Meter auto set to 4/4/. Please set meter if this is not your expectation
[melody2chord:lyrics_190]   warnings.warn('Meter auto set to 4/4/. Please set meter if this is not your expectation')
[melody2chord:lyrics_190] @Chorderator 2026-04-14 11:59:35,023 - INFO - [1;30m start read progressions from dict [0m
[melody2chord:lyrics_190] @Chorderator 2026-04-14 11:59:42,593 - INFO - [1;30m read progressions done [0m
[melody2chord:lyrics_190] @Chorderator 2026-04-14 11:59:42,593 - INFO - [1;30m start read progression library from source_base.pnt [0m
[melody2chord:lyrics_190] @Chorderator 2026-04-14 11:59:48,835 - INFO - [1;30m read library done [0m
[melody2chord:lyrics_190] @Chorderator 2026-04-14 11:59:48,835 - WARNING - [1;33m Pre-processing... [0m
[melody2chord:lyrics_190] @Chorderator 2026-04-14 11:59:48,843 - WARNING - [1;33m Pre-process done! [0m
[melody2chord:lyrics_190] @Chorderator 2026-04-14 11:59:48,843 - WARNING - [1;33m Solving... [0m
[melody2chord:lyrics_190] @Chorderator 2026-04-14 11:59:48,843 - INFO - [1;30m start read progressions from rep [0m
[melody2chord:lyrics_190] @Chorderator 2026-04-14 11:59:48,877 - INFO - [1;30m read progressions done [0m
[melody2chord:lyrics_190] @Chorderator 2026-04-14 11:59:48,882 - INFO - [1;30m Melody length 2, generate progression with 63 templates [0m
[melody2chord:lyrics_190] @Chorderator 2026-04-14 11:59:48,930 - WARNING - [1;33m Solved! [0m
[melody2chord:lyrics_190] @Chorderator 2026-04-14 11:59:48,930 - WARNING - [1;33m Post-processing... [0m
[melody2chord:lyrics_190] @Chorderator 2026-04-14 11:59:48,934 - WARNING - [1;33m Post-process done! [0m
[melody2chord:lyrics_190] @Chorderator 2026-04-14 11:59:48,934 - WARNING - [1;33m Generating textures... [0m
[melody2chord:lyrics_190] @Chorderator 2026-04-14 11:59:48,935 - WARNING - [1;33m All process finished! [0m
[melody2chord:lyrics_190] 
[melody2chord:lyrics_190] === Processing: sample01_shifted ===
[melody2chord:lyrics_190] Output will be saved to: /data/home/fundwotsai/MIDI-SAG/generated_midi_right_key/lyrics_190/chord/
[melody2chord:lyrics_190] beat_file_path: None
[melody2chord:lyrics_190] Tempo from MIDI: 78.0 BPM (no beat file — skipping warp step)
[melody2chord:lyrics_190] processed_melody_path: /data/home/fundwotsai/MIDI-SAG/generated_midi_right_key/lyrics_190/chord/processed_melody/sample01_shifted.mid
[melody2chord:lyrics_190] Detected key: Eb major (confidence: 0.67, Bellman-Budge)
[melody2chord:lyrics_190] Content bars: 12 -> Segmentation: A8B4 (total: 12)
[melody2chord:lyrics_190] Chorderator bars: 12 -> Segmentation: A8B4 (total: 12)
[melody2chord:lyrics_190] auto_config: {'note_shift': 64, 'segmentation': 'A8B4', 'analysis': {'total_bars': 17, 'empty_bars': 4, 'content_bars': 12, 'note_shift': 64, 'segmentation': 'A8B4', 'first_note_bar': 4.0, 'last_note_bar': 16.28125, 'chorderator_bars': {'max_end_positions': 197, 'fixed_end_positions': 192, 'fixed_end_bars': 12, 'tempo': 77.99997660000703, 'unit': 0.19230774999999997}}}
[melody2chord:lyrics_190] tempo for CDT: 78.0 BPM
[melody2chord:lyrics_190] max_end: 196.0
[melody2chord:lyrics_190] fixed_end: 192
[melody2chord:lyrics_190] 192
[melody2chord:lyrics_190] {'tonic': 'Eb', 'mode': 'maj', 'tempo': 77.99997660000702, 'meter': '4/4', 'pos': ['x', 'x'], 'unit': 0.19230775}
[melody2chord:lyrics_190] Phrase length: 128 positions = 8 bars
[melody2chord:lyrics_190] Phrase length: 64 positions = 4 bars
[melody2chord:lyrics_190] [128, 64]
[melody2chord:lyrics_190] Chord Progression
[melody2chord:lyrics_190] -Source: Niko_Kotoulas_Pop_7th_9th_Chords_16_E-F#-G#m-B_.mid
[melody2chord:lyrics_190] -Source Type: None
[melody2chord:lyrics_190] -Source Tonic: B
[melody2chord:lyrics_190] -Source Metre: 4/4
[melody2chord:lyrics_190] -Source Mode: M (M for Major and m for minor)
[melody2chord:lyrics_190] -Appeared Times: 1
[melody2chord:lyrics_190] -Appeared In Other Songs: 0
[melody2chord:lyrics_190] -Reliability: 1.0
[melody2chord:lyrics_190] -Progression Class: {'type': 'unknown', 'pattern': 'unknown', 'cycle': (1.0, 32), 'progression-style': 'pop', 'chord-style': 'classy', 'performing-style': 'unknown', 'rhythm': 'unknown', 'epic-endings': 'unknown', 'melodic': 'unknown', 'folder-id': 528, 'duplicate-id': 184, 'new_label': 'pop_complex'}
[melody2chord:lyrics_190] Numbered: 
[melody2chord:lyrics_190] | 4------- | 5------- | 6------- | 1------- | 4------- | 5------- | 6------- | 1------- | 
[melody2chord:lyrics_190] Chord: 
[melody2chord:lyrics_190] | 
[melody2chord:lyrics_190] | E 0------- | F#0------- | G#1------- | B 0------- | E 0------- | F#0------- | G#1------- | B 0------- | 
[melody2chord:lyrics_190] 
[melody2chord:lyrics_190] Chord Progression
[melody2chord:lyrics_190] -Source: Niko_Kotoulas_Plucks_2_G#m-B-G#m-F# (vi-I-vi-V).mid
[melody2chord:lyrics_190] -Source Type: None
[melody2chord:lyrics_190] -Source Tonic: B
[melody2chord:lyrics_190] -Source Metre: 4/4
[melody2chord:lyrics_190] -Source Mode: M (M for Major and m for minor)
[melody2chord:lyrics_190] -Appeared Times: 1
[melody2chord:lyrics_190] -Appeared In Other Songs: 0
[melody2chord:lyrics_190] -Reliability: 0.6
[melody2chord:lyrics_190] -Progression Class: {'type': 'unknown', 'pattern': 'vi-I-vi-V', 'cycle': (0.9999999999999998, 16), 'progression-style': 'unknown', 'chord-style': 'unknown', 'performing-style': 'unknown', 'rhythm': 'fast-same-time', 'epic-endings': 'unknown', 'melodic': 'unknown', 'folder-id': 428, 'duplicate-id': 535, 'new_label': 'unknown'}
[melody2chord:lyrics_190] Numbered: 
[melody2chord:lyrics_190] | 6------- | 6--1---- | 6------- | 5------- | 
[melody2chord:lyrics_190] Chord: 
[melody2chord:lyrics_190] | G#1------- | G#1--B 0---- | G#1------- | F#0------- | 
[melody2chord:lyrics_190] 
[melody2chord:lyrics_190] Total: 2
[melody2chord:lyrics_190] 
[melody2chord:lyrics_190] === Aligning chord_gen TPQ ===
[melody2chord:lyrics_190] Original melody TPQ: 480
[melody2chord:lyrics_190] Chord gen TPQ: 220
[melody2chord:lyrics_190] TPQ ratio: 2.1818
[melody2chord:lyrics_190] Converted chord_gen TPQ from 220 to 480
[melody2chord:lyrics_190] Output saved to: /data/home/fundwotsai/MIDI-SAG/generated_midi_right_key/lyrics_190/chord/chord_gen/sample01_shifted_chord_gen.mid
[melody2chord:lyrics_190] Re-quantized 65 melody notes to 1/16 beat grid
[melody2chord:lyrics_190] === Fill Empty Bars with Chords ===
[melody2chord:lyrics_190] Original melody TPQ: 480
[melody2chord:lyrics_190] Chord gen TPQ: 480
[melody2chord:lyrics_190] TPQ ratio: 1.0000
[melody2chord:lyrics_190] Chords start at tick: 7679 (bar 4.00)
[melody2chord:lyrics_190] Empty bars to fill: 4
[melody2chord:lyrics_190] Prepending 1 bars and copying 23 chord notes to cover 4 leading bars
[melody2chord:lyrics_190] 
[melody2chord:lyrics_190] === Output Summary ===
[melody2chord:lyrics_190] Output TPQ: 480
[melody2chord:lyrics_190] Melody track notes: 121
[melody2chord:lyrics_190] Chord track notes: 164
[melody2chord:lyrics_190] First chord now at tick: 0
[melody2chord:lyrics_190] Last chord at tick: 32159
[melody2chord:lyrics_190] Output saved to: /data/home/fundwotsai/MIDI-SAG/generated_midi_right_key/lyrics_190/chord/chord_gen_filled_empty/sample01_shifted_chord_gen_filled_empty_bars.mid
[melody2chord:lyrics_190] === Quantizing melody to 1/16 notes ===
[melody2chord:lyrics_190] TPQ: 480
[melody2chord:lyrics_190] Ticks per 16th note: 120.0
[melody2chord:lyrics_190] Quantized 146 notes to 1/16 note positions
[melody2chord:lyrics_190] Output saved to: /data/home/fundwotsai/MIDI-SAG/generated_midi_right_key/lyrics_190/chord/chord_gen_quantized/sample01_shifted_chord_gen_quantized.mid
[melody2chord:lyrics_190] Extracted 67 beat-level chords from 'Chords' track
[melody2chord:lyrics_190] Chord times remapped to 67 beat positions (subdivision: quarter notes)
[melody2chord:lyrics_190] Filled 9 None chords
[melody2chord:lyrics_190] ✓ Successfully processed: sample01_shifted
[melody2chord:lyrics_190]   Key: Eb major (confidence: 0.67)
[melody2chord:lyrics_190]   Tempo: 78.0 BPM (source: MIDI tempo)
[melody2chord:lyrics_190]   Chord Text: /data/home/fundwotsai/MIDI-SAG/generated_midi_right_key/lyrics_190/chord/chord_txt/sample01_shifted_chord_gen.txt
[melody2chord:lyrics_190]   BTC Text:   /data/home/fundwotsai/MIDI-SAG/generated_midi_right_key/lyrics_190/chord/btc_txt/sample01_shifted_chord_gen.txt
