[melody2chord:lyrics_129] /data/home/fundwotsai/MIDI-SAG/AccoMontage2/chorderator/utils/utils.py:24: UserWarning: Could not import FluidSynth, audio formats writing disabled
[melody2chord:lyrics_129]   warnings.warn('Could not import FluidSynth, audio formats writing disabled')
[melody2chord:lyrics_129] /home/fundwotsai/miniconda3/envs/midi-sag/lib/python3.9/site-packages/miditok/tokenizations/remi.py:88: UserWarning: Attribute controls are not compatible with 'config.one_token_stream_for_programs' and multi-vocabulary tokenizers. Disabling them from the config.
[melody2chord:lyrics_129]   super().__init__(tokenizer_config, params)
[melody2chord:lyrics_129] /data/home/fundwotsai/MIDI-SAG/AccoMontage2/chorderator/core.py:238: UserWarning: Meter auto set to 4/4/. Please set meter if this is not your expectation
[melody2chord:lyrics_129]   warnings.warn('Meter auto set to 4/4/. Please set meter if this is not your expectation')
[melody2chord:lyrics_129] @Chorderator 2026-04-14 11:32:32,169 - INFO - [1;30m start read progressions from dict [0m
[melody2chord:lyrics_129] @Chorderator 2026-04-14 11:32:38,608 - INFO - [1;30m read progressions done [0m
[melody2chord:lyrics_129] @Chorderator 2026-04-14 11:32:38,608 - INFO - [1;30m start read progression library from source_base.pnt [0m
[melody2chord:lyrics_129] @Chorderator 2026-04-14 11:32:44,801 - INFO - [1;30m read library done [0m
[melody2chord:lyrics_129] @Chorderator 2026-04-14 11:32:44,801 - WARNING - [1;33m Pre-processing... [0m
[melody2chord:lyrics_129] @Chorderator 2026-04-14 11:32:44,811 - WARNING - [1;33m Pre-process done! [0m
[melody2chord:lyrics_129] @Chorderator 2026-04-14 11:32:44,811 - WARNING - [1;33m Solving... [0m
[melody2chord:lyrics_129] @Chorderator 2026-04-14 11:32:44,811 - INFO - [1;30m start read progressions from rep [0m
[melody2chord:lyrics_129] @Chorderator 2026-04-14 11:32:44,843 - INFO - [1;30m read progressions done [0m
[melody2chord:lyrics_129] @Chorderator 2026-04-14 11:32:44,847 - INFO - [1;30m Melody length 2, generate progression with 63 templates [0m
[melody2chord:lyrics_129] @Chorderator 2026-04-14 11:32:44,896 - WARNING - [1;33m Solved! [0m
[melody2chord:lyrics_129] @Chorderator 2026-04-14 11:32:44,896 - WARNING - [1;33m Post-processing... [0m
[melody2chord:lyrics_129] @Chorderator 2026-04-14 11:32:44,900 - WARNING - [1;33m Post-process done! [0m
[melody2chord:lyrics_129] @Chorderator 2026-04-14 11:32:44,900 - WARNING - [1;33m Generating textures... [0m
[melody2chord:lyrics_129] @Chorderator 2026-04-14 11:32:44,900 - WARNING - [1;33m All process finished! [0m
[melody2chord:lyrics_129] 
[melody2chord:lyrics_129] === Processing: sample01_shifted ===
[melody2chord:lyrics_129] Output will be saved to: /data/home/fundwotsai/MIDI-SAG/generated_midi_right_key/lyrics_129/chord/
[melody2chord:lyrics_129] beat_file_path: None
[melody2chord:lyrics_129] Tempo from MIDI: 78.0 BPM (no beat file — skipping warp step)
[melody2chord:lyrics_129] processed_melody_path: /data/home/fundwotsai/MIDI-SAG/generated_midi_right_key/lyrics_129/chord/processed_melody/sample01_shifted.mid
[melody2chord:lyrics_129] Detected key: C major (confidence: 0.71, Bellman-Budge)
[melody2chord:lyrics_129] Content bars: 13 -> Segmentation: A8B8 (total: 16)
[melody2chord:lyrics_129] Chorderator bars: 16 -> Segmentation: A8B8 (total: 16)
[melody2chord:lyrics_129] auto_config: {'note_shift': 77, 'segmentation': 'A8B8', 'analysis': {'total_bars': 18, 'empty_bars': 4, 'content_bars': 13, 'note_shift': 77, 'segmentation': 'A8B8', 'first_note_bar': 4.8125, 'last_note_bar': 17.9375, 'chorderator_bars': {'max_end_positions': 210, 'fixed_end_positions': 256, 'fixed_end_bars': 16, 'tempo': 77.99997660000703, 'unit': 0.19230774999999997}}}
[melody2chord:lyrics_129] tempo for CDT: 78.0 BPM
[melody2chord:lyrics_129] max_end: 210.0
[melody2chord:lyrics_129] fixed_end: 256
[melody2chord:lyrics_129] 256
[melody2chord:lyrics_129] {'tonic': 'C', 'mode': 'maj', 'tempo': 77.99997660000702, 'meter': '4/4', 'pos': ['x', 'x'], 'unit': 0.19230775}
[melody2chord:lyrics_129] Phrase length: 128 positions = 8 bars
[melody2chord:lyrics_129] Phrase length: 128 positions = 8 bars
[melody2chord:lyrics_129] [128, 128]
[melody2chord:lyrics_129] Chord Progression
[melody2chord:lyrics_129] -Source: Niko_Kotoulas_Pop_7th_9th_Chords_8_B-Em-B-Em_.mid
[melody2chord:lyrics_129] -Source Type: None
[melody2chord:lyrics_129] -Source Tonic: B
[melody2chord:lyrics_129] -Source Metre: 4/4
[melody2chord:lyrics_129] -Source Mode: M (M for Major and m for minor)
[melody2chord:lyrics_129] -Appeared Times: 1
[melody2chord:lyrics_129] -Appeared In Other Songs: 0
[melody2chord:lyrics_129] -Reliability: 1.0
[melody2chord:lyrics_129] -Progression Class: {'type': 'unknown', 'pattern': 'unknown', 'cycle': (1.0, 16), 'progression-style': 'pop', 'chord-style': 'classy', 'performing-style': 'unknown', 'rhythm': 'unknown', 'epic-endings': 'unknown', 'melodic': 'unknown', 'folder-id': 528, 'duplicate-id': 154, 'new_label': 'pop_complex'}
[melody2chord:lyrics_129] Numbered: 
[melody2chord:lyrics_129] | 1------- | 4------- | 1------- | 4------- | 1------- | 4------- | 1------- | 4------- | 
[melody2chord:lyrics_129] Chord: 
[melody2chord:lyrics_129] | 
[melody2chord:lyrics_129] | B 0------- | E 1------- | B 0------- | E 1------- | B 0------- | E 1------- | B 0------- | E 1------- | 
[melody2chord:lyrics_129] 
[melody2chord:lyrics_129] Chord Progression
[melody2chord:lyrics_129] -Source: Niko_Kotoulas_Pop_7th_9th_Chords_6_B-E-F#-B_.mid
[melody2chord:lyrics_129] -Source Type: None
[melody2chord:lyrics_129] -Source Tonic: B
[melody2chord:lyrics_129] -Source Metre: 4/4
[melody2chord:lyrics_129] -Source Mode: M (M for Major and m for minor)
[melody2chord:lyrics_129] -Appeared Times: 1
[melody2chord:lyrics_129] -Appeared In Other Songs: 0
[melody2chord:lyrics_129] -Reliability: 1.0
[melody2chord:lyrics_129] -Progression Class: {'type': 'unknown', 'pattern': 'unknown', 'cycle': (1.0, 32), 'progression-style': 'pop', 'chord-style': 'classy', 'performing-style': 'unknown', 'rhythm': 'unknown', 'epic-endings': 'unknown', 'melodic': 'unknown', 'folder-id': 528, 'duplicate-id': 157, 'new_label': 'pop_complex'}
[melody2chord:lyrics_129] Numbered: 
[melody2chord:lyrics_129] | 1------- | 4------- | 5------- | 1------- | 1------- | 4------- | 5------- | 1------- | 
[melody2chord:lyrics_129] Chord: 
[melody2chord:lyrics_129] | 
[melody2chord:lyrics_129] | B 0------- | E 0------- | F#0------- | B 0------- | B 0------- | E 0------- | F#0------- | B 0------- | 
[melody2chord:lyrics_129] 
[melody2chord:lyrics_129] Total: 2
[melody2chord:lyrics_129] 
[melody2chord:lyrics_129] === Aligning chord_gen TPQ ===
[melody2chord:lyrics_129] Original melody TPQ: 480
[melody2chord:lyrics_129] Chord gen TPQ: 220
[melody2chord:lyrics_129] TPQ ratio: 2.1818
[melody2chord:lyrics_129] Converted chord_gen TPQ from 220 to 480
[melody2chord:lyrics_129] Output saved to: /data/home/fundwotsai/MIDI-SAG/generated_midi_right_key/lyrics_129/chord/chord_gen/sample01_shifted_chord_gen.mid
[melody2chord:lyrics_129] Re-quantized 67 melody notes to 1/16 beat grid
[melody2chord:lyrics_129] === Fill Empty Bars with Chords ===
[melody2chord:lyrics_129] Original melody TPQ: 480
[melody2chord:lyrics_129] Chord gen TPQ: 480
[melody2chord:lyrics_129] TPQ ratio: 1.0000
[melody2chord:lyrics_129] Chords start at tick: 9240 (bar 4.81)
[melody2chord:lyrics_129] Empty bars to fill: 4
[melody2chord:lyrics_129] Prepending 0 bars and copying 23 chord notes to cover 4 leading bars
[melody2chord:lyrics_129] 
[melody2chord:lyrics_129] === Output Summary ===
[melody2chord:lyrics_129] Output TPQ: 480
[melody2chord:lyrics_129] Melody track notes: 121
[melody2chord:lyrics_129] Chord track notes: 117
[melody2chord:lyrics_129] First chord now at tick: 0
[melody2chord:lyrics_129] Last chord at tick: 38040
[melody2chord:lyrics_129] Output saved to: /data/home/fundwotsai/MIDI-SAG/generated_midi_right_key/lyrics_129/chord/chord_gen_filled_empty/sample01_shifted_chord_gen_filled_empty_bars.mid
[melody2chord:lyrics_129] === Quantizing melody to 1/16 notes ===
[melody2chord:lyrics_129] TPQ: 480
[melody2chord:lyrics_129] Ticks per 16th note: 120.0
[melody2chord:lyrics_129] Quantized 137 notes to 1/16 note positions
[melody2chord:lyrics_129] Output saved to: /data/home/fundwotsai/MIDI-SAG/generated_midi_right_key/lyrics_129/chord/chord_gen_quantized/sample01_shifted_chord_gen_quantized.mid
[melody2chord:lyrics_129] Extracted 83 beat-level chords from 'Chords' track
[melody2chord:lyrics_129] Chord times remapped to 73 beat positions (subdivision: quarter notes)
[melody2chord:lyrics_129] Filled 3 None chords
[melody2chord:lyrics_129] ✓ Successfully processed: sample01_shifted
[melody2chord:lyrics_129]   Key: C major (confidence: 0.71)
[melody2chord:lyrics_129]   Tempo: 78.0 BPM (source: MIDI tempo)
[melody2chord:lyrics_129]   Chord Text: /data/home/fundwotsai/MIDI-SAG/generated_midi_right_key/lyrics_129/chord/chord_txt/sample01_shifted_chord_gen.txt
[melody2chord:lyrics_129]   BTC Text:   /data/home/fundwotsai/MIDI-SAG/generated_midi_right_key/lyrics_129/chord/btc_txt/sample01_shifted_chord_gen.txt
