[melody2chord:lyrics_85] /data/home/fundwotsai/MIDI-SAG/AccoMontage2/chorderator/utils/utils.py:24: UserWarning: Could not import FluidSynth, audio formats writing disabled
[melody2chord:lyrics_85]   warnings.warn('Could not import FluidSynth, audio formats writing disabled')
[melody2chord:lyrics_85] /home/fundwotsai/miniconda3/envs/midi-sag/lib/python3.9/site-packages/miditok/tokenizations/remi.py:88: UserWarning: Attribute controls are not compatible with 'config.one_token_stream_for_programs' and multi-vocabulary tokenizers. Disabling them from the config.
[melody2chord:lyrics_85]   super().__init__(tokenizer_config, params)
[melody2chord:lyrics_85] /data/home/fundwotsai/MIDI-SAG/AccoMontage2/chorderator/core.py:238: UserWarning: Meter auto set to 4/4/. Please set meter if this is not your expectation
[melody2chord:lyrics_85]   warnings.warn('Meter auto set to 4/4/. Please set meter if this is not your expectation')
[melody2chord:lyrics_85] @Chorderator 2026-04-14 12:35:49,341 - INFO - [1;30m start read progressions from dict [0m
[melody2chord:lyrics_85] @Chorderator 2026-04-14 12:35:55,858 - INFO - [1;30m read progressions done [0m
[melody2chord:lyrics_85] @Chorderator 2026-04-14 12:35:55,858 - INFO - [1;30m start read progression library from source_base.pnt [0m
[melody2chord:lyrics_85] @Chorderator 2026-04-14 12:36:02,154 - INFO - [1;30m read library done [0m
[melody2chord:lyrics_85] @Chorderator 2026-04-14 12:36:02,154 - WARNING - [1;33m Pre-processing... [0m
[melody2chord:lyrics_85] @Chorderator 2026-04-14 12:36:02,164 - WARNING - [1;33m Pre-process done! [0m
[melody2chord:lyrics_85] @Chorderator 2026-04-14 12:36:02,164 - WARNING - [1;33m Solving... [0m
[melody2chord:lyrics_85] @Chorderator 2026-04-14 12:36:02,164 - INFO - [1;30m start read progressions from rep [0m
[melody2chord:lyrics_85] @Chorderator 2026-04-14 12:36:02,196 - INFO - [1;30m read progressions done [0m
[melody2chord:lyrics_85] @Chorderator 2026-04-14 12:36:02,200 - INFO - [1;30m Melody length 2, generate progression with 63 templates [0m
[melody2chord:lyrics_85] @Chorderator 2026-04-14 12:36:02,250 - WARNING - [1;33m Solved! [0m
[melody2chord:lyrics_85] @Chorderator 2026-04-14 12:36:02,250 - WARNING - [1;33m Post-processing... [0m
[melody2chord:lyrics_85] @Chorderator 2026-04-14 12:36:02,254 - WARNING - [1;33m Post-process done! [0m
[melody2chord:lyrics_85] @Chorderator 2026-04-14 12:36:02,254 - WARNING - [1;33m Generating textures... [0m
[melody2chord:lyrics_85] @Chorderator 2026-04-14 12:36:02,254 - WARNING - [1;33m All process finished! [0m
[melody2chord:lyrics_85] 
[melody2chord:lyrics_85] === Processing: sample01_shifted ===
[melody2chord:lyrics_85] Output will be saved to: /data/home/fundwotsai/MIDI-SAG/generated_midi_right_key/lyrics_85/chord/
[melody2chord:lyrics_85] beat_file_path: None
[melody2chord:lyrics_85] Tempo from MIDI: 78.0 BPM (no beat file — skipping warp step)
[melody2chord:lyrics_85] processed_melody_path: /data/home/fundwotsai/MIDI-SAG/generated_midi_right_key/lyrics_85/chord/processed_melody/sample01_shifted.mid
[melody2chord:lyrics_85] Detected key: Ab major (confidence: 0.61, Bellman-Budge)
[melody2chord:lyrics_85] Content bars: 14 -> Segmentation: A8B8 (total: 16)
[melody2chord:lyrics_85] Chorderator bars: 16 -> Segmentation: A8B8 (total: 16)
[melody2chord:lyrics_85] auto_config: {'note_shift': 77, 'segmentation': 'A8B8', 'analysis': {'total_bars': 19, 'empty_bars': 4, 'content_bars': 14, 'note_shift': 77, 'segmentation': 'A8B8', 'first_note_bar': 4.8125, 'last_note_bar': 18.875, 'chorderator_bars': {'max_end_positions': 225, 'fixed_end_positions': 256, 'fixed_end_bars': 16, 'tempo': 77.99997660000703, 'unit': 0.19230774999999997}}}
[melody2chord:lyrics_85] tempo for CDT: 78.0 BPM
[melody2chord:lyrics_85] max_end: 225.0
[melody2chord:lyrics_85] fixed_end: 256
[melody2chord:lyrics_85] 256
[melody2chord:lyrics_85] {'tonic': 'Ab', 'mode': 'maj', 'tempo': 77.99997660000702, 'meter': '4/4', 'pos': ['x', 'x'], 'unit': 0.19230775}
[melody2chord:lyrics_85] Phrase length: 128 positions = 8 bars
[melody2chord:lyrics_85] Phrase length: 128 positions = 8 bars
[melody2chord:lyrics_85] [128, 128]
[melody2chord:lyrics_85] Chord Progression
[melody2chord:lyrics_85] -Source: Niko_Kotoulas_Pop_7th_9th_Chords_8_B-Em-B-Em_.mid
[melody2chord:lyrics_85] -Source Type: None
[melody2chord:lyrics_85] -Source Tonic: B
[melody2chord:lyrics_85] -Source Metre: 4/4
[melody2chord:lyrics_85] -Source Mode: M (M for Major and m for minor)
[melody2chord:lyrics_85] -Appeared Times: 1
[melody2chord:lyrics_85] -Appeared In Other Songs: 0
[melody2chord:lyrics_85] -Reliability: 1.0
[melody2chord:lyrics_85] -Progression Class: {'type': 'unknown', 'pattern': 'unknown', 'cycle': (1.0, 16), 'progression-style': 'pop', 'chord-style': 'classy', 'performing-style': 'unknown', 'rhythm': 'unknown', 'epic-endings': 'unknown', 'melodic': 'unknown', 'folder-id': 528, 'duplicate-id': 154, 'new_label': 'pop_complex'}
[melody2chord:lyrics_85] Numbered: 
[melody2chord:lyrics_85] | 1------- | 4------- | 1------- | 4------- | 1------- | 4------- | 1------- | 4------- | 
[melody2chord:lyrics_85] Chord: 
[melody2chord:lyrics_85] | 
[melody2chord:lyrics_85] | B 0------- | E 1------- | B 0------- | E 1------- | B 0------- | E 1------- | B 0------- | E 1------- | 
[melody2chord:lyrics_85] 
[melody2chord:lyrics_85] Chord Progression
[melody2chord:lyrics_85] -Source: Niko_Kotoulas_Pop_7th_9th_Chords_7_B-G#m-B-G#m_.mid
[melody2chord:lyrics_85] -Source Type: None
[melody2chord:lyrics_85] -Source Tonic: B
[melody2chord:lyrics_85] -Source Metre: 4/4
[melody2chord:lyrics_85] -Source Mode: M (M for Major and m for minor)
[melody2chord:lyrics_85] -Appeared Times: 1
[melody2chord:lyrics_85] -Appeared In Other Songs: 0
[melody2chord:lyrics_85] -Reliability: 1.0
[melody2chord:lyrics_85] -Progression Class: {'type': 'unknown', 'pattern': 'unknown', 'cycle': (1.0, 16), 'progression-style': 'pop', 'chord-style': 'classy', 'performing-style': 'unknown', 'rhythm': 'unknown', 'epic-endings': 'unknown', 'melodic': 'unknown', 'folder-id': 528, 'duplicate-id': 174, 'new_label': 'pop_complex'}
[melody2chord:lyrics_85] Numbered: 
[melody2chord:lyrics_85] | 1------- | 6------- | 1------- | 6------- | 1------- | 6------- | 1------- | 6------- | 
[melody2chord:lyrics_85] Chord: 
[melody2chord:lyrics_85] | 
[melody2chord:lyrics_85] | B 0------- | G#1------- | B 0------- | G#1------- | B 0------- | G#1------- | B 0------- | G#1------- | 
[melody2chord:lyrics_85] 
[melody2chord:lyrics_85] Total: 2
[melody2chord:lyrics_85] 
[melody2chord:lyrics_85] === Aligning chord_gen TPQ ===
[melody2chord:lyrics_85] Original melody TPQ: 480
[melody2chord:lyrics_85] Chord gen TPQ: 220
[melody2chord:lyrics_85] TPQ ratio: 2.1818
[melody2chord:lyrics_85] Converted chord_gen TPQ from 220 to 480
[melody2chord:lyrics_85] Output saved to: /data/home/fundwotsai/MIDI-SAG/generated_midi_right_key/lyrics_85/chord/chord_gen/sample01_shifted_chord_gen.mid
[melody2chord:lyrics_85] Re-quantized 54 melody notes to 1/16 beat grid
[melody2chord:lyrics_85] === Fill Empty Bars with Chords ===
[melody2chord:lyrics_85] Original melody TPQ: 480
[melody2chord:lyrics_85] Chord gen TPQ: 480
[melody2chord:lyrics_85] TPQ ratio: 1.0000
[melody2chord:lyrics_85] Chords start at tick: 9240 (bar 4.81)
[melody2chord:lyrics_85] Empty bars to fill: 4
[melody2chord:lyrics_85] Prepending 0 bars and copying 29 chord notes to cover 4 leading bars
[melody2chord:lyrics_85] 
[melody2chord:lyrics_85] === Output Summary ===
[melody2chord:lyrics_85] Output TPQ: 480
[melody2chord:lyrics_85] Melody track notes: 122
[melody2chord:lyrics_85] Chord track notes: 127
[melody2chord:lyrics_85] First chord now at tick: 0
[melody2chord:lyrics_85] Last chord at tick: 38040
[melody2chord:lyrics_85] Output saved to: /data/home/fundwotsai/MIDI-SAG/generated_midi_right_key/lyrics_85/chord/chord_gen_filled_empty/sample01_shifted_chord_gen_filled_empty_bars.mid
[melody2chord:lyrics_85] === Quantizing melody to 1/16 notes ===
[melody2chord:lyrics_85] TPQ: 480
[melody2chord:lyrics_85] Ticks per 16th note: 120.0
[melody2chord:lyrics_85] Quantized 135 notes to 1/16 note positions
[melody2chord:lyrics_85] Output saved to: /data/home/fundwotsai/MIDI-SAG/generated_midi_right_key/lyrics_85/chord/chord_gen_quantized/sample01_shifted_chord_gen_quantized.mid
[melody2chord:lyrics_85] Extracted 83 beat-level chords from 'Chords' track
[melody2chord:lyrics_85] Chord times remapped to 77 beat positions (subdivision: quarter notes)
[melody2chord:lyrics_85] Filled 3 None chords
[melody2chord:lyrics_85] ✓ Successfully processed: sample01_shifted
[melody2chord:lyrics_85]   Key: Ab major (confidence: 0.61)
[melody2chord:lyrics_85]   Tempo: 78.0 BPM (source: MIDI tempo)
[melody2chord:lyrics_85]   Chord Text: /data/home/fundwotsai/MIDI-SAG/generated_midi_right_key/lyrics_85/chord/chord_txt/sample01_shifted_chord_gen.txt
[melody2chord:lyrics_85]   BTC Text:   /data/home/fundwotsai/MIDI-SAG/generated_midi_right_key/lyrics_85/chord/btc_txt/sample01_shifted_chord_gen.txt
