[melody2chord:lyrics_2] /data/home/fundwotsai/MIDI-SAG/AccoMontage2/chorderator/utils/utils.py:24: UserWarning: Could not import FluidSynth, audio formats writing disabled
[melody2chord:lyrics_2]   warnings.warn('Could not import FluidSynth, audio formats writing disabled')
[melody2chord:lyrics_2] /home/fundwotsai/miniconda3/envs/midi-sag/lib/python3.9/site-packages/miditok/tokenizations/remi.py:88: UserWarning: Attribute controls are not compatible with 'config.one_token_stream_for_programs' and multi-vocabulary tokenizers. Disabling them from the config.
[melody2chord:lyrics_2]   super().__init__(tokenizer_config, params)
[melody2chord:lyrics_2] /data/home/fundwotsai/MIDI-SAG/AccoMontage2/chorderator/core.py:238: UserWarning: Meter auto set to 4/4/. Please set meter if this is not your expectation
[melody2chord:lyrics_2]   warnings.warn('Meter auto set to 4/4/. Please set meter if this is not your expectation')
[melody2chord:lyrics_2] @Chorderator 2026-04-14 12:03:33,828 - INFO - [1;30m start read progressions from dict [0m
[melody2chord:lyrics_2] @Chorderator 2026-04-14 12:03:42,067 - INFO - [1;30m read progressions done [0m
[melody2chord:lyrics_2] @Chorderator 2026-04-14 12:03:42,067 - INFO - [1;30m start read progression library from source_base.pnt [0m
[melody2chord:lyrics_2] @Chorderator 2026-04-14 12:03:49,402 - INFO - [1;30m read library done [0m
[melody2chord:lyrics_2] @Chorderator 2026-04-14 12:03:49,403 - WARNING - [1;33m Pre-processing... [0m
[melody2chord:lyrics_2] @Chorderator 2026-04-14 12:03:49,415 - WARNING - [1;33m Pre-process done! [0m
[melody2chord:lyrics_2] @Chorderator 2026-04-14 12:03:49,415 - WARNING - [1;33m Solving... [0m
[melody2chord:lyrics_2] @Chorderator 2026-04-14 12:03:49,415 - INFO - [1;30m start read progressions from rep [0m
[melody2chord:lyrics_2] @Chorderator 2026-04-14 12:03:49,449 - INFO - [1;30m read progressions done [0m
[melody2chord:lyrics_2] @Chorderator 2026-04-14 12:03:49,454 - INFO - [1;30m Melody length 3, generate progression with 63 templates [0m
[melody2chord:lyrics_2] @Chorderator 2026-04-14 12:03:49,527 - WARNING - [1;33m Solved! [0m
[melody2chord:lyrics_2] @Chorderator 2026-04-14 12:03:49,527 - WARNING - [1;33m Post-processing... [0m
[melody2chord:lyrics_2] @Chorderator 2026-04-14 12:03:49,534 - WARNING - [1;33m Post-process done! [0m
[melody2chord:lyrics_2] @Chorderator 2026-04-14 12:03:49,534 - WARNING - [1;33m Generating textures... [0m
[melody2chord:lyrics_2] @Chorderator 2026-04-14 12:03:49,535 - WARNING - [1;33m All process finished! [0m
[melody2chord:lyrics_2] 
[melody2chord:lyrics_2] === Processing: sample01_shifted ===
[melody2chord:lyrics_2] Output will be saved to: /data/home/fundwotsai/MIDI-SAG/generated_midi_right_key/lyrics_2/chord/
[melody2chord:lyrics_2] beat_file_path: None
[melody2chord:lyrics_2] Tempo from MIDI: 78.0 BPM (no beat file — skipping warp step)
[melody2chord:lyrics_2] processed_melody_path: /data/home/fundwotsai/MIDI-SAG/generated_midi_right_key/lyrics_2/chord/processed_melody/sample01_shifted.mid
[melody2chord:lyrics_2] Detected key: C major (confidence: 0.66, Bellman-Budge)
[melody2chord:lyrics_2] Content bars: 18 -> Segmentation: A8B8A4 (total: 20)
[melody2chord:lyrics_2] Chorderator bars: 20 -> Segmentation: A8B8A4 (total: 20)
[melody2chord:lyrics_2] auto_config: {'note_shift': 66, 'segmentation': 'A8B8A4', 'analysis': {'total_bars': 23, 'empty_bars': 4, 'content_bars': 18, 'note_shift': 66, 'segmentation': 'A8B8A4', 'first_note_bar': 4.125, 'last_note_bar': 22.5625, 'chorderator_bars': {'max_end_positions': 295, 'fixed_end_positions': 320, 'fixed_end_bars': 20, 'tempo': 77.99997660000703, 'unit': 0.19230774999999997}}}
[melody2chord:lyrics_2] tempo for CDT: 78.0 BPM
[melody2chord:lyrics_2] max_end: 295.0
[melody2chord:lyrics_2] fixed_end: 320
[melody2chord:lyrics_2] 320
[melody2chord:lyrics_2] {'tonic': 'C', 'mode': 'maj', 'tempo': 77.99997660000702, 'meter': '4/4', 'pos': ['x', 'x', 'x'], 'unit': 0.19230775}
[melody2chord:lyrics_2] Phrase length: 128 positions = 8 bars
[melody2chord:lyrics_2] Phrase length: 128 positions = 8 bars
[melody2chord:lyrics_2] Phrase length: 64 positions = 4 bars
[melody2chord:lyrics_2] [128, 128, 64]
[melody2chord:lyrics_2] Chord Progression
[melody2chord:lyrics_2] -Source: Niko_Kotoulas_Pop_7th_9th_Chords_6_B-E-F#-B_.mid
[melody2chord:lyrics_2] -Source Type: None
[melody2chord:lyrics_2] -Source Tonic: B
[melody2chord:lyrics_2] -Source Metre: 4/4
[melody2chord:lyrics_2] -Source Mode: M (M for Major and m for minor)
[melody2chord:lyrics_2] -Appeared Times: 1
[melody2chord:lyrics_2] -Appeared In Other Songs: 0
[melody2chord:lyrics_2] -Reliability: 1.0
[melody2chord:lyrics_2] -Progression Class: {'type': 'unknown', 'pattern': 'unknown', 'cycle': (1.0, 32), 'progression-style': 'pop', 'chord-style': 'classy', 'performing-style': 'unknown', 'rhythm': 'unknown', 'epic-endings': 'unknown', 'melodic': 'unknown', 'folder-id': 528, 'duplicate-id': 157, 'new_label': 'pop_complex'}
[melody2chord:lyrics_2] Numbered: 
[melody2chord:lyrics_2] | 1------- | 4------- | 5------- | 1------- | 1------- | 4------- | 5------- | 1------- | 
[melody2chord:lyrics_2] Chord: 
[melody2chord:lyrics_2] | 
[melody2chord:lyrics_2] | B 0------- | E 0------- | F#0------- | B 0------- | B 0------- | E 0------- | F#0------- | B 0------- | 
[melody2chord:lyrics_2] 
[melody2chord:lyrics_2] Chord Progression
[melody2chord:lyrics_2] -Source: Niko_Kotoulas__RhythmChordProg_2 (vi-I-IV-V-ii-iii-IV-V).mid
[melody2chord:lyrics_2] -Source Type: None
[melody2chord:lyrics_2] -Source Tonic: B
[melody2chord:lyrics_2] -Source Metre: 4/4
[melody2chord:lyrics_2] -Source Mode: M (M for Major and m for minor)
[melody2chord:lyrics_2] -Appeared Times: 1
[melody2chord:lyrics_2] -Appeared In Other Songs: 0
[melody2chord:lyrics_2] -Reliability: 0.7
[melody2chord:lyrics_2] -Progression Class: {'type': 'unknown', 'pattern': 'vi-I-IV-V-ii-iii-IV-V', 'cycle': (0.5178087050187163, 24), 'progression-style': 'unknown', 'chord-style': 'unknown', 'performing-style': 'unknown', 'rhythm': 'slow', 'epic-endings': 'unknown', 'melodic': 'unknown', 'folder-id': 5971, 'duplicate-id': 81, 'new_label': 'unknown'}
[melody2chord:lyrics_2] Numbered: 
[melody2chord:lyrics_2] | 6------- | 1------- | 4------- | 5------- | 2------- | 3------- | 4------- | 5------- | 
[melody2chord:lyrics_2] Chord: 
[melody2chord:lyrics_2] | 
[melody2chord:lyrics_2] | G#1------- | B 0------- | E 0------- | F#0------- | C#1------- | D#1------- | E 0------- | F#0------- | 
[melody2chord:lyrics_2] 
[melody2chord:lyrics_2] Chord Progression
[melody2chord:lyrics_2] -Source: Niko_Kotoulas_ChordProg_7_B-F#m-C#m-B (I-v-ii-I).mid
[melody2chord:lyrics_2] -Source Type: None
[melody2chord:lyrics_2] -Source Tonic: B
[melody2chord:lyrics_2] -Source Metre: 4/4
[melody2chord:lyrics_2] -Source Mode: M (M for Major and m for minor)
[melody2chord:lyrics_2] -Appeared Times: 1
[melody2chord:lyrics_2] -Appeared In Other Songs: 0
[melody2chord:lyrics_2] -Reliability: 0.9
[melody2chord:lyrics_2] -Progression Class: {'type': 'unknown', 'pattern': 'I-v-ii-I', 'cycle': (-0.4999999999999999, 8), 'progression-style': 'unknown', 'chord-style': 'unknown', 'performing-style': 'unknown', 'rhythm': 'unknown', 'epic-endings': 'unknown', 'melodic': 'unknown', 'folder-id': 43, 'duplicate-id': 19, 'new_label': 'unknown'}
[melody2chord:lyrics_2] Numbered: 
[melody2chord:lyrics_2] | 1------- | 5------- | 2------- | 1------- | 
[melody2chord:lyrics_2] Chord: 
[melody2chord:lyrics_2] | B 0------- | F#1------- | C#1------- | B 0------- | 
[melody2chord:lyrics_2] 
[melody2chord:lyrics_2] Total: 3
[melody2chord:lyrics_2] 
[melody2chord:lyrics_2] === Aligning chord_gen TPQ ===
[melody2chord:lyrics_2] Original melody TPQ: 480
[melody2chord:lyrics_2] Chord gen TPQ: 220
[melody2chord:lyrics_2] TPQ ratio: 2.1818
[melody2chord:lyrics_2] Converted chord_gen TPQ from 220 to 480
[melody2chord:lyrics_2] Output saved to: /data/home/fundwotsai/MIDI-SAG/generated_midi_right_key/lyrics_2/chord/chord_gen/sample01_shifted_chord_gen.mid
[melody2chord:lyrics_2] Re-quantized 60 melody notes to 1/16 beat grid
[melody2chord:lyrics_2] === Fill Empty Bars with Chords ===
[melody2chord:lyrics_2] Original melody TPQ: 480
[melody2chord:lyrics_2] Chord gen TPQ: 480
[melody2chord:lyrics_2] TPQ ratio: 1.0000
[melody2chord:lyrics_2] Chords start at tick: 7919 (bar 4.12)
[melody2chord:lyrics_2] Empty bars to fill: 4
[melody2chord:lyrics_2] Prepending 0 bars and copying 24 chord notes to cover 4 leading bars
[melody2chord:lyrics_2] 
[melody2chord:lyrics_2] === Output Summary ===
[melody2chord:lyrics_2] Output TPQ: 480
[melody2chord:lyrics_2] Melody track notes: 130
[melody2chord:lyrics_2] Chord track notes: 141
[melody2chord:lyrics_2] First chord now at tick: 0
[melody2chord:lyrics_2] Last chord at tick: 44400
[melody2chord:lyrics_2] Output saved to: /data/home/fundwotsai/MIDI-SAG/generated_midi_right_key/lyrics_2/chord/chord_gen_filled_empty/sample01_shifted_chord_gen_filled_empty_bars.mid
[melody2chord:lyrics_2] === Quantizing melody to 1/16 notes ===
[melody2chord:lyrics_2] TPQ: 480
[melody2chord:lyrics_2] Ticks per 16th note: 120.0
[melody2chord:lyrics_2] Quantized 151 notes to 1/16 note positions
[melody2chord:lyrics_2] Output saved to: /data/home/fundwotsai/MIDI-SAG/generated_midi_right_key/lyrics_2/chord/chord_gen_quantized/sample01_shifted_chord_gen_quantized.mid
[melody2chord:lyrics_2] Extracted 96 beat-level chords from 'Chords' track
[melody2chord:lyrics_2] Chord times remapped to 92 beat positions (subdivision: quarter notes)
[melody2chord:lyrics_2] ✓ Successfully processed: sample01_shifted
[melody2chord:lyrics_2]   Key: C major (confidence: 0.66)
[melody2chord:lyrics_2]   Tempo: 78.0 BPM (source: MIDI tempo)
[melody2chord:lyrics_2]   Chord Text: /data/home/fundwotsai/MIDI-SAG/generated_midi_right_key/lyrics_2/chord/chord_txt/sample01_shifted_chord_gen.txt
[melody2chord:lyrics_2]   BTC Text:   /data/home/fundwotsai/MIDI-SAG/generated_midi_right_key/lyrics_2/chord/btc_txt/sample01_shifted_chord_gen.txt
