[melody2chord:lyrics_158] /data/home/fundwotsai/MIDI-SAG/AccoMontage2/chorderator/utils/utils.py:24: UserWarning: Could not import FluidSynth, audio formats writing disabled
[melody2chord:lyrics_158]   warnings.warn('Could not import FluidSynth, audio formats writing disabled')
[melody2chord:lyrics_158] /home/fundwotsai/miniconda3/envs/midi-sag/lib/python3.9/site-packages/miditok/tokenizations/remi.py:88: UserWarning: Attribute controls are not compatible with 'config.one_token_stream_for_programs' and multi-vocabulary tokenizers. Disabling them from the config.
[melody2chord:lyrics_158]   super().__init__(tokenizer_config, params)
[melody2chord:lyrics_158] /data/home/fundwotsai/MIDI-SAG/AccoMontage2/chorderator/core.py:238: UserWarning: Meter auto set to 4/4/. Please set meter if this is not your expectation
[melody2chord:lyrics_158]   warnings.warn('Meter auto set to 4/4/. Please set meter if this is not your expectation')
[melody2chord:lyrics_158] @Chorderator 2026-04-14 11:45:21,736 - INFO - [1;30m start read progressions from dict [0m
[melody2chord:lyrics_158] @Chorderator 2026-04-14 11:45:28,223 - INFO - [1;30m read progressions done [0m
[melody2chord:lyrics_158] @Chorderator 2026-04-14 11:45:28,223 - INFO - [1;30m start read progression library from source_base.pnt [0m
[melody2chord:lyrics_158] @Chorderator 2026-04-14 11:45:34,521 - INFO - [1;30m read library done [0m
[melody2chord:lyrics_158] @Chorderator 2026-04-14 11:45:34,521 - WARNING - [1;33m Pre-processing... [0m
[melody2chord:lyrics_158] @Chorderator 2026-04-14 11:45:34,529 - WARNING - [1;33m Pre-process done! [0m
[melody2chord:lyrics_158] @Chorderator 2026-04-14 11:45:34,529 - WARNING - [1;33m Solving... [0m
[melody2chord:lyrics_158] @Chorderator 2026-04-14 11:45:34,529 - INFO - [1;30m start read progressions from rep [0m
[melody2chord:lyrics_158] @Chorderator 2026-04-14 11:45:34,560 - INFO - [1;30m read progressions done [0m
[melody2chord:lyrics_158] @Chorderator 2026-04-14 11:45:34,565 - INFO - [1;30m Melody length 2, generate progression with 63 templates [0m
[melody2chord:lyrics_158] @Chorderator 2026-04-14 11:45:34,613 - WARNING - [1;33m Solved! [0m
[melody2chord:lyrics_158] @Chorderator 2026-04-14 11:45:34,613 - WARNING - [1;33m Post-processing... [0m
[melody2chord:lyrics_158] @Chorderator 2026-04-14 11:45:34,617 - WARNING - [1;33m Post-process done! [0m
[melody2chord:lyrics_158] @Chorderator 2026-04-14 11:45:34,617 - WARNING - [1;33m Generating textures... [0m
[melody2chord:lyrics_158] @Chorderator 2026-04-14 11:45:34,618 - WARNING - [1;33m All process finished! [0m
[melody2chord:lyrics_158] 
[melody2chord:lyrics_158] === Processing: sample01_shifted ===
[melody2chord:lyrics_158] Output will be saved to: /data/home/fundwotsai/MIDI-SAG/generated_midi_right_key/lyrics_158/chord/
[melody2chord:lyrics_158] beat_file_path: None
[melody2chord:lyrics_158] Tempo from MIDI: 78.0 BPM (no beat file — skipping warp step)
[melody2chord:lyrics_158] processed_melody_path: /data/home/fundwotsai/MIDI-SAG/generated_midi_right_key/lyrics_158/chord/processed_melody/sample01_shifted.mid
[melody2chord:lyrics_158] Detected key: C major (confidence: 0.69, Bellman-Budge)
[melody2chord:lyrics_158] Content bars: 13 -> Segmentation: A8B8 (total: 16)
[melody2chord:lyrics_158] Chorderator bars: 12 -> Segmentation: A8B4 (total: 12)
[melody2chord:lyrics_158] auto_config: {'note_shift': 78, 'segmentation': 'A8B4', 'analysis': {'total_bars': 18, 'empty_bars': 4, 'content_bars': 13, 'note_shift': 78, 'segmentation': 'A8B4', 'first_note_bar': 4.875, 'last_note_bar': 17.0, 'chorderator_bars': {'max_end_positions': 194, 'fixed_end_positions': 192, 'fixed_end_bars': 12, 'tempo': 77.99997660000703, 'unit': 0.19230774999999997}}}
[melody2chord:lyrics_158] tempo for CDT: 78.0 BPM
[melody2chord:lyrics_158] max_end: 194.0
[melody2chord:lyrics_158] fixed_end: 192
[melody2chord:lyrics_158] 192
[melody2chord:lyrics_158] {'tonic': 'C', 'mode': 'maj', 'tempo': 77.99997660000702, 'meter': '4/4', 'pos': ['x', 'x'], 'unit': 0.19230775}
[melody2chord:lyrics_158] Phrase length: 128 positions = 8 bars
[melody2chord:lyrics_158] Phrase length: 64 positions = 4 bars
[melody2chord:lyrics_158] [128, 64]
[melody2chord:lyrics_158] Chord Progression
[melody2chord:lyrics_158] -Source: Niko_Kotoulas_Emotional_Chords_20_E-C#m-B-F#_.mid
[melody2chord:lyrics_158] -Source Type: None
[melody2chord:lyrics_158] -Source Tonic: B
[melody2chord:lyrics_158] -Source Metre: 4/4
[melody2chord:lyrics_158] -Source Mode: M (M for Major and m for minor)
[melody2chord:lyrics_158] -Appeared Times: 1
[melody2chord:lyrics_158] -Appeared In Other Songs: 0
[melody2chord:lyrics_158] -Reliability: 1.0
[melody2chord:lyrics_158] -Progression Class: {'type': 'unknown', 'pattern': 'unknown', 'cycle': (1.0, 32), 'progression-style': 'emotional', 'chord-style': 'emotional', 'performing-style': 'unknown', 'rhythm': 'unknown', 'epic-endings': 'unknown', 'melodic': 'unknown', 'folder-id': 535, 'duplicate-id': 285, 'new_label': 'pop_complex'}
[melody2chord:lyrics_158] Numbered: 
[melody2chord:lyrics_158] | 4------- | 2------- | 1------- | 5------- | 4------- | 2------- | 1------- | 5------- | 
[melody2chord:lyrics_158] Chord: 
[melody2chord:lyrics_158] | 
[melody2chord:lyrics_158] | E 0------- | C#1------- | B 0------- | F#0------- | E 0------- | C#1------- | B 0------- | F#0------- | 
[melody2chord:lyrics_158] 
[melody2chord:lyrics_158] Chord Progression
[melody2chord:lyrics_158] -Source: Niko_Kotoulas_ChordProg_9_B-C#m-E (I-ii-IV).mid
[melody2chord:lyrics_158] -Source Type: None
[melody2chord:lyrics_158] -Source Tonic: B
[melody2chord:lyrics_158] -Source Metre: 4/4
[melody2chord:lyrics_158] -Source Mode: M (M for Major and m for minor)
[melody2chord:lyrics_158] -Appeared Times: 1
[melody2chord:lyrics_158] -Appeared In Other Songs: 0
[melody2chord:lyrics_158] -Reliability: 0.9
[melody2chord:lyrics_158] -Progression Class: {'type': 'unknown', 'pattern': 'I-ii-IV', 'cycle': (0, 0), 'progression-style': 'unknown', 'chord-style': 'unknown', 'performing-style': 'unknown', 'rhythm': 'unknown', 'epic-endings': 'unknown', 'melodic': 'unknown', 'folder-id': 311, 'duplicate-id': 483, 'new_label': 'unknown'}
[melody2chord:lyrics_158] Numbered: 
[melody2chord:lyrics_158] | 1------- | 2------- | 4------- | 4------- | 
[melody2chord:lyrics_158] Chord: 
[melody2chord:lyrics_158] | B 0------- | C#1------- | E 0------- | E 0------- | 
[melody2chord:lyrics_158] 
[melody2chord:lyrics_158] Total: 2
[melody2chord:lyrics_158] 
[melody2chord:lyrics_158] === Aligning chord_gen TPQ ===
[melody2chord:lyrics_158] Original melody TPQ: 480
[melody2chord:lyrics_158] Chord gen TPQ: 220
[melody2chord:lyrics_158] TPQ ratio: 2.1818
[melody2chord:lyrics_158] Converted chord_gen TPQ from 220 to 480
[melody2chord:lyrics_158] Output saved to: /data/home/fundwotsai/MIDI-SAG/generated_midi_right_key/lyrics_158/chord/chord_gen/sample01_shifted_chord_gen.mid
[melody2chord:lyrics_158] Re-quantized 66 melody notes to 1/16 beat grid
[melody2chord:lyrics_158] === Fill Empty Bars with Chords ===
[melody2chord:lyrics_158] Original melody TPQ: 480
[melody2chord:lyrics_158] Chord gen TPQ: 480
[melody2chord:lyrics_158] TPQ ratio: 1.0000
[melody2chord:lyrics_158] Chords start at tick: 9360 (bar 4.88)
[melody2chord:lyrics_158] Empty bars to fill: 4
[melody2chord:lyrics_158] Prepending 0 bars and copying 21 chord notes to cover 4 leading bars
[melody2chord:lyrics_158] 
[melody2chord:lyrics_158] === Output Summary ===
[melody2chord:lyrics_158] Output TPQ: 480
[melody2chord:lyrics_158] Melody track notes: 120
[melody2chord:lyrics_158] Chord track notes: 83
[melody2chord:lyrics_158] First chord now at tick: 0
[melody2chord:lyrics_158] Last chord at tick: 28559
[melody2chord:lyrics_158] Output saved to: /data/home/fundwotsai/MIDI-SAG/generated_midi_right_key/lyrics_158/chord/chord_gen_filled_empty/sample01_shifted_chord_gen_filled_empty_bars.mid
[melody2chord:lyrics_158] === Quantizing melody to 1/16 notes ===
[melody2chord:lyrics_158] TPQ: 480
[melody2chord:lyrics_158] Ticks per 16th note: 120.0
[melody2chord:lyrics_158] Quantized 129 notes to 1/16 note positions
[melody2chord:lyrics_158] Output saved to: /data/home/fundwotsai/MIDI-SAG/generated_midi_right_key/lyrics_158/chord/chord_gen_quantized/sample01_shifted_chord_gen_quantized.mid
[melody2chord:lyrics_158] Extracted 63 beat-level chords from 'Chords' track
[melody2chord:lyrics_158] Chord times remapped to 70 beat positions (subdivision: quarter notes)
[melody2chord:lyrics_158] Filled 4 None chords
[melody2chord:lyrics_158] ✓ Successfully processed: sample01_shifted
[melody2chord:lyrics_158]   Key: C major (confidence: 0.69)
[melody2chord:lyrics_158]   Tempo: 78.0 BPM (source: MIDI tempo)
[melody2chord:lyrics_158]   Chord Text: /data/home/fundwotsai/MIDI-SAG/generated_midi_right_key/lyrics_158/chord/chord_txt/sample01_shifted_chord_gen.txt
[melody2chord:lyrics_158]   BTC Text:   /data/home/fundwotsai/MIDI-SAG/generated_midi_right_key/lyrics_158/chord/btc_txt/sample01_shifted_chord_gen.txt
