[melody2chord:lyrics_141] /data/home/fundwotsai/MIDI-SAG/AccoMontage2/chorderator/utils/utils.py:24: UserWarning: Could not import FluidSynth, audio formats writing disabled
[melody2chord:lyrics_141]   warnings.warn('Could not import FluidSynth, audio formats writing disabled')
[melody2chord:lyrics_141] /home/fundwotsai/miniconda3/envs/midi-sag/lib/python3.9/site-packages/miditok/tokenizations/remi.py:88: UserWarning: Attribute controls are not compatible with 'config.one_token_stream_for_programs' and multi-vocabulary tokenizers. Disabling them from the config.
[melody2chord:lyrics_141]   super().__init__(tokenizer_config, params)
[melody2chord:lyrics_141] /data/home/fundwotsai/MIDI-SAG/AccoMontage2/chorderator/core.py:238: UserWarning: Meter auto set to 4/4/. Please set meter if this is not your expectation
[melody2chord:lyrics_141]   warnings.warn('Meter auto set to 4/4/. Please set meter if this is not your expectation')
[melody2chord:lyrics_141] @Chorderator 2026-04-14 11:38:06,247 - INFO - [1;30m start read progressions from dict [0m
[melody2chord:lyrics_141] @Chorderator 2026-04-14 11:38:13,028 - INFO - [1;30m read progressions done [0m
[melody2chord:lyrics_141] @Chorderator 2026-04-14 11:38:13,029 - INFO - [1;30m start read progression library from source_base.pnt [0m
[melody2chord:lyrics_141] @Chorderator 2026-04-14 11:38:19,248 - INFO - [1;30m read library done [0m
[melody2chord:lyrics_141] @Chorderator 2026-04-14 11:38:19,249 - WARNING - [1;33m Pre-processing... [0m
[melody2chord:lyrics_141] @Chorderator 2026-04-14 11:38:19,258 - WARNING - [1;33m Pre-process done! [0m
[melody2chord:lyrics_141] @Chorderator 2026-04-14 11:38:19,258 - WARNING - [1;33m Solving... [0m
[melody2chord:lyrics_141] @Chorderator 2026-04-14 11:38:19,258 - INFO - [1;30m start read progressions from rep [0m
[melody2chord:lyrics_141] @Chorderator 2026-04-14 11:38:19,290 - INFO - [1;30m read progressions done [0m
[melody2chord:lyrics_141] @Chorderator 2026-04-14 11:38:19,295 - INFO - [1;30m Melody length 2, generate progression with 63 templates [0m
[melody2chord:lyrics_141] @Chorderator 2026-04-14 11:38:19,343 - WARNING - [1;33m Solved! [0m
[melody2chord:lyrics_141] @Chorderator 2026-04-14 11:38:19,343 - WARNING - [1;33m Post-processing... [0m
[melody2chord:lyrics_141] @Chorderator 2026-04-14 11:38:19,348 - WARNING - [1;33m Post-process done! [0m
[melody2chord:lyrics_141] @Chorderator 2026-04-14 11:38:19,348 - WARNING - [1;33m Generating textures... [0m
[melody2chord:lyrics_141] @Chorderator 2026-04-14 11:38:19,349 - WARNING - [1;33m All process finished! [0m
[melody2chord:lyrics_141] 
[melody2chord:lyrics_141] === Processing: sample01_shifted ===
[melody2chord:lyrics_141] Output will be saved to: /data/home/fundwotsai/MIDI-SAG/generated_midi_right_key/lyrics_141/chord/
[melody2chord:lyrics_141] beat_file_path: None
[melody2chord:lyrics_141] Tempo from MIDI: 78.0 BPM (no beat file — skipping warp step)
[melody2chord:lyrics_141] processed_melody_path: /data/home/fundwotsai/MIDI-SAG/generated_midi_right_key/lyrics_141/chord/processed_melody/sample01_shifted.mid
[melody2chord:lyrics_141] Detected key: C major (confidence: 0.73, Bellman-Budge)
[melody2chord:lyrics_141] Content bars: 13 -> Segmentation: A8B8 (total: 16)
[melody2chord:lyrics_141] Chorderator bars: 16 -> Segmentation: A8B8 (total: 16)
[melody2chord:lyrics_141] auto_config: {'note_shift': 64, 'segmentation': 'A8B8', 'analysis': {'total_bars': 18, 'empty_bars': 4, 'content_bars': 13, 'note_shift': 64, 'segmentation': 'A8B8', 'first_note_bar': 4.0, 'last_note_bar': 17.25, 'chorderator_bars': {'max_end_positions': 212, 'fixed_end_positions': 256, 'fixed_end_bars': 16, 'tempo': 77.99997660000703, 'unit': 0.19230774999999997}}}
[melody2chord:lyrics_141] tempo for CDT: 78.0 BPM
[melody2chord:lyrics_141] max_end: 212.0
[melody2chord:lyrics_141] fixed_end: 256
[melody2chord:lyrics_141] 256
[melody2chord:lyrics_141] {'tonic': 'C', 'mode': 'maj', 'tempo': 77.99997660000702, 'meter': '4/4', 'pos': ['x', 'x'], 'unit': 0.19230775}
[melody2chord:lyrics_141] Phrase length: 128 positions = 8 bars
[melody2chord:lyrics_141] Phrase length: 128 positions = 8 bars
[melody2chord:lyrics_141] [128, 128]
[melody2chord:lyrics_141] Chord Progression
[melody2chord:lyrics_141] -Source: Niko_Kotoulas__RhythmChordProg_2 (vi-I-IV-V-ii-iii-IV-V).mid
[melody2chord:lyrics_141] -Source Type: None
[melody2chord:lyrics_141] -Source Tonic: B
[melody2chord:lyrics_141] -Source Metre: 4/4
[melody2chord:lyrics_141] -Source Mode: M (M for Major and m for minor)
[melody2chord:lyrics_141] -Appeared Times: 1
[melody2chord:lyrics_141] -Appeared In Other Songs: 0
[melody2chord:lyrics_141] -Reliability: 0.7
[melody2chord:lyrics_141] -Progression Class: {'type': 'unknown', 'pattern': 'vi-I-IV-V-ii-iii-IV-V', 'cycle': (0.5178087050187163, 24), 'progression-style': 'unknown', 'chord-style': 'unknown', 'performing-style': 'unknown', 'rhythm': 'slow', 'epic-endings': 'unknown', 'melodic': 'unknown', 'folder-id': 5971, 'duplicate-id': 81, 'new_label': 'unknown'}
[melody2chord:lyrics_141] Numbered: 
[melody2chord:lyrics_141] | 6------- | 1------- | 4------- | 5------- | 2------- | 3------- | 4------- | 5------- | 
[melody2chord:lyrics_141] Chord: 
[melody2chord:lyrics_141] | 
[melody2chord:lyrics_141] | G#1------- | B 0------- | E 0------- | F#0------- | C#1------- | D#1------- | E 0------- | F#0------- | 
[melody2chord:lyrics_141] 
[melody2chord:lyrics_141] Chord Progression
[melody2chord:lyrics_141] -Source: Niko_Kotoulas_Pop_7th_9th_Chords_1_B-G#m-E-F#_.mid
[melody2chord:lyrics_141] -Source Type: None
[melody2chord:lyrics_141] -Source Tonic: B
[melody2chord:lyrics_141] -Source Metre: 4/4
[melody2chord:lyrics_141] -Source Mode: M (M for Major and m for minor)
[melody2chord:lyrics_141] -Appeared Times: 1
[melody2chord:lyrics_141] -Appeared In Other Songs: 0
[melody2chord:lyrics_141] -Reliability: 1.0
[melody2chord:lyrics_141] -Progression Class: {'type': 'unknown', 'pattern': 'unknown', 'cycle': (1.0, 32), 'progression-style': 'pop', 'chord-style': 'classy', 'performing-style': 'unknown', 'rhythm': 'unknown', 'epic-endings': 'unknown', 'melodic': 'unknown', 'folder-id': 528, 'duplicate-id': 151, 'new_label': 'pop_complex'}
[melody2chord:lyrics_141] Numbered: 
[melody2chord:lyrics_141] | 1------- | 6------- | 4------- | 5------- | 1------- | 6------- | 4------- | 5------- | 
[melody2chord:lyrics_141] Chord: 
[melody2chord:lyrics_141] | 
[melody2chord:lyrics_141] | B 0------- | G#1------- | E 0------- | F#0------- | B 0------- | G#1------- | E 0------- | F#0------- | 
[melody2chord:lyrics_141] 
[melody2chord:lyrics_141] Total: 2
[melody2chord:lyrics_141] 
[melody2chord:lyrics_141] === Aligning chord_gen TPQ ===
[melody2chord:lyrics_141] Original melody TPQ: 480
[melody2chord:lyrics_141] Chord gen TPQ: 220
[melody2chord:lyrics_141] TPQ ratio: 2.1818
[melody2chord:lyrics_141] Converted chord_gen TPQ from 220 to 480
[melody2chord:lyrics_141] Output saved to: /data/home/fundwotsai/MIDI-SAG/generated_midi_right_key/lyrics_141/chord/chord_gen/sample01_shifted_chord_gen.mid
[melody2chord:lyrics_141] Re-quantized 60 melody notes to 1/16 beat grid
[melody2chord:lyrics_141] === Fill Empty Bars with Chords ===
[melody2chord:lyrics_141] Original melody TPQ: 480
[melody2chord:lyrics_141] Chord gen TPQ: 480
[melody2chord:lyrics_141] TPQ ratio: 1.0000
[melody2chord:lyrics_141] Chords start at tick: 7679 (bar 4.00)
[melody2chord:lyrics_141] Empty bars to fill: 4
[melody2chord:lyrics_141] Prepending 1 bars and copying 20 chord notes to cover 4 leading bars
[melody2chord:lyrics_141] 
[melody2chord:lyrics_141] === Output Summary ===
[melody2chord:lyrics_141] Output TPQ: 480
[melody2chord:lyrics_141] Melody track notes: 117
[melody2chord:lyrics_141] Chord track notes: 121
[melody2chord:lyrics_141] First chord now at tick: 0
[melody2chord:lyrics_141] Last chord at tick: 38400
[melody2chord:lyrics_141] Output saved to: /data/home/fundwotsai/MIDI-SAG/generated_midi_right_key/lyrics_141/chord/chord_gen_filled_empty/sample01_shifted_chord_gen_filled_empty_bars.mid
[melody2chord:lyrics_141] === Quantizing melody to 1/16 notes ===
[melody2chord:lyrics_141] TPQ: 480
[melody2chord:lyrics_141] Ticks per 16th note: 120.0
[melody2chord:lyrics_141] Quantized 132 notes to 1/16 note positions
[melody2chord:lyrics_141] Output saved to: /data/home/fundwotsai/MIDI-SAG/generated_midi_right_key/lyrics_141/chord/chord_gen_quantized/sample01_shifted_chord_gen_quantized.mid
[melody2chord:lyrics_141] Extracted 84 beat-level chords from 'Chords' track
[melody2chord:lyrics_141] Chord times remapped to 71 beat positions (subdivision: quarter notes)
[melody2chord:lyrics_141] Filled 4 None chords
[melody2chord:lyrics_141] ✓ Successfully processed: sample01_shifted
[melody2chord:lyrics_141]   Key: C major (confidence: 0.73)
[melody2chord:lyrics_141]   Tempo: 78.0 BPM (source: MIDI tempo)
[melody2chord:lyrics_141]   Chord Text: /data/home/fundwotsai/MIDI-SAG/generated_midi_right_key/lyrics_141/chord/chord_txt/sample01_shifted_chord_gen.txt
[melody2chord:lyrics_141]   BTC Text:   /data/home/fundwotsai/MIDI-SAG/generated_midi_right_key/lyrics_141/chord/btc_txt/sample01_shifted_chord_gen.txt
