[melody2chord:lyrics_107] /data/home/fundwotsai/MIDI-SAG/AccoMontage2/chorderator/utils/utils.py:24: UserWarning: Could not import FluidSynth, audio formats writing disabled
[melody2chord:lyrics_107]   warnings.warn('Could not import FluidSynth, audio formats writing disabled')
[melody2chord:lyrics_107] /home/fundwotsai/miniconda3/envs/midi-sag/lib/python3.9/site-packages/miditok/tokenizations/remi.py:88: UserWarning: Attribute controls are not compatible with 'config.one_token_stream_for_programs' and multi-vocabulary tokenizers. Disabling them from the config.
[melody2chord:lyrics_107]   super().__init__(tokenizer_config, params)
[melody2chord:lyrics_107] /data/home/fundwotsai/MIDI-SAG/AccoMontage2/chorderator/core.py:238: UserWarning: Meter auto set to 4/4/. Please set meter if this is not your expectation
[melody2chord:lyrics_107]   warnings.warn('Meter auto set to 4/4/. Please set meter if this is not your expectation')
[melody2chord:lyrics_107] @Chorderator 2026-04-14 11:22:54,026 - INFO - [1;30m start read progressions from dict [0m
[melody2chord:lyrics_107] @Chorderator 2026-04-14 11:23:02,109 - INFO - [1;30m read progressions done [0m
[melody2chord:lyrics_107] @Chorderator 2026-04-14 11:23:02,109 - INFO - [1;30m start read progression library from source_base.pnt [0m
[melody2chord:lyrics_107] @Chorderator 2026-04-14 11:23:08,868 - INFO - [1;30m read library done [0m
[melody2chord:lyrics_107] @Chorderator 2026-04-14 11:23:08,869 - WARNING - [1;33m Pre-processing... [0m
[melody2chord:lyrics_107] @Chorderator 2026-04-14 11:23:08,880 - WARNING - [1;33m Pre-process done! [0m
[melody2chord:lyrics_107] @Chorderator 2026-04-14 11:23:08,880 - WARNING - [1;33m Solving... [0m
[melody2chord:lyrics_107] @Chorderator 2026-04-14 11:23:08,880 - INFO - [1;30m start read progressions from rep [0m
[melody2chord:lyrics_107] @Chorderator 2026-04-14 11:23:08,913 - INFO - [1;30m read progressions done [0m
[melody2chord:lyrics_107] @Chorderator 2026-04-14 11:23:08,919 - INFO - [1;30m Melody length 3, generate progression with 63 templates [0m
[melody2chord:lyrics_107] @Chorderator 2026-04-14 11:23:08,990 - WARNING - [1;33m Solved! [0m
[melody2chord:lyrics_107] @Chorderator 2026-04-14 11:23:08,990 - WARNING - [1;33m Post-processing... [0m
[melody2chord:lyrics_107] @Chorderator 2026-04-14 11:23:08,996 - WARNING - [1;33m Post-process done! [0m
[melody2chord:lyrics_107] @Chorderator 2026-04-14 11:23:08,996 - WARNING - [1;33m Generating textures... [0m
[melody2chord:lyrics_107] @Chorderator 2026-04-14 11:23:08,997 - WARNING - [1;33m All process finished! [0m
[melody2chord:lyrics_107] 
[melody2chord:lyrics_107] === Processing: sample01_shifted ===
[melody2chord:lyrics_107] Output will be saved to: /data/home/fundwotsai/MIDI-SAG/generated_midi_right_key/lyrics_107/chord/
[melody2chord:lyrics_107] beat_file_path: None
[melody2chord:lyrics_107] Tempo from MIDI: 78.0 BPM (no beat file — skipping warp step)
[melody2chord:lyrics_107] processed_melody_path: /data/home/fundwotsai/MIDI-SAG/generated_midi_right_key/lyrics_107/chord/processed_melody/sample01_shifted.mid
[melody2chord:lyrics_107] Detected key: Eb major (confidence: 0.68, Bellman-Budge)
[melody2chord:lyrics_107] Content bars: 17 -> Segmentation: A8B8A4 (total: 20)
[melody2chord:lyrics_107] Chorderator bars: 20 -> Segmentation: A8B8A4 (total: 20)
[melody2chord:lyrics_107] auto_config: {'note_shift': 67, 'segmentation': 'A8B8A4', 'analysis': {'total_bars': 22, 'empty_bars': 4, 'content_bars': 17, 'note_shift': 67, 'segmentation': 'A8B8A4', 'first_note_bar': 4.1875, 'last_note_bar': 21.9375, 'chorderator_bars': {'max_end_positions': 284, 'fixed_end_positions': 320, 'fixed_end_bars': 20, 'tempo': 77.99997660000703, 'unit': 0.19230774999999997}}}
[melody2chord:lyrics_107] tempo for CDT: 78.0 BPM
[melody2chord:lyrics_107] max_end: 284.0
[melody2chord:lyrics_107] fixed_end: 320
[melody2chord:lyrics_107] 320
[melody2chord:lyrics_107] {'tonic': 'Eb', 'mode': 'maj', 'tempo': 77.99997660000702, 'meter': '4/4', 'pos': ['x', 'x', 'x'], 'unit': 0.19230775}
[melody2chord:lyrics_107] Phrase length: 128 positions = 8 bars
[melody2chord:lyrics_107] Phrase length: 128 positions = 8 bars
[melody2chord:lyrics_107] Phrase length: 64 positions = 4 bars
[melody2chord:lyrics_107] [128, 128, 64]
[melody2chord:lyrics_107] Chord Progression
[melody2chord:lyrics_107] -Source: Niko_Kotoulas_Epic_Ending_3_F#-G#m-E-B (V-vi-IV-I).mid
[melody2chord:lyrics_107] -Source Type: None
[melody2chord:lyrics_107] -Source Tonic: B
[melody2chord:lyrics_107] -Source Metre: 4/4
[melody2chord:lyrics_107] -Source Mode: M (M for Major and m for minor)
[melody2chord:lyrics_107] -Appeared Times: 1
[melody2chord:lyrics_107] -Appeared In Other Songs: 0
[melody2chord:lyrics_107] -Reliability: 0.4
[melody2chord:lyrics_107] -Progression Class: {'type': 'unknown', 'pattern': 'V-vi-IV-I', 'cycle': (0, 0), 'progression-style': 'unknown', 'chord-style': 'unknown', 'performing-style': 'unknown', 'rhythm': 'unknown', 'epic-endings': 'True', 'melodic': 'unknown', 'folder-id': 335, 'duplicate-id': 494, 'new_label': 'unknown'}
[melody2chord:lyrics_107] Numbered: 
[melody2chord:lyrics_107] | 5------- | 6------- | 4------- | 1------- | 1------- | 1------- | 1------- | 1------- | 
[melody2chord:lyrics_107] Chord: 
[melody2chord:lyrics_107] | 
[melody2chord:lyrics_107] | F#0------- | G#1------- | E 0------- | B 0------- | B 0------- | B 0------- | B 0------- | B 0------- | 
[melody2chord:lyrics_107] 
[melody2chord:lyrics_107] Chord Progression
[melody2chord:lyrics_107] -Source: Niko_Kotoulas_EDM_7th_9th_Chords_9_F#-G#m-E-B_.mid
[melody2chord:lyrics_107] -Source Type: None
[melody2chord:lyrics_107] -Source Tonic: B
[melody2chord:lyrics_107] -Source Metre: 4/4
[melody2chord:lyrics_107] -Source Mode: M (M for Major and m for minor)
[melody2chord:lyrics_107] -Appeared Times: 1
[melody2chord:lyrics_107] -Appeared In Other Songs: 0
[melody2chord:lyrics_107] -Reliability: 1.0
[melody2chord:lyrics_107] -Progression Class: {'type': 'unknown', 'pattern': 'unknown', 'cycle': (1.0, 32), 'progression-style': 'edm', 'chord-style': 'classy', 'performing-style': 'unknown', 'rhythm': 'unknown', 'epic-endings': 'unknown', 'melodic': 'unknown', 'folder-id': 531, 'duplicate-id': 209, 'new_label': 'pop_complex'}
[melody2chord:lyrics_107] Numbered: 
[melody2chord:lyrics_107] | 5------- | 6------- | 4------- | 1------- | 5------- | 6------- | 4------- | 1------- | 
[melody2chord:lyrics_107] Chord: 
[melody2chord:lyrics_107] | 
[melody2chord:lyrics_107] | F#0------- | G#1------- | E 0------- | B 0------- | F#0------- | G#1------- | E 0------- | B 0------- | 
[melody2chord:lyrics_107] 
[melody2chord:lyrics_107] Chord Progression
[melody2chord:lyrics_107] -Source: Niko_Kotoulas_Plucks_4_E-F#-G#m-B-F#-E (IV-V-vi-I-V-IV).mid
[melody2chord:lyrics_107] -Source Type: None
[melody2chord:lyrics_107] -Source Tonic: B
[melody2chord:lyrics_107] -Source Metre: 4/4
[melody2chord:lyrics_107] -Source Mode: M (M for Major and m for minor)
[melody2chord:lyrics_107] -Appeared Times: 1
[melody2chord:lyrics_107] -Appeared In Other Songs: 0
[melody2chord:lyrics_107] -Reliability: 0.6
[melody2chord:lyrics_107] -Progression Class: {'type': 'unknown', 'pattern': 'IV-V-vi-I-V-IV', 'cycle': (0.25, 16), 'progression-style': 'unknown', 'chord-style': 'unknown', 'performing-style': 'unknown', 'rhythm': 'fast-same-time', 'epic-endings': 'unknown', 'melodic': 'unknown', 'folder-id': 122, 'duplicate-id': 65, 'new_label': 'unknown'}
[melody2chord:lyrics_107] Numbered: 
[melody2chord:lyrics_107] | 4------- | 5------- | 6--1---- | 1--5--4- | 
[melody2chord:lyrics_107] Chord: 
[melody2chord:lyrics_107] | E 0------- | F#0------- | G#1--B 0---- | B 0--F#0--E 0- | 
[melody2chord:lyrics_107] 
[melody2chord:lyrics_107] Total: 3
[melody2chord:lyrics_107] 
[melody2chord:lyrics_107] === Aligning chord_gen TPQ ===
[melody2chord:lyrics_107] Original melody TPQ: 480
[melody2chord:lyrics_107] Chord gen TPQ: 220
[melody2chord:lyrics_107] TPQ ratio: 2.1818
[melody2chord:lyrics_107] Converted chord_gen TPQ from 220 to 480
[melody2chord:lyrics_107] Output saved to: /data/home/fundwotsai/MIDI-SAG/generated_midi_right_key/lyrics_107/chord/chord_gen/sample01_shifted_chord_gen.mid
[melody2chord:lyrics_107] Re-quantized 56 melody notes to 1/16 beat grid
[melody2chord:lyrics_107] === Fill Empty Bars with Chords ===
[melody2chord:lyrics_107] Original melody TPQ: 480
[melody2chord:lyrics_107] Chord gen TPQ: 480
[melody2chord:lyrics_107] TPQ ratio: 1.0000
[melody2chord:lyrics_107] Chords start at tick: 8039 (bar 4.19)
[melody2chord:lyrics_107] Empty bars to fill: 4
[melody2chord:lyrics_107] Prepending 0 bars and copying 38 chord notes to cover 4 leading bars
[melody2chord:lyrics_107] 
[melody2chord:lyrics_107] === Output Summary ===
[melody2chord:lyrics_107] Output TPQ: 480
[melody2chord:lyrics_107] Melody track notes: 119
[melody2chord:lyrics_107] Chord track notes: 200
[melody2chord:lyrics_107] First chord now at tick: 0
[melody2chord:lyrics_107] Last chord at tick: 46200
[melody2chord:lyrics_107] Output saved to: /data/home/fundwotsai/MIDI-SAG/generated_midi_right_key/lyrics_107/chord/chord_gen_filled_empty/sample01_shifted_chord_gen_filled_empty_bars.mid
[melody2chord:lyrics_107] === Quantizing melody to 1/16 notes ===
[melody2chord:lyrics_107] TPQ: 480
[melody2chord:lyrics_107] Ticks per 16th note: 120.0
[melody2chord:lyrics_107] Quantized 158 notes to 1/16 note positions
[melody2chord:lyrics_107] Output saved to: /data/home/fundwotsai/MIDI-SAG/generated_midi_right_key/lyrics_107/chord/chord_gen_quantized/sample01_shifted_chord_gen_quantized.mid
[melody2chord:lyrics_107] Extracted 97 beat-level chords from 'Chords' track
[melody2chord:lyrics_107] Chord times remapped to 89 beat positions (subdivision: quarter notes)
[melody2chord:lyrics_107] Filled 19 None chords
[melody2chord:lyrics_107] ✓ Successfully processed: sample01_shifted
[melody2chord:lyrics_107]   Key: Eb major (confidence: 0.68)
[melody2chord:lyrics_107]   Tempo: 78.0 BPM (source: MIDI tempo)
[melody2chord:lyrics_107]   Chord Text: /data/home/fundwotsai/MIDI-SAG/generated_midi_right_key/lyrics_107/chord/chord_txt/sample01_shifted_chord_gen.txt
[melody2chord:lyrics_107]   BTC Text:   /data/home/fundwotsai/MIDI-SAG/generated_midi_right_key/lyrics_107/chord/btc_txt/sample01_shifted_chord_gen.txt
