[melody2chord:lyrics_7] /data/home/fundwotsai/MIDI-SAG/AccoMontage2/chorderator/utils/utils.py:24: UserWarning: Could not import FluidSynth, audio formats writing disabled
[melody2chord:lyrics_7]   warnings.warn('Could not import FluidSynth, audio formats writing disabled')
[melody2chord:lyrics_7] /home/fundwotsai/miniconda3/envs/midi-sag/lib/python3.9/site-packages/miditok/tokenizations/remi.py:88: UserWarning: Attribute controls are not compatible with 'config.one_token_stream_for_programs' and multi-vocabulary tokenizers. Disabling them from the config.
[melody2chord:lyrics_7]   super().__init__(tokenizer_config, params)
[melody2chord:lyrics_7] /data/home/fundwotsai/MIDI-SAG/AccoMontage2/chorderator/core.py:238: UserWarning: Meter auto set to 4/4/. Please set meter if this is not your expectation
[melody2chord:lyrics_7]   warnings.warn('Meter auto set to 4/4/. Please set meter if this is not your expectation')
[melody2chord:lyrics_7] @Chorderator 2026-04-14 12:29:10,722 - INFO - [1;30m start read progressions from dict [0m
[melody2chord:lyrics_7] @Chorderator 2026-04-14 12:29:17,179 - INFO - [1;30m read progressions done [0m
[melody2chord:lyrics_7] @Chorderator 2026-04-14 12:29:17,180 - INFO - [1;30m start read progression library from source_base.pnt [0m
[melody2chord:lyrics_7] @Chorderator 2026-04-14 12:29:23,389 - INFO - [1;30m read library done [0m
[melody2chord:lyrics_7] @Chorderator 2026-04-14 12:29:23,389 - WARNING - [1;33m Pre-processing... [0m
[melody2chord:lyrics_7] @Chorderator 2026-04-14 12:29:23,402 - WARNING - [1;33m Pre-process done! [0m
[melody2chord:lyrics_7] @Chorderator 2026-04-14 12:29:23,402 - WARNING - [1;33m Solving... [0m
[melody2chord:lyrics_7] @Chorderator 2026-04-14 12:29:23,402 - INFO - [1;30m start read progressions from rep [0m
[melody2chord:lyrics_7] @Chorderator 2026-04-14 12:29:23,435 - INFO - [1;30m read progressions done [0m
[melody2chord:lyrics_7] @Chorderator 2026-04-14 12:29:23,442 - INFO - [1;30m Melody length 4, generate progression with 63 templates [0m
[melody2chord:lyrics_7] @Chorderator 2026-04-14 12:29:23,536 - WARNING - [1;33m Solved! [0m
[melody2chord:lyrics_7] @Chorderator 2026-04-14 12:29:23,536 - WARNING - [1;33m Post-processing... [0m
[melody2chord:lyrics_7] @Chorderator 2026-04-14 12:29:23,544 - WARNING - [1;33m Post-process done! [0m
[melody2chord:lyrics_7] @Chorderator 2026-04-14 12:29:23,544 - WARNING - [1;33m Generating textures... [0m
[melody2chord:lyrics_7] @Chorderator 2026-04-14 12:29:23,545 - WARNING - [1;33m All process finished! [0m
[melody2chord:lyrics_7] 
[melody2chord:lyrics_7] === Processing: sample01_shifted ===
[melody2chord:lyrics_7] Output will be saved to: /data/home/fundwotsai/MIDI-SAG/generated_midi_right_key/lyrics_7/chord/
[melody2chord:lyrics_7] beat_file_path: None
[melody2chord:lyrics_7] Tempo from MIDI: 135.0 BPM (no beat file — skipping warp step)
[melody2chord:lyrics_7] processed_melody_path: /data/home/fundwotsai/MIDI-SAG/generated_midi_right_key/lyrics_7/chord/processed_melody/sample01_shifted.mid
[melody2chord:lyrics_7] Detected key: Ab major (confidence: 0.64, Bellman-Budge)
[melody2chord:lyrics_7] Content bars: 26 -> Segmentation: A8B8A8B4 (total: 28)
[melody2chord:lyrics_7] Chorderator bars: 28 -> Segmentation: A8B8A8B4 (total: 28)
[melody2chord:lyrics_7] auto_config: {'note_shift': 66, 'segmentation': 'A8B8A8B4', 'analysis': {'total_bars': 31, 'empty_bars': 4, 'content_bars': 26, 'note_shift': 66, 'segmentation': 'A8B8A8B4', 'first_note_bar': 4.125, 'last_note_bar': 30.875, 'chorderator_bars': {'max_end_positions': 428, 'fixed_end_positions': 448, 'fixed_end_bars': 28, 'tempo': 135.000135000135, 'unit': 0.111111}}}
[melody2chord:lyrics_7] tempo for CDT: 135.0 BPM
[melody2chord:lyrics_7] max_end: 428.0
[melody2chord:lyrics_7] fixed_end: 448
[melody2chord:lyrics_7] 448
[melody2chord:lyrics_7] {'tonic': 'Ab', 'mode': 'maj', 'tempo': 135.000135000135, 'meter': '4/4', 'pos': ['x', 'x', 'x', 'x'], 'unit': 0.111111}
[melody2chord:lyrics_7] Phrase length: 128 positions = 8 bars
[melody2chord:lyrics_7] Phrase length: 128 positions = 8 bars
[melody2chord:lyrics_7] Phrase length: 128 positions = 8 bars
[melody2chord:lyrics_7] Phrase length: 64 positions = 4 bars
[melody2chord:lyrics_7] [128, 128, 128, 64]
[melody2chord:lyrics_7] Chord Progression
[melody2chord:lyrics_7] -Source: Niko_Kotoulas_Pop_7th_9th_Chords_1_B-G#m-E-F#_.mid
[melody2chord:lyrics_7] -Source Type: None
[melody2chord:lyrics_7] -Source Tonic: B
[melody2chord:lyrics_7] -Source Metre: 4/4
[melody2chord:lyrics_7] -Source Mode: M (M for Major and m for minor)
[melody2chord:lyrics_7] -Appeared Times: 1
[melody2chord:lyrics_7] -Appeared In Other Songs: 0
[melody2chord:lyrics_7] -Reliability: 1.0
[melody2chord:lyrics_7] -Progression Class: {'type': 'unknown', 'pattern': 'unknown', 'cycle': (1.0, 32), 'progression-style': 'pop', 'chord-style': 'classy', 'performing-style': 'unknown', 'rhythm': 'unknown', 'epic-endings': 'unknown', 'melodic': 'unknown', 'folder-id': 528, 'duplicate-id': 151, 'new_label': 'pop_complex'}
[melody2chord:lyrics_7] Numbered: 
[melody2chord:lyrics_7] | 1------- | 6------- | 4------- | 5------- | 1------- | 6------- | 4------- | 5------- | 
[melody2chord:lyrics_7] Chord: 
[melody2chord:lyrics_7] | 
[melody2chord:lyrics_7] | B 0------- | G#1------- | E 0------- | F#0------- | B 0------- | G#1------- | E 0------- | F#0------- | 
[melody2chord:lyrics_7] 
[melody2chord:lyrics_7] Chord Progression
[melody2chord:lyrics_7] -Source: Niko_Kotoulas_Pop_7th_9th_Chords_1_B-G#m-E-F#_.mid
[melody2chord:lyrics_7] -Source Type: None
[melody2chord:lyrics_7] -Source Tonic: B
[melody2chord:lyrics_7] -Source Metre: 4/4
[melody2chord:lyrics_7] -Source Mode: M (M for Major and m for minor)
[melody2chord:lyrics_7] -Appeared Times: 1
[melody2chord:lyrics_7] -Appeared In Other Songs: 0
[melody2chord:lyrics_7] -Reliability: 1.0
[melody2chord:lyrics_7] -Progression Class: {'type': 'unknown', 'pattern': 'unknown', 'cycle': (1.0, 32), 'progression-style': 'pop', 'chord-style': 'classy', 'performing-style': 'unknown', 'rhythm': 'unknown', 'epic-endings': 'unknown', 'melodic': 'unknown', 'folder-id': 528, 'duplicate-id': 151, 'new_label': 'pop_complex'}
[melody2chord:lyrics_7] Numbered: 
[melody2chord:lyrics_7] | 1------- | 6------- | 4------- | 5------- | 1------- | 6------- | 4------- | 5------- | 
[melody2chord:lyrics_7] Chord: 
[melody2chord:lyrics_7] | 
[melody2chord:lyrics_7] | B 0------- | G#1------- | E 0------- | F#0------- | B 0------- | G#1------- | E 0------- | F#0------- | 
[melody2chord:lyrics_7] 
[melody2chord:lyrics_7] Chord Progression
[melody2chord:lyrics_7] -Source: Niko_Kotoulas__RhythmChordProg_8 (vi-I-IV-V-ii-iii-IV-V).mid
[melody2chord:lyrics_7] -Source Type: None
[melody2chord:lyrics_7] -Source Tonic: B
[melody2chord:lyrics_7] -Source Metre: 4/4
[melody2chord:lyrics_7] -Source Mode: M (M for Major and m for minor)
[melody2chord:lyrics_7] -Appeared Times: 1
[melody2chord:lyrics_7] -Appeared In Other Songs: 0
[melody2chord:lyrics_7] -Reliability: 0.7
[melody2chord:lyrics_7] -Progression Class: {'type': 'unknown', 'pattern': 'vi-I-IV-V-ii-iii-IV-V', 'cycle': (0.8796524834087005, 24), 'progression-style': 'unknown', 'chord-style': 'unknown', 'performing-style': 'unknown', 'rhythm': 'slow', 'epic-endings': 'unknown', 'melodic': 'unknown', 'folder-id': 5971, 'duplicate-id': 78, 'new_label': 'unknown'}
[melody2chord:lyrics_7] Numbered: 
[melody2chord:lyrics_7] | 6------- | 6------- | 1------- | 4------- | 5------- | 2------- | 3--4---- | 5------- | 
[melody2chord:lyrics_7] Chord: 
[melody2chord:lyrics_7] | 
[melody2chord:lyrics_7] | G#1------- | G#1------- | B 0------- | E 0------- | F#0------- | C#1------- | D#1--E 0---- | F#0------- | 
[melody2chord:lyrics_7] 
[melody2chord:lyrics_7] Chord Progression
[melody2chord:lyrics_7] -Source: Niko_Kotoulas_ChordProg_7_B-G#m-D#-E (I-vi-III-IV).mid
[melody2chord:lyrics_7] -Source Type: None
[melody2chord:lyrics_7] -Source Tonic: B
[melody2chord:lyrics_7] -Source Metre: 4/4
[melody2chord:lyrics_7] -Source Mode: M (M for Major and m for minor)
[melody2chord:lyrics_7] -Appeared Times: 1
[melody2chord:lyrics_7] -Appeared In Other Songs: 0
[melody2chord:lyrics_7] -Reliability: 0.9
[melody2chord:lyrics_7] -Progression Class: {'type': 'unknown', 'pattern': 'I-vi-III-IV', 'cycle': (0.9999999999999999, 16), 'progression-style': 'unknown', 'chord-style': 'unknown', 'performing-style': 'unknown', 'rhythm': 'unknown', 'epic-endings': 'unknown', 'melodic': 'unknown', 'folder-id': 214, 'duplicate-id': 439, 'new_label': 'unknown'}
[melody2chord:lyrics_7] Numbered: 
[melody2chord:lyrics_7] | 1------- | 6------- | 3------- | 4------- | 
[melody2chord:lyrics_7] Chord: 
[melody2chord:lyrics_7] | B 0------- | G#1------- | D#0------- | E 0------- | 
[melody2chord:lyrics_7] 
[melody2chord:lyrics_7] Total: 4
[melody2chord:lyrics_7] 
[melody2chord:lyrics_7] === Aligning chord_gen TPQ ===
[melody2chord:lyrics_7] Original melody TPQ: 480
[melody2chord:lyrics_7] Chord gen TPQ: 220
[melody2chord:lyrics_7] TPQ ratio: 2.1818
[melody2chord:lyrics_7] Converted chord_gen TPQ from 220 to 480
[melody2chord:lyrics_7] Output saved to: /data/home/fundwotsai/MIDI-SAG/generated_midi_right_key/lyrics_7/chord/chord_gen/sample01_shifted_chord_gen.mid
[melody2chord:lyrics_7] Re-quantized 64 melody notes to 1/16 beat grid
[melody2chord:lyrics_7] === Fill Empty Bars with Chords ===
[melody2chord:lyrics_7] Original melody TPQ: 480
[melody2chord:lyrics_7] Chord gen TPQ: 480
[melody2chord:lyrics_7] TPQ ratio: 1.0000
[melody2chord:lyrics_7] Chords start at tick: 7919 (bar 4.12)
[melody2chord:lyrics_7] Empty bars to fill: 4
[melody2chord:lyrics_7] Prepending 0 bars and copying 27 chord notes to cover 4 leading bars
[melody2chord:lyrics_7] 
[melody2chord:lyrics_7] === Output Summary ===
[melody2chord:lyrics_7] Output TPQ: 480
[melody2chord:lyrics_7] Melody track notes: 127
[melody2chord:lyrics_7] Chord track notes: 252
[melody2chord:lyrics_7] First chord now at tick: 0
[melody2chord:lyrics_7] Last chord at tick: 59759
[melody2chord:lyrics_7] Output saved to: /data/home/fundwotsai/MIDI-SAG/generated_midi_right_key/lyrics_7/chord/chord_gen_filled_empty/sample01_shifted_chord_gen_filled_empty_bars.mid
[melody2chord:lyrics_7] === Quantizing melody to 1/16 notes ===
[melody2chord:lyrics_7] TPQ: 480
[melody2chord:lyrics_7] Ticks per 16th note: 120.0
[melody2chord:lyrics_7] Quantized 157 notes to 1/16 note positions
[melody2chord:lyrics_7] Output saved to: /data/home/fundwotsai/MIDI-SAG/generated_midi_right_key/lyrics_7/chord/chord_gen_quantized/sample01_shifted_chord_gen_quantized.mid
[melody2chord:lyrics_7] Extracted 128 beat-level chords from 'Chords' track
[melody2chord:lyrics_7] Chord times remapped to 125 beat positions (subdivision: quarter notes)
[melody2chord:lyrics_7] Filled 4 None chords
[melody2chord:lyrics_7] ✓ Successfully processed: sample01_shifted
[melody2chord:lyrics_7]   Key: Ab major (confidence: 0.64)
[melody2chord:lyrics_7]   Tempo: 135.0 BPM (source: MIDI tempo)
[melody2chord:lyrics_7]   Chord Text: /data/home/fundwotsai/MIDI-SAG/generated_midi_right_key/lyrics_7/chord/chord_txt/sample01_shifted_chord_gen.txt
[melody2chord:lyrics_7]   BTC Text:   /data/home/fundwotsai/MIDI-SAG/generated_midi_right_key/lyrics_7/chord/btc_txt/sample01_shifted_chord_gen.txt
