[melody2chord:lyrics_18] /data/home/fundwotsai/MIDI-SAG/AccoMontage2/chorderator/utils/utils.py:24: UserWarning: Could not import FluidSynth, audio formats writing disabled
[melody2chord:lyrics_18]   warnings.warn('Could not import FluidSynth, audio formats writing disabled')
[melody2chord:lyrics_18] /home/fundwotsai/miniconda3/envs/midi-sag/lib/python3.9/site-packages/miditok/tokenizations/remi.py:88: UserWarning: Attribute controls are not compatible with 'config.one_token_stream_for_programs' and multi-vocabulary tokenizers. Disabling them from the config.
[melody2chord:lyrics_18]   super().__init__(tokenizer_config, params)
[melody2chord:lyrics_18] /data/home/fundwotsai/MIDI-SAG/AccoMontage2/chorderator/core.py:238: UserWarning: Meter auto set to 4/4/. Please set meter if this is not your expectation
[melody2chord:lyrics_18]   warnings.warn('Meter auto set to 4/4/. Please set meter if this is not your expectation')
[melody2chord:lyrics_18] @Chorderator 2026-04-14 11:54:53,136 - INFO - [1;30m start read progressions from dict [0m
[melody2chord:lyrics_18] @Chorderator 2026-04-14 11:54:59,672 - INFO - [1;30m read progressions done [0m
[melody2chord:lyrics_18] @Chorderator 2026-04-14 11:54:59,673 - INFO - [1;30m start read progression library from source_base.pnt [0m
[melody2chord:lyrics_18] @Chorderator 2026-04-14 11:55:05,986 - INFO - [1;30m read library done [0m
[melody2chord:lyrics_18] @Chorderator 2026-04-14 11:55:05,986 - WARNING - [1;33m Pre-processing... [0m
[melody2chord:lyrics_18] @Chorderator 2026-04-14 11:55:05,996 - WARNING - [1;33m Pre-process done! [0m
[melody2chord:lyrics_18] @Chorderator 2026-04-14 11:55:05,997 - WARNING - [1;33m Solving... [0m
[melody2chord:lyrics_18] @Chorderator 2026-04-14 11:55:05,997 - INFO - [1;30m start read progressions from rep [0m
[melody2chord:lyrics_18] @Chorderator 2026-04-14 11:55:06,028 - INFO - [1;30m read progressions done [0m
[melody2chord:lyrics_18] @Chorderator 2026-04-14 11:55:06,034 - INFO - [1;30m Melody length 3, generate progression with 63 templates [0m
[melody2chord:lyrics_18] @Chorderator 2026-04-14 11:55:06,107 - WARNING - [1;33m Solved! [0m
[melody2chord:lyrics_18] @Chorderator 2026-04-14 11:55:06,107 - WARNING - [1;33m Post-processing... [0m
[melody2chord:lyrics_18] @Chorderator 2026-04-14 11:55:06,113 - WARNING - [1;33m Post-process done! [0m
[melody2chord:lyrics_18] @Chorderator 2026-04-14 11:55:06,113 - WARNING - [1;33m Generating textures... [0m
[melody2chord:lyrics_18] @Chorderator 2026-04-14 11:55:06,114 - WARNING - [1;33m All process finished! [0m
[melody2chord:lyrics_18] 
[melody2chord:lyrics_18] === Processing: sample01_shifted ===
[melody2chord:lyrics_18] Output will be saved to: /data/home/fundwotsai/MIDI-SAG/generated_midi_right_key/lyrics_18/chord/
[melody2chord:lyrics_18] beat_file_path: None
[melody2chord:lyrics_18] Tempo from MIDI: 135.0 BPM (no beat file — skipping warp step)
[melody2chord:lyrics_18] processed_melody_path: /data/home/fundwotsai/MIDI-SAG/generated_midi_right_key/lyrics_18/chord/processed_melody/sample01_shifted.mid
[melody2chord:lyrics_18] Detected key: F major (confidence: 0.63, Bellman-Budge)
[melody2chord:lyrics_18] Content bars: 25 -> Segmentation: A8B8A8B4 (total: 28)
[melody2chord:lyrics_18] Chorderator bars: 24 -> Segmentation: A8B8A8 (total: 24)
[melody2chord:lyrics_18] auto_config: {'note_shift': 76, 'segmentation': 'A8B8A8', 'analysis': {'total_bars': 30, 'empty_bars': 4, 'content_bars': 25, 'note_shift': 76, 'segmentation': 'A8B8A8', 'first_note_bar': 4.75, 'last_note_bar': 29.125, 'chorderator_bars': {'max_end_positions': 390, 'fixed_end_positions': 384, 'fixed_end_bars': 24, 'tempo': 135.000135000135, 'unit': 0.111111}}}
[melody2chord:lyrics_18] tempo for CDT: 135.0 BPM
[melody2chord:lyrics_18] max_end: 390.0
[melody2chord:lyrics_18] fixed_end: 384
[melody2chord:lyrics_18] 384
[melody2chord:lyrics_18] {'tonic': 'F', 'mode': 'maj', 'tempo': 135.000135000135, 'meter': '4/4', 'pos': ['x', 'x', 'x'], 'unit': 0.111111}
[melody2chord:lyrics_18] Phrase length: 128 positions = 8 bars
[melody2chord:lyrics_18] Phrase length: 128 positions = 8 bars
[melody2chord:lyrics_18] Phrase length: 128 positions = 8 bars
[melody2chord:lyrics_18] [128, 128, 128]
[melody2chord:lyrics_18] Chord Progression
[melody2chord:lyrics_18] -Source: Niko_Kotoulas__RhythmChordProg_8 (vi-I-IV-V-ii-iii-IV-V).mid
[melody2chord:lyrics_18] -Source Type: None
[melody2chord:lyrics_18] -Source Tonic: B
[melody2chord:lyrics_18] -Source Metre: 4/4
[melody2chord:lyrics_18] -Source Mode: M (M for Major and m for minor)
[melody2chord:lyrics_18] -Appeared Times: 1
[melody2chord:lyrics_18] -Appeared In Other Songs: 0
[melody2chord:lyrics_18] -Reliability: 0.7
[melody2chord:lyrics_18] -Progression Class: {'type': 'unknown', 'pattern': 'vi-I-IV-V-ii-iii-IV-V', 'cycle': (0.8796524834087005, 24), 'progression-style': 'unknown', 'chord-style': 'unknown', 'performing-style': 'unknown', 'rhythm': 'slow', 'epic-endings': 'unknown', 'melodic': 'unknown', 'folder-id': 5971, 'duplicate-id': 78, 'new_label': 'unknown'}
[melody2chord:lyrics_18] Numbered: 
[melody2chord:lyrics_18] | 6------- | 6------- | 1------- | 4------- | 5------- | 2------- | 3--4---- | 5------- | 
[melody2chord:lyrics_18] Chord: 
[melody2chord:lyrics_18] | 
[melody2chord:lyrics_18] | G#1------- | G#1------- | B 0------- | E 0------- | F#0------- | C#1------- | D#1--E 0---- | F#0------- | 
[melody2chord:lyrics_18] 
[melody2chord:lyrics_18] Chord Progression
[melody2chord:lyrics_18] -Source: Niko_Kotoulas__RhythmChordProg_8 (vi-I-IV-V-ii-iii-IV-V).mid
[melody2chord:lyrics_18] -Source Type: None
[melody2chord:lyrics_18] -Source Tonic: B
[melody2chord:lyrics_18] -Source Metre: 4/4
[melody2chord:lyrics_18] -Source Mode: M (M for Major and m for minor)
[melody2chord:lyrics_18] -Appeared Times: 1
[melody2chord:lyrics_18] -Appeared In Other Songs: 0
[melody2chord:lyrics_18] -Reliability: 0.7
[melody2chord:lyrics_18] -Progression Class: {'type': 'unknown', 'pattern': 'vi-I-IV-V-ii-iii-IV-V', 'cycle': (0.8796524834087005, 24), 'progression-style': 'unknown', 'chord-style': 'unknown', 'performing-style': 'unknown', 'rhythm': 'slow', 'epic-endings': 'unknown', 'melodic': 'unknown', 'folder-id': 5971, 'duplicate-id': 78, 'new_label': 'unknown'}
[melody2chord:lyrics_18] Numbered: 
[melody2chord:lyrics_18] | 6------- | 6------- | 1------- | 4------- | 5------- | 2------- | 3--4---- | 5------- | 
[melody2chord:lyrics_18] Chord: 
[melody2chord:lyrics_18] | 
[melody2chord:lyrics_18] | G#1------- | G#1------- | B 0------- | E 0------- | F#0------- | C#1------- | D#1--E 0---- | F#0------- | 
[melody2chord:lyrics_18] 
[melody2chord:lyrics_18] Chord Progression
[melody2chord:lyrics_18] -Source: Niko_Kotoulas_Pop_7th_9th_Chords_8_B-Em-B-Em_.mid
[melody2chord:lyrics_18] -Source Type: None
[melody2chord:lyrics_18] -Source Tonic: B
[melody2chord:lyrics_18] -Source Metre: 4/4
[melody2chord:lyrics_18] -Source Mode: M (M for Major and m for minor)
[melody2chord:lyrics_18] -Appeared Times: 1
[melody2chord:lyrics_18] -Appeared In Other Songs: 0
[melody2chord:lyrics_18] -Reliability: 1.0
[melody2chord:lyrics_18] -Progression Class: {'type': 'unknown', 'pattern': 'unknown', 'cycle': (1.0, 16), 'progression-style': 'pop', 'chord-style': 'classy', 'performing-style': 'unknown', 'rhythm': 'unknown', 'epic-endings': 'unknown', 'melodic': 'unknown', 'folder-id': 528, 'duplicate-id': 154, 'new_label': 'pop_complex'}
[melody2chord:lyrics_18] Numbered: 
[melody2chord:lyrics_18] | 1------- | 4------- | 1------- | 4------- | 1------- | 4------- | 1------- | 4------- | 
[melody2chord:lyrics_18] Chord: 
[melody2chord:lyrics_18] | 
[melody2chord:lyrics_18] | B 0------- | E 1------- | B 0------- | E 1------- | B 0------- | E 1------- | B 0------- | E 1------- | 
[melody2chord:lyrics_18] 
[melody2chord:lyrics_18] Total: 3
[melody2chord:lyrics_18] 
[melody2chord:lyrics_18] === Aligning chord_gen TPQ ===
[melody2chord:lyrics_18] Original melody TPQ: 480
[melody2chord:lyrics_18] Chord gen TPQ: 220
[melody2chord:lyrics_18] TPQ ratio: 2.1818
[melody2chord:lyrics_18] Converted chord_gen TPQ from 220 to 480
[melody2chord:lyrics_18] Output saved to: /data/home/fundwotsai/MIDI-SAG/generated_midi_right_key/lyrics_18/chord/chord_gen/sample01_shifted_chord_gen.mid
[melody2chord:lyrics_18] Re-quantized 59 melody notes to 1/16 beat grid
[melody2chord:lyrics_18] === Fill Empty Bars with Chords ===
[melody2chord:lyrics_18] Original melody TPQ: 480
[melody2chord:lyrics_18] Chord gen TPQ: 480
[melody2chord:lyrics_18] TPQ ratio: 1.0000
[melody2chord:lyrics_18] Chords start at tick: 9120 (bar 4.75)
[melody2chord:lyrics_18] Empty bars to fill: 4
[melody2chord:lyrics_18] Prepending 0 bars and copying 48 chord notes to cover 4 leading bars
[melody2chord:lyrics_18] 
[melody2chord:lyrics_18] === Output Summary ===
[melody2chord:lyrics_18] Output TPQ: 480
[melody2chord:lyrics_18] Melody track notes: 123
[melody2chord:lyrics_18] Chord track notes: 290
[melody2chord:lyrics_18] First chord now at tick: 0
[melody2chord:lyrics_18] Last chord at tick: 53279
[melody2chord:lyrics_18] Output saved to: /data/home/fundwotsai/MIDI-SAG/generated_midi_right_key/lyrics_18/chord/chord_gen_filled_empty/sample01_shifted_chord_gen_filled_empty_bars.mid
[melody2chord:lyrics_18] === Quantizing melody to 1/16 notes ===
[melody2chord:lyrics_18] TPQ: 480
[melody2chord:lyrics_18] Ticks per 16th note: 120.0
[melody2chord:lyrics_18] Quantized 157 notes to 1/16 note positions
[melody2chord:lyrics_18] Output saved to: /data/home/fundwotsai/MIDI-SAG/generated_midi_right_key/lyrics_18/chord/chord_gen_quantized/sample01_shifted_chord_gen_quantized.mid
[melody2chord:lyrics_18] Extracted 115 beat-level chords from 'Chords' track
[melody2chord:lyrics_18] Chord times remapped to 118 beat positions (subdivision: quarter notes)
[melody2chord:lyrics_18] Filled 22 None chords
[melody2chord:lyrics_18] ✓ Successfully processed: sample01_shifted
[melody2chord:lyrics_18]   Key: F major (confidence: 0.63)
[melody2chord:lyrics_18]   Tempo: 135.0 BPM (source: MIDI tempo)
[melody2chord:lyrics_18]   Chord Text: /data/home/fundwotsai/MIDI-SAG/generated_midi_right_key/lyrics_18/chord/chord_txt/sample01_shifted_chord_gen.txt
[melody2chord:lyrics_18]   BTC Text:   /data/home/fundwotsai/MIDI-SAG/generated_midi_right_key/lyrics_18/chord/btc_txt/sample01_shifted_chord_gen.txt
