[melody2chord:lyrics_148] /data/home/fundwotsai/MIDI-SAG/AccoMontage2/chorderator/utils/utils.py:24: UserWarning: Could not import FluidSynth, audio formats writing disabled
[melody2chord:lyrics_148]   warnings.warn('Could not import FluidSynth, audio formats writing disabled')
[melody2chord:lyrics_148] /home/fundwotsai/miniconda3/envs/midi-sag/lib/python3.9/site-packages/miditok/tokenizations/remi.py:88: UserWarning: Attribute controls are not compatible with 'config.one_token_stream_for_programs' and multi-vocabulary tokenizers. Disabling them from the config.
[melody2chord:lyrics_148]   super().__init__(tokenizer_config, params)
[melody2chord:lyrics_148] /data/home/fundwotsai/MIDI-SAG/AccoMontage2/chorderator/core.py:238: UserWarning: Meter auto set to 4/4/. Please set meter if this is not your expectation
[melody2chord:lyrics_148]   warnings.warn('Meter auto set to 4/4/. Please set meter if this is not your expectation')
[melody2chord:lyrics_148] @Chorderator 2026-04-14 11:41:02,723 - INFO - [1;30m start read progressions from dict [0m
[melody2chord:lyrics_148] @Chorderator 2026-04-14 11:41:10,475 - INFO - [1;30m read progressions done [0m
[melody2chord:lyrics_148] @Chorderator 2026-04-14 11:41:10,475 - INFO - [1;30m start read progression library from source_base.pnt [0m
[melody2chord:lyrics_148] @Chorderator 2026-04-14 11:41:16,740 - INFO - [1;30m read library done [0m
[melody2chord:lyrics_148] @Chorderator 2026-04-14 11:41:16,740 - WARNING - [1;33m Pre-processing... [0m
[melody2chord:lyrics_148] @Chorderator 2026-04-14 11:41:16,752 - WARNING - [1;33m Pre-process done! [0m
[melody2chord:lyrics_148] @Chorderator 2026-04-14 11:41:16,752 - WARNING - [1;33m Solving... [0m
[melody2chord:lyrics_148] @Chorderator 2026-04-14 11:41:16,752 - INFO - [1;30m start read progressions from rep [0m
[melody2chord:lyrics_148] @Chorderator 2026-04-14 11:41:16,786 - INFO - [1;30m read progressions done [0m
[melody2chord:lyrics_148] @Chorderator 2026-04-14 11:41:16,792 - INFO - [1;30m Melody length 3, generate progression with 63 templates [0m
[melody2chord:lyrics_148] @Chorderator 2026-04-14 11:41:16,863 - WARNING - [1;33m Solved! [0m
[melody2chord:lyrics_148] @Chorderator 2026-04-14 11:41:16,863 - WARNING - [1;33m Post-processing... [0m
[melody2chord:lyrics_148] @Chorderator 2026-04-14 11:41:16,870 - WARNING - [1;33m Post-process done! [0m
[melody2chord:lyrics_148] @Chorderator 2026-04-14 11:41:16,870 - WARNING - [1;33m Generating textures... [0m
[melody2chord:lyrics_148] @Chorderator 2026-04-14 11:41:16,871 - WARNING - [1;33m All process finished! [0m
[melody2chord:lyrics_148] 
[melody2chord:lyrics_148] === Processing: sample01_shifted ===
[melody2chord:lyrics_148] Output will be saved to: /data/home/fundwotsai/MIDI-SAG/generated_midi_right_key/lyrics_148/chord/
[melody2chord:lyrics_148] beat_file_path: None
[melody2chord:lyrics_148] Tempo from MIDI: 78.0 BPM (no beat file — skipping warp step)
[melody2chord:lyrics_148] processed_melody_path: /data/home/fundwotsai/MIDI-SAG/generated_midi_right_key/lyrics_148/chord/processed_melody/sample01_shifted.mid
[melody2chord:lyrics_148] Detected key: Eb major (confidence: 0.68, Bellman-Budge)
[melody2chord:lyrics_148] Content bars: 17 -> Segmentation: A8B8A4 (total: 20)
[melody2chord:lyrics_148] Chorderator bars: 20 -> Segmentation: A8B8A4 (total: 20)
[melody2chord:lyrics_148] auto_config: {'note_shift': 66, 'segmentation': 'A8B8A4', 'analysis': {'total_bars': 22, 'empty_bars': 4, 'content_bars': 17, 'note_shift': 66, 'segmentation': 'A8B8A4', 'first_note_bar': 4.125, 'last_note_bar': 21.4375, 'chorderator_bars': {'max_end_positions': 277, 'fixed_end_positions': 320, 'fixed_end_bars': 20, 'tempo': 77.99997660000703, 'unit': 0.19230774999999997}}}
[melody2chord:lyrics_148] tempo for CDT: 78.0 BPM
[melody2chord:lyrics_148] max_end: 277.0
[melody2chord:lyrics_148] fixed_end: 320
[melody2chord:lyrics_148] 320
[melody2chord:lyrics_148] {'tonic': 'Eb', 'mode': 'maj', 'tempo': 77.99997660000702, 'meter': '4/4', 'pos': ['x', 'x', 'x'], 'unit': 0.19230775}
[melody2chord:lyrics_148] Phrase length: 128 positions = 8 bars
[melody2chord:lyrics_148] Phrase length: 128 positions = 8 bars
[melody2chord:lyrics_148] Phrase length: 64 positions = 4 bars
[melody2chord:lyrics_148] [128, 128, 64]
[melody2chord:lyrics_148] Chord Progression
[melody2chord:lyrics_148] -Source: Niko_Kotoulas_Pop_7th_9th_Chords_6_B-E-F#-B_.mid
[melody2chord:lyrics_148] -Source Type: None
[melody2chord:lyrics_148] -Source Tonic: B
[melody2chord:lyrics_148] -Source Metre: 4/4
[melody2chord:lyrics_148] -Source Mode: M (M for Major and m for minor)
[melody2chord:lyrics_148] -Appeared Times: 1
[melody2chord:lyrics_148] -Appeared In Other Songs: 0
[melody2chord:lyrics_148] -Reliability: 1.0
[melody2chord:lyrics_148] -Progression Class: {'type': 'unknown', 'pattern': 'unknown', 'cycle': (1.0, 32), 'progression-style': 'pop', 'chord-style': 'classy', 'performing-style': 'unknown', 'rhythm': 'unknown', 'epic-endings': 'unknown', 'melodic': 'unknown', 'folder-id': 528, 'duplicate-id': 157, 'new_label': 'pop_complex'}
[melody2chord:lyrics_148] Numbered: 
[melody2chord:lyrics_148] | 1------- | 4------- | 5------- | 1------- | 1------- | 4------- | 5------- | 1------- | 
[melody2chord:lyrics_148] Chord: 
[melody2chord:lyrics_148] | 
[melody2chord:lyrics_148] | B 0------- | E 0------- | F#0------- | B 0------- | B 0------- | E 0------- | F#0------- | B 0------- | 
[melody2chord:lyrics_148] 
[melody2chord:lyrics_148] Chord Progression
[melody2chord:lyrics_148] -Source: Niko_Kotoulas_EDM_7th_9th_Chords_9_F#-G#m-E-B_.mid
[melody2chord:lyrics_148] -Source Type: None
[melody2chord:lyrics_148] -Source Tonic: B
[melody2chord:lyrics_148] -Source Metre: 4/4
[melody2chord:lyrics_148] -Source Mode: M (M for Major and m for minor)
[melody2chord:lyrics_148] -Appeared Times: 1
[melody2chord:lyrics_148] -Appeared In Other Songs: 0
[melody2chord:lyrics_148] -Reliability: 1.0
[melody2chord:lyrics_148] -Progression Class: {'type': 'unknown', 'pattern': 'unknown', 'cycle': (1.0, 32), 'progression-style': 'edm', 'chord-style': 'classy', 'performing-style': 'unknown', 'rhythm': 'unknown', 'epic-endings': 'unknown', 'melodic': 'unknown', 'folder-id': 531, 'duplicate-id': 209, 'new_label': 'pop_complex'}
[melody2chord:lyrics_148] Numbered: 
[melody2chord:lyrics_148] | 5------- | 6------- | 4------- | 1------- | 5------- | 6------- | 4------- | 1------- | 
[melody2chord:lyrics_148] Chord: 
[melody2chord:lyrics_148] | 
[melody2chord:lyrics_148] | F#0------- | G#1------- | E 0------- | B 0------- | F#0------- | G#1------- | E 0------- | B 0------- | 
[melody2chord:lyrics_148] 
[melody2chord:lyrics_148] Chord Progression
[melody2chord:lyrics_148] -Source: Niko_Kotoulas_ChordProg_2_C#m-G#m-B-F# (ii-vi-I-V).mid
[melody2chord:lyrics_148] -Source Type: None
[melody2chord:lyrics_148] -Source Tonic: B
[melody2chord:lyrics_148] -Source Metre: 4/4
[melody2chord:lyrics_148] -Source Mode: M (M for Major and m for minor)
[melody2chord:lyrics_148] -Appeared Times: 1
[melody2chord:lyrics_148] -Appeared In Other Songs: 0
[melody2chord:lyrics_148] -Reliability: 0.9
[melody2chord:lyrics_148] -Progression Class: {'type': 'unknown', 'pattern': 'ii-vi-I-V', 'cycle': (0.9999999999999999, 16), 'progression-style': 'unknown', 'chord-style': 'unknown', 'performing-style': 'unknown', 'rhythm': 'unknown', 'epic-endings': 'unknown', 'melodic': 'unknown', 'folder-id': 290, 'duplicate-id': 473, 'new_label': 'unknown'}
[melody2chord:lyrics_148] Numbered: 
[melody2chord:lyrics_148] | 2------- | 6------- | 1------- | 5------- | 
[melody2chord:lyrics_148] Chord: 
[melody2chord:lyrics_148] | C#1------- | G#1------- | B 0------- | F#0------- | 
[melody2chord:lyrics_148] 
[melody2chord:lyrics_148] Total: 3
[melody2chord:lyrics_148] 
[melody2chord:lyrics_148] === Aligning chord_gen TPQ ===
[melody2chord:lyrics_148] Original melody TPQ: 480
[melody2chord:lyrics_148] Chord gen TPQ: 220
[melody2chord:lyrics_148] TPQ ratio: 2.1818
[melody2chord:lyrics_148] Converted chord_gen TPQ from 220 to 480
[melody2chord:lyrics_148] Output saved to: /data/home/fundwotsai/MIDI-SAG/generated_midi_right_key/lyrics_148/chord/chord_gen/sample01_shifted_chord_gen.mid
[melody2chord:lyrics_148] Re-quantized 53 melody notes to 1/16 beat grid
[melody2chord:lyrics_148] === Fill Empty Bars with Chords ===
[melody2chord:lyrics_148] Original melody TPQ: 480
[melody2chord:lyrics_148] Chord gen TPQ: 480
[melody2chord:lyrics_148] TPQ ratio: 1.0000
[melody2chord:lyrics_148] Chords start at tick: 7919 (bar 4.12)
[melody2chord:lyrics_148] Empty bars to fill: 4
[melody2chord:lyrics_148] Prepending 0 bars and copying 21 chord notes to cover 4 leading bars
[melody2chord:lyrics_148] 
[melody2chord:lyrics_148] === Output Summary ===
[melody2chord:lyrics_148] Output TPQ: 480
[melody2chord:lyrics_148] Melody track notes: 123
[melody2chord:lyrics_148] Chord track notes: 140
[melody2chord:lyrics_148] First chord now at tick: 0
[melody2chord:lyrics_148] Last chord at tick: 44400
[melody2chord:lyrics_148] Output saved to: /data/home/fundwotsai/MIDI-SAG/generated_midi_right_key/lyrics_148/chord/chord_gen_filled_empty/sample01_shifted_chord_gen_filled_empty_bars.mid
[melody2chord:lyrics_148] === Quantizing melody to 1/16 notes ===
[melody2chord:lyrics_148] TPQ: 480
[melody2chord:lyrics_148] Ticks per 16th note: 120.0
[melody2chord:lyrics_148] Quantized 144 notes to 1/16 note positions
[melody2chord:lyrics_148] Output saved to: /data/home/fundwotsai/MIDI-SAG/generated_midi_right_key/lyrics_148/chord/chord_gen_quantized/sample01_shifted_chord_gen_quantized.mid
[melody2chord:lyrics_148] Extracted 96 beat-level chords from 'Chords' track
[melody2chord:lyrics_148] Chord times remapped to 87 beat positions (subdivision: quarter notes)
[melody2chord:lyrics_148] ✓ Successfully processed: sample01_shifted
[melody2chord:lyrics_148]   Key: Eb major (confidence: 0.68)
[melody2chord:lyrics_148]   Tempo: 78.0 BPM (source: MIDI tempo)
[melody2chord:lyrics_148]   Chord Text: /data/home/fundwotsai/MIDI-SAG/generated_midi_right_key/lyrics_148/chord/chord_txt/sample01_shifted_chord_gen.txt
[melody2chord:lyrics_148]   BTC Text:   /data/home/fundwotsai/MIDI-SAG/generated_midi_right_key/lyrics_148/chord/btc_txt/sample01_shifted_chord_gen.txt
