[melody2chord:lyrics_115] /data/home/fundwotsai/MIDI-SAG/AccoMontage2/chorderator/utils/utils.py:24: UserWarning: Could not import FluidSynth, audio formats writing disabled
[melody2chord:lyrics_115]   warnings.warn('Could not import FluidSynth, audio formats writing disabled')
[melody2chord:lyrics_115] /home/fundwotsai/miniconda3/envs/midi-sag/lib/python3.9/site-packages/miditok/tokenizations/remi.py:88: UserWarning: Attribute controls are not compatible with 'config.one_token_stream_for_programs' and multi-vocabulary tokenizers. Disabling them from the config.
[melody2chord:lyrics_115]   super().__init__(tokenizer_config, params)
[melody2chord:lyrics_115] /data/home/fundwotsai/MIDI-SAG/AccoMontage2/chorderator/core.py:238: UserWarning: Meter auto set to 4/4/. Please set meter if this is not your expectation
[melody2chord:lyrics_115]   warnings.warn('Meter auto set to 4/4/. Please set meter if this is not your expectation')
[melody2chord:lyrics_115] @Chorderator 2026-04-14 11:26:33,976 - INFO - [1;30m start read progressions from dict [0m
[melody2chord:lyrics_115] @Chorderator 2026-04-14 11:26:41,030 - INFO - [1;30m read progressions done [0m
[melody2chord:lyrics_115] @Chorderator 2026-04-14 11:26:41,030 - INFO - [1;30m start read progression library from source_base.pnt [0m
[melody2chord:lyrics_115] @Chorderator 2026-04-14 11:26:47,338 - INFO - [1;30m read library done [0m
[melody2chord:lyrics_115] @Chorderator 2026-04-14 11:26:47,339 - WARNING - [1;33m Pre-processing... [0m
[melody2chord:lyrics_115] @Chorderator 2026-04-14 11:26:47,348 - WARNING - [1;33m Pre-process done! [0m
[melody2chord:lyrics_115] @Chorderator 2026-04-14 11:26:47,349 - WARNING - [1;33m Solving... [0m
[melody2chord:lyrics_115] @Chorderator 2026-04-14 11:26:47,349 - INFO - [1;30m start read progressions from rep [0m
[melody2chord:lyrics_115] @Chorderator 2026-04-14 11:26:47,381 - INFO - [1;30m read progressions done [0m
[melody2chord:lyrics_115] @Chorderator 2026-04-14 11:26:47,386 - INFO - [1;30m Melody length 2, generate progression with 63 templates [0m
[melody2chord:lyrics_115] @Chorderator 2026-04-14 11:26:47,434 - WARNING - [1;33m Solved! [0m
[melody2chord:lyrics_115] @Chorderator 2026-04-14 11:26:47,434 - WARNING - [1;33m Post-processing... [0m
[melody2chord:lyrics_115] @Chorderator 2026-04-14 11:26:47,438 - WARNING - [1;33m Post-process done! [0m
[melody2chord:lyrics_115] @Chorderator 2026-04-14 11:26:47,438 - WARNING - [1;33m Generating textures... [0m
[melody2chord:lyrics_115] @Chorderator 2026-04-14 11:26:47,439 - WARNING - [1;33m All process finished! [0m
[melody2chord:lyrics_115] 
[melody2chord:lyrics_115] === Processing: sample01_shifted ===
[melody2chord:lyrics_115] Output will be saved to: /data/home/fundwotsai/MIDI-SAG/generated_midi_right_key/lyrics_115/chord/
[melody2chord:lyrics_115] beat_file_path: None
[melody2chord:lyrics_115] Tempo from MIDI: 78.0 BPM (no beat file — skipping warp step)
[melody2chord:lyrics_115] processed_melody_path: /data/home/fundwotsai/MIDI-SAG/generated_midi_right_key/lyrics_115/chord/processed_melody/sample01_shifted.mid
[melody2chord:lyrics_115] Detected key: Eb major (confidence: 0.72, Bellman-Budge)
[melody2chord:lyrics_115] Content bars: 14 -> Segmentation: A8B8 (total: 16)
[melody2chord:lyrics_115] Chorderator bars: 16 -> Segmentation: A8B8 (total: 16)
[melody2chord:lyrics_115] auto_config: {'note_shift': 77, 'segmentation': 'A8B8', 'analysis': {'total_bars': 19, 'empty_bars': 4, 'content_bars': 14, 'note_shift': 77, 'segmentation': 'A8B8', 'first_note_bar': 4.8125, 'last_note_bar': 18.875, 'chorderator_bars': {'max_end_positions': 225, 'fixed_end_positions': 256, 'fixed_end_bars': 16, 'tempo': 77.99997660000703, 'unit': 0.19230774999999997}}}
[melody2chord:lyrics_115] tempo for CDT: 78.0 BPM
[melody2chord:lyrics_115] max_end: 225.0
[melody2chord:lyrics_115] fixed_end: 256
[melody2chord:lyrics_115] 256
[melody2chord:lyrics_115] {'tonic': 'Eb', 'mode': 'maj', 'tempo': 77.99997660000702, 'meter': '4/4', 'pos': ['x', 'x'], 'unit': 0.19230775}
[melody2chord:lyrics_115] Phrase length: 128 positions = 8 bars
[melody2chord:lyrics_115] Phrase length: 128 positions = 8 bars
[melody2chord:lyrics_115] [128, 128]
[melody2chord:lyrics_115] Chord Progression
[melody2chord:lyrics_115] -Source: Niko_Kotoulas_Pop_7th_9th_Chords_1_B-G#m-E-F#_.mid
[melody2chord:lyrics_115] -Source Type: None
[melody2chord:lyrics_115] -Source Tonic: B
[melody2chord:lyrics_115] -Source Metre: 4/4
[melody2chord:lyrics_115] -Source Mode: M (M for Major and m for minor)
[melody2chord:lyrics_115] -Appeared Times: 1
[melody2chord:lyrics_115] -Appeared In Other Songs: 0
[melody2chord:lyrics_115] -Reliability: 1.0
[melody2chord:lyrics_115] -Progression Class: {'type': 'unknown', 'pattern': 'unknown', 'cycle': (1.0, 32), 'progression-style': 'pop', 'chord-style': 'classy', 'performing-style': 'unknown', 'rhythm': 'unknown', 'epic-endings': 'unknown', 'melodic': 'unknown', 'folder-id': 528, 'duplicate-id': 151, 'new_label': 'pop_complex'}
[melody2chord:lyrics_115] Numbered: 
[melody2chord:lyrics_115] | 1------- | 6------- | 4------- | 5------- | 1------- | 6------- | 4------- | 5------- | 
[melody2chord:lyrics_115] Chord: 
[melody2chord:lyrics_115] | 
[melody2chord:lyrics_115] | B 0------- | G#1------- | E 0------- | F#0------- | B 0------- | G#1------- | E 0------- | F#0------- | 
[melody2chord:lyrics_115] 
[melody2chord:lyrics_115] Chord Progression
[melody2chord:lyrics_115] -Source: Niko_Kotoulas_Pop_7th_9th_Chords_6_B-E-F#-B_.mid
[melody2chord:lyrics_115] -Source Type: None
[melody2chord:lyrics_115] -Source Tonic: B
[melody2chord:lyrics_115] -Source Metre: 4/4
[melody2chord:lyrics_115] -Source Mode: M (M for Major and m for minor)
[melody2chord:lyrics_115] -Appeared Times: 1
[melody2chord:lyrics_115] -Appeared In Other Songs: 0
[melody2chord:lyrics_115] -Reliability: 1.0
[melody2chord:lyrics_115] -Progression Class: {'type': 'unknown', 'pattern': 'unknown', 'cycle': (1.0, 32), 'progression-style': 'pop', 'chord-style': 'classy', 'performing-style': 'unknown', 'rhythm': 'unknown', 'epic-endings': 'unknown', 'melodic': 'unknown', 'folder-id': 528, 'duplicate-id': 157, 'new_label': 'pop_complex'}
[melody2chord:lyrics_115] Numbered: 
[melody2chord:lyrics_115] | 1------- | 4------- | 5------- | 1------- | 1------- | 4------- | 5------- | 1------- | 
[melody2chord:lyrics_115] Chord: 
[melody2chord:lyrics_115] | 
[melody2chord:lyrics_115] | B 0------- | E 0------- | F#0------- | B 0------- | B 0------- | E 0------- | F#0------- | B 0------- | 
[melody2chord:lyrics_115] 
[melody2chord:lyrics_115] Total: 2
[melody2chord:lyrics_115] 
[melody2chord:lyrics_115] === Aligning chord_gen TPQ ===
[melody2chord:lyrics_115] Original melody TPQ: 480
[melody2chord:lyrics_115] Chord gen TPQ: 220
[melody2chord:lyrics_115] TPQ ratio: 2.1818
[melody2chord:lyrics_115] Converted chord_gen TPQ from 220 to 480
[melody2chord:lyrics_115] Output saved to: /data/home/fundwotsai/MIDI-SAG/generated_midi_right_key/lyrics_115/chord/chord_gen/sample01_shifted_chord_gen.mid
[melody2chord:lyrics_115] Re-quantized 57 melody notes to 1/16 beat grid
[melody2chord:lyrics_115] === Fill Empty Bars with Chords ===
[melody2chord:lyrics_115] Original melody TPQ: 480
[melody2chord:lyrics_115] Chord gen TPQ: 480
[melody2chord:lyrics_115] TPQ ratio: 1.0000
[melody2chord:lyrics_115] Chords start at tick: 9240 (bar 4.81)
[melody2chord:lyrics_115] Empty bars to fill: 4
[melody2chord:lyrics_115] Prepending 0 bars and copying 23 chord notes to cover 4 leading bars
[melody2chord:lyrics_115] 
[melody2chord:lyrics_115] === Output Summary ===
[melody2chord:lyrics_115] Output TPQ: 480
[melody2chord:lyrics_115] Melody track notes: 125
[melody2chord:lyrics_115] Chord track notes: 123
[melody2chord:lyrics_115] First chord now at tick: 0
[melody2chord:lyrics_115] Last chord at tick: 38040
[melody2chord:lyrics_115] Output saved to: /data/home/fundwotsai/MIDI-SAG/generated_midi_right_key/lyrics_115/chord/chord_gen_filled_empty/sample01_shifted_chord_gen_filled_empty_bars.mid
[melody2chord:lyrics_115] === Quantizing melody to 1/16 notes ===
[melody2chord:lyrics_115] TPQ: 480
[melody2chord:lyrics_115] Ticks per 16th note: 120.0
[melody2chord:lyrics_115] Quantized 142 notes to 1/16 note positions
[melody2chord:lyrics_115] Output saved to: /data/home/fundwotsai/MIDI-SAG/generated_midi_right_key/lyrics_115/chord/chord_gen_quantized/sample01_shifted_chord_gen_quantized.mid
[melody2chord:lyrics_115] Extracted 83 beat-level chords from 'Chords' track
[melody2chord:lyrics_115] Chord times remapped to 77 beat positions (subdivision: quarter notes)
[melody2chord:lyrics_115] Filled 3 None chords
[melody2chord:lyrics_115] ✓ Successfully processed: sample01_shifted
[melody2chord:lyrics_115]   Key: Eb major (confidence: 0.72)
[melody2chord:lyrics_115]   Tempo: 78.0 BPM (source: MIDI tempo)
[melody2chord:lyrics_115]   Chord Text: /data/home/fundwotsai/MIDI-SAG/generated_midi_right_key/lyrics_115/chord/chord_txt/sample01_shifted_chord_gen.txt
[melody2chord:lyrics_115]   BTC Text:   /data/home/fundwotsai/MIDI-SAG/generated_midi_right_key/lyrics_115/chord/btc_txt/sample01_shifted_chord_gen.txt
