[melody2chord:lyrics_104] /data/home/fundwotsai/MIDI-SAG/AccoMontage2/chorderator/utils/utils.py:24: UserWarning: Could not import FluidSynth, audio formats writing disabled
[melody2chord:lyrics_104]   warnings.warn('Could not import FluidSynth, audio formats writing disabled')
[melody2chord:lyrics_104] /home/fundwotsai/miniconda3/envs/midi-sag/lib/python3.9/site-packages/miditok/tokenizations/remi.py:88: UserWarning: Attribute controls are not compatible with 'config.one_token_stream_for_programs' and multi-vocabulary tokenizers. Disabling them from the config.
[melody2chord:lyrics_104]   super().__init__(tokenizer_config, params)
[melody2chord:lyrics_104] /data/home/fundwotsai/MIDI-SAG/AccoMontage2/chorderator/core.py:238: UserWarning: Meter auto set to 4/4/. Please set meter if this is not your expectation
[melody2chord:lyrics_104]   warnings.warn('Meter auto set to 4/4/. Please set meter if this is not your expectation')
[melody2chord:lyrics_104] @Chorderator 2026-04-13 23:25:50,863 - INFO - [1;30m start read progressions from dict [0m
[melody2chord:lyrics_104] @Chorderator 2026-04-13 23:25:57,471 - INFO - [1;30m read progressions done [0m
[melody2chord:lyrics_104] @Chorderator 2026-04-13 23:25:57,472 - INFO - [1;30m start read progression library from source_base.pnt [0m
[melody2chord:lyrics_104] @Chorderator 2026-04-13 23:26:03,968 - INFO - [1;30m read library done [0m
[melody2chord:lyrics_104] @Chorderator 2026-04-13 23:26:03,968 - WARNING - [1;33m Pre-processing... [0m
[melody2chord:lyrics_104] @Chorderator 2026-04-13 23:26:03,978 - WARNING - [1;33m Pre-process done! [0m
[melody2chord:lyrics_104] @Chorderator 2026-04-13 23:26:03,978 - WARNING - [1;33m Solving... [0m
[melody2chord:lyrics_104] @Chorderator 2026-04-13 23:26:03,978 - INFO - [1;30m start read progressions from rep [0m
[melody2chord:lyrics_104] @Chorderator 2026-04-13 23:26:04,011 - INFO - [1;30m read progressions done [0m
[melody2chord:lyrics_104] @Chorderator 2026-04-13 23:26:04,016 - INFO - [1;30m Melody length 2, generate progression with 63 templates [0m
[melody2chord:lyrics_104] @Chorderator 2026-04-13 23:26:04,066 - WARNING - [1;33m Solved! [0m
[melody2chord:lyrics_104] @Chorderator 2026-04-13 23:26:04,066 - WARNING - [1;33m Post-processing... [0m
[melody2chord:lyrics_104] @Chorderator 2026-04-13 23:26:04,070 - WARNING - [1;33m Post-process done! [0m
[melody2chord:lyrics_104] @Chorderator 2026-04-13 23:26:04,070 - WARNING - [1;33m Generating textures... [0m
[melody2chord:lyrics_104] @Chorderator 2026-04-13 23:26:04,070 - WARNING - [1;33m All process finished! [0m
[melody2chord:lyrics_104] 
[melody2chord:lyrics_104] === Processing: sample01_shifted ===
[melody2chord:lyrics_104] Output will be saved to: /data/home/fundwotsai/MIDI-SAG/generated_midi_right_key/lyrics_104/chord/
[melody2chord:lyrics_104] beat_file_path: None
[melody2chord:lyrics_104] Tempo from MIDI: 78.0 BPM (no beat file — skipping warp step)
[melody2chord:lyrics_104] processed_melody_path: /data/home/fundwotsai/MIDI-SAG/generated_midi_right_key/lyrics_104/chord/processed_melody/sample01_shifted.mid
[melody2chord:lyrics_104] Detected key: C major (confidence: 0.73, Bellman-Budge)
[melody2chord:lyrics_104] Content bars: 14 -> Segmentation: A8B8 (total: 16)
[melody2chord:lyrics_104] Chorderator bars: 16 -> Segmentation: A8B8 (total: 16)
[melody2chord:lyrics_104] auto_config: {'note_shift': 64, 'segmentation': 'A8B8', 'analysis': {'total_bars': 19, 'empty_bars': 4, 'content_bars': 14, 'note_shift': 64, 'segmentation': 'A8B8', 'first_note_bar': 4.0, 'last_note_bar': 18.3125, 'chorderator_bars': {'max_end_positions': 229, 'fixed_end_positions': 256, 'fixed_end_bars': 16, 'tempo': 77.99997660000703, 'unit': 0.19230774999999997}}}
[melody2chord:lyrics_104] tempo for CDT: 78.0 BPM
[melody2chord:lyrics_104] max_end: 229.0
[melody2chord:lyrics_104] fixed_end: 256
[melody2chord:lyrics_104] 256
[melody2chord:lyrics_104] {'tonic': 'C', 'mode': 'maj', 'tempo': 77.99997660000702, 'meter': '4/4', 'pos': ['x', 'x'], 'unit': 0.19230775}
[melody2chord:lyrics_104] Phrase length: 128 positions = 8 bars
[melody2chord:lyrics_104] Phrase length: 128 positions = 8 bars
[melody2chord:lyrics_104] [128, 128]
[melody2chord:lyrics_104] Chord Progression
[melody2chord:lyrics_104] -Source: Niko_Kotoulas_Pop_7th_9th_Chords_8_B-Em-B-Em_.mid
[melody2chord:lyrics_104] -Source Type: None
[melody2chord:lyrics_104] -Source Tonic: B
[melody2chord:lyrics_104] -Source Metre: 4/4
[melody2chord:lyrics_104] -Source Mode: M (M for Major and m for minor)
[melody2chord:lyrics_104] -Appeared Times: 1
[melody2chord:lyrics_104] -Appeared In Other Songs: 0
[melody2chord:lyrics_104] -Reliability: 1.0
[melody2chord:lyrics_104] -Progression Class: {'type': 'unknown', 'pattern': 'unknown', 'cycle': (1.0, 16), 'progression-style': 'pop', 'chord-style': 'classy', 'performing-style': 'unknown', 'rhythm': 'unknown', 'epic-endings': 'unknown', 'melodic': 'unknown', 'folder-id': 528, 'duplicate-id': 154, 'new_label': 'pop_complex'}
[melody2chord:lyrics_104] Numbered: 
[melody2chord:lyrics_104] | 1------- | 4------- | 1------- | 4------- | 1------- | 4------- | 1------- | 4------- | 
[melody2chord:lyrics_104] Chord: 
[melody2chord:lyrics_104] | 
[melody2chord:lyrics_104] | B 0------- | E 1------- | B 0------- | E 1------- | B 0------- | E 1------- | B 0------- | E 1------- | 
[melody2chord:lyrics_104] 
[melody2chord:lyrics_104] Chord Progression
[melody2chord:lyrics_104] -Source: Niko_Kotoulas_Pop_7th_9th_Chords_2_B-F#-G#m-E_.mid
[melody2chord:lyrics_104] -Source Type: None
[melody2chord:lyrics_104] -Source Tonic: B
[melody2chord:lyrics_104] -Source Metre: 4/4
[melody2chord:lyrics_104] -Source Mode: M (M for Major and m for minor)
[melody2chord:lyrics_104] -Appeared Times: 1
[melody2chord:lyrics_104] -Appeared In Other Songs: 0
[melody2chord:lyrics_104] -Reliability: 1.0
[melody2chord:lyrics_104] -Progression Class: {'type': 'unknown', 'pattern': 'unknown', 'cycle': (1.0, 32), 'progression-style': 'pop', 'chord-style': 'classy', 'performing-style': 'unknown', 'rhythm': 'unknown', 'epic-endings': 'unknown', 'melodic': 'unknown', 'folder-id': 528, 'duplicate-id': 176, 'new_label': 'pop_complex'}
[melody2chord:lyrics_104] Numbered: 
[melody2chord:lyrics_104] | 1------- | 5------- | 6------- | 4------- | 1------- | 5------- | 6------- | 4------- | 
[melody2chord:lyrics_104] Chord: 
[melody2chord:lyrics_104] | 
[melody2chord:lyrics_104] | B 0------- | F#0------- | G#1------- | E 0------- | B 0------- | F#0------- | G#1------- | E 0------- | 
[melody2chord:lyrics_104] 
[melody2chord:lyrics_104] Total: 2
[melody2chord:lyrics_104] 
[melody2chord:lyrics_104] === Aligning chord_gen TPQ ===
[melody2chord:lyrics_104] Original melody TPQ: 480
[melody2chord:lyrics_104] Chord gen TPQ: 220
[melody2chord:lyrics_104] TPQ ratio: 2.1818
[melody2chord:lyrics_104] Converted chord_gen TPQ from 220 to 480
[melody2chord:lyrics_104] Output saved to: /data/home/fundwotsai/MIDI-SAG/generated_midi_right_key/lyrics_104/chord/chord_gen/sample01_shifted_chord_gen.mid
[melody2chord:lyrics_104] Re-quantized 69 melody notes to 1/16 beat grid
[melody2chord:lyrics_104] === Fill Empty Bars with Chords ===
[melody2chord:lyrics_104] Original melody TPQ: 480
[melody2chord:lyrics_104] Chord gen TPQ: 480
[melody2chord:lyrics_104] TPQ ratio: 1.0000
[melody2chord:lyrics_104] Chords start at tick: 7679 (bar 4.00)
[melody2chord:lyrics_104] Empty bars to fill: 4
[melody2chord:lyrics_104] Prepending 1 bars and copying 29 chord notes to cover 4 leading bars
[melody2chord:lyrics_104] 
[melody2chord:lyrics_104] === Output Summary ===
[melody2chord:lyrics_104] Output TPQ: 480
[melody2chord:lyrics_104] Melody track notes: 123
[melody2chord:lyrics_104] Chord track notes: 130
[melody2chord:lyrics_104] First chord now at tick: 0
[melody2chord:lyrics_104] Last chord at tick: 38400
[melody2chord:lyrics_104] Output saved to: /data/home/fundwotsai/MIDI-SAG/generated_midi_right_key/lyrics_104/chord/chord_gen_filled_empty/sample01_shifted_chord_gen_filled_empty_bars.mid
[melody2chord:lyrics_104] === Quantizing melody to 1/16 notes ===
[melody2chord:lyrics_104] TPQ: 480
[melody2chord:lyrics_104] Ticks per 16th note: 120.0
[melody2chord:lyrics_104] Quantized 140 notes to 1/16 note positions
[melody2chord:lyrics_104] Output saved to: /data/home/fundwotsai/MIDI-SAG/generated_midi_right_key/lyrics_104/chord/chord_gen_quantized/sample01_shifted_chord_gen_quantized.mid
[melody2chord:lyrics_104] Extracted 84 beat-level chords from 'Chords' track
[melody2chord:lyrics_104] Chord times remapped to 75 beat positions (subdivision: quarter notes)
[melody2chord:lyrics_104] Filled 4 None chords
[melody2chord:lyrics_104] ✓ Successfully processed: sample01_shifted
[melody2chord:lyrics_104]   Key: C major (confidence: 0.73)
[melody2chord:lyrics_104]   Tempo: 78.0 BPM (source: MIDI tempo)
[melody2chord:lyrics_104]   Chord Text: /data/home/fundwotsai/MIDI-SAG/generated_midi_right_key/lyrics_104/chord/chord_txt/sample01_shifted_chord_gen.txt
[melody2chord:lyrics_104]   BTC Text:   /data/home/fundwotsai/MIDI-SAG/generated_midi_right_key/lyrics_104/chord/btc_txt/sample01_shifted_chord_gen.txt
[melody2chord:lyrics_104] /data/home/fundwotsai/MIDI-SAG/AccoMontage2/chorderator/utils/utils.py:24: UserWarning: Could not import FluidSynth, audio formats writing disabled
[melody2chord:lyrics_104]   warnings.warn('Could not import FluidSynth, audio formats writing disabled')
[melody2chord:lyrics_104] /home/fundwotsai/miniconda3/envs/midi-sag/lib/python3.9/site-packages/miditok/tokenizations/remi.py:88: UserWarning: Attribute controls are not compatible with 'config.one_token_stream_for_programs' and multi-vocabulary tokenizers. Disabling them from the config.
[melody2chord:lyrics_104]   super().__init__(tokenizer_config, params)
[melody2chord:lyrics_104] /data/home/fundwotsai/MIDI-SAG/AccoMontage2/chorderator/core.py:238: UserWarning: Meter auto set to 4/4/. Please set meter if this is not your expectation
[melody2chord:lyrics_104]   warnings.warn('Meter auto set to 4/4/. Please set meter if this is not your expectation')
[melody2chord:lyrics_104] @Chorderator 2026-04-14 11:21:38,754 - INFO - [1;30m start read progressions from dict [0m
[melody2chord:lyrics_104] @Chorderator 2026-04-14 11:21:46,746 - INFO - [1;30m read progressions done [0m
[melody2chord:lyrics_104] @Chorderator 2026-04-14 11:21:46,746 - INFO - [1;30m start read progression library from source_base.pnt [0m
[melody2chord:lyrics_104] @Chorderator 2026-04-14 11:21:53,705 - INFO - [1;30m read library done [0m
[melody2chord:lyrics_104] @Chorderator 2026-04-14 11:21:53,706 - WARNING - [1;33m Pre-processing... [0m
[melody2chord:lyrics_104] @Chorderator 2026-04-14 11:21:53,715 - WARNING - [1;33m Pre-process done! [0m
[melody2chord:lyrics_104] @Chorderator 2026-04-14 11:21:53,716 - WARNING - [1;33m Solving... [0m
[melody2chord:lyrics_104] @Chorderator 2026-04-14 11:21:53,716 - INFO - [1;30m start read progressions from rep [0m
[melody2chord:lyrics_104] @Chorderator 2026-04-14 11:21:53,749 - INFO - [1;30m read progressions done [0m
[melody2chord:lyrics_104] @Chorderator 2026-04-14 11:21:53,753 - INFO - [1;30m Melody length 2, generate progression with 63 templates [0m
[melody2chord:lyrics_104] @Chorderator 2026-04-14 11:21:53,802 - WARNING - [1;33m Solved! [0m
[melody2chord:lyrics_104] @Chorderator 2026-04-14 11:21:53,803 - WARNING - [1;33m Post-processing... [0m
[melody2chord:lyrics_104] @Chorderator 2026-04-14 11:21:53,807 - WARNING - [1;33m Post-process done! [0m
[melody2chord:lyrics_104] @Chorderator 2026-04-14 11:21:53,807 - WARNING - [1;33m Generating textures... [0m
[melody2chord:lyrics_104] @Chorderator 2026-04-14 11:21:53,807 - WARNING - [1;33m All process finished! [0m
[melody2chord:lyrics_104] 
[melody2chord:lyrics_104] === Processing: sample01_shifted ===
[melody2chord:lyrics_104] Output will be saved to: /data/home/fundwotsai/MIDI-SAG/generated_midi_right_key/lyrics_104/chord/
[melody2chord:lyrics_104] beat_file_path: None
[melody2chord:lyrics_104] Tempo from MIDI: 78.0 BPM (no beat file — skipping warp step)
[melody2chord:lyrics_104] processed_melody_path: /data/home/fundwotsai/MIDI-SAG/generated_midi_right_key/lyrics_104/chord/processed_melody/sample01_shifted.mid
[melody2chord:lyrics_104] Detected key: C major (confidence: 0.73, Bellman-Budge)
[melody2chord:lyrics_104] Content bars: 14 -> Segmentation: A8B8 (total: 16)
[melody2chord:lyrics_104] Chorderator bars: 16 -> Segmentation: A8B8 (total: 16)
[melody2chord:lyrics_104] auto_config: {'note_shift': 64, 'segmentation': 'A8B8', 'analysis': {'total_bars': 19, 'empty_bars': 4, 'content_bars': 14, 'note_shift': 64, 'segmentation': 'A8B8', 'first_note_bar': 4.0, 'last_note_bar': 18.3125, 'chorderator_bars': {'max_end_positions': 229, 'fixed_end_positions': 256, 'fixed_end_bars': 16, 'tempo': 77.99997660000703, 'unit': 0.19230774999999997}}}
[melody2chord:lyrics_104] tempo for CDT: 78.0 BPM
[melody2chord:lyrics_104] max_end: 229.0
[melody2chord:lyrics_104] fixed_end: 256
[melody2chord:lyrics_104] 256
[melody2chord:lyrics_104] {'tonic': 'C', 'mode': 'maj', 'tempo': 77.99997660000702, 'meter': '4/4', 'pos': ['x', 'x'], 'unit': 0.19230775}
[melody2chord:lyrics_104] Phrase length: 128 positions = 8 bars
[melody2chord:lyrics_104] Phrase length: 128 positions = 8 bars
[melody2chord:lyrics_104] [128, 128]
[melody2chord:lyrics_104] Chord Progression
[melody2chord:lyrics_104] -Source: Niko_Kotoulas_Pop_7th_9th_Chords_8_B-Em-B-Em_.mid
[melody2chord:lyrics_104] -Source Type: None
[melody2chord:lyrics_104] -Source Tonic: B
[melody2chord:lyrics_104] -Source Metre: 4/4
[melody2chord:lyrics_104] -Source Mode: M (M for Major and m for minor)
[melody2chord:lyrics_104] -Appeared Times: 1
[melody2chord:lyrics_104] -Appeared In Other Songs: 0
[melody2chord:lyrics_104] -Reliability: 1.0
[melody2chord:lyrics_104] -Progression Class: {'type': 'unknown', 'pattern': 'unknown', 'cycle': (1.0, 16), 'progression-style': 'pop', 'chord-style': 'classy', 'performing-style': 'unknown', 'rhythm': 'unknown', 'epic-endings': 'unknown', 'melodic': 'unknown', 'folder-id': 528, 'duplicate-id': 154, 'new_label': 'pop_complex'}
[melody2chord:lyrics_104] Numbered: 
[melody2chord:lyrics_104] | 1------- | 4------- | 1------- | 4------- | 1------- | 4------- | 1------- | 4------- | 
[melody2chord:lyrics_104] Chord: 
[melody2chord:lyrics_104] | 
[melody2chord:lyrics_104] | B 0------- | E 1------- | B 0------- | E 1------- | B 0------- | E 1------- | B 0------- | E 1------- | 
[melody2chord:lyrics_104] 
[melody2chord:lyrics_104] Chord Progression
[melody2chord:lyrics_104] -Source: Niko_Kotoulas_Pop_7th_9th_Chords_2_B-F#-G#m-E_.mid
[melody2chord:lyrics_104] -Source Type: None
[melody2chord:lyrics_104] -Source Tonic: B
[melody2chord:lyrics_104] -Source Metre: 4/4
[melody2chord:lyrics_104] -Source Mode: M (M for Major and m for minor)
[melody2chord:lyrics_104] -Appeared Times: 1
[melody2chord:lyrics_104] -Appeared In Other Songs: 0
[melody2chord:lyrics_104] -Reliability: 1.0
[melody2chord:lyrics_104] -Progression Class: {'type': 'unknown', 'pattern': 'unknown', 'cycle': (1.0, 32), 'progression-style': 'pop', 'chord-style': 'classy', 'performing-style': 'unknown', 'rhythm': 'unknown', 'epic-endings': 'unknown', 'melodic': 'unknown', 'folder-id': 528, 'duplicate-id': 176, 'new_label': 'pop_complex'}
[melody2chord:lyrics_104] Numbered: 
[melody2chord:lyrics_104] | 1------- | 5------- | 6------- | 4------- | 1------- | 5------- | 6------- | 4------- | 
[melody2chord:lyrics_104] Chord: 
[melody2chord:lyrics_104] | 
[melody2chord:lyrics_104] | B 0------- | F#0------- | G#1------- | E 0------- | B 0------- | F#0------- | G#1------- | E 0------- | 
[melody2chord:lyrics_104] 
[melody2chord:lyrics_104] Total: 2
[melody2chord:lyrics_104] 
[melody2chord:lyrics_104] === Aligning chord_gen TPQ ===
[melody2chord:lyrics_104] Original melody TPQ: 480
[melody2chord:lyrics_104] Chord gen TPQ: 220
[melody2chord:lyrics_104] TPQ ratio: 2.1818
[melody2chord:lyrics_104] Converted chord_gen TPQ from 220 to 480
[melody2chord:lyrics_104] Output saved to: /data/home/fundwotsai/MIDI-SAG/generated_midi_right_key/lyrics_104/chord/chord_gen/sample01_shifted_chord_gen.mid
[melody2chord:lyrics_104] Re-quantized 69 melody notes to 1/16 beat grid
[melody2chord:lyrics_104] === Fill Empty Bars with Chords ===
[melody2chord:lyrics_104] Original melody TPQ: 480
[melody2chord:lyrics_104] Chord gen TPQ: 480
[melody2chord:lyrics_104] TPQ ratio: 1.0000
[melody2chord:lyrics_104] Chords start at tick: 7679 (bar 4.00)
[melody2chord:lyrics_104] Empty bars to fill: 4
[melody2chord:lyrics_104] Prepending 1 bars and copying 23 chord notes to cover 4 leading bars
[melody2chord:lyrics_104] 
[melody2chord:lyrics_104] === Output Summary ===
[melody2chord:lyrics_104] Output TPQ: 480
[melody2chord:lyrics_104] Melody track notes: 123
[melody2chord:lyrics_104] Chord track notes: 111
[melody2chord:lyrics_104] First chord now at tick: 0
[melody2chord:lyrics_104] Last chord at tick: 38400
[melody2chord:lyrics_104] Output saved to: /data/home/fundwotsai/MIDI-SAG/generated_midi_right_key/lyrics_104/chord/chord_gen_filled_empty/sample01_shifted_chord_gen_filled_empty_bars.mid
[melody2chord:lyrics_104] === Quantizing melody to 1/16 notes ===
[melody2chord:lyrics_104] TPQ: 480
[melody2chord:lyrics_104] Ticks per 16th note: 120.0
[melody2chord:lyrics_104] Quantized 140 notes to 1/16 note positions
[melody2chord:lyrics_104] Output saved to: /data/home/fundwotsai/MIDI-SAG/generated_midi_right_key/lyrics_104/chord/chord_gen_quantized/sample01_shifted_chord_gen_quantized.mid
[melody2chord:lyrics_104] Extracted 84 beat-level chords from 'Chords' track
[melody2chord:lyrics_104] Chord times remapped to 75 beat positions (subdivision: quarter notes)
[melody2chord:lyrics_104] Filled 4 None chords
[melody2chord:lyrics_104] ✓ Successfully processed: sample01_shifted
[melody2chord:lyrics_104]   Key: C major (confidence: 0.73)
[melody2chord:lyrics_104]   Tempo: 78.0 BPM (source: MIDI tempo)
[melody2chord:lyrics_104]   Chord Text: /data/home/fundwotsai/MIDI-SAG/generated_midi_right_key/lyrics_104/chord/chord_txt/sample01_shifted_chord_gen.txt
[melody2chord:lyrics_104]   BTC Text:   /data/home/fundwotsai/MIDI-SAG/generated_midi_right_key/lyrics_104/chord/btc_txt/sample01_shifted_chord_gen.txt
