[melody2chord:lyrics_73] /data/home/fundwotsai/MIDI-SAG/AccoMontage2/chorderator/utils/utils.py:24: UserWarning: Could not import FluidSynth, audio formats writing disabled
[melody2chord:lyrics_73]   warnings.warn('Could not import FluidSynth, audio formats writing disabled')
[melody2chord:lyrics_73] /home/fundwotsai/miniconda3/envs/midi-sag/lib/python3.9/site-packages/miditok/tokenizations/remi.py:88: UserWarning: Attribute controls are not compatible with 'config.one_token_stream_for_programs' and multi-vocabulary tokenizers. Disabling them from the config.
[melody2chord:lyrics_73]   super().__init__(tokenizer_config, params)
[melody2chord:lyrics_73] /data/home/fundwotsai/MIDI-SAG/AccoMontage2/chorderator/core.py:238: UserWarning: Meter auto set to 4/4/. Please set meter if this is not your expectation
[melody2chord:lyrics_73]   warnings.warn('Meter auto set to 4/4/. Please set meter if this is not your expectation')
[melody2chord:lyrics_73] @Chorderator 2026-04-14 12:30:44,210 - INFO - [1;30m start read progressions from dict [0m
[melody2chord:lyrics_73] @Chorderator 2026-04-14 12:30:50,702 - INFO - [1;30m read progressions done [0m
[melody2chord:lyrics_73] @Chorderator 2026-04-14 12:30:50,702 - INFO - [1;30m start read progression library from source_base.pnt [0m
[melody2chord:lyrics_73] @Chorderator 2026-04-14 12:30:56,997 - INFO - [1;30m read library done [0m
[melody2chord:lyrics_73] @Chorderator 2026-04-14 12:30:56,998 - WARNING - [1;33m Pre-processing... [0m
[melody2chord:lyrics_73] @Chorderator 2026-04-14 12:30:57,007 - WARNING - [1;33m Pre-process done! [0m
[melody2chord:lyrics_73] @Chorderator 2026-04-14 12:30:57,007 - WARNING - [1;33m Solving... [0m
[melody2chord:lyrics_73] @Chorderator 2026-04-14 12:30:57,007 - INFO - [1;30m start read progressions from rep [0m
[melody2chord:lyrics_73] @Chorderator 2026-04-14 12:30:57,040 - INFO - [1;30m read progressions done [0m
[melody2chord:lyrics_73] @Chorderator 2026-04-14 12:30:57,044 - INFO - [1;30m Melody length 2, generate progression with 63 templates [0m
[melody2chord:lyrics_73] @Chorderator 2026-04-14 12:30:57,093 - WARNING - [1;33m Solved! [0m
[melody2chord:lyrics_73] @Chorderator 2026-04-14 12:30:57,093 - WARNING - [1;33m Post-processing... [0m
[melody2chord:lyrics_73] @Chorderator 2026-04-14 12:30:57,097 - WARNING - [1;33m Post-process done! [0m
[melody2chord:lyrics_73] @Chorderator 2026-04-14 12:30:57,097 - WARNING - [1;33m Generating textures... [0m
[melody2chord:lyrics_73] @Chorderator 2026-04-14 12:30:57,098 - WARNING - [1;33m All process finished! [0m
[melody2chord:lyrics_73] 
[melody2chord:lyrics_73] === Processing: sample01_shifted ===
[melody2chord:lyrics_73] Output will be saved to: /data/home/fundwotsai/MIDI-SAG/generated_midi_right_key/lyrics_73/chord/
[melody2chord:lyrics_73] beat_file_path: None
[melody2chord:lyrics_73] Tempo from MIDI: 78.0 BPM (no beat file — skipping warp step)
[melody2chord:lyrics_73] processed_melody_path: /data/home/fundwotsai/MIDI-SAG/generated_midi_right_key/lyrics_73/chord/processed_melody/sample01_shifted.mid
[melody2chord:lyrics_73] Detected key: Eb major (confidence: 0.59, Bellman-Budge)
[melody2chord:lyrics_73] Content bars: 14 -> Segmentation: A8B8 (total: 16)
[melody2chord:lyrics_73] Chorderator bars: 16 -> Segmentation: A8B8 (total: 16)
[melody2chord:lyrics_73] auto_config: {'note_shift': 79, 'segmentation': 'A8B8', 'analysis': {'total_bars': 19, 'empty_bars': 4, 'content_bars': 14, 'note_shift': 79, 'segmentation': 'A8B8', 'first_note_bar': 4.9375, 'last_note_bar': 18.1875, 'chorderator_bars': {'max_end_positions': 212, 'fixed_end_positions': 256, 'fixed_end_bars': 16, 'tempo': 77.99997660000703, 'unit': 0.19230774999999997}}}
[melody2chord:lyrics_73] tempo for CDT: 78.0 BPM
[melody2chord:lyrics_73] max_end: 212.0
[melody2chord:lyrics_73] fixed_end: 256
[melody2chord:lyrics_73] 256
[melody2chord:lyrics_73] {'tonic': 'Eb', 'mode': 'maj', 'tempo': 77.99997660000702, 'meter': '4/4', 'pos': ['x', 'x'], 'unit': 0.19230775}
[melody2chord:lyrics_73] Phrase length: 128 positions = 8 bars
[melody2chord:lyrics_73] Phrase length: 128 positions = 8 bars
[melody2chord:lyrics_73] [128, 128]
[melody2chord:lyrics_73] Chord Progression
[melody2chord:lyrics_73] -Source: Niko_Kotoulas_Emotional_Chords_2_C#m-B-F#-B-F#-G#m-E-B_.mid
[melody2chord:lyrics_73] -Source Type: None
[melody2chord:lyrics_73] -Source Tonic: B
[melody2chord:lyrics_73] -Source Metre: 4/4
[melody2chord:lyrics_73] -Source Mode: M (M for Major and m for minor)
[melody2chord:lyrics_73] -Appeared Times: 1
[melody2chord:lyrics_73] -Appeared In Other Songs: 0
[melody2chord:lyrics_73] -Reliability: 1.0
[melody2chord:lyrics_73] -Progression Class: {'type': 'unknown', 'pattern': 'unknown', 'cycle': (0.08151391459392222, 32), 'progression-style': 'emotional', 'chord-style': 'emotional', 'performing-style': 'unknown', 'rhythm': 'unknown', 'epic-endings': 'unknown', 'melodic': 'unknown', 'folder-id': 535, 'duplicate-id': 290, 'new_label': 'pop_complex'}
[melody2chord:lyrics_73] Numbered: 
[melody2chord:lyrics_73] | 2------- | 1------- | 5------- | 1------- | 5------- | 6------- | 4------- | 1------- | 
[melody2chord:lyrics_73] Chord: 
[melody2chord:lyrics_73] | 
[melody2chord:lyrics_73] | C#1------- | B 0------- | F#0------- | B 0------- | F#0------- | G#1------- | E 0------- | B 0------- | 
[melody2chord:lyrics_73] 
[melody2chord:lyrics_73] Chord Progression
[melody2chord:lyrics_73] -Source: Niko_Kotoulas_EDM_7th_9th_Chords_9_F#-G#m-E-B_.mid
[melody2chord:lyrics_73] -Source Type: None
[melody2chord:lyrics_73] -Source Tonic: B
[melody2chord:lyrics_73] -Source Metre: 4/4
[melody2chord:lyrics_73] -Source Mode: M (M for Major and m for minor)
[melody2chord:lyrics_73] -Appeared Times: 1
[melody2chord:lyrics_73] -Appeared In Other Songs: 0
[melody2chord:lyrics_73] -Reliability: 1.0
[melody2chord:lyrics_73] -Progression Class: {'type': 'unknown', 'pattern': 'unknown', 'cycle': (1.0, 32), 'progression-style': 'edm', 'chord-style': 'classy', 'performing-style': 'unknown', 'rhythm': 'unknown', 'epic-endings': 'unknown', 'melodic': 'unknown', 'folder-id': 531, 'duplicate-id': 209, 'new_label': 'pop_complex'}
[melody2chord:lyrics_73] Numbered: 
[melody2chord:lyrics_73] | 5------- | 6------- | 4------- | 1------- | 5------- | 6------- | 4------- | 1------- | 
[melody2chord:lyrics_73] Chord: 
[melody2chord:lyrics_73] | 
[melody2chord:lyrics_73] | F#0------- | G#1------- | E 0------- | B 0------- | F#0------- | G#1------- | E 0------- | B 0------- | 
[melody2chord:lyrics_73] 
[melody2chord:lyrics_73] Total: 2
[melody2chord:lyrics_73] 
[melody2chord:lyrics_73] === Aligning chord_gen TPQ ===
[melody2chord:lyrics_73] Original melody TPQ: 480
[melody2chord:lyrics_73] Chord gen TPQ: 220
[melody2chord:lyrics_73] TPQ ratio: 2.1818
[melody2chord:lyrics_73] Converted chord_gen TPQ from 220 to 480
[melody2chord:lyrics_73] Output saved to: /data/home/fundwotsai/MIDI-SAG/generated_midi_right_key/lyrics_73/chord/chord_gen/sample01_shifted_chord_gen.mid
[melody2chord:lyrics_73] Re-quantized 61 melody notes to 1/16 beat grid
[melody2chord:lyrics_73] === Fill Empty Bars with Chords ===
[melody2chord:lyrics_73] Original melody TPQ: 480
[melody2chord:lyrics_73] Chord gen TPQ: 480
[melody2chord:lyrics_73] TPQ ratio: 1.0000
[melody2chord:lyrics_73] Chords start at tick: 9480 (bar 4.94)
[melody2chord:lyrics_73] Empty bars to fill: 4
[melody2chord:lyrics_73] Prepending 0 bars and copying 18 chord notes to cover 4 leading bars
[melody2chord:lyrics_73] 
[melody2chord:lyrics_73] === Output Summary ===
[melody2chord:lyrics_73] Output TPQ: 480
[melody2chord:lyrics_73] Melody track notes: 121
[melody2chord:lyrics_73] Chord track notes: 116
[melody2chord:lyrics_73] First chord now at tick: 0
[melody2chord:lyrics_73] Last chord at tick: 38280
[melody2chord:lyrics_73] Output saved to: /data/home/fundwotsai/MIDI-SAG/generated_midi_right_key/lyrics_73/chord/chord_gen_filled_empty/sample01_shifted_chord_gen_filled_empty_bars.mid
[melody2chord:lyrics_73] === Quantizing melody to 1/16 notes ===
[melody2chord:lyrics_73] TPQ: 480
[melody2chord:lyrics_73] Ticks per 16th note: 120.0
[melody2chord:lyrics_73] Quantized 140 notes to 1/16 note positions
[melody2chord:lyrics_73] Output saved to: /data/home/fundwotsai/MIDI-SAG/generated_midi_right_key/lyrics_73/chord/chord_gen_quantized/sample01_shifted_chord_gen_quantized.mid
[melody2chord:lyrics_73] Extracted 84 beat-level chords from 'Chords' track
[melody2chord:lyrics_73] Chord times remapped to 74 beat positions (subdivision: quarter notes)
[melody2chord:lyrics_73] Filled 4 None chords
[melody2chord:lyrics_73] ✓ Successfully processed: sample01_shifted
[melody2chord:lyrics_73]   Key: Eb major (confidence: 0.59)
[melody2chord:lyrics_73]   Tempo: 78.0 BPM (source: MIDI tempo)
[melody2chord:lyrics_73]   Chord Text: /data/home/fundwotsai/MIDI-SAG/generated_midi_right_key/lyrics_73/chord/chord_txt/sample01_shifted_chord_gen.txt
[melody2chord:lyrics_73]   BTC Text:   /data/home/fundwotsai/MIDI-SAG/generated_midi_right_key/lyrics_73/chord/btc_txt/sample01_shifted_chord_gen.txt
