[melody2chord:lyrics_173] /data/home/fundwotsai/MIDI-SAG/AccoMontage2/chorderator/utils/utils.py:24: UserWarning: Could not import FluidSynth, audio formats writing disabled
[melody2chord:lyrics_173]   warnings.warn('Could not import FluidSynth, audio formats writing disabled')
[melody2chord:lyrics_173] /home/fundwotsai/miniconda3/envs/midi-sag/lib/python3.9/site-packages/miditok/tokenizations/remi.py:88: UserWarning: Attribute controls are not compatible with 'config.one_token_stream_for_programs' and multi-vocabulary tokenizers. Disabling them from the config.
[melody2chord:lyrics_173]   super().__init__(tokenizer_config, params)
[melody2chord:lyrics_173] /data/home/fundwotsai/MIDI-SAG/AccoMontage2/chorderator/core.py:238: UserWarning: Meter auto set to 4/4/. Please set meter if this is not your expectation
[melody2chord:lyrics_173]   warnings.warn('Meter auto set to 4/4/. Please set meter if this is not your expectation')
[melody2chord:lyrics_173] @Chorderator 2026-04-14 11:52:07,706 - INFO - [1;30m start read progressions from dict [0m
[melody2chord:lyrics_173] @Chorderator 2026-04-14 11:52:14,216 - INFO - [1;30m read progressions done [0m
[melody2chord:lyrics_173] @Chorderator 2026-04-14 11:52:14,216 - INFO - [1;30m start read progression library from source_base.pnt [0m
[melody2chord:lyrics_173] @Chorderator 2026-04-14 11:52:20,499 - INFO - [1;30m read library done [0m
[melody2chord:lyrics_173] @Chorderator 2026-04-14 11:52:20,499 - WARNING - [1;33m Pre-processing... [0m
[melody2chord:lyrics_173] @Chorderator 2026-04-14 11:52:20,511 - WARNING - [1;33m Pre-process done! [0m
[melody2chord:lyrics_173] @Chorderator 2026-04-14 11:52:20,511 - WARNING - [1;33m Solving... [0m
[melody2chord:lyrics_173] @Chorderator 2026-04-14 11:52:20,511 - INFO - [1;30m start read progressions from rep [0m
[melody2chord:lyrics_173] @Chorderator 2026-04-14 11:52:20,544 - INFO - [1;30m read progressions done [0m
[melody2chord:lyrics_173] @Chorderator 2026-04-14 11:52:20,549 - INFO - [1;30m Melody length 3, generate progression with 63 templates [0m
[melody2chord:lyrics_173] @Chorderator 2026-04-14 11:52:20,622 - WARNING - [1;33m Solved! [0m
[melody2chord:lyrics_173] @Chorderator 2026-04-14 11:52:20,622 - WARNING - [1;33m Post-processing... [0m
[melody2chord:lyrics_173] @Chorderator 2026-04-14 11:52:20,628 - WARNING - [1;33m Post-process done! [0m
[melody2chord:lyrics_173] @Chorderator 2026-04-14 11:52:20,628 - WARNING - [1;33m Generating textures... [0m
[melody2chord:lyrics_173] @Chorderator 2026-04-14 11:52:20,629 - WARNING - [1;33m All process finished! [0m
[melody2chord:lyrics_173] 
[melody2chord:lyrics_173] === Processing: sample01_shifted ===
[melody2chord:lyrics_173] Output will be saved to: /data/home/fundwotsai/MIDI-SAG/generated_midi_right_key/lyrics_173/chord/
[melody2chord:lyrics_173] beat_file_path: None
[melody2chord:lyrics_173] Tempo from MIDI: 78.0 BPM (no beat file — skipping warp step)
[melody2chord:lyrics_173] processed_melody_path: /data/home/fundwotsai/MIDI-SAG/generated_midi_right_key/lyrics_173/chord/processed_melody/sample01_shifted.mid
[melody2chord:lyrics_173] Detected key: C major (confidence: 0.57, Bellman-Budge)
[melody2chord:lyrics_173] Content bars: 17 -> Segmentation: A8B8A4 (total: 20)
[melody2chord:lyrics_173] Chorderator bars: 20 -> Segmentation: A8B8A4 (total: 20)
[melody2chord:lyrics_173] auto_config: {'note_shift': 68, 'segmentation': 'A8B8A4', 'analysis': {'total_bars': 22, 'empty_bars': 4, 'content_bars': 17, 'note_shift': 68, 'segmentation': 'A8B8A4', 'first_note_bar': 4.25, 'last_note_bar': 21.25, 'chorderator_bars': {'max_end_positions': 272, 'fixed_end_positions': 320, 'fixed_end_bars': 20, 'tempo': 77.99997660000703, 'unit': 0.19230774999999997}}}
[melody2chord:lyrics_173] tempo for CDT: 78.0 BPM
[melody2chord:lyrics_173] max_end: 272.0
[melody2chord:lyrics_173] fixed_end: 320
[melody2chord:lyrics_173] 320
[melody2chord:lyrics_173] {'tonic': 'C', 'mode': 'maj', 'tempo': 77.99997660000702, 'meter': '4/4', 'pos': ['x', 'x', 'x'], 'unit': 0.19230775}
[melody2chord:lyrics_173] Phrase length: 128 positions = 8 bars
[melody2chord:lyrics_173] Phrase length: 128 positions = 8 bars
[melody2chord:lyrics_173] Phrase length: 64 positions = 4 bars
[melody2chord:lyrics_173] [128, 128, 64]
[melody2chord:lyrics_173] Chord Progression
[melody2chord:lyrics_173] -Source: Niko_Kotoulas_Pop_7th_9th_Chords_18_G#m-B-E-F#_.mid
[melody2chord:lyrics_173] -Source Type: None
[melody2chord:lyrics_173] -Source Tonic: B
[melody2chord:lyrics_173] -Source Metre: 4/4
[melody2chord:lyrics_173] -Source Mode: M (M for Major and m for minor)
[melody2chord:lyrics_173] -Appeared Times: 1
[melody2chord:lyrics_173] -Appeared In Other Songs: 0
[melody2chord:lyrics_173] -Reliability: 1.0
[melody2chord:lyrics_173] -Progression Class: {'type': 'unknown', 'pattern': 'unknown', 'cycle': (1.0, 32), 'progression-style': 'pop', 'chord-style': 'classy', 'performing-style': 'unknown', 'rhythm': 'unknown', 'epic-endings': 'unknown', 'melodic': 'unknown', 'folder-id': 528, 'duplicate-id': 180, 'new_label': 'pop_complex'}
[melody2chord:lyrics_173] Numbered: 
[melody2chord:lyrics_173] | 6------- | 1------- | 4------- | 5------- | 6------- | 1------- | 4------- | 5------- | 
[melody2chord:lyrics_173] Chord: 
[melody2chord:lyrics_173] | 
[melody2chord:lyrics_173] | G#1------- | B 0------- | E 0------- | F#0------- | G#1------- | B 0------- | E 0------- | F#0------- | 
[melody2chord:lyrics_173] 
[melody2chord:lyrics_173] Chord Progression
[melody2chord:lyrics_173] -Source: Niko_Kotoulas_Pop_7th_9th_Chords_17_G#m-E-B-F#_.mid
[melody2chord:lyrics_173] -Source Type: None
[melody2chord:lyrics_173] -Source Tonic: B
[melody2chord:lyrics_173] -Source Metre: 4/4
[melody2chord:lyrics_173] -Source Mode: M (M for Major and m for minor)
[melody2chord:lyrics_173] -Appeared Times: 1
[melody2chord:lyrics_173] -Appeared In Other Songs: 0
[melody2chord:lyrics_173] -Reliability: 1.0
[melody2chord:lyrics_173] -Progression Class: {'type': 'unknown', 'pattern': 'unknown', 'cycle': (1.0, 32), 'progression-style': 'pop', 'chord-style': 'classy', 'performing-style': 'unknown', 'rhythm': 'unknown', 'epic-endings': 'unknown', 'melodic': 'unknown', 'folder-id': 528, 'duplicate-id': 163, 'new_label': 'pop_complex'}
[melody2chord:lyrics_173] Numbered: 
[melody2chord:lyrics_173] | 6------- | 4------- | 1------- | 5------- | 6------- | 4------- | 1------- | 5------- | 
[melody2chord:lyrics_173] Chord: 
[melody2chord:lyrics_173] | 
[melody2chord:lyrics_173] | G#1------- | E 0------- | B 0------- | F#0------- | G#1------- | E 0------- | B 0------- | F#0------- | 
[melody2chord:lyrics_173] 
[melody2chord:lyrics_173] Chord Progression
[melody2chord:lyrics_173] -Source: Niko_Kotoulas_ChordProg_7_B-F#-G#m-E (I-V-vi-IV).mid
[melody2chord:lyrics_173] -Source Type: None
[melody2chord:lyrics_173] -Source Tonic: B
[melody2chord:lyrics_173] -Source Metre: 4/4
[melody2chord:lyrics_173] -Source Mode: M (M for Major and m for minor)
[melody2chord:lyrics_173] -Appeared Times: 1
[melody2chord:lyrics_173] -Appeared In Other Songs: 0
[melody2chord:lyrics_173] -Reliability: 0.9
[melody2chord:lyrics_173] -Progression Class: {'type': 'unknown', 'pattern': 'I-V-vi-IV', 'cycle': (-0.18898223650461363, 8), 'progression-style': 'unknown', 'chord-style': 'unknown', 'performing-style': 'unknown', 'rhythm': 'unknown', 'epic-endings': 'unknown', 'melodic': 'unknown', 'folder-id': 22, 'duplicate-id': 11, 'new_label': 'unknown'}
[melody2chord:lyrics_173] Numbered: 
[melody2chord:lyrics_173] | 1------- | 5------- | 6------- | 4------- | 
[melody2chord:lyrics_173] Chord: 
[melody2chord:lyrics_173] | B 0------- | F#0------- | G#1------- | E 0------- | 
[melody2chord:lyrics_173] 
[melody2chord:lyrics_173] Total: 3
[melody2chord:lyrics_173] 
[melody2chord:lyrics_173] === Aligning chord_gen TPQ ===
[melody2chord:lyrics_173] Original melody TPQ: 480
[melody2chord:lyrics_173] Chord gen TPQ: 220
[melody2chord:lyrics_173] TPQ ratio: 2.1818
[melody2chord:lyrics_173] Converted chord_gen TPQ from 220 to 480
[melody2chord:lyrics_173] Output saved to: /data/home/fundwotsai/MIDI-SAG/generated_midi_right_key/lyrics_173/chord/chord_gen/sample01_shifted_chord_gen.mid
[melody2chord:lyrics_173] Re-quantized 52 melody notes to 1/16 beat grid
[melody2chord:lyrics_173] === Fill Empty Bars with Chords ===
[melody2chord:lyrics_173] Original melody TPQ: 480
[melody2chord:lyrics_173] Chord gen TPQ: 480
[melody2chord:lyrics_173] TPQ ratio: 1.0000
[melody2chord:lyrics_173] Chords start at tick: 8159 (bar 4.25)
[melody2chord:lyrics_173] Empty bars to fill: 4
[melody2chord:lyrics_173] Prepending 0 bars and copying 28 chord notes to cover 4 leading bars
[melody2chord:lyrics_173] 
[melody2chord:lyrics_173] === Output Summary ===
[melody2chord:lyrics_173] Output TPQ: 480
[melody2chord:lyrics_173] Melody track notes: 120
[melody2chord:lyrics_173] Chord track notes: 148
[melody2chord:lyrics_173] First chord now at tick: 0
[melody2chord:lyrics_173] Last chord at tick: 44640
[melody2chord:lyrics_173] Output saved to: /data/home/fundwotsai/MIDI-SAG/generated_midi_right_key/lyrics_173/chord/chord_gen_filled_empty/sample01_shifted_chord_gen_filled_empty_bars.mid
[melody2chord:lyrics_173] === Quantizing melody to 1/16 notes ===
[melody2chord:lyrics_173] TPQ: 480
[melody2chord:lyrics_173] Ticks per 16th note: 120.0
[melody2chord:lyrics_173] Quantized 143 notes to 1/16 note positions
[melody2chord:lyrics_173] Output saved to: /data/home/fundwotsai/MIDI-SAG/generated_midi_right_key/lyrics_173/chord/chord_gen_quantized/sample01_shifted_chord_gen_quantized.mid
[melody2chord:lyrics_173] Extracted 97 beat-level chords from 'Chords' track
[melody2chord:lyrics_173] Chord times remapped to 87 beat positions (subdivision: quarter notes)
[melody2chord:lyrics_173] Filled 1 None chords
[melody2chord:lyrics_173] ✓ Successfully processed: sample01_shifted
[melody2chord:lyrics_173]   Key: C major (confidence: 0.57)
[melody2chord:lyrics_173]   Tempo: 78.0 BPM (source: MIDI tempo)
[melody2chord:lyrics_173]   Chord Text: /data/home/fundwotsai/MIDI-SAG/generated_midi_right_key/lyrics_173/chord/chord_txt/sample01_shifted_chord_gen.txt
[melody2chord:lyrics_173]   BTC Text:   /data/home/fundwotsai/MIDI-SAG/generated_midi_right_key/lyrics_173/chord/btc_txt/sample01_shifted_chord_gen.txt
