[melody2chord:lyrics_33] /data/home/fundwotsai/MIDI-SAG/AccoMontage2/chorderator/utils/utils.py:24: UserWarning: Could not import FluidSynth, audio formats writing disabled
[melody2chord:lyrics_33]   warnings.warn('Could not import FluidSynth, audio formats writing disabled')
[melody2chord:lyrics_33] /home/fundwotsai/miniconda3/envs/midi-sag/lib/python3.9/site-packages/miditok/tokenizations/remi.py:88: UserWarning: Attribute controls are not compatible with 'config.one_token_stream_for_programs' and multi-vocabulary tokenizers. Disabling them from the config.
[melody2chord:lyrics_33]   super().__init__(tokenizer_config, params)
[melody2chord:lyrics_33] /data/home/fundwotsai/MIDI-SAG/AccoMontage2/chorderator/core.py:238: UserWarning: Meter auto set to 4/4/. Please set meter if this is not your expectation
[melody2chord:lyrics_33]   warnings.warn('Meter auto set to 4/4/. Please set meter if this is not your expectation')
[melody2chord:lyrics_33] @Chorderator 2026-04-14 12:13:06,694 - INFO - [1;30m start read progressions from dict [0m
[melody2chord:lyrics_33] @Chorderator 2026-04-14 12:13:14,982 - INFO - [1;30m read progressions done [0m
[melody2chord:lyrics_33] @Chorderator 2026-04-14 12:13:14,983 - INFO - [1;30m start read progression library from source_base.pnt [0m
[melody2chord:lyrics_33] @Chorderator 2026-04-14 12:13:23,885 - INFO - [1;30m read library done [0m
[melody2chord:lyrics_33] @Chorderator 2026-04-14 12:13:23,885 - WARNING - [1;33m Pre-processing... [0m
[melody2chord:lyrics_33] @Chorderator 2026-04-14 12:13:23,895 - WARNING - [1;33m Pre-process done! [0m
[melody2chord:lyrics_33] @Chorderator 2026-04-14 12:13:23,895 - WARNING - [1;33m Solving... [0m
[melody2chord:lyrics_33] @Chorderator 2026-04-14 12:13:23,895 - INFO - [1;30m start read progressions from rep [0m
[melody2chord:lyrics_33] @Chorderator 2026-04-14 12:13:23,933 - INFO - [1;30m read progressions done [0m
[melody2chord:lyrics_33] @Chorderator 2026-04-14 12:13:23,939 - INFO - [1;30m Melody length 3, generate progression with 63 templates [0m
[melody2chord:lyrics_33] @Chorderator 2026-04-14 12:13:24,014 - WARNING - [1;33m Solved! [0m
[melody2chord:lyrics_33] @Chorderator 2026-04-14 12:13:24,014 - WARNING - [1;33m Post-processing... [0m
[melody2chord:lyrics_33] @Chorderator 2026-04-14 12:13:24,020 - WARNING - [1;33m Post-process done! [0m
[melody2chord:lyrics_33] @Chorderator 2026-04-14 12:13:24,020 - WARNING - [1;33m Generating textures... [0m
[melody2chord:lyrics_33] @Chorderator 2026-04-14 12:13:24,021 - WARNING - [1;33m All process finished! [0m
[melody2chord:lyrics_33] 
[melody2chord:lyrics_33] === Processing: sample01_shifted ===
[melody2chord:lyrics_33] Output will be saved to: /data/home/fundwotsai/MIDI-SAG/generated_midi_right_key/lyrics_33/chord/
[melody2chord:lyrics_33] beat_file_path: None
[melody2chord:lyrics_33] Tempo from MIDI: 95.0 BPM (no beat file — skipping warp step)
[melody2chord:lyrics_33] processed_melody_path: /data/home/fundwotsai/MIDI-SAG/generated_midi_right_key/lyrics_33/chord/processed_melody/sample01_shifted.mid
[melody2chord:lyrics_33] Detected key: G major (confidence: 0.84, Bellman-Budge)
[melody2chord:lyrics_33] Content bars: 22 -> Segmentation: A8B8A8 (total: 24)
[melody2chord:lyrics_33] Chorderator bars: 24 -> Segmentation: A8B8A8 (total: 24)
[melody2chord:lyrics_33] auto_config: {'note_shift': 66, 'segmentation': 'A8B8A8', 'analysis': {'total_bars': 27, 'empty_bars': 4, 'content_bars': 22, 'note_shift': 66, 'segmentation': 'A8B8A8', 'first_note_bar': 4.125, 'last_note_bar': 26.875, 'chorderator_bars': {'max_end_positions': 364, 'fixed_end_positions': 384, 'fixed_end_bars': 24, 'tempo': 94.99999208333399, 'unit': 0.15789475}}}
[melody2chord:lyrics_33] tempo for CDT: 95.0 BPM
[melody2chord:lyrics_33] max_end: 364.0
[melody2chord:lyrics_33] fixed_end: 384
[melody2chord:lyrics_33] 384
[melody2chord:lyrics_33] {'tonic': 'G', 'mode': 'maj', 'tempo': 94.99999208333399, 'meter': '4/4', 'pos': ['x', 'x', 'x'], 'unit': 0.15789475}
[melody2chord:lyrics_33] Phrase length: 128 positions = 8 bars
[melody2chord:lyrics_33] Phrase length: 128 positions = 8 bars
[melody2chord:lyrics_33] Phrase length: 128 positions = 8 bars
[melody2chord:lyrics_33] [128, 128, 128]
[melody2chord:lyrics_33] Chord Progression
[melody2chord:lyrics_33] -Source: Niko_Kotoulas_Pop_7th_9th_Chords_6_B-E-F#-B_.mid
[melody2chord:lyrics_33] -Source Type: None
[melody2chord:lyrics_33] -Source Tonic: B
[melody2chord:lyrics_33] -Source Metre: 4/4
[melody2chord:lyrics_33] -Source Mode: M (M for Major and m for minor)
[melody2chord:lyrics_33] -Appeared Times: 1
[melody2chord:lyrics_33] -Appeared In Other Songs: 0
[melody2chord:lyrics_33] -Reliability: 1.0
[melody2chord:lyrics_33] -Progression Class: {'type': 'unknown', 'pattern': 'unknown', 'cycle': (1.0, 32), 'progression-style': 'pop', 'chord-style': 'classy', 'performing-style': 'unknown', 'rhythm': 'unknown', 'epic-endings': 'unknown', 'melodic': 'unknown', 'folder-id': 528, 'duplicate-id': 157, 'new_label': 'pop_complex'}
[melody2chord:lyrics_33] Numbered: 
[melody2chord:lyrics_33] | 1------- | 4------- | 5------- | 1------- | 1------- | 4------- | 5------- | 1------- | 
[melody2chord:lyrics_33] Chord: 
[melody2chord:lyrics_33] | 
[melody2chord:lyrics_33] | B 0------- | E 0------- | F#0------- | B 0------- | B 0------- | E 0------- | F#0------- | B 0------- | 
[melody2chord:lyrics_33] 
[melody2chord:lyrics_33] Chord Progression
[melody2chord:lyrics_33] -Source: Niko_Kotoulas_Pop_7th_9th_Chords_13_E-B-F#-G#m_.mid
[melody2chord:lyrics_33] -Source Type: None
[melody2chord:lyrics_33] -Source Tonic: B
[melody2chord:lyrics_33] -Source Metre: 4/4
[melody2chord:lyrics_33] -Source Mode: M (M for Major and m for minor)
[melody2chord:lyrics_33] -Appeared Times: 1
[melody2chord:lyrics_33] -Appeared In Other Songs: 0
[melody2chord:lyrics_33] -Reliability: 1.0
[melody2chord:lyrics_33] -Progression Class: {'type': 'unknown', 'pattern': 'unknown', 'cycle': (1.0, 32), 'progression-style': 'pop', 'chord-style': 'classy', 'performing-style': 'unknown', 'rhythm': 'unknown', 'epic-endings': 'unknown', 'melodic': 'unknown', 'folder-id': 528, 'duplicate-id': 193, 'new_label': 'pop_complex'}
[melody2chord:lyrics_33] Numbered: 
[melody2chord:lyrics_33] | 4------- | 1------- | 5------- | 6------- | 4------- | 1------- | 5------- | 6------- | 
[melody2chord:lyrics_33] Chord: 
[melody2chord:lyrics_33] | 
[melody2chord:lyrics_33] | E 0------- | B 0------- | F#0------- | G#1------- | E 0------- | B 0------- | F#0------- | G#1------- | 
[melody2chord:lyrics_33] 
[melody2chord:lyrics_33] Chord Progression
[melody2chord:lyrics_33] -Source: Niko_Kotoulas_EDM_7th_9th_Chords_9_F#-G#m-E-B_.mid
[melody2chord:lyrics_33] -Source Type: None
[melody2chord:lyrics_33] -Source Tonic: B
[melody2chord:lyrics_33] -Source Metre: 4/4
[melody2chord:lyrics_33] -Source Mode: M (M for Major and m for minor)
[melody2chord:lyrics_33] -Appeared Times: 1
[melody2chord:lyrics_33] -Appeared In Other Songs: 0
[melody2chord:lyrics_33] -Reliability: 1.0
[melody2chord:lyrics_33] -Progression Class: {'type': 'unknown', 'pattern': 'unknown', 'cycle': (1.0, 32), 'progression-style': 'edm', 'chord-style': 'classy', 'performing-style': 'unknown', 'rhythm': 'unknown', 'epic-endings': 'unknown', 'melodic': 'unknown', 'folder-id': 531, 'duplicate-id': 209, 'new_label': 'pop_complex'}
[melody2chord:lyrics_33] Numbered: 
[melody2chord:lyrics_33] | 5------- | 6------- | 4------- | 1------- | 5------- | 6------- | 4------- | 1------- | 
[melody2chord:lyrics_33] Chord: 
[melody2chord:lyrics_33] | 
[melody2chord:lyrics_33] | F#0------- | G#1------- | E 0------- | B 0------- | F#0------- | G#1------- | E 0------- | B 0------- | 
[melody2chord:lyrics_33] 
[melody2chord:lyrics_33] Total: 3
[melody2chord:lyrics_33] 
[melody2chord:lyrics_33] === Aligning chord_gen TPQ ===
[melody2chord:lyrics_33] Original melody TPQ: 480
[melody2chord:lyrics_33] Chord gen TPQ: 220
[melody2chord:lyrics_33] TPQ ratio: 2.1818
[melody2chord:lyrics_33] Converted chord_gen TPQ from 220 to 480
[melody2chord:lyrics_33] Output saved to: /data/home/fundwotsai/MIDI-SAG/generated_midi_right_key/lyrics_33/chord/chord_gen/sample01_shifted_chord_gen.mid
[melody2chord:lyrics_33] Re-quantized 42 melody notes to 1/16 beat grid
[melody2chord:lyrics_33] === Fill Empty Bars with Chords ===
[melody2chord:lyrics_33] Original melody TPQ: 480
[melody2chord:lyrics_33] Chord gen TPQ: 480
[melody2chord:lyrics_33] TPQ ratio: 1.0000
[melody2chord:lyrics_33] Chords start at tick: 7919 (bar 4.12)
[melody2chord:lyrics_33] Empty bars to fill: 4
[melody2chord:lyrics_33] Prepending 0 bars and copying 22 chord notes to cover 4 leading bars
[melody2chord:lyrics_33] 
[melody2chord:lyrics_33] === Output Summary ===
[melody2chord:lyrics_33] Output TPQ: 480
[melody2chord:lyrics_33] Melody track notes: 123
[melody2chord:lyrics_33] Chord track notes: 184
[melody2chord:lyrics_33] First chord now at tick: 0
[melody2chord:lyrics_33] Last chord at tick: 52079
[melody2chord:lyrics_33] Output saved to: /data/home/fundwotsai/MIDI-SAG/generated_midi_right_key/lyrics_33/chord/chord_gen_filled_empty/sample01_shifted_chord_gen_filled_empty_bars.mid
[melody2chord:lyrics_33] === Quantizing melody to 1/16 notes ===
[melody2chord:lyrics_33] TPQ: 480
[melody2chord:lyrics_33] Ticks per 16th note: 120.0
[melody2chord:lyrics_33] Quantized 151 notes to 1/16 note positions
[melody2chord:lyrics_33] Output saved to: /data/home/fundwotsai/MIDI-SAG/generated_midi_right_key/lyrics_33/chord/chord_gen_quantized/sample01_shifted_chord_gen_quantized.mid
[melody2chord:lyrics_33] Extracted 112 beat-level chords from 'Chords' track
[melody2chord:lyrics_33] Chord times remapped to 109 beat positions (subdivision: quarter notes)
[melody2chord:lyrics_33] ✓ Successfully processed: sample01_shifted
[melody2chord:lyrics_33]   Key: G major (confidence: 0.84)
[melody2chord:lyrics_33]   Tempo: 95.0 BPM (source: MIDI tempo)
[melody2chord:lyrics_33]   Chord Text: /data/home/fundwotsai/MIDI-SAG/generated_midi_right_key/lyrics_33/chord/chord_txt/sample01_shifted_chord_gen.txt
[melody2chord:lyrics_33]   BTC Text:   /data/home/fundwotsai/MIDI-SAG/generated_midi_right_key/lyrics_33/chord/btc_txt/sample01_shifted_chord_gen.txt
