[melody2chord:lyrics_70] /data/home/fundwotsai/MIDI-SAG/AccoMontage2/chorderator/utils/utils.py:24: UserWarning: Could not import FluidSynth, audio formats writing disabled
[melody2chord:lyrics_70]   warnings.warn('Could not import FluidSynth, audio formats writing disabled')
[melody2chord:lyrics_70] /home/fundwotsai/miniconda3/envs/midi-sag/lib/python3.9/site-packages/miditok/tokenizations/remi.py:88: UserWarning: Attribute controls are not compatible with 'config.one_token_stream_for_programs' and multi-vocabulary tokenizers. Disabling them from the config.
[melody2chord:lyrics_70]   super().__init__(tokenizer_config, params)
[melody2chord:lyrics_70] /data/home/fundwotsai/MIDI-SAG/AccoMontage2/chorderator/core.py:238: UserWarning: Meter auto set to 4/4/. Please set meter if this is not your expectation
[melody2chord:lyrics_70]   warnings.warn('Meter auto set to 4/4/. Please set meter if this is not your expectation')
[melody2chord:lyrics_70] @Chorderator 2026-04-14 12:29:33,982 - INFO - [1;30m start read progressions from dict [0m
[melody2chord:lyrics_70] @Chorderator 2026-04-14 12:29:40,393 - INFO - [1;30m read progressions done [0m
[melody2chord:lyrics_70] @Chorderator 2026-04-14 12:29:40,394 - INFO - [1;30m start read progression library from source_base.pnt [0m
[melody2chord:lyrics_70] @Chorderator 2026-04-14 12:29:46,618 - INFO - [1;30m read library done [0m
[melody2chord:lyrics_70] @Chorderator 2026-04-14 12:29:46,618 - WARNING - [1;33m Pre-processing... [0m
[melody2chord:lyrics_70] @Chorderator 2026-04-14 12:29:46,625 - WARNING - [1;33m Pre-process done! [0m
[melody2chord:lyrics_70] @Chorderator 2026-04-14 12:29:46,625 - WARNING - [1;33m Solving... [0m
[melody2chord:lyrics_70] @Chorderator 2026-04-14 12:29:46,626 - INFO - [1;30m start read progressions from rep [0m
[melody2chord:lyrics_70] @Chorderator 2026-04-14 12:29:46,658 - INFO - [1;30m read progressions done [0m
[melody2chord:lyrics_70] @Chorderator 2026-04-14 12:29:46,662 - INFO - [1;30m Melody length 2, generate progression with 63 templates [0m
[melody2chord:lyrics_70] @Chorderator 2026-04-14 12:29:46,711 - WARNING - [1;33m Solved! [0m
[melody2chord:lyrics_70] @Chorderator 2026-04-14 12:29:46,711 - WARNING - [1;33m Post-processing... [0m
[melody2chord:lyrics_70] @Chorderator 2026-04-14 12:29:46,715 - WARNING - [1;33m Post-process done! [0m
[melody2chord:lyrics_70] @Chorderator 2026-04-14 12:29:46,715 - WARNING - [1;33m Generating textures... [0m
[melody2chord:lyrics_70] @Chorderator 2026-04-14 12:29:46,715 - WARNING - [1;33m All process finished! [0m
[melody2chord:lyrics_70] 
[melody2chord:lyrics_70] === Processing: sample01_shifted ===
[melody2chord:lyrics_70] Output will be saved to: /data/home/fundwotsai/MIDI-SAG/generated_midi_right_key/lyrics_70/chord/
[melody2chord:lyrics_70] beat_file_path: None
[melody2chord:lyrics_70] Tempo from MIDI: 78.0 BPM (no beat file — skipping warp step)
[melody2chord:lyrics_70] processed_melody_path: /data/home/fundwotsai/MIDI-SAG/generated_midi_right_key/lyrics_70/chord/processed_melody/sample01_shifted.mid
[melody2chord:lyrics_70] Detected key: Eb major (confidence: 0.72, Bellman-Budge)
[melody2chord:lyrics_70] Content bars: 13 -> Segmentation: A8B8 (total: 16)
[melody2chord:lyrics_70] Chorderator bars: 12 -> Segmentation: A8B4 (total: 12)
[melody2chord:lyrics_70] auto_config: {'note_shift': 78, 'segmentation': 'A8B4', 'analysis': {'total_bars': 18, 'empty_bars': 4, 'content_bars': 13, 'note_shift': 78, 'segmentation': 'A8B4', 'first_note_bar': 4.875, 'last_note_bar': 17.5, 'chorderator_bars': {'max_end_positions': 202, 'fixed_end_positions': 192, 'fixed_end_bars': 12, 'tempo': 77.99997660000703, 'unit': 0.19230774999999997}}}
[melody2chord:lyrics_70] tempo for CDT: 78.0 BPM
[melody2chord:lyrics_70] max_end: 202.0
[melody2chord:lyrics_70] fixed_end: 192
[melody2chord:lyrics_70] 192
[melody2chord:lyrics_70] {'tonic': 'Eb', 'mode': 'maj', 'tempo': 77.99997660000702, 'meter': '4/4', 'pos': ['x', 'x'], 'unit': 0.19230775}
[melody2chord:lyrics_70] Phrase length: 128 positions = 8 bars
[melody2chord:lyrics_70] Phrase length: 64 positions = 4 bars
[melody2chord:lyrics_70] [128, 64]
[melody2chord:lyrics_70] Chord Progression
[melody2chord:lyrics_70] -Source: Niko_Kotoulas_EDM_7th_9th_Chords_9_F#-G#m-E-B_.mid
[melody2chord:lyrics_70] -Source Type: None
[melody2chord:lyrics_70] -Source Tonic: B
[melody2chord:lyrics_70] -Source Metre: 4/4
[melody2chord:lyrics_70] -Source Mode: M (M for Major and m for minor)
[melody2chord:lyrics_70] -Appeared Times: 1
[melody2chord:lyrics_70] -Appeared In Other Songs: 0
[melody2chord:lyrics_70] -Reliability: 1.0
[melody2chord:lyrics_70] -Progression Class: {'type': 'unknown', 'pattern': 'unknown', 'cycle': (1.0, 32), 'progression-style': 'edm', 'chord-style': 'classy', 'performing-style': 'unknown', 'rhythm': 'unknown', 'epic-endings': 'unknown', 'melodic': 'unknown', 'folder-id': 531, 'duplicate-id': 209, 'new_label': 'pop_complex'}
[melody2chord:lyrics_70] Numbered: 
[melody2chord:lyrics_70] | 5------- | 6------- | 4------- | 1------- | 5------- | 6------- | 4------- | 1------- | 
[melody2chord:lyrics_70] Chord: 
[melody2chord:lyrics_70] | 
[melody2chord:lyrics_70] | F#0------- | G#1------- | E 0------- | B 0------- | F#0------- | G#1------- | E 0------- | B 0------- | 
[melody2chord:lyrics_70] 
[melody2chord:lyrics_70] Chord Progression
[melody2chord:lyrics_70] -Source: Niko_Kotoulas_ChordProg_4_G#m-E-B-F# (vi-IV-I-V).mid
[melody2chord:lyrics_70] -Source Type: None
[melody2chord:lyrics_70] -Source Tonic: B
[melody2chord:lyrics_70] -Source Metre: 4/4
[melody2chord:lyrics_70] -Source Mode: M (M for Major and m for minor)
[melody2chord:lyrics_70] -Appeared Times: 1
[melody2chord:lyrics_70] -Appeared In Other Songs: 0
[melody2chord:lyrics_70] -Reliability: 0.9
[melody2chord:lyrics_70] -Progression Class: {'type': 'unknown', 'pattern': 'vi-IV-I-V', 'cycle': (-0.34995661963667773, 8), 'progression-style': 'unknown', 'chord-style': 'unknown', 'performing-style': 'unknown', 'rhythm': 'unknown', 'epic-endings': 'unknown', 'melodic': 'unknown', 'folder-id': 235, 'duplicate-id': 448, 'new_label': 'unknown'}
[melody2chord:lyrics_70] Numbered: 
[melody2chord:lyrics_70] | 6------- | 4------- | 1------- | 5------- | 
[melody2chord:lyrics_70] Chord: 
[melody2chord:lyrics_70] | G#1------- | E 0------- | B 0------- | F#0------- | 
[melody2chord:lyrics_70] 
[melody2chord:lyrics_70] Total: 2
[melody2chord:lyrics_70] 
[melody2chord:lyrics_70] === Aligning chord_gen TPQ ===
[melody2chord:lyrics_70] Original melody TPQ: 480
[melody2chord:lyrics_70] Chord gen TPQ: 220
[melody2chord:lyrics_70] TPQ ratio: 2.1818
[melody2chord:lyrics_70] Converted chord_gen TPQ from 220 to 480
[melody2chord:lyrics_70] Output saved to: /data/home/fundwotsai/MIDI-SAG/generated_midi_right_key/lyrics_70/chord/chord_gen/sample01_shifted_chord_gen.mid
[melody2chord:lyrics_70] Re-quantized 64 melody notes to 1/16 beat grid
[melody2chord:lyrics_70] === Fill Empty Bars with Chords ===
[melody2chord:lyrics_70] Original melody TPQ: 480
[melody2chord:lyrics_70] Chord gen TPQ: 480
[melody2chord:lyrics_70] TPQ ratio: 1.0000
[melody2chord:lyrics_70] Chords start at tick: 9360 (bar 4.88)
[melody2chord:lyrics_70] Empty bars to fill: 4
[melody2chord:lyrics_70] Prepending 0 bars and copying 25 chord notes to cover 4 leading bars
[melody2chord:lyrics_70] 
[melody2chord:lyrics_70] === Output Summary ===
[melody2chord:lyrics_70] Output TPQ: 480
[melody2chord:lyrics_70] Melody track notes: 118
[melody2chord:lyrics_70] Chord track notes: 101
[melody2chord:lyrics_70] First chord now at tick: 0
[melody2chord:lyrics_70] Last chord at tick: 30479
[melody2chord:lyrics_70] Output saved to: /data/home/fundwotsai/MIDI-SAG/generated_midi_right_key/lyrics_70/chord/chord_gen_filled_empty/sample01_shifted_chord_gen_filled_empty_bars.mid
[melody2chord:lyrics_70] === Quantizing melody to 1/16 notes ===
[melody2chord:lyrics_70] TPQ: 480
[melody2chord:lyrics_70] Ticks per 16th note: 120.0
[melody2chord:lyrics_70] Quantized 133 notes to 1/16 note positions
[melody2chord:lyrics_70] Output saved to: /data/home/fundwotsai/MIDI-SAG/generated_midi_right_key/lyrics_70/chord/chord_gen_quantized/sample01_shifted_chord_gen_quantized.mid
[melody2chord:lyrics_70] Extracted 67 beat-level chords from 'Chords' track
[melody2chord:lyrics_70] Chord times remapped to 72 beat positions (subdivision: quarter notes)
[melody2chord:lyrics_70] Filled 4 None chords
[melody2chord:lyrics_70] ✓ Successfully processed: sample01_shifted
[melody2chord:lyrics_70]   Key: Eb major (confidence: 0.72)
[melody2chord:lyrics_70]   Tempo: 78.0 BPM (source: MIDI tempo)
[melody2chord:lyrics_70]   Chord Text: /data/home/fundwotsai/MIDI-SAG/generated_midi_right_key/lyrics_70/chord/chord_txt/sample01_shifted_chord_gen.txt
[melody2chord:lyrics_70]   BTC Text:   /data/home/fundwotsai/MIDI-SAG/generated_midi_right_key/lyrics_70/chord/btc_txt/sample01_shifted_chord_gen.txt
