[melody2chord:lyrics_102] /data/home/fundwotsai/MIDI-SAG/AccoMontage2/chorderator/utils/utils.py:24: UserWarning: Could not import FluidSynth, audio formats writing disabled
[melody2chord:lyrics_102]   warnings.warn('Could not import FluidSynth, audio formats writing disabled')
[melody2chord:lyrics_102] /home/fundwotsai/miniconda3/envs/midi-sag/lib/python3.9/site-packages/miditok/tokenizations/remi.py:88: UserWarning: Attribute controls are not compatible with 'config.one_token_stream_for_programs' and multi-vocabulary tokenizers. Disabling them from the config.
[melody2chord:lyrics_102]   super().__init__(tokenizer_config, params)
[melody2chord:lyrics_102] /data/home/fundwotsai/MIDI-SAG/AccoMontage2/chorderator/core.py:238: UserWarning: Meter auto set to 4/4/. Please set meter if this is not your expectation
[melody2chord:lyrics_102]   warnings.warn('Meter auto set to 4/4/. Please set meter if this is not your expectation')
[melody2chord:lyrics_102] @Chorderator 2026-04-13 23:25:03,078 - INFO - [1;30m start read progressions from dict [0m
[melody2chord:lyrics_102] @Chorderator 2026-04-13 23:25:09,755 - INFO - [1;30m read progressions done [0m
[melody2chord:lyrics_102] @Chorderator 2026-04-13 23:25:09,755 - INFO - [1;30m start read progression library from source_base.pnt [0m
[melody2chord:lyrics_102] @Chorderator 2026-04-13 23:25:16,226 - INFO - [1;30m read library done [0m
[melody2chord:lyrics_102] @Chorderator 2026-04-13 23:25:16,226 - WARNING - [1;33m Pre-processing... [0m
[melody2chord:lyrics_102] @Chorderator 2026-04-13 23:25:16,236 - WARNING - [1;33m Pre-process done! [0m
[melody2chord:lyrics_102] @Chorderator 2026-04-13 23:25:16,236 - WARNING - [1;33m Solving... [0m
[melody2chord:lyrics_102] @Chorderator 2026-04-13 23:25:16,236 - INFO - [1;30m start read progressions from rep [0m
[melody2chord:lyrics_102] @Chorderator 2026-04-13 23:25:16,270 - INFO - [1;30m read progressions done [0m
[melody2chord:lyrics_102] @Chorderator 2026-04-13 23:25:16,274 - INFO - [1;30m Melody length 2, generate progression with 63 templates [0m
[melody2chord:lyrics_102] @Chorderator 2026-04-13 23:25:16,323 - WARNING - [1;33m Solved! [0m
[melody2chord:lyrics_102] @Chorderator 2026-04-13 23:25:16,323 - WARNING - [1;33m Post-processing... [0m
[melody2chord:lyrics_102] @Chorderator 2026-04-13 23:25:16,327 - WARNING - [1;33m Post-process done! [0m
[melody2chord:lyrics_102] @Chorderator 2026-04-13 23:25:16,327 - WARNING - [1;33m Generating textures... [0m
[melody2chord:lyrics_102] @Chorderator 2026-04-13 23:25:16,328 - WARNING - [1;33m All process finished! [0m
[melody2chord:lyrics_102] 
[melody2chord:lyrics_102] === Processing: sample01_shifted ===
[melody2chord:lyrics_102] Output will be saved to: /data/home/fundwotsai/MIDI-SAG/generated_midi_right_key/lyrics_102/chord/
[melody2chord:lyrics_102] beat_file_path: None
[melody2chord:lyrics_102] Tempo from MIDI: 78.0 BPM (no beat file — skipping warp step)
[melody2chord:lyrics_102] processed_melody_path: /data/home/fundwotsai/MIDI-SAG/generated_midi_right_key/lyrics_102/chord/processed_melody/sample01_shifted.mid
[melody2chord:lyrics_102] Detected key: E major (confidence: 0.57, Bellman-Budge)
[melody2chord:lyrics_102] Content bars: 15 -> Segmentation: A8B8 (total: 16)
[melody2chord:lyrics_102] Chorderator bars: 16 -> Segmentation: A8B8 (total: 16)
[melody2chord:lyrics_102] auto_config: {'note_shift': 64, 'segmentation': 'A8B8', 'analysis': {'total_bars': 20, 'empty_bars': 4, 'content_bars': 15, 'note_shift': 64, 'segmentation': 'A8B8', 'first_note_bar': 4.0, 'last_note_bar': 19.25, 'chorderator_bars': {'max_end_positions': 244, 'fixed_end_positions': 256, 'fixed_end_bars': 16, 'tempo': 77.99997660000703, 'unit': 0.19230774999999997}}}
[melody2chord:lyrics_102] tempo for CDT: 78.0 BPM
[melody2chord:lyrics_102] max_end: 244.0
[melody2chord:lyrics_102] fixed_end: 256
[melody2chord:lyrics_102] 256
[melody2chord:lyrics_102] {'tonic': 'E', 'mode': 'maj', 'tempo': 77.99997660000702, 'meter': '4/4', 'pos': ['x', 'x'], 'unit': 0.19230775}
[melody2chord:lyrics_102] Phrase length: 128 positions = 8 bars
[melody2chord:lyrics_102] Phrase length: 128 positions = 8 bars
[melody2chord:lyrics_102] [128, 128]
[melody2chord:lyrics_102] Chord Progression
[melody2chord:lyrics_102] -Source: Niko_Kotoulas_Emotional_Chords_2_C#m-B-F#-B-F#-G#m-E-B_.mid
[melody2chord:lyrics_102] -Source Type: None
[melody2chord:lyrics_102] -Source Tonic: B
[melody2chord:lyrics_102] -Source Metre: 4/4
[melody2chord:lyrics_102] -Source Mode: M (M for Major and m for minor)
[melody2chord:lyrics_102] -Appeared Times: 1
[melody2chord:lyrics_102] -Appeared In Other Songs: 0
[melody2chord:lyrics_102] -Reliability: 1.0
[melody2chord:lyrics_102] -Progression Class: {'type': 'unknown', 'pattern': 'unknown', 'cycle': (0.08151391459392222, 32), 'progression-style': 'emotional', 'chord-style': 'emotional', 'performing-style': 'unknown', 'rhythm': 'unknown', 'epic-endings': 'unknown', 'melodic': 'unknown', 'folder-id': 535, 'duplicate-id': 290, 'new_label': 'pop_complex'}
[melody2chord:lyrics_102] Numbered: 
[melody2chord:lyrics_102] | 2------- | 1------- | 5------- | 1------- | 5------- | 6------- | 4------- | 1------- | 
[melody2chord:lyrics_102] Chord: 
[melody2chord:lyrics_102] | 
[melody2chord:lyrics_102] | C#1------- | B 0------- | F#0------- | B 0------- | F#0------- | G#1------- | E 0------- | B 0------- | 
[melody2chord:lyrics_102] 
[melody2chord:lyrics_102] Chord Progression
[melody2chord:lyrics_102] -Source: Niko_Kotoulas_EDM_7th_9th_Chords_16_C#m-B-G#m-F#_.mid
[melody2chord:lyrics_102] -Source Type: None
[melody2chord:lyrics_102] -Source Tonic: B
[melody2chord:lyrics_102] -Source Metre: 4/4
[melody2chord:lyrics_102] -Source Mode: M (M for Major and m for minor)
[melody2chord:lyrics_102] -Appeared Times: 1
[melody2chord:lyrics_102] -Appeared In Other Songs: 0
[melody2chord:lyrics_102] -Reliability: 1.0
[melody2chord:lyrics_102] -Progression Class: {'type': 'unknown', 'pattern': 'unknown', 'cycle': (0.9999999999999999, 32), 'progression-style': 'edm', 'chord-style': 'classy', 'performing-style': 'unknown', 'rhythm': 'unknown', 'epic-endings': 'unknown', 'melodic': 'unknown', 'folder-id': 531, 'duplicate-id': 221, 'new_label': 'pop_complex'}
[melody2chord:lyrics_102] Numbered: 
[melody2chord:lyrics_102] | 2------- | 1------- | 6------- | 5------- | 2------- | 1------- | 6------- | 5------- | 
[melody2chord:lyrics_102] Chord: 
[melody2chord:lyrics_102] | 
[melody2chord:lyrics_102] | C#1------- | B 0------- | G#1------- | F#0------- | C#1------- | B 0------- | G#1------- | F#0------- | 
[melody2chord:lyrics_102] 
[melody2chord:lyrics_102] Total: 2
[melody2chord:lyrics_102] 
[melody2chord:lyrics_102] === Aligning chord_gen TPQ ===
[melody2chord:lyrics_102] Original melody TPQ: 480
[melody2chord:lyrics_102] Chord gen TPQ: 220
[melody2chord:lyrics_102] TPQ ratio: 2.1818
[melody2chord:lyrics_102] Converted chord_gen TPQ from 220 to 480
[melody2chord:lyrics_102] Output saved to: /data/home/fundwotsai/MIDI-SAG/generated_midi_right_key/lyrics_102/chord/chord_gen/sample01_shifted_chord_gen.mid
[melody2chord:lyrics_102] Re-quantized 56 melody notes to 1/16 beat grid
[melody2chord:lyrics_102] === Fill Empty Bars with Chords ===
[melody2chord:lyrics_102] Original melody TPQ: 480
[melody2chord:lyrics_102] Chord gen TPQ: 480
[melody2chord:lyrics_102] TPQ ratio: 1.0000
[melody2chord:lyrics_102] Chords start at tick: 7679 (bar 4.00)
[melody2chord:lyrics_102] Empty bars to fill: 4
[melody2chord:lyrics_102] Prepending 1 bars and copying 18 chord notes to cover 4 leading bars
[melody2chord:lyrics_102] 
[melody2chord:lyrics_102] === Output Summary ===
[melody2chord:lyrics_102] Output TPQ: 480
[melody2chord:lyrics_102] Melody track notes: 121
[melody2chord:lyrics_102] Chord track notes: 109
[melody2chord:lyrics_102] First chord now at tick: 0
[melody2chord:lyrics_102] Last chord at tick: 38400
[melody2chord:lyrics_102] Output saved to: /data/home/fundwotsai/MIDI-SAG/generated_midi_right_key/lyrics_102/chord/chord_gen_filled_empty/sample01_shifted_chord_gen_filled_empty_bars.mid
[melody2chord:lyrics_102] === Quantizing melody to 1/16 notes ===
[melody2chord:lyrics_102] TPQ: 480
[melody2chord:lyrics_102] Ticks per 16th note: 120.0
[melody2chord:lyrics_102] Quantized 139 notes to 1/16 note positions
[melody2chord:lyrics_102] Output saved to: /data/home/fundwotsai/MIDI-SAG/generated_midi_right_key/lyrics_102/chord/chord_gen_quantized/sample01_shifted_chord_gen_quantized.mid
[melody2chord:lyrics_102] Extracted 84 beat-level chords from 'Chords' track
[melody2chord:lyrics_102] Chord times remapped to 79 beat positions (subdivision: quarter notes)
[melody2chord:lyrics_102] Filled 4 None chords
[melody2chord:lyrics_102] ✓ Successfully processed: sample01_shifted
[melody2chord:lyrics_102]   Key: E major (confidence: 0.57)
[melody2chord:lyrics_102]   Tempo: 78.0 BPM (source: MIDI tempo)
[melody2chord:lyrics_102]   Chord Text: /data/home/fundwotsai/MIDI-SAG/generated_midi_right_key/lyrics_102/chord/chord_txt/sample01_shifted_chord_gen.txt
[melody2chord:lyrics_102]   BTC Text:   /data/home/fundwotsai/MIDI-SAG/generated_midi_right_key/lyrics_102/chord/btc_txt/sample01_shifted_chord_gen.txt
[melody2chord:lyrics_102] /data/home/fundwotsai/MIDI-SAG/AccoMontage2/chorderator/utils/utils.py:24: UserWarning: Could not import FluidSynth, audio formats writing disabled
[melody2chord:lyrics_102]   warnings.warn('Could not import FluidSynth, audio formats writing disabled')
[melody2chord:lyrics_102] /home/fundwotsai/miniconda3/envs/midi-sag/lib/python3.9/site-packages/miditok/tokenizations/remi.py:88: UserWarning: Attribute controls are not compatible with 'config.one_token_stream_for_programs' and multi-vocabulary tokenizers. Disabling them from the config.
[melody2chord:lyrics_102]   super().__init__(tokenizer_config, params)
[melody2chord:lyrics_102] /data/home/fundwotsai/MIDI-SAG/AccoMontage2/chorderator/core.py:238: UserWarning: Meter auto set to 4/4/. Please set meter if this is not your expectation
[melody2chord:lyrics_102]   warnings.warn('Meter auto set to 4/4/. Please set meter if this is not your expectation')
[melody2chord:lyrics_102] @Chorderator 2026-04-14 11:20:51,611 - INFO - [1;30m start read progressions from dict [0m
[melody2chord:lyrics_102] @Chorderator 2026-04-14 11:20:58,160 - INFO - [1;30m read progressions done [0m
[melody2chord:lyrics_102] @Chorderator 2026-04-14 11:20:58,160 - INFO - [1;30m start read progression library from source_base.pnt [0m
[melody2chord:lyrics_102] @Chorderator 2026-04-14 11:21:04,479 - INFO - [1;30m read library done [0m
[melody2chord:lyrics_102] @Chorderator 2026-04-14 11:21:04,479 - WARNING - [1;33m Pre-processing... [0m
[melody2chord:lyrics_102] @Chorderator 2026-04-14 11:21:04,489 - WARNING - [1;33m Pre-process done! [0m
[melody2chord:lyrics_102] @Chorderator 2026-04-14 11:21:04,489 - WARNING - [1;33m Solving... [0m
[melody2chord:lyrics_102] @Chorderator 2026-04-14 11:21:04,489 - INFO - [1;30m start read progressions from rep [0m
[melody2chord:lyrics_102] @Chorderator 2026-04-14 11:21:04,522 - INFO - [1;30m read progressions done [0m
[melody2chord:lyrics_102] @Chorderator 2026-04-14 11:21:04,527 - INFO - [1;30m Melody length 2, generate progression with 63 templates [0m
[melody2chord:lyrics_102] @Chorderator 2026-04-14 11:21:04,577 - WARNING - [1;33m Solved! [0m
[melody2chord:lyrics_102] @Chorderator 2026-04-14 11:21:04,577 - WARNING - [1;33m Post-processing... [0m
[melody2chord:lyrics_102] @Chorderator 2026-04-14 11:21:04,581 - WARNING - [1;33m Post-process done! [0m
[melody2chord:lyrics_102] @Chorderator 2026-04-14 11:21:04,581 - WARNING - [1;33m Generating textures... [0m
[melody2chord:lyrics_102] @Chorderator 2026-04-14 11:21:04,582 - WARNING - [1;33m All process finished! [0m
[melody2chord:lyrics_102] 
[melody2chord:lyrics_102] === Processing: sample01_shifted ===
[melody2chord:lyrics_102] Output will be saved to: /data/home/fundwotsai/MIDI-SAG/generated_midi_right_key/lyrics_102/chord/
[melody2chord:lyrics_102] beat_file_path: None
[melody2chord:lyrics_102] Tempo from MIDI: 78.0 BPM (no beat file — skipping warp step)
[melody2chord:lyrics_102] processed_melody_path: /data/home/fundwotsai/MIDI-SAG/generated_midi_right_key/lyrics_102/chord/processed_melody/sample01_shifted.mid
[melody2chord:lyrics_102] Detected key: E major (confidence: 0.57, Bellman-Budge)
[melody2chord:lyrics_102] Content bars: 15 -> Segmentation: A8B8 (total: 16)
[melody2chord:lyrics_102] Chorderator bars: 16 -> Segmentation: A8B8 (total: 16)
[melody2chord:lyrics_102] auto_config: {'note_shift': 64, 'segmentation': 'A8B8', 'analysis': {'total_bars': 20, 'empty_bars': 4, 'content_bars': 15, 'note_shift': 64, 'segmentation': 'A8B8', 'first_note_bar': 4.0, 'last_note_bar': 19.25, 'chorderator_bars': {'max_end_positions': 244, 'fixed_end_positions': 256, 'fixed_end_bars': 16, 'tempo': 77.99997660000703, 'unit': 0.19230774999999997}}}
[melody2chord:lyrics_102] tempo for CDT: 78.0 BPM
[melody2chord:lyrics_102] max_end: 244.0
[melody2chord:lyrics_102] fixed_end: 256
[melody2chord:lyrics_102] 256
[melody2chord:lyrics_102] {'tonic': 'E', 'mode': 'maj', 'tempo': 77.99997660000702, 'meter': '4/4', 'pos': ['x', 'x'], 'unit': 0.19230775}
[melody2chord:lyrics_102] Phrase length: 128 positions = 8 bars
[melody2chord:lyrics_102] Phrase length: 128 positions = 8 bars
[melody2chord:lyrics_102] [128, 128]
[melody2chord:lyrics_102] Chord Progression
[melody2chord:lyrics_102] -Source: Niko_Kotoulas_Emotional_Chords_2_C#m-B-F#-B-F#-G#m-E-B_.mid
[melody2chord:lyrics_102] -Source Type: None
[melody2chord:lyrics_102] -Source Tonic: B
[melody2chord:lyrics_102] -Source Metre: 4/4
[melody2chord:lyrics_102] -Source Mode: M (M for Major and m for minor)
[melody2chord:lyrics_102] -Appeared Times: 1
[melody2chord:lyrics_102] -Appeared In Other Songs: 0
[melody2chord:lyrics_102] -Reliability: 1.0
[melody2chord:lyrics_102] -Progression Class: {'type': 'unknown', 'pattern': 'unknown', 'cycle': (0.08151391459392222, 32), 'progression-style': 'emotional', 'chord-style': 'emotional', 'performing-style': 'unknown', 'rhythm': 'unknown', 'epic-endings': 'unknown', 'melodic': 'unknown', 'folder-id': 535, 'duplicate-id': 290, 'new_label': 'pop_complex'}
[melody2chord:lyrics_102] Numbered: 
[melody2chord:lyrics_102] | 2------- | 1------- | 5------- | 1------- | 5------- | 6------- | 4------- | 1------- | 
[melody2chord:lyrics_102] Chord: 
[melody2chord:lyrics_102] | 
[melody2chord:lyrics_102] | C#1------- | B 0------- | F#0------- | B 0------- | F#0------- | G#1------- | E 0------- | B 0------- | 
[melody2chord:lyrics_102] 
[melody2chord:lyrics_102] Chord Progression
[melody2chord:lyrics_102] -Source: Niko_Kotoulas_EDM_7th_9th_Chords_16_C#m-B-G#m-F#_.mid
[melody2chord:lyrics_102] -Source Type: None
[melody2chord:lyrics_102] -Source Tonic: B
[melody2chord:lyrics_102] -Source Metre: 4/4
[melody2chord:lyrics_102] -Source Mode: M (M for Major and m for minor)
[melody2chord:lyrics_102] -Appeared Times: 1
[melody2chord:lyrics_102] -Appeared In Other Songs: 0
[melody2chord:lyrics_102] -Reliability: 1.0
[melody2chord:lyrics_102] -Progression Class: {'type': 'unknown', 'pattern': 'unknown', 'cycle': (0.9999999999999999, 32), 'progression-style': 'edm', 'chord-style': 'classy', 'performing-style': 'unknown', 'rhythm': 'unknown', 'epic-endings': 'unknown', 'melodic': 'unknown', 'folder-id': 531, 'duplicate-id': 221, 'new_label': 'pop_complex'}
[melody2chord:lyrics_102] Numbered: 
[melody2chord:lyrics_102] | 2------- | 1------- | 6------- | 5------- | 2------- | 1------- | 6------- | 5------- | 
[melody2chord:lyrics_102] Chord: 
[melody2chord:lyrics_102] | 
[melody2chord:lyrics_102] | C#1------- | B 0------- | G#1------- | F#0------- | C#1------- | B 0------- | G#1------- | F#0------- | 
[melody2chord:lyrics_102] 
[melody2chord:lyrics_102] Total: 2
[melody2chord:lyrics_102] 
[melody2chord:lyrics_102] === Aligning chord_gen TPQ ===
[melody2chord:lyrics_102] Original melody TPQ: 480
[melody2chord:lyrics_102] Chord gen TPQ: 220
[melody2chord:lyrics_102] TPQ ratio: 2.1818
[melody2chord:lyrics_102] Converted chord_gen TPQ from 220 to 480
[melody2chord:lyrics_102] Output saved to: /data/home/fundwotsai/MIDI-SAG/generated_midi_right_key/lyrics_102/chord/chord_gen/sample01_shifted_chord_gen.mid
[melody2chord:lyrics_102] Re-quantized 56 melody notes to 1/16 beat grid
[melody2chord:lyrics_102] === Fill Empty Bars with Chords ===
[melody2chord:lyrics_102] Original melody TPQ: 480
[melody2chord:lyrics_102] Chord gen TPQ: 480
[melody2chord:lyrics_102] TPQ ratio: 1.0000
[melody2chord:lyrics_102] Chords start at tick: 7679 (bar 4.00)
[melody2chord:lyrics_102] Empty bars to fill: 4
[melody2chord:lyrics_102] Prepending 1 bars and copying 18 chord notes to cover 4 leading bars
[melody2chord:lyrics_102] 
[melody2chord:lyrics_102] === Output Summary ===
[melody2chord:lyrics_102] Output TPQ: 480
[melody2chord:lyrics_102] Melody track notes: 121
[melody2chord:lyrics_102] Chord track notes: 103
[melody2chord:lyrics_102] First chord now at tick: 0
[melody2chord:lyrics_102] Last chord at tick: 38400
[melody2chord:lyrics_102] Output saved to: /data/home/fundwotsai/MIDI-SAG/generated_midi_right_key/lyrics_102/chord/chord_gen_filled_empty/sample01_shifted_chord_gen_filled_empty_bars.mid
[melody2chord:lyrics_102] === Quantizing melody to 1/16 notes ===
[melody2chord:lyrics_102] TPQ: 480
[melody2chord:lyrics_102] Ticks per 16th note: 120.0
[melody2chord:lyrics_102] Quantized 139 notes to 1/16 note positions
[melody2chord:lyrics_102] Output saved to: /data/home/fundwotsai/MIDI-SAG/generated_midi_right_key/lyrics_102/chord/chord_gen_quantized/sample01_shifted_chord_gen_quantized.mid
[melody2chord:lyrics_102] Extracted 84 beat-level chords from 'Chords' track
[melody2chord:lyrics_102] Chord times remapped to 79 beat positions (subdivision: quarter notes)
[melody2chord:lyrics_102] Filled 4 None chords
[melody2chord:lyrics_102] ✓ Successfully processed: sample01_shifted
[melody2chord:lyrics_102]   Key: E major (confidence: 0.57)
[melody2chord:lyrics_102]   Tempo: 78.0 BPM (source: MIDI tempo)
[melody2chord:lyrics_102]   Chord Text: /data/home/fundwotsai/MIDI-SAG/generated_midi_right_key/lyrics_102/chord/chord_txt/sample01_shifted_chord_gen.txt
[melody2chord:lyrics_102]   BTC Text:   /data/home/fundwotsai/MIDI-SAG/generated_midi_right_key/lyrics_102/chord/btc_txt/sample01_shifted_chord_gen.txt
