[melody2chord:lyrics_91] /data/home/fundwotsai/MIDI-SAG/AccoMontage2/chorderator/utils/utils.py:24: UserWarning: Could not import FluidSynth, audio formats writing disabled
[melody2chord:lyrics_91]   warnings.warn('Could not import FluidSynth, audio formats writing disabled')
[melody2chord:lyrics_91] /home/fundwotsai/miniconda3/envs/midi-sag/lib/python3.9/site-packages/miditok/tokenizations/remi.py:88: UserWarning: Attribute controls are not compatible with 'config.one_token_stream_for_programs' and multi-vocabulary tokenizers. Disabling them from the config.
[melody2chord:lyrics_91]   super().__init__(tokenizer_config, params)
[melody2chord:lyrics_91] /data/home/fundwotsai/MIDI-SAG/AccoMontage2/chorderator/core.py:238: UserWarning: Meter auto set to 4/4/. Please set meter if this is not your expectation
[melody2chord:lyrics_91]   warnings.warn('Meter auto set to 4/4/. Please set meter if this is not your expectation')
[melody2chord:lyrics_91] @Chorderator 2026-04-14 12:38:35,455 - INFO - [1;30m start read progressions from dict [0m
[melody2chord:lyrics_91] @Chorderator 2026-04-14 12:38:41,951 - INFO - [1;30m read progressions done [0m
[melody2chord:lyrics_91] @Chorderator 2026-04-14 12:38:41,951 - INFO - [1;30m start read progression library from source_base.pnt [0m
[melody2chord:lyrics_91] @Chorderator 2026-04-14 12:38:48,265 - INFO - [1;30m read library done [0m
[melody2chord:lyrics_91] @Chorderator 2026-04-14 12:38:48,266 - WARNING - [1;33m Pre-processing... [0m
[melody2chord:lyrics_91] @Chorderator 2026-04-14 12:38:48,275 - WARNING - [1;33m Pre-process done! [0m
[melody2chord:lyrics_91] @Chorderator 2026-04-14 12:38:48,275 - WARNING - [1;33m Solving... [0m
[melody2chord:lyrics_91] @Chorderator 2026-04-14 12:38:48,276 - INFO - [1;30m start read progressions from rep [0m
[melody2chord:lyrics_91] @Chorderator 2026-04-14 12:38:48,308 - INFO - [1;30m read progressions done [0m
[melody2chord:lyrics_91] @Chorderator 2026-04-14 12:38:48,313 - INFO - [1;30m Melody length 2, generate progression with 63 templates [0m
[melody2chord:lyrics_91] @Chorderator 2026-04-14 12:38:48,362 - WARNING - [1;33m Solved! [0m
[melody2chord:lyrics_91] @Chorderator 2026-04-14 12:38:48,362 - WARNING - [1;33m Post-processing... [0m
[melody2chord:lyrics_91] @Chorderator 2026-04-14 12:38:48,366 - WARNING - [1;33m Post-process done! [0m
[melody2chord:lyrics_91] @Chorderator 2026-04-14 12:38:48,366 - WARNING - [1;33m Generating textures... [0m
[melody2chord:lyrics_91] @Chorderator 2026-04-14 12:38:48,366 - WARNING - [1;33m All process finished! [0m
[melody2chord:lyrics_91] 
[melody2chord:lyrics_91] === Processing: sample01_shifted ===
[melody2chord:lyrics_91] Output will be saved to: /data/home/fundwotsai/MIDI-SAG/generated_midi_right_key/lyrics_91/chord/
[melody2chord:lyrics_91] beat_file_path: None
[melody2chord:lyrics_91] Tempo from MIDI: 78.0 BPM (no beat file — skipping warp step)
[melody2chord:lyrics_91] processed_melody_path: /data/home/fundwotsai/MIDI-SAG/generated_midi_right_key/lyrics_91/chord/processed_melody/sample01_shifted.mid
[melody2chord:lyrics_91] Detected key: Eb major (confidence: 0.65, Bellman-Budge)
[melody2chord:lyrics_91] Content bars: 14 -> Segmentation: A8B8 (total: 16)
[melody2chord:lyrics_91] Chorderator bars: 16 -> Segmentation: A8B8 (total: 16)
[melody2chord:lyrics_91] auto_config: {'note_shift': 66, 'segmentation': 'A8B8', 'analysis': {'total_bars': 19, 'empty_bars': 4, 'content_bars': 14, 'note_shift': 66, 'segmentation': 'A8B8', 'first_note_bar': 4.125, 'last_note_bar': 18.0, 'chorderator_bars': {'max_end_positions': 222, 'fixed_end_positions': 256, 'fixed_end_bars': 16, 'tempo': 77.99997660000703, 'unit': 0.19230774999999997}}}
[melody2chord:lyrics_91] tempo for CDT: 78.0 BPM
[melody2chord:lyrics_91] max_end: 222.0
[melody2chord:lyrics_91] fixed_end: 256
[melody2chord:lyrics_91] 256
[melody2chord:lyrics_91] {'tonic': 'Eb', 'mode': 'maj', 'tempo': 77.99997660000702, 'meter': '4/4', 'pos': ['x', 'x'], 'unit': 0.19230775}
[melody2chord:lyrics_91] Phrase length: 128 positions = 8 bars
[melody2chord:lyrics_91] Phrase length: 128 positions = 8 bars
[melody2chord:lyrics_91] [128, 128]
[melody2chord:lyrics_91] Chord Progression
[melody2chord:lyrics_91] -Source: Niko_Kotoulas_Pop_7th_9th_Chords_6_B-E-F#-B_.mid
[melody2chord:lyrics_91] -Source Type: None
[melody2chord:lyrics_91] -Source Tonic: B
[melody2chord:lyrics_91] -Source Metre: 4/4
[melody2chord:lyrics_91] -Source Mode: M (M for Major and m for minor)
[melody2chord:lyrics_91] -Appeared Times: 1
[melody2chord:lyrics_91] -Appeared In Other Songs: 0
[melody2chord:lyrics_91] -Reliability: 1.0
[melody2chord:lyrics_91] -Progression Class: {'type': 'unknown', 'pattern': 'unknown', 'cycle': (1.0, 32), 'progression-style': 'pop', 'chord-style': 'classy', 'performing-style': 'unknown', 'rhythm': 'unknown', 'epic-endings': 'unknown', 'melodic': 'unknown', 'folder-id': 528, 'duplicate-id': 157, 'new_label': 'pop_complex'}
[melody2chord:lyrics_91] Numbered: 
[melody2chord:lyrics_91] | 1------- | 4------- | 5------- | 1------- | 1------- | 4------- | 5------- | 1------- | 
[melody2chord:lyrics_91] Chord: 
[melody2chord:lyrics_91] | 
[melody2chord:lyrics_91] | B 0------- | E 0------- | F#0------- | B 0------- | B 0------- | E 0------- | F#0------- | B 0------- | 
[melody2chord:lyrics_91] 
[melody2chord:lyrics_91] Chord Progression
[melody2chord:lyrics_91] -Source: Niko_Kotoulas_EDM_7th_9th_Chords_16_C#m-B-G#m-F#_.mid
[melody2chord:lyrics_91] -Source Type: None
[melody2chord:lyrics_91] -Source Tonic: B
[melody2chord:lyrics_91] -Source Metre: 4/4
[melody2chord:lyrics_91] -Source Mode: M (M for Major and m for minor)
[melody2chord:lyrics_91] -Appeared Times: 1
[melody2chord:lyrics_91] -Appeared In Other Songs: 0
[melody2chord:lyrics_91] -Reliability: 1.0
[melody2chord:lyrics_91] -Progression Class: {'type': 'unknown', 'pattern': 'unknown', 'cycle': (0.9999999999999999, 32), 'progression-style': 'edm', 'chord-style': 'classy', 'performing-style': 'unknown', 'rhythm': 'unknown', 'epic-endings': 'unknown', 'melodic': 'unknown', 'folder-id': 531, 'duplicate-id': 221, 'new_label': 'pop_complex'}
[melody2chord:lyrics_91] Numbered: 
[melody2chord:lyrics_91] | 2------- | 1------- | 6------- | 5------- | 2------- | 1------- | 6------- | 5------- | 
[melody2chord:lyrics_91] Chord: 
[melody2chord:lyrics_91] | 
[melody2chord:lyrics_91] | C#1------- | B 0------- | G#1------- | F#0------- | C#1------- | B 0------- | G#1------- | F#0------- | 
[melody2chord:lyrics_91] 
[melody2chord:lyrics_91] Total: 2
[melody2chord:lyrics_91] 
[melody2chord:lyrics_91] === Aligning chord_gen TPQ ===
[melody2chord:lyrics_91] Original melody TPQ: 480
[melody2chord:lyrics_91] Chord gen TPQ: 220
[melody2chord:lyrics_91] TPQ ratio: 2.1818
[melody2chord:lyrics_91] Converted chord_gen TPQ from 220 to 480
[melody2chord:lyrics_91] Output saved to: /data/home/fundwotsai/MIDI-SAG/generated_midi_right_key/lyrics_91/chord/chord_gen/sample01_shifted_chord_gen.mid
[melody2chord:lyrics_91] Re-quantized 65 melody notes to 1/16 beat grid
[melody2chord:lyrics_91] === Fill Empty Bars with Chords ===
[melody2chord:lyrics_91] Original melody TPQ: 480
[melody2chord:lyrics_91] Chord gen TPQ: 480
[melody2chord:lyrics_91] TPQ ratio: 1.0000
[melody2chord:lyrics_91] Chords start at tick: 7919 (bar 4.12)
[melody2chord:lyrics_91] Empty bars to fill: 4
[melody2chord:lyrics_91] Prepending 0 bars and copying 24 chord notes to cover 4 leading bars
[melody2chord:lyrics_91] 
[melody2chord:lyrics_91] === Output Summary ===
[melody2chord:lyrics_91] Output TPQ: 480
[melody2chord:lyrics_91] Melody track notes: 122
[melody2chord:lyrics_91] Chord track notes: 123
[melody2chord:lyrics_91] First chord now at tick: 0
[melody2chord:lyrics_91] Last chord at tick: 36720
[melody2chord:lyrics_91] Output saved to: /data/home/fundwotsai/MIDI-SAG/generated_midi_right_key/lyrics_91/chord/chord_gen_filled_empty/sample01_shifted_chord_gen_filled_empty_bars.mid
[melody2chord:lyrics_91] === Quantizing melody to 1/16 notes ===
[melody2chord:lyrics_91] TPQ: 480
[melody2chord:lyrics_91] Ticks per 16th note: 120.0
[melody2chord:lyrics_91] Quantized 142 notes to 1/16 note positions
[melody2chord:lyrics_91] Output saved to: /data/home/fundwotsai/MIDI-SAG/generated_midi_right_key/lyrics_91/chord/chord_gen_quantized/sample01_shifted_chord_gen_quantized.mid
[melody2chord:lyrics_91] Extracted 80 beat-level chords from 'Chords' track
[melody2chord:lyrics_91] Chord times remapped to 74 beat positions (subdivision: quarter notes)
[melody2chord:lyrics_91] ✓ Successfully processed: sample01_shifted
[melody2chord:lyrics_91]   Key: Eb major (confidence: 0.65)
[melody2chord:lyrics_91]   Tempo: 78.0 BPM (source: MIDI tempo)
[melody2chord:lyrics_91]   Chord Text: /data/home/fundwotsai/MIDI-SAG/generated_midi_right_key/lyrics_91/chord/chord_txt/sample01_shifted_chord_gen.txt
[melody2chord:lyrics_91]   BTC Text:   /data/home/fundwotsai/MIDI-SAG/generated_midi_right_key/lyrics_91/chord/btc_txt/sample01_shifted_chord_gen.txt
