[melody2chord:lyrics_187] /data/home/fundwotsai/MIDI-SAG/AccoMontage2/chorderator/utils/utils.py:24: UserWarning: Could not import FluidSynth, audio formats writing disabled
[melody2chord:lyrics_187]   warnings.warn('Could not import FluidSynth, audio formats writing disabled')
[melody2chord:lyrics_187] /home/fundwotsai/miniconda3/envs/midi-sag/lib/python3.9/site-packages/miditok/tokenizations/remi.py:88: UserWarning: Attribute controls are not compatible with 'config.one_token_stream_for_programs' and multi-vocabulary tokenizers. Disabling them from the config.
[melody2chord:lyrics_187]   super().__init__(tokenizer_config, params)
[melody2chord:lyrics_187] /data/home/fundwotsai/MIDI-SAG/AccoMontage2/chorderator/core.py:238: UserWarning: Meter auto set to 4/4/. Please set meter if this is not your expectation
[melody2chord:lyrics_187]   warnings.warn('Meter auto set to 4/4/. Please set meter if this is not your expectation')
[melody2chord:lyrics_187] @Chorderator 2026-04-14 11:58:01,203 - INFO - [1;30m start read progressions from dict [0m
[melody2chord:lyrics_187] @Chorderator 2026-04-14 11:58:07,674 - INFO - [1;30m read progressions done [0m
[melody2chord:lyrics_187] @Chorderator 2026-04-14 11:58:07,674 - INFO - [1;30m start read progression library from source_base.pnt [0m
[melody2chord:lyrics_187] @Chorderator 2026-04-14 11:58:13,959 - INFO - [1;30m read library done [0m
[melody2chord:lyrics_187] @Chorderator 2026-04-14 11:58:13,959 - WARNING - [1;33m Pre-processing... [0m
[melody2chord:lyrics_187] @Chorderator 2026-04-14 11:58:13,968 - WARNING - [1;33m Pre-process done! [0m
[melody2chord:lyrics_187] @Chorderator 2026-04-14 11:58:13,969 - WARNING - [1;33m Solving... [0m
[melody2chord:lyrics_187] @Chorderator 2026-04-14 11:58:13,969 - INFO - [1;30m start read progressions from rep [0m
[melody2chord:lyrics_187] @Chorderator 2026-04-14 11:58:14,001 - INFO - [1;30m read progressions done [0m
[melody2chord:lyrics_187] @Chorderator 2026-04-14 11:58:14,006 - INFO - [1;30m Melody length 2, generate progression with 122 templates [0m
[melody2chord:lyrics_187] @Chorderator 2026-04-14 11:58:14,077 - WARNING - [1;33m Solved! [0m
[melody2chord:lyrics_187] @Chorderator 2026-04-14 11:58:14,078 - WARNING - [1;33m Post-processing... [0m
[melody2chord:lyrics_187] @Chorderator 2026-04-14 11:58:14,081 - WARNING - [1;33m Post-process done! [0m
[melody2chord:lyrics_187] @Chorderator 2026-04-14 11:58:14,081 - WARNING - [1;33m Generating textures... [0m
[melody2chord:lyrics_187] @Chorderator 2026-04-14 11:58:14,082 - WARNING - [1;33m All process finished! [0m
[melody2chord:lyrics_187] 
[melody2chord:lyrics_187] === Processing: sample01_shifted ===
[melody2chord:lyrics_187] Output will be saved to: /data/home/fundwotsai/MIDI-SAG/generated_midi_right_key/lyrics_187/chord/
[melody2chord:lyrics_187] beat_file_path: None
[melody2chord:lyrics_187] Tempo from MIDI: 78.0 BPM (no beat file — skipping warp step)
[melody2chord:lyrics_187] processed_melody_path: /data/home/fundwotsai/MIDI-SAG/generated_midi_right_key/lyrics_187/chord/processed_melody/sample01_shifted.mid
[melody2chord:lyrics_187] Detected key: F minor (confidence: 0.47, Bellman-Budge)
[melody2chord:lyrics_187] Content bars: 16 -> Segmentation: A8B8 (total: 16)
[melody2chord:lyrics_187] Chorderator bars: 16 -> Segmentation: A8B8 (total: 16)
[melody2chord:lyrics_187] auto_config: {'note_shift': 66, 'segmentation': 'A8B8', 'analysis': {'total_bars': 21, 'empty_bars': 4, 'content_bars': 16, 'note_shift': 66, 'segmentation': 'A8B8', 'first_note_bar': 4.125, 'last_note_bar': 20.09375, 'chorderator_bars': {'max_end_positions': 255, 'fixed_end_positions': 256, 'fixed_end_bars': 16, 'tempo': 77.99997660000703, 'unit': 0.19230774999999997}}}
[melody2chord:lyrics_187] tempo for CDT: 78.0 BPM
[melody2chord:lyrics_187] max_end: 255.0
[melody2chord:lyrics_187] fixed_end: 256
[melody2chord:lyrics_187] 256
[melody2chord:lyrics_187] {'tonic': 'F', 'mode': 'min', 'tempo': 77.99997660000702, 'meter': '4/4', 'pos': ['x', 'x'], 'unit': 0.19230775}
[melody2chord:lyrics_187] Phrase length: 128 positions = 8 bars
[melody2chord:lyrics_187] Phrase length: 128 positions = 8 bars
[melody2chord:lyrics_187] [128, 128]
[melody2chord:lyrics_187] Chord Progression
[melody2chord:lyrics_187] -Source: Niko_Kotoulas_Dark_Chords_8_C#m-D#m-E-G#m_.mid
[melody2chord:lyrics_187] -Source Type: None
[melody2chord:lyrics_187] -Source Tonic: G#
[melody2chord:lyrics_187] -Source Metre: 4/4
[melody2chord:lyrics_187] -Source Mode: m (M for Major and m for minor)
[melody2chord:lyrics_187] -Appeared Times: 1
[melody2chord:lyrics_187] -Appeared In Other Songs: 0
[melody2chord:lyrics_187] -Reliability: 1.0
[melody2chord:lyrics_187] -Progression Class: {'type': 'unknown', 'pattern': 'unknown', 'cycle': (1.0, 32), 'progression-style': 'dark', 'chord-style': 'unknown', 'performing-style': 'unknown', 'rhythm': 'unknown', 'epic-endings': 'unknown', 'melodic': 'unknown', 'folder-id': 536, 'duplicate-id': 295, 'new_label': 'dark'}
[melody2chord:lyrics_187] Numbered: 
[melody2chord:lyrics_187] | 4------- | 5------- | 6------- | 1------- | 4------- | 5------- | 6------- | 1------- | 
[melody2chord:lyrics_187] Chord: 
[melody2chord:lyrics_187] | 
[melody2chord:lyrics_187] | C#1------- | D#1------- | E 0------- | G#1------- | C#1------- | D#1------- | E 0------- | G#1------- | 
[melody2chord:lyrics_187] 
[melody2chord:lyrics_187] Chord Progression
[melody2chord:lyrics_187] -Source: Niko_Kotoulas_Emotional_Chords_16_E-C#m-G#m-F#_.mid
[melody2chord:lyrics_187] -Source Type: None
[melody2chord:lyrics_187] -Source Tonic: G#
[melody2chord:lyrics_187] -Source Metre: 4/4
[melody2chord:lyrics_187] -Source Mode: m (M for Major and m for minor)
[melody2chord:lyrics_187] -Appeared Times: 1
[melody2chord:lyrics_187] -Appeared In Other Songs: 0
[melody2chord:lyrics_187] -Reliability: 1.0
[melody2chord:lyrics_187] -Progression Class: {'type': 'unknown', 'pattern': 'unknown', 'cycle': (0.9999999999999999, 32), 'progression-style': 'emotional', 'chord-style': 'emotional', 'performing-style': 'unknown', 'rhythm': 'unknown', 'epic-endings': 'unknown', 'melodic': 'unknown', 'folder-id': 535, 'duplicate-id': 279, 'new_label': 'pop_complex'}
[melody2chord:lyrics_187] Numbered: 
[melody2chord:lyrics_187] | 6------- | 4------- | 1------- | 7------- | 6------- | 4------- | 1------- | 7------- | 
[melody2chord:lyrics_187] Chord: 
[melody2chord:lyrics_187] | 
[melody2chord:lyrics_187] | E 0------- | C#1------- | G#1------- | F#0------- | E 0------- | C#1------- | G#1------- | F#0------- | 
[melody2chord:lyrics_187] 
[melody2chord:lyrics_187] Total: 2
[melody2chord:lyrics_187] 
[melody2chord:lyrics_187] === Aligning chord_gen TPQ ===
[melody2chord:lyrics_187] Original melody TPQ: 480
[melody2chord:lyrics_187] Chord gen TPQ: 220
[melody2chord:lyrics_187] TPQ ratio: 2.1818
[melody2chord:lyrics_187] Converted chord_gen TPQ from 220 to 480
[melody2chord:lyrics_187] Output saved to: /data/home/fundwotsai/MIDI-SAG/generated_midi_right_key/lyrics_187/chord/chord_gen/sample01_shifted_chord_gen.mid
[melody2chord:lyrics_187] Re-quantized 51 melody notes to 1/16 beat grid
[melody2chord:lyrics_187] === Fill Empty Bars with Chords ===
[melody2chord:lyrics_187] Original melody TPQ: 480
[melody2chord:lyrics_187] Chord gen TPQ: 480
[melody2chord:lyrics_187] TPQ ratio: 1.0000
[melody2chord:lyrics_187] Chords start at tick: 7919 (bar 4.12)
[melody2chord:lyrics_187] Empty bars to fill: 4
[melody2chord:lyrics_187] Prepending 0 bars and copying 20 chord notes to cover 4 leading bars
[melody2chord:lyrics_187] 
[melody2chord:lyrics_187] === Output Summary ===
[melody2chord:lyrics_187] Output TPQ: 480
[melody2chord:lyrics_187] Melody track notes: 119
[melody2chord:lyrics_187] Chord track notes: 107
[melody2chord:lyrics_187] First chord now at tick: 0
[melody2chord:lyrics_187] Last chord at tick: 36720
[melody2chord:lyrics_187] Output saved to: /data/home/fundwotsai/MIDI-SAG/generated_midi_right_key/lyrics_187/chord/chord_gen_filled_empty/sample01_shifted_chord_gen_filled_empty_bars.mid
[melody2chord:lyrics_187] === Quantizing melody to 1/16 notes ===
[melody2chord:lyrics_187] TPQ: 480
[melody2chord:lyrics_187] Ticks per 16th note: 120.0
[melody2chord:lyrics_187] Quantized 139 notes to 1/16 note positions
[melody2chord:lyrics_187] Output saved to: /data/home/fundwotsai/MIDI-SAG/generated_midi_right_key/lyrics_187/chord/chord_gen_quantized/sample01_shifted_chord_gen_quantized.mid
[melody2chord:lyrics_187] Extracted 80 beat-level chords from 'Chords' track
[melody2chord:lyrics_187] Chord times remapped to 82 beat positions (subdivision: quarter notes)
[melody2chord:lyrics_187] ✓ Successfully processed: sample01_shifted
[melody2chord:lyrics_187]   Key: F minor (confidence: 0.47)
[melody2chord:lyrics_187]   Tempo: 78.0 BPM (source: MIDI tempo)
[melody2chord:lyrics_187]   Chord Text: /data/home/fundwotsai/MIDI-SAG/generated_midi_right_key/lyrics_187/chord/chord_txt/sample01_shifted_chord_gen.txt
[melody2chord:lyrics_187]   BTC Text:   /data/home/fundwotsai/MIDI-SAG/generated_midi_right_key/lyrics_187/chord/btc_txt/sample01_shifted_chord_gen.txt
