[melody2chord:lyrics_22] /data/home/fundwotsai/MIDI-SAG/AccoMontage2/chorderator/utils/utils.py:24: UserWarning: Could not import FluidSynth, audio formats writing disabled
[melody2chord:lyrics_22]   warnings.warn('Could not import FluidSynth, audio formats writing disabled')
[melody2chord:lyrics_22] /home/fundwotsai/miniconda3/envs/midi-sag/lib/python3.9/site-packages/miditok/tokenizations/remi.py:88: UserWarning: Attribute controls are not compatible with 'config.one_token_stream_for_programs' and multi-vocabulary tokenizers. Disabling them from the config.
[melody2chord:lyrics_22]   super().__init__(tokenizer_config, params)
[melody2chord:lyrics_22] /data/home/fundwotsai/MIDI-SAG/AccoMontage2/chorderator/core.py:238: UserWarning: Meter auto set to 4/4/. Please set meter if this is not your expectation
[melody2chord:lyrics_22]   warnings.warn('Meter auto set to 4/4/. Please set meter if this is not your expectation')
[melody2chord:lyrics_22] @Chorderator 2026-04-14 12:08:21,713 - INFO - [1;30m start read progressions from dict [0m
[melody2chord:lyrics_22] @Chorderator 2026-04-14 12:08:28,257 - INFO - [1;30m read progressions done [0m
[melody2chord:lyrics_22] @Chorderator 2026-04-14 12:08:28,257 - INFO - [1;30m start read progression library from source_base.pnt [0m
[melody2chord:lyrics_22] @Chorderator 2026-04-14 12:08:34,448 - INFO - [1;30m read library done [0m
[melody2chord:lyrics_22] @Chorderator 2026-04-14 12:08:34,448 - WARNING - [1;33m Pre-processing... [0m
[melody2chord:lyrics_22] @Chorderator 2026-04-14 12:08:34,458 - WARNING - [1;33m Pre-process done! [0m
[melody2chord:lyrics_22] @Chorderator 2026-04-14 12:08:34,458 - WARNING - [1;33m Solving... [0m
[melody2chord:lyrics_22] @Chorderator 2026-04-14 12:08:34,458 - INFO - [1;30m start read progressions from rep [0m
[melody2chord:lyrics_22] @Chorderator 2026-04-14 12:08:34,490 - INFO - [1;30m read progressions done [0m
[melody2chord:lyrics_22] @Chorderator 2026-04-14 12:08:34,495 - INFO - [1;30m Melody length 3, generate progression with 63 templates [0m
[melody2chord:lyrics_22] @Chorderator 2026-04-14 12:08:34,568 - WARNING - [1;33m Solved! [0m
[melody2chord:lyrics_22] @Chorderator 2026-04-14 12:08:34,568 - WARNING - [1;33m Post-processing... [0m
[melody2chord:lyrics_22] @Chorderator 2026-04-14 12:08:34,574 - WARNING - [1;33m Post-process done! [0m
[melody2chord:lyrics_22] @Chorderator 2026-04-14 12:08:34,574 - WARNING - [1;33m Generating textures... [0m
[melody2chord:lyrics_22] @Chorderator 2026-04-14 12:08:34,575 - WARNING - [1;33m All process finished! [0m
[melody2chord:lyrics_22] 
[melody2chord:lyrics_22] === Processing: sample01_shifted ===
[melody2chord:lyrics_22] Output will be saved to: /data/home/fundwotsai/MIDI-SAG/generated_midi_right_key/lyrics_22/chord/
[melody2chord:lyrics_22] beat_file_path: None
[melody2chord:lyrics_22] Tempo from MIDI: 95.0 BPM (no beat file — skipping warp step)
[melody2chord:lyrics_22] processed_melody_path: /data/home/fundwotsai/MIDI-SAG/generated_midi_right_key/lyrics_22/chord/processed_melody/sample01_shifted.mid
[melody2chord:lyrics_22] Detected key: B major (confidence: 0.88, Bellman-Budge)
[melody2chord:lyrics_22] Content bars: 24 -> Segmentation: A8B8A8 (total: 24)
[melody2chord:lyrics_22] Chorderator bars: 24 -> Segmentation: A8B8A8 (total: 24)
[melody2chord:lyrics_22] auto_config: {'note_shift': 76, 'segmentation': 'A8B8A8', 'analysis': {'total_bars': 29, 'empty_bars': 4, 'content_bars': 24, 'note_shift': 76, 'segmentation': 'A8B8A8', 'first_note_bar': 4.75, 'last_note_bar': 28.4375, 'chorderator_bars': {'max_end_positions': 379, 'fixed_end_positions': 384, 'fixed_end_bars': 24, 'tempo': 94.99999208333399, 'unit': 0.15789475}}}
[melody2chord:lyrics_22] tempo for CDT: 95.0 BPM
[melody2chord:lyrics_22] max_end: 379.0
[melody2chord:lyrics_22] fixed_end: 384
[melody2chord:lyrics_22] 384
[melody2chord:lyrics_22] {'tonic': 'B', 'mode': 'maj', 'tempo': 94.99999208333399, 'meter': '4/4', 'pos': ['x', 'x', 'x'], 'unit': 0.15789475}
[melody2chord:lyrics_22] Phrase length: 128 positions = 8 bars
[melody2chord:lyrics_22] Phrase length: 128 positions = 8 bars
[melody2chord:lyrics_22] Phrase length: 128 positions = 8 bars
[melody2chord:lyrics_22] [128, 128, 128]
[melody2chord:lyrics_22] Chord Progression
[melody2chord:lyrics_22] -Source: Niko_Kotoulas_Pop_7th_9th_Chords_15_E-B-G#m-F#_.mid
[melody2chord:lyrics_22] -Source Type: None
[melody2chord:lyrics_22] -Source Tonic: B
[melody2chord:lyrics_22] -Source Metre: 4/4
[melody2chord:lyrics_22] -Source Mode: M (M for Major and m for minor)
[melody2chord:lyrics_22] -Appeared Times: 1
[melody2chord:lyrics_22] -Appeared In Other Songs: 0
[melody2chord:lyrics_22] -Reliability: 1.0
[melody2chord:lyrics_22] -Progression Class: {'type': 'unknown', 'pattern': 'unknown', 'cycle': (1.0, 32), 'progression-style': 'pop', 'chord-style': 'classy', 'performing-style': 'unknown', 'rhythm': 'unknown', 'epic-endings': 'unknown', 'melodic': 'unknown', 'folder-id': 528, 'duplicate-id': 169, 'new_label': 'pop_complex'}
[melody2chord:lyrics_22] Numbered: 
[melody2chord:lyrics_22] | 4------- | 1------- | 6------- | 5------- | 4------- | 1------- | 6------- | 5------- | 
[melody2chord:lyrics_22] Chord: 
[melody2chord:lyrics_22] | 
[melody2chord:lyrics_22] | E 0------- | B 0------- | G#1------- | F#0------- | E 0------- | B 0------- | G#1------- | F#0------- | 
[melody2chord:lyrics_22] 
[melody2chord:lyrics_22] Chord Progression
[melody2chord:lyrics_22] -Source: Niko_Kotoulas_Pop_7th_9th_Chords_17_G#m-E-B-F#_.mid
[melody2chord:lyrics_22] -Source Type: None
[melody2chord:lyrics_22] -Source Tonic: B
[melody2chord:lyrics_22] -Source Metre: 4/4
[melody2chord:lyrics_22] -Source Mode: M (M for Major and m for minor)
[melody2chord:lyrics_22] -Appeared Times: 1
[melody2chord:lyrics_22] -Appeared In Other Songs: 0
[melody2chord:lyrics_22] -Reliability: 1.0
[melody2chord:lyrics_22] -Progression Class: {'type': 'unknown', 'pattern': 'unknown', 'cycle': (1.0, 32), 'progression-style': 'pop', 'chord-style': 'classy', 'performing-style': 'unknown', 'rhythm': 'unknown', 'epic-endings': 'unknown', 'melodic': 'unknown', 'folder-id': 528, 'duplicate-id': 163, 'new_label': 'pop_complex'}
[melody2chord:lyrics_22] Numbered: 
[melody2chord:lyrics_22] | 6------- | 4------- | 1------- | 5------- | 6------- | 4------- | 1------- | 5------- | 
[melody2chord:lyrics_22] Chord: 
[melody2chord:lyrics_22] | 
[melody2chord:lyrics_22] | G#1------- | E 0------- | B 0------- | F#0------- | G#1------- | E 0------- | B 0------- | F#0------- | 
[melody2chord:lyrics_22] 
[melody2chord:lyrics_22] Chord Progression
[melody2chord:lyrics_22] -Source: Niko_Kotoulas_Pop_7th_9th_Chords_6_B-E-F#-B_.mid
[melody2chord:lyrics_22] -Source Type: None
[melody2chord:lyrics_22] -Source Tonic: B
[melody2chord:lyrics_22] -Source Metre: 4/4
[melody2chord:lyrics_22] -Source Mode: M (M for Major and m for minor)
[melody2chord:lyrics_22] -Appeared Times: 1
[melody2chord:lyrics_22] -Appeared In Other Songs: 0
[melody2chord:lyrics_22] -Reliability: 1.0
[melody2chord:lyrics_22] -Progression Class: {'type': 'unknown', 'pattern': 'unknown', 'cycle': (1.0, 32), 'progression-style': 'pop', 'chord-style': 'classy', 'performing-style': 'unknown', 'rhythm': 'unknown', 'epic-endings': 'unknown', 'melodic': 'unknown', 'folder-id': 528, 'duplicate-id': 157, 'new_label': 'pop_complex'}
[melody2chord:lyrics_22] Numbered: 
[melody2chord:lyrics_22] | 1------- | 4------- | 5------- | 1------- | 1------- | 4------- | 5------- | 1------- | 
[melody2chord:lyrics_22] Chord: 
[melody2chord:lyrics_22] | 
[melody2chord:lyrics_22] | B 0------- | E 0------- | F#0------- | B 0------- | B 0------- | E 0------- | F#0------- | B 0------- | 
[melody2chord:lyrics_22] 
[melody2chord:lyrics_22] Total: 3
[melody2chord:lyrics_22] 
[melody2chord:lyrics_22] === Aligning chord_gen TPQ ===
[melody2chord:lyrics_22] Original melody TPQ: 480
[melody2chord:lyrics_22] Chord gen TPQ: 220
[melody2chord:lyrics_22] TPQ ratio: 2.1818
[melody2chord:lyrics_22] Converted chord_gen TPQ from 220 to 480
[melody2chord:lyrics_22] Output saved to: /data/home/fundwotsai/MIDI-SAG/generated_midi_right_key/lyrics_22/chord/chord_gen/sample01_shifted_chord_gen.mid
[melody2chord:lyrics_22] Re-quantized 49 melody notes to 1/16 beat grid
[melody2chord:lyrics_22] === Fill Empty Bars with Chords ===
[melody2chord:lyrics_22] Original melody TPQ: 480
[melody2chord:lyrics_22] Chord gen TPQ: 480
[melody2chord:lyrics_22] TPQ ratio: 1.0000
[melody2chord:lyrics_22] Chords start at tick: 9120 (bar 4.75)
[melody2chord:lyrics_22] Empty bars to fill: 4
[melody2chord:lyrics_22] Prepending 0 bars and copying 25 chord notes to cover 4 leading bars
[melody2chord:lyrics_22] 
[melody2chord:lyrics_22] === Output Summary ===
[melody2chord:lyrics_22] Output TPQ: 480
[melody2chord:lyrics_22] Melody track notes: 126
[melody2chord:lyrics_22] Chord track notes: 169
[melody2chord:lyrics_22] First chord now at tick: 0
[melody2chord:lyrics_22] Last chord at tick: 53279
[melody2chord:lyrics_22] Output saved to: /data/home/fundwotsai/MIDI-SAG/generated_midi_right_key/lyrics_22/chord/chord_gen_filled_empty/sample01_shifted_chord_gen_filled_empty_bars.mid
[melody2chord:lyrics_22] === Quantizing melody to 1/16 notes ===
[melody2chord:lyrics_22] TPQ: 480
[melody2chord:lyrics_22] Ticks per 16th note: 120.0
[melody2chord:lyrics_22] Quantized 154 notes to 1/16 note positions
[melody2chord:lyrics_22] Output saved to: /data/home/fundwotsai/MIDI-SAG/generated_midi_right_key/lyrics_22/chord/chord_gen_quantized/sample01_shifted_chord_gen_quantized.mid
[melody2chord:lyrics_22] Extracted 115 beat-level chords from 'Chords' track
[melody2chord:lyrics_22] Chord times remapped to 115 beat positions (subdivision: quarter notes)
[melody2chord:lyrics_22] Filled 3 None chords
[melody2chord:lyrics_22] ✓ Successfully processed: sample01_shifted
[melody2chord:lyrics_22]   Key: B major (confidence: 0.88)
[melody2chord:lyrics_22]   Tempo: 95.0 BPM (source: MIDI tempo)
[melody2chord:lyrics_22]   Chord Text: /data/home/fundwotsai/MIDI-SAG/generated_midi_right_key/lyrics_22/chord/chord_txt/sample01_shifted_chord_gen.txt
[melody2chord:lyrics_22]   BTC Text:   /data/home/fundwotsai/MIDI-SAG/generated_midi_right_key/lyrics_22/chord/btc_txt/sample01_shifted_chord_gen.txt
