[melody2chord:lyrics_152] /data/home/fundwotsai/MIDI-SAG/AccoMontage2/chorderator/utils/utils.py:24: UserWarning: Could not import FluidSynth, audio formats writing disabled
[melody2chord:lyrics_152]   warnings.warn('Could not import FluidSynth, audio formats writing disabled')
[melody2chord:lyrics_152] /home/fundwotsai/miniconda3/envs/midi-sag/lib/python3.9/site-packages/miditok/tokenizations/remi.py:88: UserWarning: Attribute controls are not compatible with 'config.one_token_stream_for_programs' and multi-vocabulary tokenizers. Disabling them from the config.
[melody2chord:lyrics_152]   super().__init__(tokenizer_config, params)
[melody2chord:lyrics_152] /data/home/fundwotsai/MIDI-SAG/AccoMontage2/chorderator/core.py:238: UserWarning: Meter auto set to 4/4/. Please set meter if this is not your expectation
[melody2chord:lyrics_152]   warnings.warn('Meter auto set to 4/4/. Please set meter if this is not your expectation')
[melody2chord:lyrics_152] @Chorderator 2026-04-14 11:43:01,165 - INFO - [1;30m start read progressions from dict [0m
[melody2chord:lyrics_152] @Chorderator 2026-04-14 11:43:07,620 - INFO - [1;30m read progressions done [0m
[melody2chord:lyrics_152] @Chorderator 2026-04-14 11:43:07,620 - INFO - [1;30m start read progression library from source_base.pnt [0m
[melody2chord:lyrics_152] @Chorderator 2026-04-14 11:43:13,926 - INFO - [1;30m read library done [0m
[melody2chord:lyrics_152] @Chorderator 2026-04-14 11:43:13,927 - WARNING - [1;33m Pre-processing... [0m
[melody2chord:lyrics_152] @Chorderator 2026-04-14 11:43:13,936 - WARNING - [1;33m Pre-process done! [0m
[melody2chord:lyrics_152] @Chorderator 2026-04-14 11:43:13,936 - WARNING - [1;33m Solving... [0m
[melody2chord:lyrics_152] @Chorderator 2026-04-14 11:43:13,936 - INFO - [1;30m start read progressions from rep [0m
[melody2chord:lyrics_152] @Chorderator 2026-04-14 11:43:13,968 - INFO - [1;30m read progressions done [0m
[melody2chord:lyrics_152] @Chorderator 2026-04-14 11:43:13,972 - INFO - [1;30m Melody length 2, generate progression with 63 templates [0m
[melody2chord:lyrics_152] @Chorderator 2026-04-14 11:43:14,020 - WARNING - [1;33m Solved! [0m
[melody2chord:lyrics_152] @Chorderator 2026-04-14 11:43:14,020 - WARNING - [1;33m Post-processing... [0m
[melody2chord:lyrics_152] @Chorderator 2026-04-14 11:43:14,025 - WARNING - [1;33m Post-process done! [0m
[melody2chord:lyrics_152] @Chorderator 2026-04-14 11:43:14,025 - WARNING - [1;33m Generating textures... [0m
[melody2chord:lyrics_152] @Chorderator 2026-04-14 11:43:14,025 - WARNING - [1;33m All process finished! [0m
[melody2chord:lyrics_152] 
[melody2chord:lyrics_152] === Processing: sample01_shifted ===
[melody2chord:lyrics_152] Output will be saved to: /data/home/fundwotsai/MIDI-SAG/generated_midi_right_key/lyrics_152/chord/
[melody2chord:lyrics_152] beat_file_path: None
[melody2chord:lyrics_152] Tempo from MIDI: 78.0 BPM (no beat file — skipping warp step)
[melody2chord:lyrics_152] processed_melody_path: /data/home/fundwotsai/MIDI-SAG/generated_midi_right_key/lyrics_152/chord/processed_melody/sample01_shifted.mid
[melody2chord:lyrics_152] Detected key: F major (confidence: 0.63, Bellman-Budge)
[melody2chord:lyrics_152] Content bars: 14 -> Segmentation: A8B8 (total: 16)
[melody2chord:lyrics_152] Chorderator bars: 16 -> Segmentation: A8B8 (total: 16)
[melody2chord:lyrics_152] auto_config: {'note_shift': 66, 'segmentation': 'A8B8', 'analysis': {'total_bars': 19, 'empty_bars': 4, 'content_bars': 14, 'note_shift': 66, 'segmentation': 'A8B8', 'first_note_bar': 4.125, 'last_note_bar': 18.5, 'chorderator_bars': {'max_end_positions': 230, 'fixed_end_positions': 256, 'fixed_end_bars': 16, 'tempo': 77.99997660000703, 'unit': 0.19230774999999997}}}
[melody2chord:lyrics_152] tempo for CDT: 78.0 BPM
[melody2chord:lyrics_152] max_end: 230.0
[melody2chord:lyrics_152] fixed_end: 256
[melody2chord:lyrics_152] 256
[melody2chord:lyrics_152] {'tonic': 'F', 'mode': 'maj', 'tempo': 77.99997660000702, 'meter': '4/4', 'pos': ['x', 'x'], 'unit': 0.19230775}
[melody2chord:lyrics_152] Phrase length: 128 positions = 8 bars
[melody2chord:lyrics_152] Phrase length: 128 positions = 8 bars
[melody2chord:lyrics_152] [128, 128]
[melody2chord:lyrics_152] Chord Progression
[melody2chord:lyrics_152] -Source: Niko_Kotoulas_EDM_7th_9th_Chords_9_F#-G#m-E-B_.mid
[melody2chord:lyrics_152] -Source Type: None
[melody2chord:lyrics_152] -Source Tonic: B
[melody2chord:lyrics_152] -Source Metre: 4/4
[melody2chord:lyrics_152] -Source Mode: M (M for Major and m for minor)
[melody2chord:lyrics_152] -Appeared Times: 1
[melody2chord:lyrics_152] -Appeared In Other Songs: 0
[melody2chord:lyrics_152] -Reliability: 1.0
[melody2chord:lyrics_152] -Progression Class: {'type': 'unknown', 'pattern': 'unknown', 'cycle': (1.0, 32), 'progression-style': 'edm', 'chord-style': 'classy', 'performing-style': 'unknown', 'rhythm': 'unknown', 'epic-endings': 'unknown', 'melodic': 'unknown', 'folder-id': 531, 'duplicate-id': 209, 'new_label': 'pop_complex'}
[melody2chord:lyrics_152] Numbered: 
[melody2chord:lyrics_152] | 5------- | 6------- | 4------- | 1------- | 5------- | 6------- | 4------- | 1------- | 
[melody2chord:lyrics_152] Chord: 
[melody2chord:lyrics_152] | 
[melody2chord:lyrics_152] | F#0------- | G#1------- | E 0------- | B 0------- | F#0------- | G#1------- | E 0------- | B 0------- | 
[melody2chord:lyrics_152] 
[melody2chord:lyrics_152] Chord Progression
[melody2chord:lyrics_152] -Source: Niko_Kotoulas__RhythmChordProg_8 (vi-I-IV-V-ii-iii-IV-V).mid
[melody2chord:lyrics_152] -Source Type: None
[melody2chord:lyrics_152] -Source Tonic: B
[melody2chord:lyrics_152] -Source Metre: 4/4
[melody2chord:lyrics_152] -Source Mode: M (M for Major and m for minor)
[melody2chord:lyrics_152] -Appeared Times: 1
[melody2chord:lyrics_152] -Appeared In Other Songs: 0
[melody2chord:lyrics_152] -Reliability: 0.7
[melody2chord:lyrics_152] -Progression Class: {'type': 'unknown', 'pattern': 'vi-I-IV-V-ii-iii-IV-V', 'cycle': (0.8796524834087005, 24), 'progression-style': 'unknown', 'chord-style': 'unknown', 'performing-style': 'unknown', 'rhythm': 'slow', 'epic-endings': 'unknown', 'melodic': 'unknown', 'folder-id': 5971, 'duplicate-id': 78, 'new_label': 'unknown'}
[melody2chord:lyrics_152] Numbered: 
[melody2chord:lyrics_152] | 6------- | 6------- | 1------- | 4------- | 5------- | 2------- | 3--4---- | 5------- | 
[melody2chord:lyrics_152] Chord: 
[melody2chord:lyrics_152] | 
[melody2chord:lyrics_152] | G#1------- | G#1------- | B 0------- | E 0------- | F#0------- | C#1------- | D#1--E 0---- | F#0------- | 
[melody2chord:lyrics_152] 
[melody2chord:lyrics_152] Total: 2
[melody2chord:lyrics_152] 
[melody2chord:lyrics_152] === Aligning chord_gen TPQ ===
[melody2chord:lyrics_152] Original melody TPQ: 480
[melody2chord:lyrics_152] Chord gen TPQ: 220
[melody2chord:lyrics_152] TPQ ratio: 2.1818
[melody2chord:lyrics_152] Converted chord_gen TPQ from 220 to 480
[melody2chord:lyrics_152] Output saved to: /data/home/fundwotsai/MIDI-SAG/generated_midi_right_key/lyrics_152/chord/chord_gen/sample01_shifted_chord_gen.mid
[melody2chord:lyrics_152] Re-quantized 64 melody notes to 1/16 beat grid
[melody2chord:lyrics_152] === Fill Empty Bars with Chords ===
[melody2chord:lyrics_152] Original melody TPQ: 480
[melody2chord:lyrics_152] Chord gen TPQ: 480
[melody2chord:lyrics_152] TPQ ratio: 1.0000
[melody2chord:lyrics_152] Chords start at tick: 7919 (bar 4.12)
[melody2chord:lyrics_152] Empty bars to fill: 4
[melody2chord:lyrics_152] Prepending 0 bars and copying 26 chord notes to cover 4 leading bars
[melody2chord:lyrics_152] 
[melody2chord:lyrics_152] === Output Summary ===
[melody2chord:lyrics_152] Output TPQ: 480
[melody2chord:lyrics_152] Melody track notes: 118
[melody2chord:lyrics_152] Chord track notes: 170
[melody2chord:lyrics_152] First chord now at tick: 0
[melody2chord:lyrics_152] Last chord at tick: 37440
[melody2chord:lyrics_152] Output saved to: /data/home/fundwotsai/MIDI-SAG/generated_midi_right_key/lyrics_152/chord/chord_gen_filled_empty/sample01_shifted_chord_gen_filled_empty_bars.mid
[melody2chord:lyrics_152] === Quantizing melody to 1/16 notes ===
[melody2chord:lyrics_152] TPQ: 480
[melody2chord:lyrics_152] Ticks per 16th note: 120.0
[melody2chord:lyrics_152] Quantized 140 notes to 1/16 note positions
[melody2chord:lyrics_152] Output saved to: /data/home/fundwotsai/MIDI-SAG/generated_midi_right_key/lyrics_152/chord/chord_gen_quantized/sample01_shifted_chord_gen_quantized.mid
[melody2chord:lyrics_152] Extracted 80 beat-level chords from 'Chords' track
[melody2chord:lyrics_152] Chord times remapped to 76 beat positions (subdivision: quarter notes)
[melody2chord:lyrics_152] Filled 5 None chords
[melody2chord:lyrics_152] ✓ Successfully processed: sample01_shifted
[melody2chord:lyrics_152]   Key: F major (confidence: 0.63)
[melody2chord:lyrics_152]   Tempo: 78.0 BPM (source: MIDI tempo)
[melody2chord:lyrics_152]   Chord Text: /data/home/fundwotsai/MIDI-SAG/generated_midi_right_key/lyrics_152/chord/chord_txt/sample01_shifted_chord_gen.txt
[melody2chord:lyrics_152]   BTC Text:   /data/home/fundwotsai/MIDI-SAG/generated_midi_right_key/lyrics_152/chord/btc_txt/sample01_shifted_chord_gen.txt
