[melody2chord:lyrics_46] /data/home/fundwotsai/MIDI-SAG/AccoMontage2/chorderator/utils/utils.py:24: UserWarning: Could not import FluidSynth, audio formats writing disabled
[melody2chord:lyrics_46]   warnings.warn('Could not import FluidSynth, audio formats writing disabled')
[melody2chord:lyrics_46] /home/fundwotsai/miniconda3/envs/midi-sag/lib/python3.9/site-packages/miditok/tokenizations/remi.py:88: UserWarning: Attribute controls are not compatible with 'config.one_token_stream_for_programs' and multi-vocabulary tokenizers. Disabling them from the config.
[melody2chord:lyrics_46]   super().__init__(tokenizer_config, params)
[melody2chord:lyrics_46] /data/home/fundwotsai/MIDI-SAG/AccoMontage2/chorderator/core.py:238: UserWarning: Meter auto set to 4/4/. Please set meter if this is not your expectation
[melody2chord:lyrics_46]   warnings.warn('Meter auto set to 4/4/. Please set meter if this is not your expectation')
[melody2chord:lyrics_46] @Chorderator 2026-04-14 12:18:54,223 - INFO - [1;30m start read progressions from dict [0m
[melody2chord:lyrics_46] @Chorderator 2026-04-14 12:19:01,806 - INFO - [1;30m read progressions done [0m
[melody2chord:lyrics_46] @Chorderator 2026-04-14 12:19:01,806 - INFO - [1;30m start read progression library from source_base.pnt [0m
[melody2chord:lyrics_46] @Chorderator 2026-04-14 12:19:08,080 - INFO - [1;30m read library done [0m
[melody2chord:lyrics_46] @Chorderator 2026-04-14 12:19:08,081 - WARNING - [1;33m Pre-processing... [0m
[melody2chord:lyrics_46] @Chorderator 2026-04-14 12:19:08,088 - WARNING - [1;33m Pre-process done! [0m
[melody2chord:lyrics_46] @Chorderator 2026-04-14 12:19:08,089 - WARNING - [1;33m Solving... [0m
[melody2chord:lyrics_46] @Chorderator 2026-04-14 12:19:08,089 - INFO - [1;30m start read progressions from rep [0m
[melody2chord:lyrics_46] @Chorderator 2026-04-14 12:19:08,122 - INFO - [1;30m read progressions done [0m
[melody2chord:lyrics_46] @Chorderator 2026-04-14 12:19:08,127 - INFO - [1;30m Melody length 2, generate progression with 63 templates [0m
[melody2chord:lyrics_46] @Chorderator 2026-04-14 12:19:08,176 - WARNING - [1;33m Solved! [0m
[melody2chord:lyrics_46] @Chorderator 2026-04-14 12:19:08,176 - WARNING - [1;33m Post-processing... [0m
[melody2chord:lyrics_46] @Chorderator 2026-04-14 12:19:08,182 - WARNING - [1;33m Post-process done! [0m
[melody2chord:lyrics_46] @Chorderator 2026-04-14 12:19:08,182 - WARNING - [1;33m Generating textures... [0m
[melody2chord:lyrics_46] @Chorderator 2026-04-14 12:19:08,182 - WARNING - [1;33m All process finished! [0m
[melody2chord:lyrics_46] 
[melody2chord:lyrics_46] === Processing: sample01_shifted ===
[melody2chord:lyrics_46] Output will be saved to: /data/home/fundwotsai/MIDI-SAG/generated_midi_right_key/lyrics_46/chord/
[melody2chord:lyrics_46] beat_file_path: None
[melody2chord:lyrics_46] Tempo from MIDI: 78.0 BPM (no beat file — skipping warp step)
[melody2chord:lyrics_46] processed_melody_path: /data/home/fundwotsai/MIDI-SAG/generated_midi_right_key/lyrics_46/chord/processed_melody/sample01_shifted.mid
[melody2chord:lyrics_46] Detected key: C major (confidence: 0.72, Bellman-Budge)
[melody2chord:lyrics_46] Content bars: 12 -> Segmentation: A8B4 (total: 12)
[melody2chord:lyrics_46] Chorderator bars: 12 -> Segmentation: A8B4 (total: 12)
[melody2chord:lyrics_46] auto_config: {'note_shift': 67, 'segmentation': 'A8B4', 'analysis': {'total_bars': 17, 'empty_bars': 4, 'content_bars': 12, 'note_shift': 67, 'segmentation': 'A8B4', 'first_note_bar': 4.1875, 'last_note_bar': 16.75, 'chorderator_bars': {'max_end_positions': 201, 'fixed_end_positions': 192, 'fixed_end_bars': 12, 'tempo': 77.99997660000703, 'unit': 0.19230774999999997}}}
[melody2chord:lyrics_46] tempo for CDT: 78.0 BPM
[melody2chord:lyrics_46] max_end: 201.0
[melody2chord:lyrics_46] fixed_end: 192
[melody2chord:lyrics_46] 192
[melody2chord:lyrics_46] {'tonic': 'C', 'mode': 'maj', 'tempo': 77.99997660000702, 'meter': '4/4', 'pos': ['x', 'x'], 'unit': 0.19230775}
[melody2chord:lyrics_46] Phrase length: 128 positions = 8 bars
[melody2chord:lyrics_46] Phrase length: 64 positions = 4 bars
[melody2chord:lyrics_46] [128, 64]
[melody2chord:lyrics_46] Chord Progression
[melody2chord:lyrics_46] -Source: Niko_Kotoulas_Pop_7th_9th_Chords_7_B-G#m-B-G#m_.mid
[melody2chord:lyrics_46] -Source Type: None
[melody2chord:lyrics_46] -Source Tonic: B
[melody2chord:lyrics_46] -Source Metre: 4/4
[melody2chord:lyrics_46] -Source Mode: M (M for Major and m for minor)
[melody2chord:lyrics_46] -Appeared Times: 1
[melody2chord:lyrics_46] -Appeared In Other Songs: 0
[melody2chord:lyrics_46] -Reliability: 1.0
[melody2chord:lyrics_46] -Progression Class: {'type': 'unknown', 'pattern': 'unknown', 'cycle': (1.0, 16), 'progression-style': 'pop', 'chord-style': 'classy', 'performing-style': 'unknown', 'rhythm': 'unknown', 'epic-endings': 'unknown', 'melodic': 'unknown', 'folder-id': 528, 'duplicate-id': 174, 'new_label': 'pop_complex'}
[melody2chord:lyrics_46] Numbered: 
[melody2chord:lyrics_46] | 1------- | 6------- | 1------- | 6------- | 1------- | 6------- | 1------- | 6------- | 
[melody2chord:lyrics_46] Chord: 
[melody2chord:lyrics_46] | 
[melody2chord:lyrics_46] | B 0------- | G#1------- | B 0------- | G#1------- | B 0------- | G#1------- | B 0------- | G#1------- | 
[melody2chord:lyrics_46] 
[melody2chord:lyrics_46] Chord Progression
[melody2chord:lyrics_46] -Source: Niko_Kotoulas_ChordProg_2_C#m-G#m-B-F# (ii-vi-I-V).mid
[melody2chord:lyrics_46] -Source Type: None
[melody2chord:lyrics_46] -Source Tonic: B
[melody2chord:lyrics_46] -Source Metre: 4/4
[melody2chord:lyrics_46] -Source Mode: M (M for Major and m for minor)
[melody2chord:lyrics_46] -Appeared Times: 1
[melody2chord:lyrics_46] -Appeared In Other Songs: 0
[melody2chord:lyrics_46] -Reliability: 0.9
[melody2chord:lyrics_46] -Progression Class: {'type': 'unknown', 'pattern': 'ii-vi-I-V', 'cycle': (0.9999999999999999, 16), 'progression-style': 'unknown', 'chord-style': 'unknown', 'performing-style': 'unknown', 'rhythm': 'unknown', 'epic-endings': 'unknown', 'melodic': 'unknown', 'folder-id': 290, 'duplicate-id': 473, 'new_label': 'unknown'}
[melody2chord:lyrics_46] Numbered: 
[melody2chord:lyrics_46] | 2------- | 6------- | 1------- | 5------- | 
[melody2chord:lyrics_46] Chord: 
[melody2chord:lyrics_46] | C#1------- | G#1------- | B 0------- | F#0------- | 
[melody2chord:lyrics_46] 
[melody2chord:lyrics_46] Total: 2
[melody2chord:lyrics_46] 
[melody2chord:lyrics_46] === Aligning chord_gen TPQ ===
[melody2chord:lyrics_46] Original melody TPQ: 480
[melody2chord:lyrics_46] Chord gen TPQ: 220
[melody2chord:lyrics_46] TPQ ratio: 2.1818
[melody2chord:lyrics_46] Converted chord_gen TPQ from 220 to 480
[melody2chord:lyrics_46] Output saved to: /data/home/fundwotsai/MIDI-SAG/generated_midi_right_key/lyrics_46/chord/chord_gen/sample01_shifted_chord_gen.mid
[melody2chord:lyrics_46] Re-quantized 58 melody notes to 1/16 beat grid
[melody2chord:lyrics_46] === Fill Empty Bars with Chords ===
[melody2chord:lyrics_46] Original melody TPQ: 480
[melody2chord:lyrics_46] Chord gen TPQ: 480
[melody2chord:lyrics_46] TPQ ratio: 1.0000
[melody2chord:lyrics_46] Chords start at tick: 8039 (bar 4.19)
[melody2chord:lyrics_46] Empty bars to fill: 4
[melody2chord:lyrics_46] Prepending 0 bars and copying 26 chord notes to cover 4 leading bars
[melody2chord:lyrics_46] 
[melody2chord:lyrics_46] === Output Summary ===
[melody2chord:lyrics_46] Output TPQ: 480
[melody2chord:lyrics_46] Melody track notes: 117
[melody2chord:lyrics_46] Chord track notes: 97
[melody2chord:lyrics_46] First chord now at tick: 0
[melody2chord:lyrics_46] Last chord at tick: 29159
[melody2chord:lyrics_46] Output saved to: /data/home/fundwotsai/MIDI-SAG/generated_midi_right_key/lyrics_46/chord/chord_gen_filled_empty/sample01_shifted_chord_gen_filled_empty_bars.mid
[melody2chord:lyrics_46] === Quantizing melody to 1/16 notes ===
[melody2chord:lyrics_46] TPQ: 480
[melody2chord:lyrics_46] Ticks per 16th note: 120.0
[melody2chord:lyrics_46] Quantized 132 notes to 1/16 note positions
[melody2chord:lyrics_46] Output saved to: /data/home/fundwotsai/MIDI-SAG/generated_midi_right_key/lyrics_46/chord/chord_gen_quantized/sample01_shifted_chord_gen_quantized.mid
[melody2chord:lyrics_46] Extracted 65 beat-level chords from 'Chords' track
[melody2chord:lyrics_46] Chord times remapped to 69 beat positions (subdivision: quarter notes)
[melody2chord:lyrics_46] Filled 1 None chords
[melody2chord:lyrics_46] ✓ Successfully processed: sample01_shifted
[melody2chord:lyrics_46]   Key: C major (confidence: 0.72)
[melody2chord:lyrics_46]   Tempo: 78.0 BPM (source: MIDI tempo)
[melody2chord:lyrics_46]   Chord Text: /data/home/fundwotsai/MIDI-SAG/generated_midi_right_key/lyrics_46/chord/chord_txt/sample01_shifted_chord_gen.txt
[melody2chord:lyrics_46]   BTC Text:   /data/home/fundwotsai/MIDI-SAG/generated_midi_right_key/lyrics_46/chord/btc_txt/sample01_shifted_chord_gen.txt
