[melody2chord:lyrics_120] /data/home/fundwotsai/MIDI-SAG/AccoMontage2/chorderator/utils/utils.py:24: UserWarning: Could not import FluidSynth, audio formats writing disabled
[melody2chord:lyrics_120]   warnings.warn('Could not import FluidSynth, audio formats writing disabled')
[melody2chord:lyrics_120] /home/fundwotsai/miniconda3/envs/midi-sag/lib/python3.9/site-packages/miditok/tokenizations/remi.py:88: UserWarning: Attribute controls are not compatible with 'config.one_token_stream_for_programs' and multi-vocabulary tokenizers. Disabling them from the config.
[melody2chord:lyrics_120]   super().__init__(tokenizer_config, params)
[melody2chord:lyrics_120] /data/home/fundwotsai/MIDI-SAG/AccoMontage2/chorderator/core.py:238: UserWarning: Meter auto set to 4/4/. Please set meter if this is not your expectation
[melody2chord:lyrics_120]   warnings.warn('Meter auto set to 4/4/. Please set meter if this is not your expectation')
[melody2chord:lyrics_120] @Chorderator 2026-04-14 11:28:58,318 - INFO - [1;30m start read progressions from dict [0m
[melody2chord:lyrics_120] @Chorderator 2026-04-14 11:29:04,776 - INFO - [1;30m read progressions done [0m
[melody2chord:lyrics_120] @Chorderator 2026-04-14 11:29:04,776 - INFO - [1;30m start read progression library from source_base.pnt [0m
[melody2chord:lyrics_120] @Chorderator 2026-04-14 11:29:11,061 - INFO - [1;30m read library done [0m
[melody2chord:lyrics_120] @Chorderator 2026-04-14 11:29:11,062 - WARNING - [1;33m Pre-processing... [0m
[melody2chord:lyrics_120] @Chorderator 2026-04-14 11:29:11,071 - WARNING - [1;33m Pre-process done! [0m
[melody2chord:lyrics_120] @Chorderator 2026-04-14 11:29:11,071 - WARNING - [1;33m Solving... [0m
[melody2chord:lyrics_120] @Chorderator 2026-04-14 11:29:11,071 - INFO - [1;30m start read progressions from rep [0m
[melody2chord:lyrics_120] @Chorderator 2026-04-14 11:29:11,103 - INFO - [1;30m read progressions done [0m
[melody2chord:lyrics_120] @Chorderator 2026-04-14 11:29:11,107 - INFO - [1;30m Melody length 2, generate progression with 63 templates [0m
[melody2chord:lyrics_120] @Chorderator 2026-04-14 11:29:11,157 - WARNING - [1;33m Solved! [0m
[melody2chord:lyrics_120] @Chorderator 2026-04-14 11:29:11,157 - WARNING - [1;33m Post-processing... [0m
[melody2chord:lyrics_120] @Chorderator 2026-04-14 11:29:11,161 - WARNING - [1;33m Post-process done! [0m
[melody2chord:lyrics_120] @Chorderator 2026-04-14 11:29:11,161 - WARNING - [1;33m Generating textures... [0m
[melody2chord:lyrics_120] @Chorderator 2026-04-14 11:29:11,161 - WARNING - [1;33m All process finished! [0m
[melody2chord:lyrics_120] 
[melody2chord:lyrics_120] === Processing: sample01_shifted ===
[melody2chord:lyrics_120] Output will be saved to: /data/home/fundwotsai/MIDI-SAG/generated_midi_right_key/lyrics_120/chord/
[melody2chord:lyrics_120] beat_file_path: None
[melody2chord:lyrics_120] Tempo from MIDI: 78.0 BPM (no beat file — skipping warp step)
[melody2chord:lyrics_120] processed_melody_path: /data/home/fundwotsai/MIDI-SAG/generated_midi_right_key/lyrics_120/chord/processed_melody/sample01_shifted.mid
[melody2chord:lyrics_120] Detected key: C major (confidence: 0.56, Bellman-Budge)
[melody2chord:lyrics_120] Content bars: 16 -> Segmentation: A8B8 (total: 16)
[melody2chord:lyrics_120] Chorderator bars: 16 -> Segmentation: A8B8 (total: 16)
[melody2chord:lyrics_120] auto_config: {'note_shift': 67, 'segmentation': 'A8B8', 'analysis': {'total_bars': 21, 'empty_bars': 4, 'content_bars': 16, 'note_shift': 67, 'segmentation': 'A8B8', 'first_note_bar': 4.1875, 'last_note_bar': 20.25, 'chorderator_bars': {'max_end_positions': 257, 'fixed_end_positions': 256, 'fixed_end_bars': 16, 'tempo': 77.99997660000703, 'unit': 0.19230774999999997}}}
[melody2chord:lyrics_120] tempo for CDT: 78.0 BPM
[melody2chord:lyrics_120] max_end: 257.0
[melody2chord:lyrics_120] fixed_end: 256
[melody2chord:lyrics_120] 256
[melody2chord:lyrics_120] {'tonic': 'C', 'mode': 'maj', 'tempo': 77.99997660000702, 'meter': '4/4', 'pos': ['x', 'x'], 'unit': 0.19230775}
[melody2chord:lyrics_120] Phrase length: 128 positions = 8 bars
[melody2chord:lyrics_120] Phrase length: 128 positions = 8 bars
[melody2chord:lyrics_120] [128, 128]
[melody2chord:lyrics_120] Chord Progression
[melody2chord:lyrics_120] -Source: Niko_Kotoulas_EDM_7th_9th_Chords_16_C#m-B-G#m-F#_.mid
[melody2chord:lyrics_120] -Source Type: None
[melody2chord:lyrics_120] -Source Tonic: B
[melody2chord:lyrics_120] -Source Metre: 4/4
[melody2chord:lyrics_120] -Source Mode: M (M for Major and m for minor)
[melody2chord:lyrics_120] -Appeared Times: 1
[melody2chord:lyrics_120] -Appeared In Other Songs: 0
[melody2chord:lyrics_120] -Reliability: 1.0
[melody2chord:lyrics_120] -Progression Class: {'type': 'unknown', 'pattern': 'unknown', 'cycle': (0.9999999999999999, 32), 'progression-style': 'edm', 'chord-style': 'classy', 'performing-style': 'unknown', 'rhythm': 'unknown', 'epic-endings': 'unknown', 'melodic': 'unknown', 'folder-id': 531, 'duplicate-id': 221, 'new_label': 'pop_complex'}
[melody2chord:lyrics_120] Numbered: 
[melody2chord:lyrics_120] | 2------- | 1------- | 6------- | 5------- | 2------- | 1------- | 6------- | 5------- | 
[melody2chord:lyrics_120] Chord: 
[melody2chord:lyrics_120] | 
[melody2chord:lyrics_120] | C#1------- | B 0------- | G#1------- | F#0------- | C#1------- | B 0------- | G#1------- | F#0------- | 
[melody2chord:lyrics_120] 
[melody2chord:lyrics_120] Chord Progression
[melody2chord:lyrics_120] -Source: Niko_Kotoulas_Pop_7th_9th_Chords_6_B-E-F#-B_.mid
[melody2chord:lyrics_120] -Source Type: None
[melody2chord:lyrics_120] -Source Tonic: B
[melody2chord:lyrics_120] -Source Metre: 4/4
[melody2chord:lyrics_120] -Source Mode: M (M for Major and m for minor)
[melody2chord:lyrics_120] -Appeared Times: 1
[melody2chord:lyrics_120] -Appeared In Other Songs: 0
[melody2chord:lyrics_120] -Reliability: 1.0
[melody2chord:lyrics_120] -Progression Class: {'type': 'unknown', 'pattern': 'unknown', 'cycle': (1.0, 32), 'progression-style': 'pop', 'chord-style': 'classy', 'performing-style': 'unknown', 'rhythm': 'unknown', 'epic-endings': 'unknown', 'melodic': 'unknown', 'folder-id': 528, 'duplicate-id': 157, 'new_label': 'pop_complex'}
[melody2chord:lyrics_120] Numbered: 
[melody2chord:lyrics_120] | 1------- | 4------- | 5------- | 1------- | 1------- | 4------- | 5------- | 1------- | 
[melody2chord:lyrics_120] Chord: 
[melody2chord:lyrics_120] | 
[melody2chord:lyrics_120] | B 0------- | E 0------- | F#0------- | B 0------- | B 0------- | E 0------- | F#0------- | B 0------- | 
[melody2chord:lyrics_120] 
[melody2chord:lyrics_120] Total: 2
[melody2chord:lyrics_120] 
[melody2chord:lyrics_120] === Aligning chord_gen TPQ ===
[melody2chord:lyrics_120] Original melody TPQ: 480
[melody2chord:lyrics_120] Chord gen TPQ: 220
[melody2chord:lyrics_120] TPQ ratio: 2.1818
[melody2chord:lyrics_120] Converted chord_gen TPQ from 220 to 480
[melody2chord:lyrics_120] Output saved to: /data/home/fundwotsai/MIDI-SAG/generated_midi_right_key/lyrics_120/chord/chord_gen/sample01_shifted_chord_gen.mid
[melody2chord:lyrics_120] Re-quantized 52 melody notes to 1/16 beat grid
[melody2chord:lyrics_120] === Fill Empty Bars with Chords ===
[melody2chord:lyrics_120] Original melody TPQ: 480
[melody2chord:lyrics_120] Chord gen TPQ: 480
[melody2chord:lyrics_120] TPQ ratio: 1.0000
[melody2chord:lyrics_120] Chords start at tick: 8039 (bar 4.19)
[melody2chord:lyrics_120] Empty bars to fill: 4
[melody2chord:lyrics_120] Prepending 0 bars and copying 24 chord notes to cover 4 leading bars
[melody2chord:lyrics_120] 
[melody2chord:lyrics_120] === Output Summary ===
[melody2chord:lyrics_120] Output TPQ: 480
[melody2chord:lyrics_120] Melody track notes: 122
[melody2chord:lyrics_120] Chord track notes: 123
[melody2chord:lyrics_120] First chord now at tick: 0
[melody2chord:lyrics_120] Last chord at tick: 36840
[melody2chord:lyrics_120] Output saved to: /data/home/fundwotsai/MIDI-SAG/generated_midi_right_key/lyrics_120/chord/chord_gen_filled_empty/sample01_shifted_chord_gen_filled_empty_bars.mid
[melody2chord:lyrics_120] === Quantizing melody to 1/16 notes ===
[melody2chord:lyrics_120] TPQ: 480
[melody2chord:lyrics_120] Ticks per 16th note: 120.0
[melody2chord:lyrics_120] Quantized 141 notes to 1/16 note positions
[melody2chord:lyrics_120] Output saved to: /data/home/fundwotsai/MIDI-SAG/generated_midi_right_key/lyrics_120/chord/chord_gen_quantized/sample01_shifted_chord_gen_quantized.mid
[melody2chord:lyrics_120] Extracted 81 beat-level chords from 'Chords' track
[melody2chord:lyrics_120] Chord times remapped to 83 beat positions (subdivision: quarter notes)
[melody2chord:lyrics_120] Filled 1 None chords
[melody2chord:lyrics_120] ✓ Successfully processed: sample01_shifted
[melody2chord:lyrics_120]   Key: C major (confidence: 0.56)
[melody2chord:lyrics_120]   Tempo: 78.0 BPM (source: MIDI tempo)
[melody2chord:lyrics_120]   Chord Text: /data/home/fundwotsai/MIDI-SAG/generated_midi_right_key/lyrics_120/chord/chord_txt/sample01_shifted_chord_gen.txt
[melody2chord:lyrics_120]   BTC Text:   /data/home/fundwotsai/MIDI-SAG/generated_midi_right_key/lyrics_120/chord/btc_txt/sample01_shifted_chord_gen.txt
