[melody2chord:lyrics_80] /data/home/fundwotsai/MIDI-SAG/AccoMontage2/chorderator/utils/utils.py:24: UserWarning: Could not import FluidSynth, audio formats writing disabled
[melody2chord:lyrics_80]   warnings.warn('Could not import FluidSynth, audio formats writing disabled')
[melody2chord:lyrics_80] /home/fundwotsai/miniconda3/envs/midi-sag/lib/python3.9/site-packages/miditok/tokenizations/remi.py:88: UserWarning: Attribute controls are not compatible with 'config.one_token_stream_for_programs' and multi-vocabulary tokenizers. Disabling them from the config.
[melody2chord:lyrics_80]   super().__init__(tokenizer_config, params)
[melody2chord:lyrics_80] /data/home/fundwotsai/MIDI-SAG/AccoMontage2/chorderator/core.py:238: UserWarning: Meter auto set to 4/4/. Please set meter if this is not your expectation
[melody2chord:lyrics_80]   warnings.warn('Meter auto set to 4/4/. Please set meter if this is not your expectation')
[melody2chord:lyrics_80] @Chorderator 2026-04-14 12:33:51,172 - INFO - [1;30m start read progressions from dict [0m
[melody2chord:lyrics_80] @Chorderator 2026-04-14 12:33:57,647 - INFO - [1;30m read progressions done [0m
[melody2chord:lyrics_80] @Chorderator 2026-04-14 12:33:57,647 - INFO - [1;30m start read progression library from source_base.pnt [0m
[melody2chord:lyrics_80] @Chorderator 2026-04-14 12:34:03,933 - INFO - [1;30m read library done [0m
[melody2chord:lyrics_80] @Chorderator 2026-04-14 12:34:03,934 - WARNING - [1;33m Pre-processing... [0m
[melody2chord:lyrics_80] @Chorderator 2026-04-14 12:34:03,945 - WARNING - [1;33m Pre-process done! [0m
[melody2chord:lyrics_80] @Chorderator 2026-04-14 12:34:03,945 - WARNING - [1;33m Solving... [0m
[melody2chord:lyrics_80] @Chorderator 2026-04-14 12:34:03,945 - INFO - [1;30m start read progressions from rep [0m
[melody2chord:lyrics_80] @Chorderator 2026-04-14 12:34:03,978 - INFO - [1;30m read progressions done [0m
[melody2chord:lyrics_80] @Chorderator 2026-04-14 12:34:03,983 - INFO - [1;30m Melody length 3, generate progression with 63 templates [0m
[melody2chord:lyrics_80] @Chorderator 2026-04-14 12:34:04,055 - WARNING - [1;33m Solved! [0m
[melody2chord:lyrics_80] @Chorderator 2026-04-14 12:34:04,055 - WARNING - [1;33m Post-processing... [0m
[melody2chord:lyrics_80] @Chorderator 2026-04-14 12:34:04,061 - WARNING - [1;33m Post-process done! [0m
[melody2chord:lyrics_80] @Chorderator 2026-04-14 12:34:04,061 - WARNING - [1;33m Generating textures... [0m
[melody2chord:lyrics_80] @Chorderator 2026-04-14 12:34:04,062 - WARNING - [1;33m All process finished! [0m
[melody2chord:lyrics_80] 
[melody2chord:lyrics_80] === Processing: sample01_shifted ===
[melody2chord:lyrics_80] Output will be saved to: /data/home/fundwotsai/MIDI-SAG/generated_midi_right_key/lyrics_80/chord/
[melody2chord:lyrics_80] beat_file_path: None
[melody2chord:lyrics_80] Tempo from MIDI: 78.0 BPM (no beat file — skipping warp step)
[melody2chord:lyrics_80] processed_melody_path: /data/home/fundwotsai/MIDI-SAG/generated_midi_right_key/lyrics_80/chord/processed_melody/sample01_shifted.mid
[melody2chord:lyrics_80] Detected key: C major (confidence: 0.78, Bellman-Budge)
[melody2chord:lyrics_80] Content bars: 18 -> Segmentation: A8B8A4 (total: 20)
[melody2chord:lyrics_80] Chorderator bars: 20 -> Segmentation: A8B8A4 (total: 20)
[melody2chord:lyrics_80] auto_config: {'note_shift': 66, 'segmentation': 'A8B8A4', 'analysis': {'total_bars': 23, 'empty_bars': 4, 'content_bars': 18, 'note_shift': 66, 'segmentation': 'A8B8A4', 'first_note_bar': 4.125, 'last_note_bar': 22.375, 'chorderator_bars': {'max_end_positions': 292, 'fixed_end_positions': 320, 'fixed_end_bars': 20, 'tempo': 77.99997660000703, 'unit': 0.19230774999999997}}}
[melody2chord:lyrics_80] tempo for CDT: 78.0 BPM
[melody2chord:lyrics_80] max_end: 292.0
[melody2chord:lyrics_80] fixed_end: 320
[melody2chord:lyrics_80] 320
[melody2chord:lyrics_80] {'tonic': 'C', 'mode': 'maj', 'tempo': 77.99997660000702, 'meter': '4/4', 'pos': ['x', 'x', 'x'], 'unit': 0.19230775}
[melody2chord:lyrics_80] Phrase length: 128 positions = 8 bars
[melody2chord:lyrics_80] Phrase length: 128 positions = 8 bars
[melody2chord:lyrics_80] Phrase length: 64 positions = 4 bars
[melody2chord:lyrics_80] [128, 128, 64]
[melody2chord:lyrics_80] Chord Progression
[melody2chord:lyrics_80] -Source: Niko_Kotoulas_Epic_Ending_3_F#-G#m-E-B (V-vi-IV-I).mid
[melody2chord:lyrics_80] -Source Type: None
[melody2chord:lyrics_80] -Source Tonic: B
[melody2chord:lyrics_80] -Source Metre: 4/4
[melody2chord:lyrics_80] -Source Mode: M (M for Major and m for minor)
[melody2chord:lyrics_80] -Appeared Times: 1
[melody2chord:lyrics_80] -Appeared In Other Songs: 0
[melody2chord:lyrics_80] -Reliability: 0.4
[melody2chord:lyrics_80] -Progression Class: {'type': 'unknown', 'pattern': 'V-vi-IV-I', 'cycle': (0, 0), 'progression-style': 'unknown', 'chord-style': 'unknown', 'performing-style': 'unknown', 'rhythm': 'unknown', 'epic-endings': 'True', 'melodic': 'unknown', 'folder-id': 335, 'duplicate-id': 494, 'new_label': 'unknown'}
[melody2chord:lyrics_80] Numbered: 
[melody2chord:lyrics_80] | 5------- | 6------- | 4------- | 1------- | 1------- | 1------- | 1------- | 1------- | 
[melody2chord:lyrics_80] Chord: 
[melody2chord:lyrics_80] | 
[melody2chord:lyrics_80] | F#0------- | G#1------- | E 0------- | B 0------- | B 0------- | B 0------- | B 0------- | B 0------- | 
[melody2chord:lyrics_80] 
[melody2chord:lyrics_80] Chord Progression
[melody2chord:lyrics_80] -Source: Niko_Kotoulas_Emotional_Chords_26_G#m-F#-B-C#m-D#m-E-F#-G#_.mid
[melody2chord:lyrics_80] -Source Type: None
[melody2chord:lyrics_80] -Source Tonic: B
[melody2chord:lyrics_80] -Source Metre: 4/4
[melody2chord:lyrics_80] -Source Mode: M (M for Major and m for minor)
[melody2chord:lyrics_80] -Appeared Times: 1
[melody2chord:lyrics_80] -Appeared In Other Songs: 0
[melody2chord:lyrics_80] -Reliability: 1.0
[melody2chord:lyrics_80] -Progression Class: {'type': 'unknown', 'pattern': 'unknown', 'cycle': (0.4338235294117646, 8), 'progression-style': 'emotional', 'chord-style': 'emotional', 'performing-style': 'unknown', 'rhythm': 'unknown', 'epic-endings': 'unknown', 'melodic': 'unknown', 'folder-id': 535, 'duplicate-id': 282, 'new_label': 'pop_complex'}
[melody2chord:lyrics_80] Numbered: 
[melody2chord:lyrics_80] | 6------- | 5------- | 1------- | 2------- | 3------- | 4------- | 5------- | 6------- | 
[melody2chord:lyrics_80] Chord: 
[melody2chord:lyrics_80] | 
[melody2chord:lyrics_80] | G#1------- | F#0------- | B 0------- | C#1------- | D#1------- | E 0------- | F#0------- | G#0------- | 
[melody2chord:lyrics_80] 
[melody2chord:lyrics_80] Chord Progression
[melody2chord:lyrics_80] -Source: Niko_Kotoulas_ChordProg_7_B-F#-G#m-E (I-V-vi-IV).mid
[melody2chord:lyrics_80] -Source Type: None
[melody2chord:lyrics_80] -Source Tonic: B
[melody2chord:lyrics_80] -Source Metre: 4/4
[melody2chord:lyrics_80] -Source Mode: M (M for Major and m for minor)
[melody2chord:lyrics_80] -Appeared Times: 1
[melody2chord:lyrics_80] -Appeared In Other Songs: 0
[melody2chord:lyrics_80] -Reliability: 0.9
[melody2chord:lyrics_80] -Progression Class: {'type': 'unknown', 'pattern': 'I-V-vi-IV', 'cycle': (-0.18898223650461363, 8), 'progression-style': 'unknown', 'chord-style': 'unknown', 'performing-style': 'unknown', 'rhythm': 'unknown', 'epic-endings': 'unknown', 'melodic': 'unknown', 'folder-id': 22, 'duplicate-id': 11, 'new_label': 'unknown'}
[melody2chord:lyrics_80] Numbered: 
[melody2chord:lyrics_80] | 1------- | 5------- | 6------- | 4------- | 
[melody2chord:lyrics_80] Chord: 
[melody2chord:lyrics_80] | B 0------- | F#0------- | G#1------- | E 0------- | 
[melody2chord:lyrics_80] 
[melody2chord:lyrics_80] Total: 3
[melody2chord:lyrics_80] 
[melody2chord:lyrics_80] === Aligning chord_gen TPQ ===
[melody2chord:lyrics_80] Original melody TPQ: 480
[melody2chord:lyrics_80] Chord gen TPQ: 220
[melody2chord:lyrics_80] TPQ ratio: 2.1818
[melody2chord:lyrics_80] Converted chord_gen TPQ from 220 to 480
[melody2chord:lyrics_80] Output saved to: /data/home/fundwotsai/MIDI-SAG/generated_midi_right_key/lyrics_80/chord/chord_gen/sample01_shifted_chord_gen.mid
[melody2chord:lyrics_80] Re-quantized 52 melody notes to 1/16 beat grid
[melody2chord:lyrics_80] === Fill Empty Bars with Chords ===
[melody2chord:lyrics_80] Original melody TPQ: 480
[melody2chord:lyrics_80] Chord gen TPQ: 480
[melody2chord:lyrics_80] TPQ ratio: 1.0000
[melody2chord:lyrics_80] Chords start at tick: 7919 (bar 4.12)
[melody2chord:lyrics_80] Empty bars to fill: 4
[melody2chord:lyrics_80] Prepending 0 bars and copying 38 chord notes to cover 4 leading bars
[melody2chord:lyrics_80] 
[melody2chord:lyrics_80] === Output Summary ===
[melody2chord:lyrics_80] Output TPQ: 480
[melody2chord:lyrics_80] Melody track notes: 123
[melody2chord:lyrics_80] Chord track notes: 159
[melody2chord:lyrics_80] First chord now at tick: 0
[melody2chord:lyrics_80] Last chord at tick: 44400
[melody2chord:lyrics_80] Output saved to: /data/home/fundwotsai/MIDI-SAG/generated_midi_right_key/lyrics_80/chord/chord_gen_filled_empty/sample01_shifted_chord_gen_filled_empty_bars.mid
[melody2chord:lyrics_80] === Quantizing melody to 1/16 notes ===
[melody2chord:lyrics_80] TPQ: 480
[melody2chord:lyrics_80] Ticks per 16th note: 120.0
[melody2chord:lyrics_80] Quantized 157 notes to 1/16 note positions
[melody2chord:lyrics_80] Output saved to: /data/home/fundwotsai/MIDI-SAG/generated_midi_right_key/lyrics_80/chord/chord_gen_quantized/sample01_shifted_chord_gen_quantized.mid
[melody2chord:lyrics_80] Extracted 96 beat-level chords from 'Chords' track
[melody2chord:lyrics_80] Chord times remapped to 91 beat positions (subdivision: quarter notes)
[melody2chord:lyrics_80] Filled 7 None chords
[melody2chord:lyrics_80] ✓ Successfully processed: sample01_shifted
[melody2chord:lyrics_80]   Key: C major (confidence: 0.78)
[melody2chord:lyrics_80]   Tempo: 78.0 BPM (source: MIDI tempo)
[melody2chord:lyrics_80]   Chord Text: /data/home/fundwotsai/MIDI-SAG/generated_midi_right_key/lyrics_80/chord/chord_txt/sample01_shifted_chord_gen.txt
[melody2chord:lyrics_80]   BTC Text:   /data/home/fundwotsai/MIDI-SAG/generated_midi_right_key/lyrics_80/chord/btc_txt/sample01_shifted_chord_gen.txt
