[melody2chord:lyrics_30] /data/home/fundwotsai/MIDI-SAG/AccoMontage2/chorderator/utils/utils.py:24: UserWarning: Could not import FluidSynth, audio formats writing disabled
[melody2chord:lyrics_30]   warnings.warn('Could not import FluidSynth, audio formats writing disabled')
[melody2chord:lyrics_30] /home/fundwotsai/miniconda3/envs/midi-sag/lib/python3.9/site-packages/miditok/tokenizations/remi.py:88: UserWarning: Attribute controls are not compatible with 'config.one_token_stream_for_programs' and multi-vocabulary tokenizers. Disabling them from the config.
[melody2chord:lyrics_30]   super().__init__(tokenizer_config, params)
[melody2chord:lyrics_30] /data/home/fundwotsai/MIDI-SAG/AccoMontage2/chorderator/core.py:238: UserWarning: Meter auto set to 4/4/. Please set meter if this is not your expectation
[melody2chord:lyrics_30]   warnings.warn('Meter auto set to 4/4/. Please set meter if this is not your expectation')
[melody2chord:lyrics_30] @Chorderator 2026-04-14 12:11:56,572 - INFO - [1;30m start read progressions from dict [0m
[melody2chord:lyrics_30] @Chorderator 2026-04-14 12:12:03,028 - INFO - [1;30m read progressions done [0m
[melody2chord:lyrics_30] @Chorderator 2026-04-14 12:12:03,028 - INFO - [1;30m start read progression library from source_base.pnt [0m
[melody2chord:lyrics_30] @Chorderator 2026-04-14 12:12:09,334 - INFO - [1;30m read library done [0m
[melody2chord:lyrics_30] @Chorderator 2026-04-14 12:12:09,334 - WARNING - [1;33m Pre-processing... [0m
[melody2chord:lyrics_30] @Chorderator 2026-04-14 12:12:09,344 - WARNING - [1;33m Pre-process done! [0m
[melody2chord:lyrics_30] @Chorderator 2026-04-14 12:12:09,344 - WARNING - [1;33m Solving... [0m
[melody2chord:lyrics_30] @Chorderator 2026-04-14 12:12:09,344 - INFO - [1;30m start read progressions from rep [0m
[melody2chord:lyrics_30] @Chorderator 2026-04-14 12:12:09,376 - INFO - [1;30m read progressions done [0m
[melody2chord:lyrics_30] @Chorderator 2026-04-14 12:12:09,382 - INFO - [1;30m Melody length 3, generate progression with 63 templates [0m
[melody2chord:lyrics_30] @Chorderator 2026-04-14 12:12:09,456 - WARNING - [1;33m Solved! [0m
[melody2chord:lyrics_30] @Chorderator 2026-04-14 12:12:09,456 - WARNING - [1;33m Post-processing... [0m
[melody2chord:lyrics_30] @Chorderator 2026-04-14 12:12:09,462 - WARNING - [1;33m Post-process done! [0m
[melody2chord:lyrics_30] @Chorderator 2026-04-14 12:12:09,462 - WARNING - [1;33m Generating textures... [0m
[melody2chord:lyrics_30] @Chorderator 2026-04-14 12:12:09,462 - WARNING - [1;33m All process finished! [0m
[melody2chord:lyrics_30] 
[melody2chord:lyrics_30] === Processing: sample01_shifted ===
[melody2chord:lyrics_30] Output will be saved to: /data/home/fundwotsai/MIDI-SAG/generated_midi_right_key/lyrics_30/chord/
[melody2chord:lyrics_30] beat_file_path: None
[melody2chord:lyrics_30] Tempo from MIDI: 95.0 BPM (no beat file — skipping warp step)
[melody2chord:lyrics_30] processed_melody_path: /data/home/fundwotsai/MIDI-SAG/generated_midi_right_key/lyrics_30/chord/processed_melody/sample01_shifted.mid
[melody2chord:lyrics_30] Detected key: G major (confidence: 0.71, Bellman-Budge)
[melody2chord:lyrics_30] Content bars: 23 -> Segmentation: A8B8A8 (total: 24)
[melody2chord:lyrics_30] Chorderator bars: 24 -> Segmentation: A8B8A8 (total: 24)
[melody2chord:lyrics_30] auto_config: {'note_shift': 64, 'segmentation': 'A8B8A8', 'analysis': {'total_bars': 28, 'empty_bars': 4, 'content_bars': 23, 'note_shift': 64, 'segmentation': 'A8B8A8', 'first_note_bar': 4.0, 'last_note_bar': 27.375, 'chorderator_bars': {'max_end_positions': 374, 'fixed_end_positions': 384, 'fixed_end_bars': 24, 'tempo': 94.99999208333399, 'unit': 0.15789475}}}
[melody2chord:lyrics_30] tempo for CDT: 95.0 BPM
[melody2chord:lyrics_30] max_end: 374.0
[melody2chord:lyrics_30] fixed_end: 384
[melody2chord:lyrics_30] 384
[melody2chord:lyrics_30] {'tonic': 'G', 'mode': 'maj', 'tempo': 94.99999208333399, 'meter': '4/4', 'pos': ['x', 'x', 'x'], 'unit': 0.15789475}
[melody2chord:lyrics_30] Phrase length: 128 positions = 8 bars
[melody2chord:lyrics_30] Phrase length: 128 positions = 8 bars
[melody2chord:lyrics_30] Phrase length: 128 positions = 8 bars
[melody2chord:lyrics_30] [128, 128, 128]
[melody2chord:lyrics_30] Chord Progression
[melody2chord:lyrics_30] -Source: Niko_Kotoulas_Emotional_Chords_2_C#m-B-F#-B-F#-G#m-E-B_.mid
[melody2chord:lyrics_30] -Source Type: None
[melody2chord:lyrics_30] -Source Tonic: B
[melody2chord:lyrics_30] -Source Metre: 4/4
[melody2chord:lyrics_30] -Source Mode: M (M for Major and m for minor)
[melody2chord:lyrics_30] -Appeared Times: 1
[melody2chord:lyrics_30] -Appeared In Other Songs: 0
[melody2chord:lyrics_30] -Reliability: 1.0
[melody2chord:lyrics_30] -Progression Class: {'type': 'unknown', 'pattern': 'unknown', 'cycle': (0.08151391459392222, 32), 'progression-style': 'emotional', 'chord-style': 'emotional', 'performing-style': 'unknown', 'rhythm': 'unknown', 'epic-endings': 'unknown', 'melodic': 'unknown', 'folder-id': 535, 'duplicate-id': 290, 'new_label': 'pop_complex'}
[melody2chord:lyrics_30] Numbered: 
[melody2chord:lyrics_30] | 2------- | 1------- | 5------- | 1------- | 5------- | 6------- | 4------- | 1------- | 
[melody2chord:lyrics_30] Chord: 
[melody2chord:lyrics_30] | 
[melody2chord:lyrics_30] | C#1------- | B 0------- | F#0------- | B 0------- | F#0------- | G#1------- | E 0------- | B 0------- | 
[melody2chord:lyrics_30] 
[melody2chord:lyrics_30] Chord Progression
[melody2chord:lyrics_30] -Source: Niko_Kotoulas_Pop_7th_9th_Chords_17_G#m-E-B-F#_.mid
[melody2chord:lyrics_30] -Source Type: None
[melody2chord:lyrics_30] -Source Tonic: B
[melody2chord:lyrics_30] -Source Metre: 4/4
[melody2chord:lyrics_30] -Source Mode: M (M for Major and m for minor)
[melody2chord:lyrics_30] -Appeared Times: 1
[melody2chord:lyrics_30] -Appeared In Other Songs: 0
[melody2chord:lyrics_30] -Reliability: 1.0
[melody2chord:lyrics_30] -Progression Class: {'type': 'unknown', 'pattern': 'unknown', 'cycle': (1.0, 32), 'progression-style': 'pop', 'chord-style': 'classy', 'performing-style': 'unknown', 'rhythm': 'unknown', 'epic-endings': 'unknown', 'melodic': 'unknown', 'folder-id': 528, 'duplicate-id': 163, 'new_label': 'pop_complex'}
[melody2chord:lyrics_30] Numbered: 
[melody2chord:lyrics_30] | 6------- | 4------- | 1------- | 5------- | 6------- | 4------- | 1------- | 5------- | 
[melody2chord:lyrics_30] Chord: 
[melody2chord:lyrics_30] | 
[melody2chord:lyrics_30] | G#1------- | E 0------- | B 0------- | F#0------- | G#1------- | E 0------- | B 0------- | F#0------- | 
[melody2chord:lyrics_30] 
[melody2chord:lyrics_30] Chord Progression
[melody2chord:lyrics_30] -Source: Niko_Kotoulas_Pop_7th_9th_Chords_4_B-E-G#m-F#_.mid
[melody2chord:lyrics_30] -Source Type: None
[melody2chord:lyrics_30] -Source Tonic: B
[melody2chord:lyrics_30] -Source Metre: 4/4
[melody2chord:lyrics_30] -Source Mode: M (M for Major and m for minor)
[melody2chord:lyrics_30] -Appeared Times: 1
[melody2chord:lyrics_30] -Appeared In Other Songs: 0
[melody2chord:lyrics_30] -Reliability: 1.0
[melody2chord:lyrics_30] -Progression Class: {'type': 'unknown', 'pattern': 'unknown', 'cycle': (1.0, 32), 'progression-style': 'pop', 'chord-style': 'classy', 'performing-style': 'unknown', 'rhythm': 'unknown', 'epic-endings': 'unknown', 'melodic': 'unknown', 'folder-id': 528, 'duplicate-id': 172, 'new_label': 'pop_complex'}
[melody2chord:lyrics_30] Numbered: 
[melody2chord:lyrics_30] | 1------- | 4------- | 6------- | 5------- | 1------- | 4------- | 6------- | 5------- | 
[melody2chord:lyrics_30] Chord: 
[melody2chord:lyrics_30] | 
[melody2chord:lyrics_30] | B 0------- | E 0------- | G#1------- | F#0------- | B 0------- | E 0------- | G#1------- | F#0------- | 
[melody2chord:lyrics_30] 
[melody2chord:lyrics_30] Total: 3
[melody2chord:lyrics_30] 
[melody2chord:lyrics_30] === Aligning chord_gen TPQ ===
[melody2chord:lyrics_30] Original melody TPQ: 480
[melody2chord:lyrics_30] Chord gen TPQ: 220
[melody2chord:lyrics_30] TPQ ratio: 2.1818
[melody2chord:lyrics_30] Converted chord_gen TPQ from 220 to 480
[melody2chord:lyrics_30] Output saved to: /data/home/fundwotsai/MIDI-SAG/generated_midi_right_key/lyrics_30/chord/chord_gen/sample01_shifted_chord_gen.mid
[melody2chord:lyrics_30] Re-quantized 48 melody notes to 1/16 beat grid
[melody2chord:lyrics_30] === Fill Empty Bars with Chords ===
[melody2chord:lyrics_30] Original melody TPQ: 480
[melody2chord:lyrics_30] Chord gen TPQ: 480
[melody2chord:lyrics_30] TPQ ratio: 1.0000
[melody2chord:lyrics_30] Chords start at tick: 7679 (bar 4.00)
[melody2chord:lyrics_30] Empty bars to fill: 4
[melody2chord:lyrics_30] Prepending 1 bars and copying 18 chord notes to cover 4 leading bars
[melody2chord:lyrics_30] 
[melody2chord:lyrics_30] === Output Summary ===
[melody2chord:lyrics_30] Output TPQ: 480
[melody2chord:lyrics_30] Melody track notes: 127
[melody2chord:lyrics_30] Chord track notes: 145
[melody2chord:lyrics_30] First chord now at tick: 0
[melody2chord:lyrics_30] Last chord at tick: 53759
[melody2chord:lyrics_30] Output saved to: /data/home/fundwotsai/MIDI-SAG/generated_midi_right_key/lyrics_30/chord/chord_gen_filled_empty/sample01_shifted_chord_gen_filled_empty_bars.mid
[melody2chord:lyrics_30] === Quantizing melody to 1/16 notes ===
[melody2chord:lyrics_30] TPQ: 480
[melody2chord:lyrics_30] Ticks per 16th note: 120.0
[melody2chord:lyrics_30] Quantized 155 notes to 1/16 note positions
[melody2chord:lyrics_30] Output saved to: /data/home/fundwotsai/MIDI-SAG/generated_midi_right_key/lyrics_30/chord/chord_gen_quantized/sample01_shifted_chord_gen_quantized.mid
[melody2chord:lyrics_30] Extracted 116 beat-level chords from 'Chords' track
[melody2chord:lyrics_30] Chord times remapped to 111 beat positions (subdivision: quarter notes)
[melody2chord:lyrics_30] Filled 4 None chords
[melody2chord:lyrics_30] ✓ Successfully processed: sample01_shifted
[melody2chord:lyrics_30]   Key: G major (confidence: 0.71)
[melody2chord:lyrics_30]   Tempo: 95.0 BPM (source: MIDI tempo)
[melody2chord:lyrics_30]   Chord Text: /data/home/fundwotsai/MIDI-SAG/generated_midi_right_key/lyrics_30/chord/chord_txt/sample01_shifted_chord_gen.txt
[melody2chord:lyrics_30]   BTC Text:   /data/home/fundwotsai/MIDI-SAG/generated_midi_right_key/lyrics_30/chord/btc_txt/sample01_shifted_chord_gen.txt
