[melody2chord:lyrics_193] /data/home/fundwotsai/MIDI-SAG/AccoMontage2/chorderator/utils/utils.py:24: UserWarning: Could not import FluidSynth, audio formats writing disabled
[melody2chord:lyrics_193]   warnings.warn('Could not import FluidSynth, audio formats writing disabled')
[melody2chord:lyrics_193] /home/fundwotsai/miniconda3/envs/midi-sag/lib/python3.9/site-packages/miditok/tokenizations/remi.py:88: UserWarning: Attribute controls are not compatible with 'config.one_token_stream_for_programs' and multi-vocabulary tokenizers. Disabling them from the config.
[melody2chord:lyrics_193]   super().__init__(tokenizer_config, params)
[melody2chord:lyrics_193] /data/home/fundwotsai/MIDI-SAG/AccoMontage2/chorderator/core.py:238: UserWarning: Meter auto set to 4/4/. Please set meter if this is not your expectation
[melody2chord:lyrics_193]   warnings.warn('Meter auto set to 4/4/. Please set meter if this is not your expectation')
[melody2chord:lyrics_193] @Chorderator 2026-04-14 12:00:46,207 - INFO - [1;30m start read progressions from dict [0m
[melody2chord:lyrics_193] @Chorderator 2026-04-14 12:00:52,932 - INFO - [1;30m read progressions done [0m
[melody2chord:lyrics_193] @Chorderator 2026-04-14 12:00:52,932 - INFO - [1;30m start read progression library from source_base.pnt [0m
[melody2chord:lyrics_193] @Chorderator 2026-04-14 12:00:59,205 - INFO - [1;30m read library done [0m
[melody2chord:lyrics_193] @Chorderator 2026-04-14 12:00:59,205 - WARNING - [1;33m Pre-processing... [0m
[melody2chord:lyrics_193] @Chorderator 2026-04-14 12:00:59,215 - WARNING - [1;33m Pre-process done! [0m
[melody2chord:lyrics_193] @Chorderator 2026-04-14 12:00:59,215 - WARNING - [1;33m Solving... [0m
[melody2chord:lyrics_193] @Chorderator 2026-04-14 12:00:59,215 - INFO - [1;30m start read progressions from rep [0m
[melody2chord:lyrics_193] @Chorderator 2026-04-14 12:00:59,248 - INFO - [1;30m read progressions done [0m
[melody2chord:lyrics_193] @Chorderator 2026-04-14 12:00:59,252 - INFO - [1;30m Melody length 2, generate progression with 63 templates [0m
[melody2chord:lyrics_193] @Chorderator 2026-04-14 12:00:59,302 - WARNING - [1;33m Solved! [0m
[melody2chord:lyrics_193] @Chorderator 2026-04-14 12:00:59,303 - WARNING - [1;33m Post-processing... [0m
[melody2chord:lyrics_193] @Chorderator 2026-04-14 12:00:59,307 - WARNING - [1;33m Post-process done! [0m
[melody2chord:lyrics_193] @Chorderator 2026-04-14 12:00:59,307 - WARNING - [1;33m Generating textures... [0m
[melody2chord:lyrics_193] @Chorderator 2026-04-14 12:00:59,307 - WARNING - [1;33m All process finished! [0m
[melody2chord:lyrics_193] 
[melody2chord:lyrics_193] === Processing: sample01_shifted ===
[melody2chord:lyrics_193] Output will be saved to: /data/home/fundwotsai/MIDI-SAG/generated_midi_right_key/lyrics_193/chord/
[melody2chord:lyrics_193] beat_file_path: None
[melody2chord:lyrics_193] Tempo from MIDI: 78.0 BPM (no beat file — skipping warp step)
[melody2chord:lyrics_193] processed_melody_path: /data/home/fundwotsai/MIDI-SAG/generated_midi_right_key/lyrics_193/chord/processed_melody/sample01_shifted.mid
[melody2chord:lyrics_193] Detected key: Eb major (confidence: 0.46, Bellman-Budge)
[melody2chord:lyrics_193] Content bars: 17 -> Segmentation: A8B8A4 (total: 20)
[melody2chord:lyrics_193] Chorderator bars: 16 -> Segmentation: A8B8 (total: 16)
[melody2chord:lyrics_193] auto_config: {'note_shift': 72, 'segmentation': 'A8B8', 'analysis': {'total_bars': 22, 'empty_bars': 4, 'content_bars': 17, 'note_shift': 72, 'segmentation': 'A8B8', 'first_note_bar': 4.5, 'last_note_bar': 21.125, 'chorderator_bars': {'max_end_positions': 266, 'fixed_end_positions': 256, 'fixed_end_bars': 16, 'tempo': 77.99997660000703, 'unit': 0.19230774999999997}}}
[melody2chord:lyrics_193] tempo for CDT: 78.0 BPM
[melody2chord:lyrics_193] max_end: 266.0
[melody2chord:lyrics_193] fixed_end: 256
[melody2chord:lyrics_193] 256
[melody2chord:lyrics_193] {'tonic': 'Eb', 'mode': 'maj', 'tempo': 77.99997660000702, 'meter': '4/4', 'pos': ['x', 'x'], 'unit': 0.19230775}
[melody2chord:lyrics_193] Phrase length: 128 positions = 8 bars
[melody2chord:lyrics_193] Phrase length: 128 positions = 8 bars
[melody2chord:lyrics_193] [128, 128]
[melody2chord:lyrics_193] Chord Progression
[melody2chord:lyrics_193] -Source: Niko_Kotoulas_Pop_7th_9th_Chords_6_B-E-F#-B_.mid
[melody2chord:lyrics_193] -Source Type: None
[melody2chord:lyrics_193] -Source Tonic: B
[melody2chord:lyrics_193] -Source Metre: 4/4
[melody2chord:lyrics_193] -Source Mode: M (M for Major and m for minor)
[melody2chord:lyrics_193] -Appeared Times: 1
[melody2chord:lyrics_193] -Appeared In Other Songs: 0
[melody2chord:lyrics_193] -Reliability: 1.0
[melody2chord:lyrics_193] -Progression Class: {'type': 'unknown', 'pattern': 'unknown', 'cycle': (1.0, 32), 'progression-style': 'pop', 'chord-style': 'classy', 'performing-style': 'unknown', 'rhythm': 'unknown', 'epic-endings': 'unknown', 'melodic': 'unknown', 'folder-id': 528, 'duplicate-id': 157, 'new_label': 'pop_complex'}
[melody2chord:lyrics_193] Numbered: 
[melody2chord:lyrics_193] | 1------- | 4------- | 5------- | 1------- | 1------- | 4------- | 5------- | 1------- | 
[melody2chord:lyrics_193] Chord: 
[melody2chord:lyrics_193] | 
[melody2chord:lyrics_193] | B 0------- | E 0------- | F#0------- | B 0------- | B 0------- | E 0------- | F#0------- | B 0------- | 
[melody2chord:lyrics_193] 
[melody2chord:lyrics_193] Chord Progression
[melody2chord:lyrics_193] -Source: Niko_Kotoulas_EDM_7th_9th_Chords_5_C#m-E-B-F#_.mid
[melody2chord:lyrics_193] -Source Type: None
[melody2chord:lyrics_193] -Source Tonic: B
[melody2chord:lyrics_193] -Source Metre: 4/4
[melody2chord:lyrics_193] -Source Mode: M (M for Major and m for minor)
[melody2chord:lyrics_193] -Appeared Times: 1
[melody2chord:lyrics_193] -Appeared In Other Songs: 0
[melody2chord:lyrics_193] -Reliability: 1.0
[melody2chord:lyrics_193] -Progression Class: {'type': 'unknown', 'pattern': 'unknown', 'cycle': (1.0, 32), 'progression-style': 'edm', 'chord-style': 'classy', 'performing-style': 'unknown', 'rhythm': 'unknown', 'epic-endings': 'unknown', 'melodic': 'unknown', 'folder-id': 531, 'duplicate-id': 218, 'new_label': 'pop_complex'}
[melody2chord:lyrics_193] Numbered: 
[melody2chord:lyrics_193] | 2------- | 4------- | 1------- | 5------- | 2------- | 4------- | 1------- | 5------- | 
[melody2chord:lyrics_193] Chord: 
[melody2chord:lyrics_193] | 
[melody2chord:lyrics_193] | C#1------- | E 0------- | B 0------- | F#0------- | C#1------- | E 0------- | B 0------- | F#0------- | 
[melody2chord:lyrics_193] 
[melody2chord:lyrics_193] Total: 2
[melody2chord:lyrics_193] 
[melody2chord:lyrics_193] === Aligning chord_gen TPQ ===
[melody2chord:lyrics_193] Original melody TPQ: 480
[melody2chord:lyrics_193] Chord gen TPQ: 220
[melody2chord:lyrics_193] TPQ ratio: 2.1818
[melody2chord:lyrics_193] Converted chord_gen TPQ from 220 to 480
[melody2chord:lyrics_193] Output saved to: /data/home/fundwotsai/MIDI-SAG/generated_midi_right_key/lyrics_193/chord/chord_gen/sample01_shifted_chord_gen.mid
[melody2chord:lyrics_193] Re-quantized 53 melody notes to 1/16 beat grid
[melody2chord:lyrics_193] === Fill Empty Bars with Chords ===
[melody2chord:lyrics_193] Original melody TPQ: 480
[melody2chord:lyrics_193] Chord gen TPQ: 480
[melody2chord:lyrics_193] TPQ ratio: 1.0000
[melody2chord:lyrics_193] Chords start at tick: 8640 (bar 4.50)
[melody2chord:lyrics_193] Empty bars to fill: 4
[melody2chord:lyrics_193] Prepending 0 bars and copying 31 chord notes to cover 4 leading bars
[melody2chord:lyrics_193] 
[melody2chord:lyrics_193] === Output Summary ===
[melody2chord:lyrics_193] Output TPQ: 480
[melody2chord:lyrics_193] Melody track notes: 118
[melody2chord:lyrics_193] Chord track notes: 128
[melody2chord:lyrics_193] First chord now at tick: 0
[melody2chord:lyrics_193] Last chord at tick: 37440
[melody2chord:lyrics_193] Output saved to: /data/home/fundwotsai/MIDI-SAG/generated_midi_right_key/lyrics_193/chord/chord_gen_filled_empty/sample01_shifted_chord_gen_filled_empty_bars.mid
[melody2chord:lyrics_193] === Quantizing melody to 1/16 notes ===
[melody2chord:lyrics_193] TPQ: 480
[melody2chord:lyrics_193] Ticks per 16th note: 120.0
[melody2chord:lyrics_193] Quantized 139 notes to 1/16 note positions
[melody2chord:lyrics_193] Output saved to: /data/home/fundwotsai/MIDI-SAG/generated_midi_right_key/lyrics_193/chord/chord_gen_quantized/sample01_shifted_chord_gen_quantized.mid
[melody2chord:lyrics_193] Extracted 82 beat-level chords from 'Chords' track
[melody2chord:lyrics_193] Chord times remapped to 86 beat positions (subdivision: quarter notes)
[melody2chord:lyrics_193] ✓ Successfully processed: sample01_shifted
[melody2chord:lyrics_193]   Key: Eb major (confidence: 0.46)
[melody2chord:lyrics_193]   Tempo: 78.0 BPM (source: MIDI tempo)
[melody2chord:lyrics_193]   Chord Text: /data/home/fundwotsai/MIDI-SAG/generated_midi_right_key/lyrics_193/chord/chord_txt/sample01_shifted_chord_gen.txt
[melody2chord:lyrics_193]   BTC Text:   /data/home/fundwotsai/MIDI-SAG/generated_midi_right_key/lyrics_193/chord/btc_txt/sample01_shifted_chord_gen.txt
