[melody2chord:lyrics_37] /data/home/fundwotsai/MIDI-SAG/AccoMontage2/chorderator/utils/utils.py:24: UserWarning: Could not import FluidSynth, audio formats writing disabled
[melody2chord:lyrics_37]   warnings.warn('Could not import FluidSynth, audio formats writing disabled')
[melody2chord:lyrics_37] /home/fundwotsai/miniconda3/envs/midi-sag/lib/python3.9/site-packages/miditok/tokenizations/remi.py:88: UserWarning: Attribute controls are not compatible with 'config.one_token_stream_for_programs' and multi-vocabulary tokenizers. Disabling them from the config.
[melody2chord:lyrics_37]   super().__init__(tokenizer_config, params)
[melody2chord:lyrics_37] /data/home/fundwotsai/MIDI-SAG/AccoMontage2/chorderator/core.py:238: UserWarning: Meter auto set to 4/4/. Please set meter if this is not your expectation
[melody2chord:lyrics_37]   warnings.warn('Meter auto set to 4/4/. Please set meter if this is not your expectation')
[melody2chord:lyrics_37] @Chorderator 2026-04-14 12:14:50,621 - INFO - [1;30m start read progressions from dict [0m
[melody2chord:lyrics_37] @Chorderator 2026-04-14 12:14:57,078 - INFO - [1;30m read progressions done [0m
[melody2chord:lyrics_37] @Chorderator 2026-04-14 12:14:57,078 - INFO - [1;30m start read progression library from source_base.pnt [0m
[melody2chord:lyrics_37] @Chorderator 2026-04-14 12:15:03,355 - INFO - [1;30m read library done [0m
[melody2chord:lyrics_37] @Chorderator 2026-04-14 12:15:03,355 - WARNING - [1;33m Pre-processing... [0m
[melody2chord:lyrics_37] @Chorderator 2026-04-14 12:15:03,363 - WARNING - [1;33m Pre-process done! [0m
[melody2chord:lyrics_37] @Chorderator 2026-04-14 12:15:03,363 - WARNING - [1;33m Solving... [0m
[melody2chord:lyrics_37] @Chorderator 2026-04-14 12:15:03,363 - INFO - [1;30m start read progressions from rep [0m
[melody2chord:lyrics_37] @Chorderator 2026-04-14 12:15:03,395 - INFO - [1;30m read progressions done [0m
[melody2chord:lyrics_37] @Chorderator 2026-04-14 12:15:03,399 - INFO - [1;30m Melody length 2, generate progression with 63 templates [0m
[melody2chord:lyrics_37] @Chorderator 2026-04-14 12:15:03,447 - WARNING - [1;33m Solved! [0m
[melody2chord:lyrics_37] @Chorderator 2026-04-14 12:15:03,447 - WARNING - [1;33m Post-processing... [0m
[melody2chord:lyrics_37] @Chorderator 2026-04-14 12:15:03,451 - WARNING - [1;33m Post-process done! [0m
[melody2chord:lyrics_37] @Chorderator 2026-04-14 12:15:03,451 - WARNING - [1;33m Generating textures... [0m
[melody2chord:lyrics_37] @Chorderator 2026-04-14 12:15:03,452 - WARNING - [1;33m All process finished! [0m
[melody2chord:lyrics_37] 
[melody2chord:lyrics_37] === Processing: sample01_shifted ===
[melody2chord:lyrics_37] Output will be saved to: /data/home/fundwotsai/MIDI-SAG/generated_midi_right_key/lyrics_37/chord/
[melody2chord:lyrics_37] beat_file_path: None
[melody2chord:lyrics_37] Tempo from MIDI: 78.0 BPM (no beat file — skipping warp step)
[melody2chord:lyrics_37] processed_melody_path: /data/home/fundwotsai/MIDI-SAG/generated_midi_right_key/lyrics_37/chord/processed_melody/sample01_shifted.mid
[melody2chord:lyrics_37] Detected key: Eb major (confidence: 0.80, Bellman-Budge)
[melody2chord:lyrics_37] Content bars: 13 -> Segmentation: A8B8 (total: 16)
[melody2chord:lyrics_37] Chorderator bars: 12 -> Segmentation: A8B4 (total: 12)
[melody2chord:lyrics_37] auto_config: {'note_shift': 78, 'segmentation': 'A8B4', 'analysis': {'total_bars': 18, 'empty_bars': 4, 'content_bars': 13, 'note_shift': 78, 'segmentation': 'A8B4', 'first_note_bar': 4.875, 'last_note_bar': 17.5625, 'chorderator_bars': {'max_end_positions': 203, 'fixed_end_positions': 192, 'fixed_end_bars': 12, 'tempo': 77.99997660000703, 'unit': 0.19230774999999997}}}
[melody2chord:lyrics_37] tempo for CDT: 78.0 BPM
[melody2chord:lyrics_37] max_end: 203.0
[melody2chord:lyrics_37] fixed_end: 192
[melody2chord:lyrics_37] 192
[melody2chord:lyrics_37] {'tonic': 'Eb', 'mode': 'maj', 'tempo': 77.99997660000702, 'meter': '4/4', 'pos': ['x', 'x'], 'unit': 0.19230775}
[melody2chord:lyrics_37] Phrase length: 128 positions = 8 bars
[melody2chord:lyrics_37] Phrase length: 64 positions = 4 bars
[melody2chord:lyrics_37] [128, 64]
[melody2chord:lyrics_37] Chord Progression
[melody2chord:lyrics_37] -Source: Niko_Kotoulas_Emotional_Chords_2_C#m-B-F#-B-F#-G#m-E-B_.mid
[melody2chord:lyrics_37] -Source Type: None
[melody2chord:lyrics_37] -Source Tonic: B
[melody2chord:lyrics_37] -Source Metre: 4/4
[melody2chord:lyrics_37] -Source Mode: M (M for Major and m for minor)
[melody2chord:lyrics_37] -Appeared Times: 1
[melody2chord:lyrics_37] -Appeared In Other Songs: 0
[melody2chord:lyrics_37] -Reliability: 1.0
[melody2chord:lyrics_37] -Progression Class: {'type': 'unknown', 'pattern': 'unknown', 'cycle': (0.08151391459392222, 32), 'progression-style': 'emotional', 'chord-style': 'emotional', 'performing-style': 'unknown', 'rhythm': 'unknown', 'epic-endings': 'unknown', 'melodic': 'unknown', 'folder-id': 535, 'duplicate-id': 290, 'new_label': 'pop_complex'}
[melody2chord:lyrics_37] Numbered: 
[melody2chord:lyrics_37] | 2------- | 1------- | 5------- | 1------- | 5------- | 6------- | 4------- | 1------- | 
[melody2chord:lyrics_37] Chord: 
[melody2chord:lyrics_37] | 
[melody2chord:lyrics_37] | C#1------- | B 0------- | F#0------- | B 0------- | F#0------- | G#1------- | E 0------- | B 0------- | 
[melody2chord:lyrics_37] 
[melody2chord:lyrics_37] Chord Progression
[melody2chord:lyrics_37] -Source: Niko_Kotoulas_ChordProg_1_E-F#-G#m-B (IV-V-vi-I).mid
[melody2chord:lyrics_37] -Source Type: None
[melody2chord:lyrics_37] -Source Tonic: B
[melody2chord:lyrics_37] -Source Metre: 4/4
[melody2chord:lyrics_37] -Source Mode: M (M for Major and m for minor)
[melody2chord:lyrics_37] -Appeared Times: 1
[melody2chord:lyrics_37] -Appeared In Other Songs: 0
[melody2chord:lyrics_37] -Reliability: 0.9
[melody2chord:lyrics_37] -Progression Class: {'type': 'unknown', 'pattern': 'IV-V-vi-I', 'cycle': (-0.7559289460184545, 8), 'progression-style': 'unknown', 'chord-style': 'unknown', 'performing-style': 'unknown', 'rhythm': 'unknown', 'epic-endings': 'unknown', 'melodic': 'unknown', 'folder-id': 301, 'duplicate-id': 479, 'new_label': 'unknown'}
[melody2chord:lyrics_37] Numbered: 
[melody2chord:lyrics_37] | 4------- | 5------- | 6------- | 1------- | 
[melody2chord:lyrics_37] Chord: 
[melody2chord:lyrics_37] | E 0------- | F#0------- | G#1------- | B 0------- | 
[melody2chord:lyrics_37] 
[melody2chord:lyrics_37] Total: 2
[melody2chord:lyrics_37] 
[melody2chord:lyrics_37] === Aligning chord_gen TPQ ===
[melody2chord:lyrics_37] Original melody TPQ: 480
[melody2chord:lyrics_37] Chord gen TPQ: 220
[melody2chord:lyrics_37] TPQ ratio: 2.1818
[melody2chord:lyrics_37] Converted chord_gen TPQ from 220 to 480
[melody2chord:lyrics_37] Output saved to: /data/home/fundwotsai/MIDI-SAG/generated_midi_right_key/lyrics_37/chord/chord_gen/sample01_shifted_chord_gen.mid
[melody2chord:lyrics_37] Re-quantized 65 melody notes to 1/16 beat grid
[melody2chord:lyrics_37] === Fill Empty Bars with Chords ===
[melody2chord:lyrics_37] Original melody TPQ: 480
[melody2chord:lyrics_37] Chord gen TPQ: 480
[melody2chord:lyrics_37] TPQ ratio: 1.0000
[melody2chord:lyrics_37] Chords start at tick: 9360 (bar 4.88)
[melody2chord:lyrics_37] Empty bars to fill: 4
[melody2chord:lyrics_37] Prepending 0 bars and copying 18 chord notes to cover 4 leading bars
[melody2chord:lyrics_37] 
[melody2chord:lyrics_37] === Output Summary ===
[melody2chord:lyrics_37] Output TPQ: 480
[melody2chord:lyrics_37] Melody track notes: 125
[melody2chord:lyrics_37] Chord track notes: 73
[melody2chord:lyrics_37] First chord now at tick: 0
[melody2chord:lyrics_37] Last chord at tick: 30479
[melody2chord:lyrics_37] Output saved to: /data/home/fundwotsai/MIDI-SAG/generated_midi_right_key/lyrics_37/chord/chord_gen_filled_empty/sample01_shifted_chord_gen_filled_empty_bars.mid
[melody2chord:lyrics_37] === Quantizing melody to 1/16 notes ===
[melody2chord:lyrics_37] TPQ: 480
[melody2chord:lyrics_37] Ticks per 16th note: 120.0
[melody2chord:lyrics_37] Quantized 136 notes to 1/16 note positions
[melody2chord:lyrics_37] Output saved to: /data/home/fundwotsai/MIDI-SAG/generated_midi_right_key/lyrics_37/chord/chord_gen_quantized/sample01_shifted_chord_gen_quantized.mid
[melody2chord:lyrics_37] Extracted 67 beat-level chords from 'Chords' track
[melody2chord:lyrics_37] Chord times remapped to 72 beat positions (subdivision: quarter notes)
[melody2chord:lyrics_37] Filled 4 None chords
[melody2chord:lyrics_37] ✓ Successfully processed: sample01_shifted
[melody2chord:lyrics_37]   Key: Eb major (confidence: 0.80)
[melody2chord:lyrics_37]   Tempo: 78.0 BPM (source: MIDI tempo)
[melody2chord:lyrics_37]   Chord Text: /data/home/fundwotsai/MIDI-SAG/generated_midi_right_key/lyrics_37/chord/chord_txt/sample01_shifted_chord_gen.txt
[melody2chord:lyrics_37]   BTC Text:   /data/home/fundwotsai/MIDI-SAG/generated_midi_right_key/lyrics_37/chord/btc_txt/sample01_shifted_chord_gen.txt
