[melody2chord:lyrics_79] /data/home/fundwotsai/MIDI-SAG/AccoMontage2/chorderator/utils/utils.py:24: UserWarning: Could not import FluidSynth, audio formats writing disabled
[melody2chord:lyrics_79]   warnings.warn('Could not import FluidSynth, audio formats writing disabled')
[melody2chord:lyrics_79] /home/fundwotsai/miniconda3/envs/midi-sag/lib/python3.9/site-packages/miditok/tokenizations/remi.py:88: UserWarning: Attribute controls are not compatible with 'config.one_token_stream_for_programs' and multi-vocabulary tokenizers. Disabling them from the config.
[melody2chord:lyrics_79]   super().__init__(tokenizer_config, params)
[melody2chord:lyrics_79] /data/home/fundwotsai/MIDI-SAG/AccoMontage2/chorderator/core.py:238: UserWarning: Meter auto set to 4/4/. Please set meter if this is not your expectation
[melody2chord:lyrics_79]   warnings.warn('Meter auto set to 4/4/. Please set meter if this is not your expectation')
[melody2chord:lyrics_79] @Chorderator 2026-04-14 12:33:04,444 - INFO - [1;30m start read progressions from dict [0m
[melody2chord:lyrics_79] @Chorderator 2026-04-14 12:33:10,883 - INFO - [1;30m read progressions done [0m
[melody2chord:lyrics_79] @Chorderator 2026-04-14 12:33:10,883 - INFO - [1;30m start read progression library from source_base.pnt [0m
[melody2chord:lyrics_79] @Chorderator 2026-04-14 12:33:17,104 - INFO - [1;30m read library done [0m
[melody2chord:lyrics_79] @Chorderator 2026-04-14 12:33:17,104 - WARNING - [1;33m Pre-processing... [0m
[melody2chord:lyrics_79] @Chorderator 2026-04-14 12:33:17,112 - WARNING - [1;33m Pre-process done! [0m
[melody2chord:lyrics_79] @Chorderator 2026-04-14 12:33:17,112 - WARNING - [1;33m Solving... [0m
[melody2chord:lyrics_79] @Chorderator 2026-04-14 12:33:17,112 - INFO - [1;30m start read progressions from rep [0m
[melody2chord:lyrics_79] @Chorderator 2026-04-14 12:33:17,144 - INFO - [1;30m read progressions done [0m
[melody2chord:lyrics_79] @Chorderator 2026-04-14 12:33:17,148 - INFO - [1;30m Melody length 2, generate progression with 63 templates [0m
[melody2chord:lyrics_79] @Chorderator 2026-04-14 12:33:17,196 - WARNING - [1;33m Solved! [0m
[melody2chord:lyrics_79] @Chorderator 2026-04-14 12:33:17,196 - WARNING - [1;33m Post-processing... [0m
[melody2chord:lyrics_79] @Chorderator 2026-04-14 12:33:17,201 - WARNING - [1;33m Post-process done! [0m
[melody2chord:lyrics_79] @Chorderator 2026-04-14 12:33:17,201 - WARNING - [1;33m Generating textures... [0m
[melody2chord:lyrics_79] @Chorderator 2026-04-14 12:33:17,201 - WARNING - [1;33m All process finished! [0m
[melody2chord:lyrics_79] 
[melody2chord:lyrics_79] === Processing: sample01_shifted ===
[melody2chord:lyrics_79] Output will be saved to: /data/home/fundwotsai/MIDI-SAG/generated_midi_right_key/lyrics_79/chord/
[melody2chord:lyrics_79] beat_file_path: None
[melody2chord:lyrics_79] Tempo from MIDI: 78.0 BPM (no beat file — skipping warp step)
[melody2chord:lyrics_79] processed_melody_path: /data/home/fundwotsai/MIDI-SAG/generated_midi_right_key/lyrics_79/chord/processed_melody/sample01_shifted.mid
[melody2chord:lyrics_79] Detected key: Eb major (confidence: 0.78, Bellman-Budge)
[melody2chord:lyrics_79] Content bars: 11 -> Segmentation: A8B4 (total: 12)
[melody2chord:lyrics_79] Chorderator bars: 12 -> Segmentation: A8B4 (total: 12)
[melody2chord:lyrics_79] auto_config: {'note_shift': 64, 'segmentation': 'A8B4', 'analysis': {'total_bars': 16, 'empty_bars': 4, 'content_bars': 11, 'note_shift': 64, 'segmentation': 'A8B4', 'first_note_bar': 4.0, 'last_note_bar': 15.8125, 'chorderator_bars': {'max_end_positions': 189, 'fixed_end_positions': 192, 'fixed_end_bars': 12, 'tempo': 77.99997660000703, 'unit': 0.19230774999999997}}}
[melody2chord:lyrics_79] tempo for CDT: 78.0 BPM
[melody2chord:lyrics_79] max_end: 189.0
[melody2chord:lyrics_79] fixed_end: 192
[melody2chord:lyrics_79] 192
[melody2chord:lyrics_79] {'tonic': 'Eb', 'mode': 'maj', 'tempo': 77.99997660000702, 'meter': '4/4', 'pos': ['x', 'x'], 'unit': 0.19230775}
[melody2chord:lyrics_79] Phrase length: 128 positions = 8 bars
[melody2chord:lyrics_79] Phrase length: 64 positions = 4 bars
[melody2chord:lyrics_79] [128, 64]
[melody2chord:lyrics_79] Chord Progression
[melody2chord:lyrics_79] -Source: Niko_Kotoulas_Pop_7th_9th_Chords_6_B-E-F#-B_.mid
[melody2chord:lyrics_79] -Source Type: None
[melody2chord:lyrics_79] -Source Tonic: B
[melody2chord:lyrics_79] -Source Metre: 4/4
[melody2chord:lyrics_79] -Source Mode: M (M for Major and m for minor)
[melody2chord:lyrics_79] -Appeared Times: 1
[melody2chord:lyrics_79] -Appeared In Other Songs: 0
[melody2chord:lyrics_79] -Reliability: 1.0
[melody2chord:lyrics_79] -Progression Class: {'type': 'unknown', 'pattern': 'unknown', 'cycle': (1.0, 32), 'progression-style': 'pop', 'chord-style': 'classy', 'performing-style': 'unknown', 'rhythm': 'unknown', 'epic-endings': 'unknown', 'melodic': 'unknown', 'folder-id': 528, 'duplicate-id': 157, 'new_label': 'pop_complex'}
[melody2chord:lyrics_79] Numbered: 
[melody2chord:lyrics_79] | 1------- | 4------- | 5------- | 1------- | 1------- | 4------- | 5------- | 1------- | 
[melody2chord:lyrics_79] Chord: 
[melody2chord:lyrics_79] | 
[melody2chord:lyrics_79] | B 0------- | E 0------- | F#0------- | B 0------- | B 0------- | E 0------- | F#0------- | B 0------- | 
[melody2chord:lyrics_79] 
[melody2chord:lyrics_79] Chord Progression
[melody2chord:lyrics_79] -Source: Niko_Kotoulas_ChordProg_1_G#m-F#-B-E (vi-V-I-IV).mid
[melody2chord:lyrics_79] -Source Type: None
[melody2chord:lyrics_79] -Source Tonic: B
[melody2chord:lyrics_79] -Source Metre: 4/4
[melody2chord:lyrics_79] -Source Mode: M (M for Major and m for minor)
[melody2chord:lyrics_79] -Appeared Times: 1
[melody2chord:lyrics_79] -Appeared In Other Songs: 0
[melody2chord:lyrics_79] -Reliability: 0.9
[melody2chord:lyrics_79] -Progression Class: {'type': 'unknown', 'pattern': 'vi-V-I-IV', 'cycle': (-0.09078412990032035, 8), 'progression-style': 'unknown', 'chord-style': 'unknown', 'performing-style': 'unknown', 'rhythm': 'unknown', 'epic-endings': 'unknown', 'melodic': 'unknown', 'folder-id': 506, 'duplicate-id': 139, 'new_label': 'unknown'}
[melody2chord:lyrics_79] Numbered: 
[melody2chord:lyrics_79] | 6------- | 5------- | 1------- | 4------- | 
[melody2chord:lyrics_79] Chord: 
[melody2chord:lyrics_79] | G#1------- | F#0------- | B 0------- | E 0------- | 
[melody2chord:lyrics_79] 
[melody2chord:lyrics_79] Total: 2
[melody2chord:lyrics_79] 
[melody2chord:lyrics_79] === Aligning chord_gen TPQ ===
[melody2chord:lyrics_79] Original melody TPQ: 480
[melody2chord:lyrics_79] Chord gen TPQ: 220
[melody2chord:lyrics_79] TPQ ratio: 2.1818
[melody2chord:lyrics_79] Converted chord_gen TPQ from 220 to 480
[melody2chord:lyrics_79] Output saved to: /data/home/fundwotsai/MIDI-SAG/generated_midi_right_key/lyrics_79/chord/chord_gen/sample01_shifted_chord_gen.mid
[melody2chord:lyrics_79] Re-quantized 67 melody notes to 1/16 beat grid
[melody2chord:lyrics_79] === Fill Empty Bars with Chords ===
[melody2chord:lyrics_79] Original melody TPQ: 480
[melody2chord:lyrics_79] Chord gen TPQ: 480
[melody2chord:lyrics_79] TPQ ratio: 1.0000
[melody2chord:lyrics_79] Chords start at tick: 7679 (bar 4.00)
[melody2chord:lyrics_79] Empty bars to fill: 4
[melody2chord:lyrics_79] Prepending 1 bars and copying 24 chord notes to cover 4 leading bars
[melody2chord:lyrics_79] 
[melody2chord:lyrics_79] === Output Summary ===
[melody2chord:lyrics_79] Output TPQ: 480
[melody2chord:lyrics_79] Melody track notes: 121
[melody2chord:lyrics_79] Chord track notes: 101
[melody2chord:lyrics_79] First chord now at tick: 0
[melody2chord:lyrics_79] Last chord at tick: 30719
[melody2chord:lyrics_79] Output saved to: /data/home/fundwotsai/MIDI-SAG/generated_midi_right_key/lyrics_79/chord/chord_gen_filled_empty/sample01_shifted_chord_gen_filled_empty_bars.mid
[melody2chord:lyrics_79] === Quantizing melody to 1/16 notes ===
[melody2chord:lyrics_79] TPQ: 480
[melody2chord:lyrics_79] Ticks per 16th note: 120.0
[melody2chord:lyrics_79] Quantized 135 notes to 1/16 note positions
[melody2chord:lyrics_79] Output saved to: /data/home/fundwotsai/MIDI-SAG/generated_midi_right_key/lyrics_79/chord/chord_gen_quantized/sample01_shifted_chord_gen_quantized.mid
[melody2chord:lyrics_79] Extracted 68 beat-level chords from 'Chords' track
[melody2chord:lyrics_79] Chord times remapped to 65 beat positions (subdivision: quarter notes)
[melody2chord:lyrics_79] Filled 4 None chords
[melody2chord:lyrics_79] ✓ Successfully processed: sample01_shifted
[melody2chord:lyrics_79]   Key: Eb major (confidence: 0.78)
[melody2chord:lyrics_79]   Tempo: 78.0 BPM (source: MIDI tempo)
[melody2chord:lyrics_79]   Chord Text: /data/home/fundwotsai/MIDI-SAG/generated_midi_right_key/lyrics_79/chord/chord_txt/sample01_shifted_chord_gen.txt
[melody2chord:lyrics_79]   BTC Text:   /data/home/fundwotsai/MIDI-SAG/generated_midi_right_key/lyrics_79/chord/btc_txt/sample01_shifted_chord_gen.txt
