[melody2chord:lyrics_9] /data/home/fundwotsai/MIDI-SAG/AccoMontage2/chorderator/utils/utils.py:24: UserWarning: Could not import FluidSynth, audio formats writing disabled
[melody2chord:lyrics_9]   warnings.warn('Could not import FluidSynth, audio formats writing disabled')
[melody2chord:lyrics_9] /home/fundwotsai/miniconda3/envs/midi-sag/lib/python3.9/site-packages/miditok/tokenizations/remi.py:88: UserWarning: Attribute controls are not compatible with 'config.one_token_stream_for_programs' and multi-vocabulary tokenizers. Disabling them from the config.
[melody2chord:lyrics_9]   super().__init__(tokenizer_config, params)
[melody2chord:lyrics_9] /data/home/fundwotsai/MIDI-SAG/AccoMontage2/chorderator/core.py:238: UserWarning: Meter auto set to 4/4/. Please set meter if this is not your expectation
[melody2chord:lyrics_9]   warnings.warn('Meter auto set to 4/4/. Please set meter if this is not your expectation')
[melody2chord:lyrics_9] @Chorderator 2026-04-14 12:37:48,508 - INFO - [1;30m start read progressions from dict [0m
[melody2chord:lyrics_9] @Chorderator 2026-04-14 12:37:55,024 - INFO - [1;30m read progressions done [0m
[melody2chord:lyrics_9] @Chorderator 2026-04-14 12:37:55,024 - INFO - [1;30m start read progression library from source_base.pnt [0m
[melody2chord:lyrics_9] @Chorderator 2026-04-14 12:38:01,469 - INFO - [1;30m read library done [0m
[melody2chord:lyrics_9] @Chorderator 2026-04-14 12:38:01,469 - WARNING - [1;33m Pre-processing... [0m
[melody2chord:lyrics_9] @Chorderator 2026-04-14 12:38:01,479 - WARNING - [1;33m Pre-process done! [0m
[melody2chord:lyrics_9] @Chorderator 2026-04-14 12:38:01,480 - WARNING - [1;33m Solving... [0m
[melody2chord:lyrics_9] @Chorderator 2026-04-14 12:38:01,480 - INFO - [1;30m start read progressions from rep [0m
[melody2chord:lyrics_9] @Chorderator 2026-04-14 12:38:01,512 - INFO - [1;30m read progressions done [0m
[melody2chord:lyrics_9] @Chorderator 2026-04-14 12:38:01,518 - INFO - [1;30m Melody length 3, generate progression with 63 templates [0m
[melody2chord:lyrics_9] @Chorderator 2026-04-14 12:38:01,591 - WARNING - [1;33m Solved! [0m
[melody2chord:lyrics_9] @Chorderator 2026-04-14 12:38:01,591 - WARNING - [1;33m Post-processing... [0m
[melody2chord:lyrics_9] @Chorderator 2026-04-14 12:38:01,597 - WARNING - [1;33m Post-process done! [0m
[melody2chord:lyrics_9] @Chorderator 2026-04-14 12:38:01,597 - WARNING - [1;33m Generating textures... [0m
[melody2chord:lyrics_9] @Chorderator 2026-04-14 12:38:01,597 - WARNING - [1;33m All process finished! [0m
[melody2chord:lyrics_9] 
[melody2chord:lyrics_9] === Processing: sample01_shifted ===
[melody2chord:lyrics_9] Output will be saved to: /data/home/fundwotsai/MIDI-SAG/generated_midi_right_key/lyrics_9/chord/
[melody2chord:lyrics_9] beat_file_path: None
[melody2chord:lyrics_9] Tempo from MIDI: 95.0 BPM (no beat file — skipping warp step)
[melody2chord:lyrics_9] processed_melody_path: /data/home/fundwotsai/MIDI-SAG/generated_midi_right_key/lyrics_9/chord/processed_melody/sample01_shifted.mid
[melody2chord:lyrics_9] Detected key: G major (confidence: 0.87, Bellman-Budge)
[melody2chord:lyrics_9] Content bars: 22 -> Segmentation: A8B8A8 (total: 24)
[melody2chord:lyrics_9] Chorderator bars: 24 -> Segmentation: A8B8A8 (total: 24)
[melody2chord:lyrics_9] auto_config: {'note_shift': 76, 'segmentation': 'A8B8A8', 'analysis': {'total_bars': 27, 'empty_bars': 4, 'content_bars': 22, 'note_shift': 76, 'segmentation': 'A8B8A8', 'first_note_bar': 4.75, 'last_note_bar': 26.625, 'chorderator_bars': {'max_end_positions': 350, 'fixed_end_positions': 384, 'fixed_end_bars': 24, 'tempo': 94.99999208333399, 'unit': 0.15789475}}}
[melody2chord:lyrics_9] tempo for CDT: 95.0 BPM
[melody2chord:lyrics_9] max_end: 350.0
[melody2chord:lyrics_9] fixed_end: 384
[melody2chord:lyrics_9] 384
[melody2chord:lyrics_9] {'tonic': 'G', 'mode': 'maj', 'tempo': 94.99999208333399, 'meter': '4/4', 'pos': ['x', 'x', 'x'], 'unit': 0.15789475}
[melody2chord:lyrics_9] Phrase length: 128 positions = 8 bars
[melody2chord:lyrics_9] Phrase length: 128 positions = 8 bars
[melody2chord:lyrics_9] Phrase length: 128 positions = 8 bars
[melody2chord:lyrics_9] [128, 128, 128]
[melody2chord:lyrics_9] Chord Progression
[melody2chord:lyrics_9] -Source: Niko_Kotoulas_Pop_7th_9th_Chords_14_E-G#m-B-F#_.mid
[melody2chord:lyrics_9] -Source Type: None
[melody2chord:lyrics_9] -Source Tonic: B
[melody2chord:lyrics_9] -Source Metre: 4/4
[melody2chord:lyrics_9] -Source Mode: M (M for Major and m for minor)
[melody2chord:lyrics_9] -Appeared Times: 1
[melody2chord:lyrics_9] -Appeared In Other Songs: 0
[melody2chord:lyrics_9] -Reliability: 1.0
[melody2chord:lyrics_9] -Progression Class: {'type': 'unknown', 'pattern': 'unknown', 'cycle': (1.0, 32), 'progression-style': 'pop', 'chord-style': 'classy', 'performing-style': 'unknown', 'rhythm': 'unknown', 'epic-endings': 'unknown', 'melodic': 'unknown', 'folder-id': 528, 'duplicate-id': 190, 'new_label': 'pop_complex'}
[melody2chord:lyrics_9] Numbered: 
[melody2chord:lyrics_9] | 4------- | 6------- | 1------- | 5------- | 4------- | 6------- | 1------- | 5------- | 
[melody2chord:lyrics_9] Chord: 
[melody2chord:lyrics_9] | 
[melody2chord:lyrics_9] | E 0------- | G#1------- | B 0------- | F#0------- | E 0------- | G#1------- | B 0------- | F#0------- | 
[melody2chord:lyrics_9] 
[melody2chord:lyrics_9] Chord Progression
[melody2chord:lyrics_9] -Source: Niko_Kotoulas_Pop_7th_9th_Chords_7_B-G#m-B-G#m_.mid
[melody2chord:lyrics_9] -Source Type: None
[melody2chord:lyrics_9] -Source Tonic: B
[melody2chord:lyrics_9] -Source Metre: 4/4
[melody2chord:lyrics_9] -Source Mode: M (M for Major and m for minor)
[melody2chord:lyrics_9] -Appeared Times: 1
[melody2chord:lyrics_9] -Appeared In Other Songs: 0
[melody2chord:lyrics_9] -Reliability: 1.0
[melody2chord:lyrics_9] -Progression Class: {'type': 'unknown', 'pattern': 'unknown', 'cycle': (1.0, 16), 'progression-style': 'pop', 'chord-style': 'classy', 'performing-style': 'unknown', 'rhythm': 'unknown', 'epic-endings': 'unknown', 'melodic': 'unknown', 'folder-id': 528, 'duplicate-id': 174, 'new_label': 'pop_complex'}
[melody2chord:lyrics_9] Numbered: 
[melody2chord:lyrics_9] | 1------- | 6------- | 1------- | 6------- | 1------- | 6------- | 1------- | 6------- | 
[melody2chord:lyrics_9] Chord: 
[melody2chord:lyrics_9] | 
[melody2chord:lyrics_9] | B 0------- | G#1------- | B 0------- | G#1------- | B 0------- | G#1------- | B 0------- | G#1------- | 
[melody2chord:lyrics_9] 
[melody2chord:lyrics_9] Chord Progression
[melody2chord:lyrics_9] -Source: Niko_Kotoulas_Epic_Ending_3_F#-G#m-E-B (V-vi-IV-I).mid
[melody2chord:lyrics_9] -Source Type: None
[melody2chord:lyrics_9] -Source Tonic: B
[melody2chord:lyrics_9] -Source Metre: 4/4
[melody2chord:lyrics_9] -Source Mode: M (M for Major and m for minor)
[melody2chord:lyrics_9] -Appeared Times: 1
[melody2chord:lyrics_9] -Appeared In Other Songs: 0
[melody2chord:lyrics_9] -Reliability: 0.4
[melody2chord:lyrics_9] -Progression Class: {'type': 'unknown', 'pattern': 'V-vi-IV-I', 'cycle': (0, 0), 'progression-style': 'unknown', 'chord-style': 'unknown', 'performing-style': 'unknown', 'rhythm': 'unknown', 'epic-endings': 'True', 'melodic': 'unknown', 'folder-id': 335, 'duplicate-id': 494, 'new_label': 'unknown'}
[melody2chord:lyrics_9] Numbered: 
[melody2chord:lyrics_9] | 5------- | 6------- | 4------- | 1------- | 1------- | 1------- | 1------- | 1------- | 
[melody2chord:lyrics_9] Chord: 
[melody2chord:lyrics_9] | 
[melody2chord:lyrics_9] | F#0------- | G#1------- | E 0------- | B 0------- | B 0------- | B 0------- | B 0------- | B 0------- | 
[melody2chord:lyrics_9] 
[melody2chord:lyrics_9] Total: 3
[melody2chord:lyrics_9] 
[melody2chord:lyrics_9] === Aligning chord_gen TPQ ===
[melody2chord:lyrics_9] Original melody TPQ: 480
[melody2chord:lyrics_9] Chord gen TPQ: 220
[melody2chord:lyrics_9] TPQ ratio: 2.1818
[melody2chord:lyrics_9] Converted chord_gen TPQ from 220 to 480
[melody2chord:lyrics_9] Output saved to: /data/home/fundwotsai/MIDI-SAG/generated_midi_right_key/lyrics_9/chord/chord_gen/sample01_shifted_chord_gen.mid
[melody2chord:lyrics_9] Re-quantized 42 melody notes to 1/16 beat grid
[melody2chord:lyrics_9] === Fill Empty Bars with Chords ===
[melody2chord:lyrics_9] Original melody TPQ: 480
[melody2chord:lyrics_9] Chord gen TPQ: 480
[melody2chord:lyrics_9] TPQ ratio: 1.0000
[melody2chord:lyrics_9] Chords start at tick: 9120 (bar 4.75)
[melody2chord:lyrics_9] Empty bars to fill: 4
[melody2chord:lyrics_9] Prepending 0 bars and copying 23 chord notes to cover 4 leading bars
[melody2chord:lyrics_9] 
[melody2chord:lyrics_9] === Output Summary ===
[melody2chord:lyrics_9] Output TPQ: 480
[melody2chord:lyrics_9] Melody track notes: 119
[melody2chord:lyrics_9] Chord track notes: 164
[melody2chord:lyrics_9] First chord now at tick: 0
[melody2chord:lyrics_9] Last chord at tick: 50879
[melody2chord:lyrics_9] Output saved to: /data/home/fundwotsai/MIDI-SAG/generated_midi_right_key/lyrics_9/chord/chord_gen_filled_empty/sample01_shifted_chord_gen_filled_empty_bars.mid
[melody2chord:lyrics_9] === Quantizing melody to 1/16 notes ===
[melody2chord:lyrics_9] TPQ: 480
[melody2chord:lyrics_9] Ticks per 16th note: 120.0
[melody2chord:lyrics_9] Quantized 153 notes to 1/16 note positions
[melody2chord:lyrics_9] Output saved to: /data/home/fundwotsai/MIDI-SAG/generated_midi_right_key/lyrics_9/chord/chord_gen_quantized/sample01_shifted_chord_gen_quantized.mid
[melody2chord:lyrics_9] Extracted 108 beat-level chords from 'Chords' track
[melody2chord:lyrics_9] Chord times remapped to 108 beat positions (subdivision: quarter notes)
[melody2chord:lyrics_9] Filled 6 None chords
[melody2chord:lyrics_9] ✓ Successfully processed: sample01_shifted
[melody2chord:lyrics_9]   Key: G major (confidence: 0.87)
[melody2chord:lyrics_9]   Tempo: 95.0 BPM (source: MIDI tempo)
[melody2chord:lyrics_9]   Chord Text: /data/home/fundwotsai/MIDI-SAG/generated_midi_right_key/lyrics_9/chord/chord_txt/sample01_shifted_chord_gen.txt
[melody2chord:lyrics_9]   BTC Text:   /data/home/fundwotsai/MIDI-SAG/generated_midi_right_key/lyrics_9/chord/btc_txt/sample01_shifted_chord_gen.txt
