[melody2chord:lyrics_0] stdbuf: missing operand
[melody2chord:lyrics_0] Try 'stdbuf --help' for more information.
[melody2chord:lyrics_0] /data/home/fundwotsai/MIDI-SAG/AccoMontage2/chorderator/utils/utils.py:24: UserWarning: Could not import FluidSynth, audio formats writing disabled
[melody2chord:lyrics_0]   warnings.warn('Could not import FluidSynth, audio formats writing disabled')
[melody2chord:lyrics_0] /home/fundwotsai/miniconda3/envs/midi-sag/lib/python3.9/site-packages/miditok/tokenizations/remi.py:88: UserWarning: Attribute controls are not compatible with 'config.one_token_stream_for_programs' and multi-vocabulary tokenizers. Disabling them from the config.
[melody2chord:lyrics_0]   super().__init__(tokenizer_config, params)
[melody2chord:lyrics_0] /data/home/fundwotsai/MIDI-SAG/AccoMontage2/chorderator/core.py:238: UserWarning: Meter auto set to 4/4/. Please set meter if this is not your expectation
[melody2chord:lyrics_0]   warnings.warn('Meter auto set to 4/4/. Please set meter if this is not your expectation')
[melody2chord:lyrics_0] @Chorderator 2026-04-13 23:14:11,382 - INFO - [1;30m start read progressions from dict [0m
[melody2chord:lyrics_0] @Chorderator 2026-04-13 23:14:17,921 - INFO - [1;30m read progressions done [0m
[melody2chord:lyrics_0] @Chorderator 2026-04-13 23:14:17,921 - INFO - [1;30m start read progression library from source_base.pnt [0m
[melody2chord:lyrics_0] @Chorderator 2026-04-13 23:14:24,414 - INFO - [1;30m read library done [0m
[melody2chord:lyrics_0] @Chorderator 2026-04-13 23:14:24,415 - WARNING - [1;33m Pre-processing... [0m
[melody2chord:lyrics_0] @Chorderator 2026-04-13 23:14:24,429 - WARNING - [1;33m Pre-process done! [0m
[melody2chord:lyrics_0] @Chorderator 2026-04-13 23:14:24,429 - WARNING - [1;33m Solving... [0m
[melody2chord:lyrics_0] @Chorderator 2026-04-13 23:14:24,429 - INFO - [1;30m start read progressions from rep [0m
[melody2chord:lyrics_0] @Chorderator 2026-04-13 23:14:24,462 - INFO - [1;30m read progressions done [0m
[melody2chord:lyrics_0] @Chorderator 2026-04-13 23:14:24,470 - INFO - [1;30m Melody length 5, generate progression with 63 templates [0m
[melody2chord:lyrics_0] @Chorderator 2026-04-13 23:14:24,591 - WARNING - [1;33m Solved! [0m
[melody2chord:lyrics_0] @Chorderator 2026-04-13 23:14:24,591 - WARNING - [1;33m Post-processing... [0m
[melody2chord:lyrics_0] @Chorderator 2026-04-13 23:14:24,601 - WARNING - [1;33m Post-process done! [0m
[melody2chord:lyrics_0] @Chorderator 2026-04-13 23:14:24,601 - WARNING - [1;33m Generating textures... [0m
[melody2chord:lyrics_0] @Chorderator 2026-04-13 23:14:24,602 - WARNING - [1;33m All process finished! [0m
[melody2chord:lyrics_0] Found 2 MIDI files to process
[melody2chord:lyrics_0] Output will be saved to: /data/home/fundwotsai/MIDI-SAG/generated_midi_right_key/lyrics_0/chord/
[melody2chord:lyrics_0]   - chord_gen/: Original chord generation results
[melody2chord:lyrics_0]   - chord_gen_filled_empty/: Filled empty bars results
[melody2chord:lyrics_0]   - chord_txt/: Chord text files
[melody2chord:lyrics_0] 
[melody2chord:lyrics_0] === Processing: sample01.mid ===
[melody2chord:lyrics_0] Preprocessing melody: /data/home/fundwotsai/MIDI-SAG/generated_midi_right_key/lyrics_0/sample01.mid
[melody2chord:lyrics_0] === Reassigning Global Tempo ===
[melody2chord:lyrics_0] Input: /data/home/fundwotsai/MIDI-SAG/generated_midi_right_key/lyrics_0/chord/processed_melody/sample01.mid
[melody2chord:lyrics_0] TPQ: 480
[melody2chord:lyrics_0] Current tempo in file: 89.9999550000225 BPM
[melody2chord:lyrics_0] Most common IOI: 240.0 ticks
[melody2chord:lyrics_0] Top 5 IOIs: [(240.0, 53), (480.0, 41), (720.0, 18), (120.0, 7), (360.0, 4)]
[melody2chord:lyrics_0] Tempo candidates: 1/16=60.0, 1/8=120.0, 1/4=240.0 BPM
[melody2chord:lyrics_0] Selected tempo: 120.0 BPM (closest to 120 in valid range)
[melody2chord:lyrics_0] Estimated tempo from note analysis: 120.0 BPM
[melody2chord:lyrics_0] New tempo set: 120.0 BPM
[melody2chord:lyrics_0] Output saved to: /data/home/fundwotsai/MIDI-SAG/generated_midi_right_key/lyrics_0/chord/processed_melody/sample01.mid
[melody2chord:lyrics_0] Melody padded: 41 -> 44 bars
[melody2chord:lyrics_0] processed_melody_path: /data/home/fundwotsai/MIDI-SAG/generated_midi_right_key/lyrics_0/chord/processed_melody/sample01.mid
[melody2chord:lyrics_0] Content bars: 36 -> Segmentation: A8B8A8B8A4 (total: 36)
[melody2chord:lyrics_0] auto_config: {'note_shift': 64, 'segmentation': 'A8B8A8B8A4', 'analysis': {'total_bars': 40, 'empty_bars': 4, 'content_bars': 36, 'note_shift': 64, 'segmentation': 'A8B8A8B8A4', 'first_note_position': 6, 'bar_positions': [0, 1, 2, 3, 4, 21, 38, 55, 80, 97, 102, 111, 132, 149, 166, 183, 200, 209, 234, 251, 260, 281, 298, 315, 332, 349, 366, 383, 404, 413, 438, 451, 456, 461, 486, 499, 512, 537, 554, 579]}}
[melody2chord:lyrics_0] tempos: 120.0
[melody2chord:lyrics_0] Using:pop_complex
[melody2chord:lyrics_0] max_end: 592.0
[melody2chord:lyrics_0] fixed_end: 640
[melody2chord:lyrics_0] 640
[melody2chord:lyrics_0] {'tonic': 'C', 'mode': 'maj', 'tempo': 120.0, 'meter': '4/4', 'pos': ['x', 'x', 'x', 'x', 'x'], 'unit': 0.125}
[melody2chord:lyrics_0] Phrase length: 128 positions = 8 bars
[melody2chord:lyrics_0] Phrase length: 128 positions = 8 bars
[melody2chord:lyrics_0] Phrase length: 128 positions = 8 bars
[melody2chord:lyrics_0] Phrase length: 128 positions = 8 bars
[melody2chord:lyrics_0] Phrase length: 128 positions = 8 bars
[melody2chord:lyrics_0] [128, 128, 128, 128, 128]
[melody2chord:lyrics_0] Chord Progression
[melody2chord:lyrics_0] -Source: Niko_Kotoulas_Emotional_Chords_15_G#m-D#m-E-B_.mid
[melody2chord:lyrics_0] -Source Type: None
[melody2chord:lyrics_0] -Source Tonic: B
[melody2chord:lyrics_0] -Source Metre: 4/4
[melody2chord:lyrics_0] -Source Mode: M (M for Major and m for minor)
[melody2chord:lyrics_0] -Appeared Times: 1
[melody2chord:lyrics_0] -Appeared In Other Songs: 0
[melody2chord:lyrics_0] -Reliability: 1.0
[melody2chord:lyrics_0] -Progression Class: {'type': 'unknown', 'pattern': 'unknown', 'cycle': (1.0, 32), 'progression-style': 'emotional', 'chord-style': 'emotional', 'performing-style': 'unknown', 'rhythm': 'unknown', 'epic-endings': 'unknown', 'melodic': 'unknown', 'folder-id': 535, 'duplicate-id': 276, 'new_label': 'pop_complex'}
[melody2chord:lyrics_0] Numbered: 
[melody2chord:lyrics_0] | 6------- | 3------- | 4------- | 1------- | 6------- | 3------- | 4------- | 1------- | 
[melody2chord:lyrics_0] Chord: 
[melody2chord:lyrics_0] | 
[melody2chord:lyrics_0] | G#1------- | D#1------- | E 0------- | B 0------- | G#1------- | D#1------- | E 0------- | B 0------- | 
[melody2chord:lyrics_0] 
[melody2chord:lyrics_0] Chord Progression
[melody2chord:lyrics_0] -Source: Niko_Kotoulas_Epic_Ending_3_F#-G#m-E-B (V-vi-IV-I).mid
[melody2chord:lyrics_0] -Source Type: None
[melody2chord:lyrics_0] -Source Tonic: B
[melody2chord:lyrics_0] -Source Metre: 4/4
[melody2chord:lyrics_0] -Source Mode: M (M for Major and m for minor)
[melody2chord:lyrics_0] -Appeared Times: 1
[melody2chord:lyrics_0] -Appeared In Other Songs: 0
[melody2chord:lyrics_0] -Reliability: 0.4
[melody2chord:lyrics_0] -Progression Class: {'type': 'unknown', 'pattern': 'V-vi-IV-I', 'cycle': (0, 0), 'progression-style': 'unknown', 'chord-style': 'unknown', 'performing-style': 'unknown', 'rhythm': 'unknown', 'epic-endings': 'True', 'melodic': 'unknown', 'folder-id': 335, 'duplicate-id': 494, 'new_label': 'unknown'}
[melody2chord:lyrics_0] Numbered: 
[melody2chord:lyrics_0] | 5------- | 6------- | 4------- | 1------- | 1------- | 1------- | 1------- | 1------- | 
[melody2chord:lyrics_0] Chord: 
[melody2chord:lyrics_0] | 
[melody2chord:lyrics_0] | F#0------- | G#1------- | E 0------- | B 0------- | B 0------- | B 0------- | B 0------- | B 0------- | 
[melody2chord:lyrics_0] 
[melody2chord:lyrics_0] Chord Progression
[melody2chord:lyrics_0] -Source: Niko_Kotoulas_Emotional_Chords_15_G#m-D#m-E-B_.mid
[melody2chord:lyrics_0] -Source Type: None
[melody2chord:lyrics_0] -Source Tonic: B
[melody2chord:lyrics_0] -Source Metre: 4/4
[melody2chord:lyrics_0] -Source Mode: M (M for Major and m for minor)
[melody2chord:lyrics_0] -Appeared Times: 1
[melody2chord:lyrics_0] -Appeared In Other Songs: 0
[melody2chord:lyrics_0] -Reliability: 1.0
[melody2chord:lyrics_0] -Progression Class: {'type': 'unknown', 'pattern': 'unknown', 'cycle': (1.0, 32), 'progression-style': 'emotional', 'chord-style': 'emotional', 'performing-style': 'unknown', 'rhythm': 'unknown', 'epic-endings': 'unknown', 'melodic': 'unknown', 'folder-id': 535, 'duplicate-id': 276, 'new_label': 'pop_complex'}
[melody2chord:lyrics_0] Numbered: 
[melody2chord:lyrics_0] | 6------- | 3------- | 4------- | 1------- | 6------- | 3------- | 4------- | 1------- | 
[melody2chord:lyrics_0] Chord: 
[melody2chord:lyrics_0] | 
[melody2chord:lyrics_0] | G#1------- | D#1------- | E 0------- | B 0------- | G#1------- | D#1------- | E 0------- | B 0------- | 
[melody2chord:lyrics_0] 
[melody2chord:lyrics_0] Chord Progression
[melody2chord:lyrics_0] -Source: Niko_Kotoulas__RhythmChordProg_8 (vi-I-IV-V-ii-iii-IV-V).mid
[melody2chord:lyrics_0] -Source Type: None
[melody2chord:lyrics_0] -Source Tonic: B
[melody2chord:lyrics_0] -Source Metre: 4/4
[melody2chord:lyrics_0] -Source Mode: M (M for Major and m for minor)
[melody2chord:lyrics_0] -Appeared Times: 1
[melody2chord:lyrics_0] -Appeared In Other Songs: 0
[melody2chord:lyrics_0] -Reliability: 0.7
[melody2chord:lyrics_0] -Progression Class: {'type': 'unknown', 'pattern': 'vi-I-IV-V-ii-iii-IV-V', 'cycle': (0.8796524834087005, 24), 'progression-style': 'unknown', 'chord-style': 'unknown', 'performing-style': 'unknown', 'rhythm': 'slow', 'epic-endings': 'unknown', 'melodic': 'unknown', 'folder-id': 5971, 'duplicate-id': 78, 'new_label': 'unknown'}
[melody2chord:lyrics_0] Numbered: 
[melody2chord:lyrics_0] | 6------- | 6------- | 1------- | 4------- | 5------- | 2------- | 3--4---- | 5------- | 
[melody2chord:lyrics_0] Chord: 
[melody2chord:lyrics_0] | 
[melody2chord:lyrics_0] | G#1------- | G#1------- | B 0------- | E 0------- | F#0------- | C#1------- | D#1--E 0---- | F#0------- | 
[melody2chord:lyrics_0] 
[melody2chord:lyrics_0] Chord Progression
[melody2chord:lyrics_0] -Source: Niko_Kotoulas_Pop_7th_9th_Chords_1_B-G#m-E-F#_.mid
[melody2chord:lyrics_0] -Source Type: None
[melody2chord:lyrics_0] -Source Tonic: B
[melody2chord:lyrics_0] -Source Metre: 4/4
[melody2chord:lyrics_0] -Source Mode: M (M for Major and m for minor)
[melody2chord:lyrics_0] -Appeared Times: 1
[melody2chord:lyrics_0] -Appeared In Other Songs: 0
[melody2chord:lyrics_0] -Reliability: 1.0
[melody2chord:lyrics_0] -Progression Class: {'type': 'unknown', 'pattern': 'unknown', 'cycle': (1.0, 32), 'progression-style': 'pop', 'chord-style': 'classy', 'performing-style': 'unknown', 'rhythm': 'unknown', 'epic-endings': 'unknown', 'melodic': 'unknown', 'folder-id': 528, 'duplicate-id': 151, 'new_label': 'pop_complex'}
[melody2chord:lyrics_0] Numbered: 
[melody2chord:lyrics_0] | 1------- | 6------- | 4------- | 5------- | 1------- | 6------- | 4------- | 5------- | 
[melody2chord:lyrics_0] Chord: 
[melody2chord:lyrics_0] | 
[melody2chord:lyrics_0] | B 0------- | G#1------- | E 0------- | F#0------- | B 0------- | G#1------- | E 0------- | F#0------- | 
[melody2chord:lyrics_0] 
[melody2chord:lyrics_0] Total: 5
[melody2chord:lyrics_0] 
[melody2chord:lyrics_0] === Fill Empty Bars with Chords ===
[melody2chord:lyrics_0] Original melody TPQ: 480
[melody2chord:lyrics_0] Chord gen TPQ: 220
[melody2chord:lyrics_0] TPQ ratio: 2.1818
[melody2chord:lyrics_0] Chords start at tick: 3520 (bar 4.00)
[melody2chord:lyrics_0] Empty bars to fill: 4
[melody2chord:lyrics_0] Prepending 0 bars and copying 23 chord notes to cover 4 leading bars
[melody2chord:lyrics_0] 
[melody2chord:lyrics_0] === Output Summary ===
[melody2chord:lyrics_0] Output TPQ: 480
[melody2chord:lyrics_0] Melody track notes: 139
[melody2chord:lyrics_0] Chord track notes: 313
[melody2chord:lyrics_0] First chord now at tick: 0
[melody2chord:lyrics_0] Last chord at tick: 82560
[melody2chord:lyrics_0] Output saved to: /data/home/fundwotsai/MIDI-SAG/generated_midi_right_key/lyrics_0/chord/chord_gen_filled_empty/sample01_chord_gen_filled_empty_bars.mid
[melody2chord:lyrics_0] Extracted 176 beat-level chords from 'Chords' track
[melody2chord:lyrics_0] ✓ Successfully processed: sample01.mid
[melody2chord:lyrics_0]   Key: C major (confidence: 1.00)
[melody2chord:lyrics_0]   Chord Gen: /data/home/fundwotsai/MIDI-SAG/generated_midi_right_key/lyrics_0/chord/chord_gen/sample01_chord_gen.mid
[melody2chord:lyrics_0]   Filled Empty: /data/home/fundwotsai/MIDI-SAG/generated_midi_right_key/lyrics_0/chord/chord_gen_filled_empty/sample01_chord_gen_filled_empty_bars.mid
[melody2chord:lyrics_0]   Chord Text: /data/home/fundwotsai/MIDI-SAG/generated_midi_right_key/lyrics_0/chord/chord_txt/sample01_chord_gen_filled_empty_bars.txt
[melody2chord:lyrics_0] 
[melody2chord:lyrics_0] === Processing: sample01_shifted.mid ===
[melody2chord:lyrics_0] Preprocessing melody: /data/home/fundwotsai/MIDI-SAG/generated_midi_right_key/lyrics_0/sample01_shifted.mid
[melody2chord:lyrics_0] === Reassigning Global Tempo ===
[melody2chord:lyrics_0] Input: /data/home/fundwotsai/MIDI-SAG/generated_midi_right_key/lyrics_0/chord/processed_melody/sample01_shifted.mid
[melody2chord:lyrics_0] TPQ: 480
[melody2chord:lyrics_0] Current tempo in file: 126.000126000126 BPM
[melody2chord:lyrics_0] Most common IOI: 240.0 ticks
[melody2chord:lyrics_0] Top 5 IOIs: [(240.0, 53), (480.0, 41), (720.0, 18), (120.0, 7), (360.0, 4)]
[melody2chord:lyrics_0] Tempo candidates: 1/16=60.0, 1/8=120.0, 1/4=240.0 BPM
[melody2chord:lyrics_0] Selected tempo: 120.0 BPM (closest to 120 in valid range)
[melody2chord:lyrics_0] Estimated tempo from note analysis: 120.0 BPM
[melody2chord:lyrics_0] New tempo set: 120.0 BPM
[melody2chord:lyrics_0] Output saved to: /data/home/fundwotsai/MIDI-SAG/generated_midi_right_key/lyrics_0/chord/processed_melody/sample01_shifted.mid
[melody2chord:lyrics_0] Melody padded: 41 -> 44 bars
[melody2chord:lyrics_0] processed_melody_path: /data/home/fundwotsai/MIDI-SAG/generated_midi_right_key/lyrics_0/chord/processed_melody/sample01_shifted.mid
[melody2chord:lyrics_0] Content bars: 36 -> Segmentation: A8B8A8B8A4 (total: 36)
[melody2chord:lyrics_0] auto_config: {'note_shift': 64, 'segmentation': 'A8B8A8B8A4', 'analysis': {'total_bars': 40, 'empty_bars': 4, 'content_bars': 36, 'note_shift': 64, 'segmentation': 'A8B8A8B8A4', 'first_note_position': 6, 'bar_positions': [0, 1, 2, 3, 4, 21, 38, 55, 80, 97, 102, 111, 132, 149, 166, 183, 200, 209, 234, 251, 260, 281, 298, 315, 332, 349, 366, 383, 404, 413, 438, 451, 456, 461, 486, 499, 512, 537, 554, 579]}}/data/home/fundwotsai/MIDI-SAG/AccoMontage2/chorderator/core.py:329: UserWarning: Segmentation A8B8A8B8A4 not match phrase [1, 9, 17, 25, 33], using segmentation
[melody2chord:lyrics_0]   warnings.warn(
[melody2chord:lyrics_0] @Chorderator 2026-04-13 23:14:24,673 - WARNING - [1;33m Pre-processing... [0m
[melody2chord:lyrics_0] @Chorderator 2026-04-13 23:14:24,687 - WARNING - [1;33m Pre-process done! [0m
[melody2chord:lyrics_0] @Chorderator 2026-04-13 23:14:24,687 - WARNING - [1;33m Solving... [0m
[melody2chord:lyrics_0] @Chorderator 2026-04-13 23:14:24,687 - INFO - [1;30m start read progressions from rep [0m
[melody2chord:lyrics_0] @Chorderator 2026-04-13 23:14:24,718 - INFO - [1;30m read progressions done [0m
[melody2chord:lyrics_0] @Chorderator 2026-04-13 23:14:24,726 - INFO - [1;30m Melody length 5, generate progression with 63 templates [0m
[melody2chord:lyrics_0] @Chorderator 2026-04-13 23:14:24,846 - WARNING - [1;33m Solved! [0m
[melody2chord:lyrics_0] @Chorderator 2026-04-13 23:14:24,846 - WARNING - [1;33m Post-processing... [0m
[melody2chord:lyrics_0] @Chorderator 2026-04-13 23:14:24,856 - WARNING - [1;33m Post-process done! [0m
[melody2chord:lyrics_0] @Chorderator 2026-04-13 23:14:24,856 - WARNING - [1;33m Generating textures... [0m
[melody2chord:lyrics_0] @Chorderator 2026-04-13 23:14:24,857 - WARNING - [1;33m All process finished! [0m
[melody2chord:lyrics_0] 
[melody2chord:lyrics_0] tempos: 120.0
[melody2chord:lyrics_0] Using:pop_complex
[melody2chord:lyrics_0] max_end: 592.0
[melody2chord:lyrics_0] fixed_end: 640
[melody2chord:lyrics_0] 640
[melody2chord:lyrics_0] {'tonic': 'C', 'mode': 'maj', 'tempo': 120.0, 'meter': '4/4', 'pos': ['x', 'x', 'x', 'x', 'x'], 'unit': 0.125, 'metre': '4/4'}
[melody2chord:lyrics_0] Phrase length: 128 positions = 8 bars
[melody2chord:lyrics_0] Phrase length: 128 positions = 8 bars
[melody2chord:lyrics_0] Phrase length: 128 positions = 8 bars
[melody2chord:lyrics_0] Phrase length: 128 positions = 8 bars
[melody2chord:lyrics_0] Phrase length: 128 positions = 8 bars
[melody2chord:lyrics_0] [128, 128, 128, 128, 128]
[melody2chord:lyrics_0] Chord Progression
[melody2chord:lyrics_0] -Source: Niko_Kotoulas_Emotional_Chords_15_G#m-D#m-E-B_.mid
[melody2chord:lyrics_0] -Source Type: None
[melody2chord:lyrics_0] -Source Tonic: B
[melody2chord:lyrics_0] -Source Metre: 4/4
[melody2chord:lyrics_0] -Source Mode: M (M for Major and m for minor)
[melody2chord:lyrics_0] -Appeared Times: 1
[melody2chord:lyrics_0] -Appeared In Other Songs: 0
[melody2chord:lyrics_0] -Reliability: 1.0
[melody2chord:lyrics_0] -Progression Class: {'type': 'unknown', 'pattern': 'unknown', 'cycle': (1.0, 32), 'progression-style': 'emotional', 'chord-style': 'emotional', 'performing-style': 'unknown', 'rhythm': 'unknown', 'epic-endings': 'unknown', 'melodic': 'unknown', 'folder-id': 535, 'duplicate-id': 276, 'new_label': 'pop_complex'}
[melody2chord:lyrics_0] Numbered: 
[melody2chord:lyrics_0] | 6------- | 3------- | 4------- | 1------- | 6------- | 3------- | 4------- | 1------- | 
[melody2chord:lyrics_0] Chord: 
[melody2chord:lyrics_0] | 
[melody2chord:lyrics_0] | G#1------- | D#1------- | E 0------- | B 0------- | G#1------- | D#1------- | E 0------- | B 0------- | 
[melody2chord:lyrics_0] 
[melody2chord:lyrics_0] Chord Progression
[melody2chord:lyrics_0] -Source: Niko_Kotoulas_Pop_7th_9th_Chords_15_E-B-G#m-F#_.mid
[melody2chord:lyrics_0] -Source Type: None
[melody2chord:lyrics_0] -Source Tonic: B
[melody2chord:lyrics_0] -Source Metre: 4/4
[melody2chord:lyrics_0] -Source Mode: M (M for Major and m for minor)
[melody2chord:lyrics_0] -Appeared Times: 1
[melody2chord:lyrics_0] -Appeared In Other Songs: 0
[melody2chord:lyrics_0] -Reliability: 1.0
[melody2chord:lyrics_0] -Progression Class: {'type': 'unknown', 'pattern': 'unknown', 'cycle': (1.0, 32), 'progression-style': 'pop', 'chord-style': 'classy', 'performing-style': 'unknown', 'rhythm': 'unknown', 'epic-endings': 'unknown', 'melodic': 'unknown', 'folder-id': 528, 'duplicate-id': 169, 'new_label': 'pop_complex'}
[melody2chord:lyrics_0] Numbered: 
[melody2chord:lyrics_0] | 4------- | 1------- | 6------- | 5------- | 4------- | 1------- | 6------- | 5------- | 
[melody2chord:lyrics_0] Chord: 
[melody2chord:lyrics_0] | 
[melody2chord:lyrics_0] | E 0------- | B 0------- | G#1------- | F#0------- | E 0------- | B 0------- | G#1------- | F#0------- | 
[melody2chord:lyrics_0] 
[melody2chord:lyrics_0] Chord Progression
[melody2chord:lyrics_0] -Source: Niko_Kotoulas_Pop_7th_9th_Chords_8_B-Em-B-Em_.mid
[melody2chord:lyrics_0] -Source Type: None
[melody2chord:lyrics_0] -Source Tonic: B
[melody2chord:lyrics_0] -Source Metre: 4/4
[melody2chord:lyrics_0] -Source Mode: M (M for Major and m for minor)
[melody2chord:lyrics_0] -Appeared Times: 1
[melody2chord:lyrics_0] -Appeared In Other Songs: 0
[melody2chord:lyrics_0] -Reliability: 1.0
[melody2chord:lyrics_0] -Progression Class: {'type': 'unknown', 'pattern': 'unknown', 'cycle': (1.0, 16), 'progression-style': 'pop', 'chord-style': 'classy', 'performing-style': 'unknown', 'rhythm': 'unknown', 'epic-endings': 'unknown', 'melodic': 'unknown', 'folder-id': 528, 'duplicate-id': 154, 'new_label': 'pop_complex'}
[melody2chord:lyrics_0] Numbered: 
[melody2chord:lyrics_0] | 1------- | 4------- | 1------- | 4------- | 1------- | 4------- | 1------- | 4------- | 
[melody2chord:lyrics_0] Chord: 
[melody2chord:lyrics_0] | 
[melody2chord:lyrics_0] | B 0------- | E 1------- | B 0------- | E 1------- | B 0------- | E 1------- | B 0------- | E 1------- | 
[melody2chord:lyrics_0] 
[melody2chord:lyrics_0] Chord Progression
[melody2chord:lyrics_0] -Source: Niko_Kotoulas_Pop_7th_9th_Chords_2_B-F#-G#m-E_.mid
[melody2chord:lyrics_0] -Source Type: None
[melody2chord:lyrics_0] -Source Tonic: B
[melody2chord:lyrics_0] -Source Metre: 4/4
[melody2chord:lyrics_0] -Source Mode: M (M for Major and m for minor)
[melody2chord:lyrics_0] -Appeared Times: 1
[melody2chord:lyrics_0] -Appeared In Other Songs: 0
[melody2chord:lyrics_0] -Reliability: 1.0
[melody2chord:lyrics_0] -Progression Class: {'type': 'unknown', 'pattern': 'unknown', 'cycle': (1.0, 32), 'progression-style': 'pop', 'chord-style': 'classy', 'performing-style': 'unknown', 'rhythm': 'unknown', 'epic-endings': 'unknown', 'melodic': 'unknown', 'folder-id': 528, 'duplicate-id': 176, 'new_label': 'pop_complex'}
[melody2chord:lyrics_0] Numbered: 
[melody2chord:lyrics_0] | 1------- | 5------- | 6------- | 4------- | 1------- | 5------- | 6------- | 4------- | 
[melody2chord:lyrics_0] Chord: 
[melody2chord:lyrics_0] | 
[melody2chord:lyrics_0] | B 0------- | F#0------- | G#1------- | E 0------- | B 0------- | F#0------- | G#1------- | E 0------- | 
[melody2chord:lyrics_0] 
[melody2chord:lyrics_0] Chord Progression
[melody2chord:lyrics_0] -Source: Niko_Kotoulas_Pop_7th_9th_Chords_6_B-E-F#-B_.mid
[melody2chord:lyrics_0] -Source Type: None
[melody2chord:lyrics_0] -Source Tonic: B
[melody2chord:lyrics_0] -Source Metre: 4/4
[melody2chord:lyrics_0] -Source Mode: M (M for Major and m for minor)
[melody2chord:lyrics_0] -Appeared Times: 1
[melody2chord:lyrics_0] -Appeared In Other Songs: 0
[melody2chord:lyrics_0] -Reliability: 1.0
[melody2chord:lyrics_0] -Progression Class: {'type': 'unknown', 'pattern': 'unknown', 'cycle': (1.0, 32), 'progression-style': 'pop', 'chord-style': 'classy', 'performing-style': 'unknown', 'rhythm': 'unknown', 'epic-endings': 'unknown', 'melodic': 'unknown', 'folder-id': 528, 'duplicate-id': 157, 'new_label': 'pop_complex'}
[melody2chord:lyrics_0] Numbered: 
[melody2chord:lyrics_0] | 1------- | 4------- | 5------- | 1------- | 1------- | 4------- | 5------- | 1------- | 
[melody2chord:lyrics_0] Chord: 
[melody2chord:lyrics_0] | 
[melody2chord:lyrics_0] | B 0------- | E 0------- | F#0------- | B 0------- | B 0------- | E 0------- | F#0------- | B 0------- | 
[melody2chord:lyrics_0] 
[melody2chord:lyrics_0] Total: 5
[melody2chord:lyrics_0] 
[melody2chord:lyrics_0] === Fill Empty Bars with Chords ===
[melody2chord:lyrics_0] Original melody TPQ: 480
[melody2chord:lyrics_0] Chord gen TPQ: 220
[melody2chord:lyrics_0] TPQ ratio: 2.1818
[melody2chord:lyrics_0] Chords start at tick: 3520 (bar 4.00)
[melody2chord:lyrics_0] Empty bars to fill: 4
[melody2chord:lyrics_0] Prepending 0 bars and copying 23 chord notes to cover 4 leading bars
[melody2chord:lyrics_0] 
[melody2chord:lyrics_0] === Output Summary ===
[melody2chord:lyrics_0] Output TPQ: 480
[melody2chord:lyrics_0] Melody track notes: 139
[melody2chord:lyrics_0] Chord track notes: 271
[melody2chord:lyrics_0] First chord now at tick: 0
[melody2chord:lyrics_0] Last chord at tick: 82560
[melody2chord:lyrics_0] Output saved to: /data/home/fundwotsai/MIDI-SAG/generated_midi_right_key/lyrics_0/chord/chord_gen_filled_empty/sample01_shifted_chord_gen_filled_empty_bars.mid
[melody2chord:lyrics_0] Extracted 176 beat-level chords from 'Chords' track
[melody2chord:lyrics_0] ✓ Successfully processed: sample01_shifted.mid
[melody2chord:lyrics_0]   Key: C major (confidence: 1.00)
[melody2chord:lyrics_0]   Chord Gen: /data/home/fundwotsai/MIDI-SAG/generated_midi_right_key/lyrics_0/chord/chord_gen/sample01_shifted_chord_gen.mid
[melody2chord:lyrics_0]   Filled Empty: /data/home/fundwotsai/MIDI-SAG/generated_midi_right_key/lyrics_0/chord/chord_gen_filled_empty/sample01_shifted_chord_gen_filled_empty_bars.mid
[melody2chord:lyrics_0]   Chord Text: /data/home/fundwotsai/MIDI-SAG/generated_midi_right_key/lyrics_0/chord/chord_txt/sample01_shifted_chord_gen_filled_empty_bars.txt
[melody2chord:lyrics_0] 
[melody2chord:lyrics_0] === Processing Summary ===
[melody2chord:lyrics_0] Total files: 2
[melody2chord:lyrics_0] Successful: 2
[melody2chord:lyrics_0] Failed: 0
[melody2chord:lyrics_0] 
[melody2chord:lyrics_0] === Successfully Processed Files ===
[melody2chord:lyrics_0] - sample01.mid: C major (1.00)
[melody2chord:lyrics_0] - sample01_shifted.mid: C major (1.00)
[melody2chord:lyrics_0] 
[melody2chord:lyrics_0] All processing completed!
[melody2chord:lyrics_0] Results saved to: /data/home/fundwotsai/MIDI-SAG/generated_midi_right_key/lyrics_0/chord/processing_results.json
[melody2chord:lyrics_0] /data/home/fundwotsai/MIDI-SAG/AccoMontage2/chorderator/utils/utils.py:24: UserWarning: Could not import FluidSynth, audio formats writing disabled
[melody2chord:lyrics_0]   warnings.warn('Could not import FluidSynth, audio formats writing disabled')
[melody2chord:lyrics_0] /home/fundwotsai/miniconda3/envs/midi-sag/lib/python3.9/site-packages/miditok/tokenizations/remi.py:88: UserWarning: Attribute controls are not compatible with 'config.one_token_stream_for_programs' and multi-vocabulary tokenizers. Disabling them from the config.
[melody2chord:lyrics_0]   super().__init__(tokenizer_config, params)
[melody2chord:lyrics_0] /data/home/fundwotsai/MIDI-SAG/AccoMontage2/chorderator/core.py:238: UserWarning: Meter auto set to 4/4/. Please set meter if this is not your expectation
[melody2chord:lyrics_0]   warnings.warn('Meter auto set to 4/4/. Please set meter if this is not your expectation')
[melody2chord:lyrics_0] @Chorderator 2026-04-13 23:23:03,314 - INFO - [1;30m start read progressions from dict [0m
[melody2chord:lyrics_0] @Chorderator 2026-04-13 23:23:10,217 - INFO - [1;30m read progressions done [0m
[melody2chord:lyrics_0] @Chorderator 2026-04-13 23:23:10,217 - INFO - [1;30m start read progression library from source_base.pnt [0m
[melody2chord:lyrics_0] @Chorderator 2026-04-13 23:23:16,570 - INFO - [1;30m read library done [0m
[melody2chord:lyrics_0] @Chorderator 2026-04-13 23:23:16,570 - WARNING - [1;33m Pre-processing... [0m
[melody2chord:lyrics_0] @Chorderator 2026-04-13 23:23:16,583 - WARNING - [1;33m Pre-process done! [0m
[melody2chord:lyrics_0] @Chorderator 2026-04-13 23:23:16,583 - WARNING - [1;33m Solving... [0m
[melody2chord:lyrics_0] @Chorderator 2026-04-13 23:23:16,583 - INFO - [1;30m start read progressions from rep [0m
[melody2chord:lyrics_0] @Chorderator 2026-04-13 23:23:16,615 - INFO - [1;30m read progressions done [0m
[melody2chord:lyrics_0] @Chorderator 2026-04-13 23:23:16,624 - INFO - [1;30m Melody length 5, generate progression with 63 templates [0m
[melody2chord:lyrics_0] @Chorderator 2026-04-13 23:23:16,744 - WARNING - [1;33m Solved! [0m
[melody2chord:lyrics_0] @Chorderator 2026-04-13 23:23:16,744 - WARNING - [1;33m Post-processing... [0m
[melody2chord:lyrics_0] @Chorderator 2026-04-13 23:23:16,755 - WARNING - [1;33m Post-process done! [0m
[melody2chord:lyrics_0] @Chorderator 2026-04-13 23:23:16,755 - WARNING - [1;33m Generating textures... [0m
[melody2chord:lyrics_0] @Chorderator 2026-04-13 23:23:16,756 - WARNING - [1;33m All process finished! [0m
[melody2chord:lyrics_0] 
[melody2chord:lyrics_0] === Processing: sample01_shifted ===
[melody2chord:lyrics_0] Output will be saved to: /data/home/fundwotsai/MIDI-SAG/generated_midi_right_key/lyrics_0/chord/
[melody2chord:lyrics_0] beat_file_path: None
[melody2chord:lyrics_0] Tempo from MIDI: 126.0 BPM (no beat file — skipping warp step)
[melody2chord:lyrics_0] processed_melody_path: /data/home/fundwotsai/MIDI-SAG/generated_midi_right_key/lyrics_0/chord/processed_melody/sample01_shifted.mid
[melody2chord:lyrics_0] Detected key: F major (confidence: 0.81, Bellman-Budge)
[melody2chord:lyrics_0] Content bars: 37 -> Segmentation: A8B8A8B8A8 (total: 40)
[melody2chord:lyrics_0] Chorderator bars: 36 -> Segmentation: A8B8A8B8A4 (total: 36)
[melody2chord:lyrics_0] auto_config: {'note_shift': 68, 'segmentation': 'A8B8A8B8A4', 'analysis': {'total_bars': 42, 'empty_bars': 4, 'content_bars': 37, 'note_shift': 68, 'segmentation': 'A8B8A8B8A4', 'first_note_bar': 4.25, 'last_note_bar': 41.0, 'chorderator_bars': {'max_end_positions': 588, 'fixed_end_positions': 576, 'fixed_end_bars': 36, 'tempo': 126.00012600012599, 'unit': 0.11904750000000001}}}
[melody2chord:lyrics_0] tempo for CDT: 126.0 BPM
[melody2chord:lyrics_0] max_end: 588.0
[melody2chord:lyrics_0] fixed_end: 576
[melody2chord:lyrics_0] 576
[melody2chord:lyrics_0] {'tonic': 'F', 'mode': 'maj', 'tempo': 126.000126000126, 'meter': '4/4', 'pos': ['x', 'x', 'x', 'x', 'x'], 'unit': 0.1190475}
[melody2chord:lyrics_0] Phrase length: 128 positions = 8 bars
[melody2chord:lyrics_0] Phrase length: 128 positions = 8 bars
[melody2chord:lyrics_0] Phrase length: 128 positions = 8 bars
[melody2chord:lyrics_0] Phrase length: 128 positions = 8 bars
[melody2chord:lyrics_0] Phrase length: 64 positions = 4 bars
[melody2chord:lyrics_0] [128, 128, 128, 128, 64]
[melody2chord:lyrics_0] Chord Progression
[melody2chord:lyrics_0] -Source: Niko_Kotoulas__RhythmChordProg_2 (vi-I-IV-V-ii-iii-IV-V).mid
[melody2chord:lyrics_0] -Source Type: None
[melody2chord:lyrics_0] -Source Tonic: B
[melody2chord:lyrics_0] -Source Metre: 4/4
[melody2chord:lyrics_0] -Source Mode: M (M for Major and m for minor)
[melody2chord:lyrics_0] -Appeared Times: 1
[melody2chord:lyrics_0] -Appeared In Other Songs: 0
[melody2chord:lyrics_0] -Reliability: 0.7
[melody2chord:lyrics_0] -Progression Class: {'type': 'unknown', 'pattern': 'vi-I-IV-V-ii-iii-IV-V', 'cycle': (0.5178087050187163, 24), 'progression-style': 'unknown', 'chord-style': 'unknown', 'performing-style': 'unknown', 'rhythm': 'slow', 'epic-endings': 'unknown', 'melodic': 'unknown', 'folder-id': 5971, 'duplicate-id': 81, 'new_label': 'unknown'}
[melody2chord:lyrics_0] Numbered: 
[melody2chord:lyrics_0] | 6------- | 1------- | 4------- | 5------- | 2------- | 3------- | 4------- | 5------- | 
[melody2chord:lyrics_0] Chord: 
[melody2chord:lyrics_0] | 
[melody2chord:lyrics_0] | G#1------- | B 0------- | E 0------- | F#0------- | C#1------- | D#1------- | E 0------- | F#0------- | 
[melody2chord:lyrics_0] 
[melody2chord:lyrics_0] Chord Progression
[melody2chord:lyrics_0] -Source: Niko_Kotoulas_Pop_7th_9th_Chords_6_B-E-F#-B_.mid
[melody2chord:lyrics_0] -Source Type: None
[melody2chord:lyrics_0] -Source Tonic: B
[melody2chord:lyrics_0] -Source Metre: 4/4
[melody2chord:lyrics_0] -Source Mode: M (M for Major and m for minor)
[melody2chord:lyrics_0] -Appeared Times: 1
[melody2chord:lyrics_0] -Appeared In Other Songs: 0
[melody2chord:lyrics_0] -Reliability: 1.0
[melody2chord:lyrics_0] -Progression Class: {'type': 'unknown', 'pattern': 'unknown', 'cycle': (1.0, 32), 'progression-style': 'pop', 'chord-style': 'classy', 'performing-style': 'unknown', 'rhythm': 'unknown', 'epic-endings': 'unknown', 'melodic': 'unknown', 'folder-id': 528, 'duplicate-id': 157, 'new_label': 'pop_complex'}
[melody2chord:lyrics_0] Numbered: 
[melody2chord:lyrics_0] | 1------- | 4------- | 5------- | 1------- | 1------- | 4------- | 5------- | 1------- | 
[melody2chord:lyrics_0] Chord: 
[melody2chord:lyrics_0] | 
[melody2chord:lyrics_0] | B 0------- | E 0------- | F#0------- | B 0------- | B 0------- | E 0------- | F#0------- | B 0------- | 
[melody2chord:lyrics_0] 
[melody2chord:lyrics_0] Chord Progression
[melody2chord:lyrics_0] -Source: Niko_Kotoulas_Emotional_Chords_15_G#m-D#m-E-B_.mid
[melody2chord:lyrics_0] -Source Type: None
[melody2chord:lyrics_0] -Source Tonic: B
[melody2chord:lyrics_0] -Source Metre: 4/4
[melody2chord:lyrics_0] -Source Mode: M (M for Major and m for minor)
[melody2chord:lyrics_0] -Appeared Times: 1
[melody2chord:lyrics_0] -Appeared In Other Songs: 0
[melody2chord:lyrics_0] -Reliability: 1.0
[melody2chord:lyrics_0] -Progression Class: {'type': 'unknown', 'pattern': 'unknown', 'cycle': (1.0, 32), 'progression-style': 'emotional', 'chord-style': 'emotional', 'performing-style': 'unknown', 'rhythm': 'unknown', 'epic-endings': 'unknown', 'melodic': 'unknown', 'folder-id': 535, 'duplicate-id': 276, 'new_label': 'pop_complex'}
[melody2chord:lyrics_0] Numbered: 
[melody2chord:lyrics_0] | 6------- | 3------- | 4------- | 1------- | 6------- | 3------- | 4------- | 1------- | 
[melody2chord:lyrics_0] Chord: 
[melody2chord:lyrics_0] | 
[melody2chord:lyrics_0] | G#1------- | D#1------- | E 0------- | B 0------- | G#1------- | D#1------- | E 0------- | B 0------- | 
[melody2chord:lyrics_0] 
[melody2chord:lyrics_0] Chord Progression
[melody2chord:lyrics_0] -Source: Niko_Kotoulas__RhythmChordProg_8 (vi-I-IV-V-ii-iii-IV-V).mid
[melody2chord:lyrics_0] -Source Type: None
[melody2chord:lyrics_0] -Source Tonic: B
[melody2chord:lyrics_0] -Source Metre: 4/4
[melody2chord:lyrics_0] -Source Mode: M (M for Major and m for minor)
[melody2chord:lyrics_0] -Appeared Times: 1
[melody2chord:lyrics_0] -Appeared In Other Songs: 0
[melody2chord:lyrics_0] -Reliability: 0.7
[melody2chord:lyrics_0] -Progression Class: {'type': 'unknown', 'pattern': 'vi-I-IV-V-ii-iii-IV-V', 'cycle': (0.8796524834087005, 24), 'progression-style': 'unknown', 'chord-style': 'unknown', 'performing-style': 'unknown', 'rhythm': 'slow', 'epic-endings': 'unknown', 'melodic': 'unknown', 'folder-id': 5971, 'duplicate-id': 78, 'new_label': 'unknown'}
[melody2chord:lyrics_0] Numbered: 
[melody2chord:lyrics_0] | 6------- | 6------- | 1------- | 4------- | 5------- | 2------- | 3--4---- | 5------- | 
[melody2chord:lyrics_0] Chord: 
[melody2chord:lyrics_0] | 
[melody2chord:lyrics_0] | G#1------- | G#1------- | B 0------- | E 0------- | F#0------- | C#1------- | D#1--E 0---- | F#0------- | 
[melody2chord:lyrics_0] 
[melody2chord:lyrics_0] Chord Progression
[melody2chord:lyrics_0] -Source: Niko_Kotoulas_ChordProg_1_B-G#m-E-F# (I-vi-IV-V).mid
[melody2chord:lyrics_0] -Source Type: None
[melody2chord:lyrics_0] -Source Tonic: B
[melody2chord:lyrics_0] -Source Metre: 4/4
[melody2chord:lyrics_0] -Source Mode: M (M for Major and m for minor)
[melody2chord:lyrics_0] -Appeared Times: 1
[melody2chord:lyrics_0] -Appeared In Other Songs: 0
[melody2chord:lyrics_0] -Reliability: 0.9
[melody2chord:lyrics_0] -Progression Class: {'type': 'unknown', 'pattern': 'I-vi-IV-V', 'cycle': (0.9999999999999999, 16), 'progression-style': 'unknown', 'chord-style': 'unknown', 'performing-style': 'unknown', 'rhythm': 'unknown', 'epic-endings': 'unknown', 'melodic': 'unknown', 'folder-id': 462, 'duplicate-id': 122, 'new_label': 'unknown'}
[melody2chord:lyrics_0] Numbered: 
[melody2chord:lyrics_0] | 1------- | 6------- | 4------- | 5------- | 
[melody2chord:lyrics_0] Chord: 
[melody2chord:lyrics_0] | B 0------- | G#1------- | E 0------- | F#0------- | 
[melody2chord:lyrics_0] 
[melody2chord:lyrics_0] Total: 5
[melody2chord:lyrics_0] 
[melody2chord:lyrics_0] === Aligning chord_gen TPQ ===
[melody2chord:lyrics_0] Original melody TPQ: 480
[melody2chord:lyrics_0] Chord gen TPQ: 220
[melody2chord:lyrics_0] TPQ ratio: 2.1818
[melody2chord:lyrics_0] Converted chord_gen TPQ from 220 to 480
[melody2chord:lyrics_0] Output saved to: /data/home/fundwotsai/MIDI-SAG/generated_midi_right_key/lyrics_0/chord/chord_gen/sample01_shifted_chord_gen.mid
[melody2chord:lyrics_0] Re-quantized 58 melody notes to 1/16 beat grid
[melody2chord:lyrics_0] === Fill Empty Bars with Chords ===
[melody2chord:lyrics_0] Original melody TPQ: 480
[melody2chord:lyrics_0] Chord gen TPQ: 480
[melody2chord:lyrics_0] TPQ ratio: 1.0000
[melody2chord:lyrics_0] Chords start at tick: 8159 (bar 4.25)
[melody2chord:lyrics_0] Empty bars to fill: 4
[melody2chord:lyrics_0] Prepending 0 bars and copying 20 chord notes to cover 4 leading bars
[melody2chord:lyrics_0] 
[melody2chord:lyrics_0] === Output Summary ===
[melody2chord:lyrics_0] Output TPQ: 480
[melody2chord:lyrics_0] Melody track notes: 139
[melody2chord:lyrics_0] Chord track notes: 275
[melody2chord:lyrics_0] First chord now at tick: 0
[melody2chord:lyrics_0] Last chord at tick: 75360
[melody2chord:lyrics_0] Output saved to: /data/home/fundwotsai/MIDI-SAG/generated_midi_right_key/lyrics_0/chord/chord_gen_filled_empty/sample01_shifted_chord_gen_filled_empty_bars.mid
[melody2chord:lyrics_0] === Quantizing melody to 1/16 notes ===
[melody2chord:lyrics_0] TPQ: 480
[melody2chord:lyrics_0] Ticks per 16th note: 120.0
[melody2chord:lyrics_0] Quantized 187 notes to 1/16 note positions
[melody2chord:lyrics_0] Output saved to: /data/home/fundwotsai/MIDI-SAG/generated_midi_right_key/lyrics_0/chord/chord_gen_quantized/sample01_shifted_chord_gen_quantized.mid
[melody2chord:lyrics_0] Extracted 161 beat-level chords from 'Chords' track
[melody2chord:lyrics_0] Chord times remapped to 166 beat positions (subdivision: quarter notes)
[melody2chord:lyrics_0] Filled 9 None chords
[melody2chord:lyrics_0] ✓ Successfully processed: sample01_shifted
[melody2chord:lyrics_0]   Key: F major (confidence: 0.81)
[melody2chord:lyrics_0]   Tempo: 126.0 BPM (source: MIDI tempo)
[melody2chord:lyrics_0]   Chord Text: /data/home/fundwotsai/MIDI-SAG/generated_midi_right_key/lyrics_0/chord/chord_txt/sample01_shifted_chord_gen.txt
[melody2chord:lyrics_0]   BTC Text:   /data/home/fundwotsai/MIDI-SAG/generated_midi_right_key/lyrics_0/chord/btc_txt/sample01_shifted_chord_gen.txt
[melody2chord:lyrics_0] /data/home/fundwotsai/MIDI-SAG/AccoMontage2/chorderator/utils/utils.py:24: UserWarning: Could not import FluidSynth, audio formats writing disabled
[melody2chord:lyrics_0]   warnings.warn('Could not import FluidSynth, audio formats writing disabled')
[melody2chord:lyrics_0] /home/fundwotsai/miniconda3/envs/midi-sag/lib/python3.9/site-packages/miditok/tokenizations/remi.py:88: UserWarning: Attribute controls are not compatible with 'config.one_token_stream_for_programs' and multi-vocabulary tokenizers. Disabling them from the config.
[melody2chord:lyrics_0]   super().__init__(tokenizer_config, params)
[melody2chord:lyrics_0] /data/home/fundwotsai/MIDI-SAG/AccoMontage2/chorderator/core.py:238: UserWarning: Meter auto set to 4/4/. Please set meter if this is not your expectation
[melody2chord:lyrics_0]   warnings.warn('Meter auto set to 4/4/. Please set meter if this is not your expectation')
[melody2chord:lyrics_0] @Chorderator 2026-04-14 11:18:53,590 - INFO - [1;30m start read progressions from dict [0m
[melody2chord:lyrics_0] @Chorderator 2026-04-14 11:19:00,105 - INFO - [1;30m read progressions done [0m
[melody2chord:lyrics_0] @Chorderator 2026-04-14 11:19:00,105 - INFO - [1;30m start read progression library from source_base.pnt [0m
[melody2chord:lyrics_0] @Chorderator 2026-04-14 11:19:06,402 - INFO - [1;30m read library done [0m
[melody2chord:lyrics_0] @Chorderator 2026-04-14 11:19:06,402 - WARNING - [1;33m Pre-processing... [0m
[melody2chord:lyrics_0] @Chorderator 2026-04-14 11:19:06,414 - WARNING - [1;33m Pre-process done! [0m
[melody2chord:lyrics_0] @Chorderator 2026-04-14 11:19:06,414 - WARNING - [1;33m Solving... [0m
[melody2chord:lyrics_0] @Chorderator 2026-04-14 11:19:06,415 - INFO - [1;30m start read progressions from rep [0m
[melody2chord:lyrics_0] @Chorderator 2026-04-14 11:19:06,446 - INFO - [1;30m read progressions done [0m
[melody2chord:lyrics_0] @Chorderator 2026-04-14 11:19:06,455 - INFO - [1;30m Melody length 5, generate progression with 63 templates [0m
[melody2chord:lyrics_0] @Chorderator 2026-04-14 11:19:06,574 - WARNING - [1;33m Solved! [0m
[melody2chord:lyrics_0] @Chorderator 2026-04-14 11:19:06,574 - WARNING - [1;33m Post-processing... [0m
[melody2chord:lyrics_0] @Chorderator 2026-04-14 11:19:06,584 - WARNING - [1;33m Post-process done! [0m
[melody2chord:lyrics_0] @Chorderator 2026-04-14 11:19:06,584 - WARNING - [1;33m Generating textures... [0m
[melody2chord:lyrics_0] @Chorderator 2026-04-14 11:19:06,585 - WARNING - [1;33m All process finished! [0m
[melody2chord:lyrics_0] 
[melody2chord:lyrics_0] === Processing: sample01_shifted ===
[melody2chord:lyrics_0] Output will be saved to: /data/home/fundwotsai/MIDI-SAG/generated_midi_right_key/lyrics_0/chord/
[melody2chord:lyrics_0] beat_file_path: None
[melody2chord:lyrics_0] Tempo from MIDI: 126.0 BPM (no beat file — skipping warp step)
[melody2chord:lyrics_0] processed_melody_path: /data/home/fundwotsai/MIDI-SAG/generated_midi_right_key/lyrics_0/chord/processed_melody/sample01_shifted.mid
[melody2chord:lyrics_0] Detected key: F major (confidence: 0.81, Bellman-Budge)
[melody2chord:lyrics_0] Content bars: 37 -> Segmentation: A8B8A8B8A8 (total: 40)
[melody2chord:lyrics_0] Chorderator bars: 36 -> Segmentation: A8B8A8B8A4 (total: 36)
[melody2chord:lyrics_0] auto_config: {'note_shift': 68, 'segmentation': 'A8B8A8B8A4', 'analysis': {'total_bars': 42, 'empty_bars': 4, 'content_bars': 37, 'note_shift': 68, 'segmentation': 'A8B8A8B8A4', 'first_note_bar': 4.25, 'last_note_bar': 41.0, 'chorderator_bars': {'max_end_positions': 588, 'fixed_end_positions': 576, 'fixed_end_bars': 36, 'tempo': 126.00012600012599, 'unit': 0.11904750000000001}}}
[melody2chord:lyrics_0] tempo for CDT: 126.0 BPM
[melody2chord:lyrics_0] max_end: 588.0
[melody2chord:lyrics_0] fixed_end: 576
[melody2chord:lyrics_0] 576
[melody2chord:lyrics_0] {'tonic': 'F', 'mode': 'maj', 'tempo': 126.000126000126, 'meter': '4/4', 'pos': ['x', 'x', 'x', 'x', 'x'], 'unit': 0.1190475}
[melody2chord:lyrics_0] Phrase length: 128 positions = 8 bars
[melody2chord:lyrics_0] Phrase length: 128 positions = 8 bars
[melody2chord:lyrics_0] Phrase length: 128 positions = 8 bars
[melody2chord:lyrics_0] Phrase length: 128 positions = 8 bars
[melody2chord:lyrics_0] Phrase length: 64 positions = 4 bars
[melody2chord:lyrics_0] [128, 128, 128, 128, 64]
[melody2chord:lyrics_0] Chord Progression
[melody2chord:lyrics_0] -Source: Niko_Kotoulas__RhythmChordProg_2 (vi-I-IV-V-ii-iii-IV-V).mid
[melody2chord:lyrics_0] -Source Type: None
[melody2chord:lyrics_0] -Source Tonic: B
[melody2chord:lyrics_0] -Source Metre: 4/4
[melody2chord:lyrics_0] -Source Mode: M (M for Major and m for minor)
[melody2chord:lyrics_0] -Appeared Times: 1
[melody2chord:lyrics_0] -Appeared In Other Songs: 0
[melody2chord:lyrics_0] -Reliability: 0.7
[melody2chord:lyrics_0] -Progression Class: {'type': 'unknown', 'pattern': 'vi-I-IV-V-ii-iii-IV-V', 'cycle': (0.5178087050187163, 24), 'progression-style': 'unknown', 'chord-style': 'unknown', 'performing-style': 'unknown', 'rhythm': 'slow', 'epic-endings': 'unknown', 'melodic': 'unknown', 'folder-id': 5971, 'duplicate-id': 81, 'new_label': 'unknown'}
[melody2chord:lyrics_0] Numbered: 
[melody2chord:lyrics_0] | 6------- | 1------- | 4------- | 5------- | 2------- | 3------- | 4------- | 5------- | 
[melody2chord:lyrics_0] Chord: 
[melody2chord:lyrics_0] | 
[melody2chord:lyrics_0] | G#1------- | B 0------- | E 0------- | F#0------- | C#1------- | D#1------- | E 0------- | F#0------- | 
[melody2chord:lyrics_0] 
[melody2chord:lyrics_0] Chord Progression
[melody2chord:lyrics_0] -Source: Niko_Kotoulas_Pop_7th_9th_Chords_6_B-E-F#-B_.mid
[melody2chord:lyrics_0] -Source Type: None
[melody2chord:lyrics_0] -Source Tonic: B
[melody2chord:lyrics_0] -Source Metre: 4/4
[melody2chord:lyrics_0] -Source Mode: M (M for Major and m for minor)
[melody2chord:lyrics_0] -Appeared Times: 1
[melody2chord:lyrics_0] -Appeared In Other Songs: 0
[melody2chord:lyrics_0] -Reliability: 1.0
[melody2chord:lyrics_0] -Progression Class: {'type': 'unknown', 'pattern': 'unknown', 'cycle': (1.0, 32), 'progression-style': 'pop', 'chord-style': 'classy', 'performing-style': 'unknown', 'rhythm': 'unknown', 'epic-endings': 'unknown', 'melodic': 'unknown', 'folder-id': 528, 'duplicate-id': 157, 'new_label': 'pop_complex'}
[melody2chord:lyrics_0] Numbered: 
[melody2chord:lyrics_0] | 1------- | 4------- | 5------- | 1------- | 1------- | 4------- | 5------- | 1------- | 
[melody2chord:lyrics_0] Chord: 
[melody2chord:lyrics_0] | 
[melody2chord:lyrics_0] | B 0------- | E 0------- | F#0------- | B 0------- | B 0------- | E 0------- | F#0------- | B 0------- | 
[melody2chord:lyrics_0] 
[melody2chord:lyrics_0] Chord Progression
[melody2chord:lyrics_0] -Source: Niko_Kotoulas_Emotional_Chords_15_G#m-D#m-E-B_.mid
[melody2chord:lyrics_0] -Source Type: None
[melody2chord:lyrics_0] -Source Tonic: B
[melody2chord:lyrics_0] -Source Metre: 4/4
[melody2chord:lyrics_0] -Source Mode: M (M for Major and m for minor)
[melody2chord:lyrics_0] -Appeared Times: 1
[melody2chord:lyrics_0] -Appeared In Other Songs: 0
[melody2chord:lyrics_0] -Reliability: 1.0
[melody2chord:lyrics_0] -Progression Class: {'type': 'unknown', 'pattern': 'unknown', 'cycle': (1.0, 32), 'progression-style': 'emotional', 'chord-style': 'emotional', 'performing-style': 'unknown', 'rhythm': 'unknown', 'epic-endings': 'unknown', 'melodic': 'unknown', 'folder-id': 535, 'duplicate-id': 276, 'new_label': 'pop_complex'}
[melody2chord:lyrics_0] Numbered: 
[melody2chord:lyrics_0] | 6------- | 3------- | 4------- | 1------- | 6------- | 3------- | 4------- | 1------- | 
[melody2chord:lyrics_0] Chord: 
[melody2chord:lyrics_0] | 
[melody2chord:lyrics_0] | G#1------- | D#1------- | E 0------- | B 0------- | G#1------- | D#1------- | E 0------- | B 0------- | 
[melody2chord:lyrics_0] 
[melody2chord:lyrics_0] Chord Progression
[melody2chord:lyrics_0] -Source: Niko_Kotoulas__RhythmChordProg_8 (vi-I-IV-V-ii-iii-IV-V).mid
[melody2chord:lyrics_0] -Source Type: None
[melody2chord:lyrics_0] -Source Tonic: B
[melody2chord:lyrics_0] -Source Metre: 4/4
[melody2chord:lyrics_0] -Source Mode: M (M for Major and m for minor)
[melody2chord:lyrics_0] -Appeared Times: 1
[melody2chord:lyrics_0] -Appeared In Other Songs: 0
[melody2chord:lyrics_0] -Reliability: 0.7
[melody2chord:lyrics_0] -Progression Class: {'type': 'unknown', 'pattern': 'vi-I-IV-V-ii-iii-IV-V', 'cycle': (0.8796524834087005, 24), 'progression-style': 'unknown', 'chord-style': 'unknown', 'performing-style': 'unknown', 'rhythm': 'slow', 'epic-endings': 'unknown', 'melodic': 'unknown', 'folder-id': 5971, 'duplicate-id': 78, 'new_label': 'unknown'}
[melody2chord:lyrics_0] Numbered: 
[melody2chord:lyrics_0] | 6------- | 6------- | 1------- | 4------- | 5------- | 2------- | 3--4---- | 5------- | 
[melody2chord:lyrics_0] Chord: 
[melody2chord:lyrics_0] | 
[melody2chord:lyrics_0] | G#1------- | G#1------- | B 0------- | E 0------- | F#0------- | C#1------- | D#1--E 0---- | F#0------- | 
[melody2chord:lyrics_0] 
[melody2chord:lyrics_0] Chord Progression
[melody2chord:lyrics_0] -Source: Niko_Kotoulas_ChordProg_1_B-G#m-E-F# (I-vi-IV-V).mid
[melody2chord:lyrics_0] -Source Type: None
[melody2chord:lyrics_0] -Source Tonic: B
[melody2chord:lyrics_0] -Source Metre: 4/4
[melody2chord:lyrics_0] -Source Mode: M (M for Major and m for minor)
[melody2chord:lyrics_0] -Appeared Times: 1
[melody2chord:lyrics_0] -Appeared In Other Songs: 0
[melody2chord:lyrics_0] -Reliability: 0.9
[melody2chord:lyrics_0] -Progression Class: {'type': 'unknown', 'pattern': 'I-vi-IV-V', 'cycle': (0.9999999999999999, 16), 'progression-style': 'unknown', 'chord-style': 'unknown', 'performing-style': 'unknown', 'rhythm': 'unknown', 'epic-endings': 'unknown', 'melodic': 'unknown', 'folder-id': 462, 'duplicate-id': 122, 'new_label': 'unknown'}
[melody2chord:lyrics_0] Numbered: 
[melody2chord:lyrics_0] | 1------- | 6------- | 4------- | 5------- | 
[melody2chord:lyrics_0] Chord: 
[melody2chord:lyrics_0] | B 0------- | G#1------- | E 0------- | F#0------- | 
[melody2chord:lyrics_0] 
[melody2chord:lyrics_0] Total: 5
[melody2chord:lyrics_0] 
[melody2chord:lyrics_0] === Aligning chord_gen TPQ ===
[melody2chord:lyrics_0] Original melody TPQ: 480
[melody2chord:lyrics_0] Chord gen TPQ: 220
[melody2chord:lyrics_0] TPQ ratio: 2.1818
[melody2chord:lyrics_0] Converted chord_gen TPQ from 220 to 480
[melody2chord:lyrics_0] Output saved to: /data/home/fundwotsai/MIDI-SAG/generated_midi_right_key/lyrics_0/chord/chord_gen/sample01_shifted_chord_gen.mid
[melody2chord:lyrics_0] Re-quantized 58 melody notes to 1/16 beat grid
[melody2chord:lyrics_0] === Fill Empty Bars with Chords ===
[melody2chord:lyrics_0] Original melody TPQ: 480
[melody2chord:lyrics_0] Chord gen TPQ: 480
[melody2chord:lyrics_0] TPQ ratio: 1.0000
[melody2chord:lyrics_0] Chords start at tick: 8159 (bar 4.25)
[melody2chord:lyrics_0] Empty bars to fill: 4
[melody2chord:lyrics_0] Prepending 0 bars and copying 20 chord notes to cover 4 leading bars
[melody2chord:lyrics_0] 
[melody2chord:lyrics_0] === Output Summary ===
[melody2chord:lyrics_0] Output TPQ: 480
[melody2chord:lyrics_0] Melody track notes: 139
[melody2chord:lyrics_0] Chord track notes: 275
[melody2chord:lyrics_0] First chord now at tick: 0
[melody2chord:lyrics_0] Last chord at tick: 75360
[melody2chord:lyrics_0] Output saved to: /data/home/fundwotsai/MIDI-SAG/generated_midi_right_key/lyrics_0/chord/chord_gen_filled_empty/sample01_shifted_chord_gen_filled_empty_bars.mid
[melody2chord:lyrics_0] === Quantizing melody to 1/16 notes ===
[melody2chord:lyrics_0] TPQ: 480
[melody2chord:lyrics_0] Ticks per 16th note: 120.0
[melody2chord:lyrics_0] Quantized 187 notes to 1/16 note positions
[melody2chord:lyrics_0] Output saved to: /data/home/fundwotsai/MIDI-SAG/generated_midi_right_key/lyrics_0/chord/chord_gen_quantized/sample01_shifted_chord_gen_quantized.mid
[melody2chord:lyrics_0] Extracted 161 beat-level chords from 'Chords' track
[melody2chord:lyrics_0] Chord times remapped to 166 beat positions (subdivision: quarter notes)
[melody2chord:lyrics_0] Filled 9 None chords
[melody2chord:lyrics_0] ✓ Successfully processed: sample01_shifted
[melody2chord:lyrics_0]   Key: F major (confidence: 0.81)
[melody2chord:lyrics_0]   Tempo: 126.0 BPM (source: MIDI tempo)
[melody2chord:lyrics_0]   Chord Text: /data/home/fundwotsai/MIDI-SAG/generated_midi_right_key/lyrics_0/chord/chord_txt/sample01_shifted_chord_gen.txt
[melody2chord:lyrics_0]   BTC Text:   /data/home/fundwotsai/MIDI-SAG/generated_midi_right_key/lyrics_0/chord/btc_txt/sample01_shifted_chord_gen.txt
[melody2chord:lyrics_0] /data/home/fundwotsai/MIDI-SAG/AccoMontage2/chorderator/utils/utils.py:24: UserWarning: Could not import FluidSynth, audio formats writing disabled
[melody2chord:lyrics_0]   warnings.warn('Could not import FluidSynth, audio formats writing disabled')
[melody2chord:lyrics_0] /home/fundwotsai/miniconda3/envs/midi-sag/lib/python3.9/site-packages/miditok/tokenizations/remi.py:88: UserWarning: Attribute controls are not compatible with 'config.one_token_stream_for_programs' and multi-vocabulary tokenizers. Disabling them from the config.
[melody2chord:lyrics_0]   super().__init__(tokenizer_config, params)
[melody2chord:lyrics_0] /data/home/fundwotsai/MIDI-SAG/AccoMontage2/chorderator/core.py:238: UserWarning: Meter auto set to 4/4/. Please set meter if this is not your expectation
[melody2chord:lyrics_0]   warnings.warn('Meter auto set to 4/4/. Please set meter if this is not your expectation')
[melody2chord:lyrics_0] @Chorderator 2026-04-15 17:20:56,869 - INFO - [1;30m start read progressions from dict [0m
[melody2chord:lyrics_0] @Chorderator 2026-04-15 17:21:03,819 - INFO - [1;30m read progressions done [0m
[melody2chord:lyrics_0] @Chorderator 2026-04-15 17:21:03,819 - INFO - [1;30m start read progression library from source_base.pnt [0m
[melody2chord:lyrics_0] @Chorderator 2026-04-15 17:21:10,149 - INFO - [1;30m read library done [0m
[melody2chord:lyrics_0] @Chorderator 2026-04-15 17:21:10,149 - WARNING - [1;33m Pre-processing... [0m
[melody2chord:lyrics_0] @Chorderator 2026-04-15 17:21:10,162 - WARNING - [1;33m Pre-process done! [0m
[melody2chord:lyrics_0] @Chorderator 2026-04-15 17:21:10,162 - WARNING - [1;33m Solving... [0m
[melody2chord:lyrics_0] @Chorderator 2026-04-15 17:21:10,162 - INFO - [1;30m start read progressions from rep [0m
[melody2chord:lyrics_0] @Chorderator 2026-04-15 17:21:10,195 - INFO - [1;30m read progressions done [0m
[melody2chord:lyrics_0] @Chorderator 2026-04-15 17:21:10,203 - INFO - [1;30m Melody length 5, generate progression with 63 templates [0m
[melody2chord:lyrics_0] @Chorderator 2026-04-15 17:21:10,323 - WARNING - [1;33m Solved! [0m
[melody2chord:lyrics_0] @Chorderator 2026-04-15 17:21:10,323 - WARNING - [1;33m Post-processing... [0m
[melody2chord:lyrics_0] @Chorderator 2026-04-15 17:21:10,334 - WARNING - [1;33m Post-process done! [0m
[melody2chord:lyrics_0] @Chorderator 2026-04-15 17:21:10,334 - WARNING - [1;33m Generating textures... [0m
[melody2chord:lyrics_0] @Chorderator 2026-04-15 17:21:10,335 - WARNING - [1;33m All process finished! [0m
[melody2chord:lyrics_0] 
[melody2chord:lyrics_0] === Processing: sample01_shifted ===
[melody2chord:lyrics_0] Output will be saved to: /data/home/fundwotsai/MIDI-SAG/generated_midi_right_key/lyrics_0/chord/
[melody2chord:lyrics_0] beat_file_path: None
[melody2chord:lyrics_0] Tempo from MIDI: 126.0 BPM (no beat file — skipping warp step)
[melody2chord:lyrics_0] cdt_melody_path: /data/home/fundwotsai/MIDI-SAG/generated_midi_right_key/lyrics_0/chord/processed_melody/sample01_shifted.mid
[melody2chord:lyrics_0] Detected key: F major (confidence: 0.81, Bellman-Budge)
[melody2chord:lyrics_0] Content bars: 37 -> Segmentation: A8B8A8B8A8 (total: 40)
[melody2chord:lyrics_0] Chorderator bars: 36 -> Segmentation: A8B8A8B8A4 (total: 36)
[melody2chord:lyrics_0] auto_config: {'note_shift': 68, 'segmentation': 'A8B8A8B8A4', 'analysis': {'total_bars': 42, 'empty_bars': 4, 'content_bars': 37, 'note_shift': 68, 'segmentation': 'A8B8A8B8A4', 'first_note_bar': 4.25, 'last_note_bar': 41.0, 'chorderator_bars': {'max_end_positions': 588, 'fixed_end_positions': 576, 'fixed_end_bars': 36, 'tempo': 126.00012600012599, 'unit': 0.11904750000000001}}}
[melody2chord:lyrics_0] tempo for CDT: 126.0 BPM (chords_per_bar=1)
[melody2chord:lyrics_0] args.chord_style POP_COMPLEX
[melody2chord:lyrics_0] max_end: 588.0
[melody2chord:lyrics_0] fixed_end: 576
[melody2chord:lyrics_0] 576
[melody2chord:lyrics_0] {'tonic': 'F', 'mode': 'maj', 'tempo': 126.000126000126, 'meter': '4/4', 'pos': ['x', 'x', 'x', 'x', 'x'], 'unit': 0.1190475}
[melody2chord:lyrics_0] Phrase length: 128 positions = 8 bars
[melody2chord:lyrics_0] Phrase length: 128 positions = 8 bars
[melody2chord:lyrics_0] Phrase length: 128 positions = 8 bars
[melody2chord:lyrics_0] Phrase length: 128 positions = 8 bars
[melody2chord:lyrics_0] Phrase length: 64 positions = 4 bars
[melody2chord:lyrics_0] [128, 128, 128, 128, 64]
[melody2chord:lyrics_0] Chord Progression
[melody2chord:lyrics_0] -Source: Niko_Kotoulas__RhythmChordProg_2 (vi-I-IV-V-ii-iii-IV-V).mid
[melody2chord:lyrics_0] -Source Type: None
[melody2chord:lyrics_0] -Source Tonic: B
[melody2chord:lyrics_0] -Source Metre: 4/4
[melody2chord:lyrics_0] -Source Mode: M (M for Major and m for minor)
[melody2chord:lyrics_0] -Appeared Times: 1
[melody2chord:lyrics_0] -Appeared In Other Songs: 0
[melody2chord:lyrics_0] -Reliability: 0.7
[melody2chord:lyrics_0] -Progression Class: {'type': 'unknown', 'pattern': 'vi-I-IV-V-ii-iii-IV-V', 'cycle': (0.5178087050187163, 24), 'progression-style': 'unknown', 'chord-style': 'unknown', 'performing-style': 'unknown', 'rhythm': 'slow', 'epic-endings': 'unknown', 'melodic': 'unknown', 'folder-id': 5971, 'duplicate-id': 81, 'new_label': 'unknown'}
[melody2chord:lyrics_0] Numbered: 
[melody2chord:lyrics_0] | 6------- | 1------- | 4------- | 5------- | 2------- | 3------- | 4------- | 5------- | 
[melody2chord:lyrics_0] Chord: 
[melody2chord:lyrics_0] | 
[melody2chord:lyrics_0] | G#1------- | B 0------- | E 0------- | F#0------- | C#1------- | D#1------- | E 0------- | F#0------- | 
[melody2chord:lyrics_0] 
[melody2chord:lyrics_0] Chord Progression
[melody2chord:lyrics_0] -Source: Niko_Kotoulas_Pop_7th_9th_Chords_6_B-E-F#-B_.mid
[melody2chord:lyrics_0] -Source Type: None
[melody2chord:lyrics_0] -Source Tonic: B
[melody2chord:lyrics_0] -Source Metre: 4/4
[melody2chord:lyrics_0] -Source Mode: M (M for Major and m for minor)
[melody2chord:lyrics_0] -Appeared Times: 1
[melody2chord:lyrics_0] -Appeared In Other Songs: 0
[melody2chord:lyrics_0] -Reliability: 1.0
[melody2chord:lyrics_0] -Progression Class: {'type': 'unknown', 'pattern': 'unknown', 'cycle': (1.0, 32), 'progression-style': 'pop', 'chord-style': 'classy', 'performing-style': 'unknown', 'rhythm': 'unknown', 'epic-endings': 'unknown', 'melodic': 'unknown', 'folder-id': 528, 'duplicate-id': 157, 'new_label': 'pop_complex'}
[melody2chord:lyrics_0] Numbered: 
[melody2chord:lyrics_0] | 1------- | 4------- | 5------- | 1------- | 1------- | 4------- | 5------- | 1------- | 
[melody2chord:lyrics_0] Chord: 
[melody2chord:lyrics_0] | 
[melody2chord:lyrics_0] | B 0------- | E 0------- | F#0------- | B 0------- | B 0------- | E 0------- | F#0------- | B 0------- | 
[melody2chord:lyrics_0] 
[melody2chord:lyrics_0] Chord Progression
[melody2chord:lyrics_0] -Source: Niko_Kotoulas_Emotional_Chords_15_G#m-D#m-E-B_.mid
[melody2chord:lyrics_0] -Source Type: None
[melody2chord:lyrics_0] -Source Tonic: B
[melody2chord:lyrics_0] -Source Metre: 4/4
[melody2chord:lyrics_0] -Source Mode: M (M for Major and m for minor)
[melody2chord:lyrics_0] -Appeared Times: 1
[melody2chord:lyrics_0] -Appeared In Other Songs: 0
[melody2chord:lyrics_0] -Reliability: 1.0
[melody2chord:lyrics_0] -Progression Class: {'type': 'unknown', 'pattern': 'unknown', 'cycle': (1.0, 32), 'progression-style': 'emotional', 'chord-style': 'emotional', 'performing-style': 'unknown', 'rhythm': 'unknown', 'epic-endings': 'unknown', 'melodic': 'unknown', 'folder-id': 535, 'duplicate-id': 276, 'new_label': 'pop_complex'}
[melody2chord:lyrics_0] Numbered: 
[melody2chord:lyrics_0] | 6------- | 3------- | 4------- | 1------- | 6------- | 3------- | 4------- | 1------- | 
[melody2chord:lyrics_0] Chord: 
[melody2chord:lyrics_0] | 
[melody2chord:lyrics_0] | G#1------- | D#1------- | E 0------- | B 0------- | G#1------- | D#1------- | E 0------- | B 0------- | 
[melody2chord:lyrics_0] 
[melody2chord:lyrics_0] Chord Progression
[melody2chord:lyrics_0] -Source: Niko_Kotoulas__RhythmChordProg_8 (vi-I-IV-V-ii-iii-IV-V).mid
[melody2chord:lyrics_0] -Source Type: None
[melody2chord:lyrics_0] -Source Tonic: B
[melody2chord:lyrics_0] -Source Metre: 4/4
[melody2chord:lyrics_0] -Source Mode: M (M for Major and m for minor)
[melody2chord:lyrics_0] -Appeared Times: 1
[melody2chord:lyrics_0] -Appeared In Other Songs: 0
[melody2chord:lyrics_0] -Reliability: 0.7
[melody2chord:lyrics_0] -Progression Class: {'type': 'unknown', 'pattern': 'vi-I-IV-V-ii-iii-IV-V', 'cycle': (0.8796524834087005, 24), 'progression-style': 'unknown', 'chord-style': 'unknown', 'performing-style': 'unknown', 'rhythm': 'slow', 'epic-endings': 'unknown', 'melodic': 'unknown', 'folder-id': 5971, 'duplicate-id': 78, 'new_label': 'unknown'}
[melody2chord:lyrics_0] Numbered: 
[melody2chord:lyrics_0] | 6------- | 6------- | 1------- | 4------- | 5------- | 2------- | 3--4---- | 5------- | 
[melody2chord:lyrics_0] Chord: 
[melody2chord:lyrics_0] | 
[melody2chord:lyrics_0] | G#1------- | G#1------- | B 0------- | E 0------- | F#0------- | C#1------- | D#1--E 0---- | F#0------- | 
[melody2chord:lyrics_0] 
[melody2chord:lyrics_0] Chord Progression
[melody2chord:lyrics_0] -Source: Niko_Kotoulas_ChordProg_1_B-G#m-E-F# (I-vi-IV-V).mid
[melody2chord:lyrics_0] -Source Type: None
[melody2chord:lyrics_0] -Source Tonic: B
[melody2chord:lyrics_0] -Source Metre: 4/4
[melody2chord:lyrics_0] -Source Mode: M (M for Major and m for minor)
[melody2chord:lyrics_0] -Appeared Times: 1
[melody2chord:lyrics_0] -Appeared In Other Songs: 0
[melody2chord:lyrics_0] -Reliability: 0.9
[melody2chord:lyrics_0] -Progression Class: {'type': 'unknown', 'pattern': 'I-vi-IV-V', 'cycle': (0.9999999999999999, 16), 'progression-style': 'unknown', 'chord-style': 'unknown', 'performing-style': 'unknown', 'rhythm': 'unknown', 'epic-endings': 'unknown', 'melodic': 'unknown', 'folder-id': 462, 'duplicate-id': 122, 'new_label': 'unknown'}
[melody2chord:lyrics_0] Numbered: 
[melody2chord:lyrics_0] | 1------- | 6------- | 4------- | 5------- | 
[melody2chord:lyrics_0] Chord: 
[melody2chord:lyrics_0] | B 0------- | G#1------- | E 0------- | F#0------- | 
[melody2chord:lyrics_0] 
[melody2chord:lyrics_0] Total: 5
[melody2chord:lyrics_0] 
[melody2chord:lyrics_0] === Aligning chord_gen TPQ ===
[melody2chord:lyrics_0] Original melody TPQ: 480
[melody2chord:lyrics_0] Chord gen TPQ: 220
[melody2chord:lyrics_0] TPQ ratio: 2.1818
[melody2chord:lyrics_0] Converted chord_gen TPQ from 220 to 480
[melody2chord:lyrics_0] Output saved to: /data/home/fundwotsai/MIDI-SAG/generated_midi_right_key/lyrics_0/chord/chord_gen/sample01_shifted_chord_gen.mid
[melody2chord:lyrics_0] Re-quantized 58 melody notes to 1/16 beat grid
[melody2chord:lyrics_0] === Fill Empty Bars with Chords ===
[melody2chord:lyrics_0] Original melody TPQ: 480
[melody2chord:lyrics_0] Chord gen TPQ: 480
[melody2chord:lyrics_0] TPQ ratio: 1.0000
[melody2chord:lyrics_0] Chords start at tick: 8159 (bar 4.25)
[melody2chord:lyrics_0] Empty bars to fill: 4
[melody2chord:lyrics_0] Prepending 0 bars and copying 20 chord notes to cover 4 leading bars
[melody2chord:lyrics_0] 
[melody2chord:lyrics_0] === Output Summary ===
[melody2chord:lyrics_0] Output TPQ: 480
[melody2chord:lyrics_0] Melody track notes: 139
[melody2chord:lyrics_0] Chord track notes: 275
[melody2chord:lyrics_0] First chord now at tick: 0
[melody2chord:lyrics_0] Last chord at tick: 75360
[melody2chord:lyrics_0] Output saved to: /data/home/fundwotsai/MIDI-SAG/generated_midi_right_key/lyrics_0/chord/chord_gen_filled_empty/sample01_shifted_chord_gen_filled_empty_bars.mid
[melody2chord:lyrics_0] === Quantizing melody to 1/16 notes ===
[melody2chord:lyrics_0] TPQ: 480
[melody2chord:lyrics_0] Ticks per 16th note: 120.0
[melody2chord:lyrics_0] Quantized 187 notes to 1/16 note positions
[melody2chord:lyrics_0] Output saved to: /data/home/fundwotsai/MIDI-SAG/generated_midi_right_key/lyrics_0/chord/chord_gen_quantized/sample01_shifted_chord_gen_quantized.mid
[melody2chord:lyrics_0] Snapped 217 chord notes to 4-beat grid (total chord onsets: 40, merged buckets: 8, extended notes: 95)
[melody2chord:lyrics_0] Snapped 36 chord notes to 4-beat grid (total chord onsets: 40, merged buckets: 8, extended notes: 9)
[melody2chord:lyrics_0] Extracted 161 beat-level chords from 'Chords' track
[melody2chord:lyrics_0] Chord times remapped to 166 beat positions (subdivision: quarter notes)
[melody2chord:lyrics_0] ✓ Successfully processed: sample01_shifted
[melody2chord:lyrics_0]   Key: F major (confidence: 0.81)
[melody2chord:lyrics_0]   Tempo: 126.0 BPM (source: MIDI tempo)
[melody2chord:lyrics_0]   Chord Text: /data/home/fundwotsai/MIDI-SAG/generated_midi_right_key/lyrics_0/chord/chord_txt/sample01_shifted_chord_gen.txt
[melody2chord:lyrics_0]   BTC Text:   /data/home/fundwotsai/MIDI-SAG/generated_midi_right_key/lyrics_0/chord/btc_txt/sample01_shifted_chord_gen.txt
