[melody2chord:lyrics_8] /data/home/fundwotsai/MIDI-SAG/AccoMontage2/chorderator/utils/utils.py:24: UserWarning: Could not import FluidSynth, audio formats writing disabled
[melody2chord:lyrics_8]   warnings.warn('Could not import FluidSynth, audio formats writing disabled')
[melody2chord:lyrics_8] /home/fundwotsai/miniconda3/envs/midi-sag/lib/python3.9/site-packages/miditok/tokenizations/remi.py:88: UserWarning: Attribute controls are not compatible with 'config.one_token_stream_for_programs' and multi-vocabulary tokenizers. Disabling them from the config.
[melody2chord:lyrics_8]   super().__init__(tokenizer_config, params)
[melody2chord:lyrics_8] /data/home/fundwotsai/MIDI-SAG/AccoMontage2/chorderator/core.py:238: UserWarning: Meter auto set to 4/4/. Please set meter if this is not your expectation
[melody2chord:lyrics_8]   warnings.warn('Meter auto set to 4/4/. Please set meter if this is not your expectation')
[melody2chord:lyrics_8] @Chorderator 2026-04-14 12:33:27,590 - INFO - [1;30m start read progressions from dict [0m
[melody2chord:lyrics_8] @Chorderator 2026-04-14 12:33:34,206 - INFO - [1;30m read progressions done [0m
[melody2chord:lyrics_8] @Chorderator 2026-04-14 12:33:34,206 - INFO - [1;30m start read progression library from source_base.pnt [0m
[melody2chord:lyrics_8] @Chorderator 2026-04-14 12:33:40,500 - INFO - [1;30m read library done [0m
[melody2chord:lyrics_8] @Chorderator 2026-04-14 12:33:40,501 - WARNING - [1;33m Pre-processing... [0m
[melody2chord:lyrics_8] @Chorderator 2026-04-14 12:33:40,512 - WARNING - [1;33m Pre-process done! [0m
[melody2chord:lyrics_8] @Chorderator 2026-04-14 12:33:40,512 - WARNING - [1;33m Solving... [0m
[melody2chord:lyrics_8] @Chorderator 2026-04-14 12:33:40,512 - INFO - [1;30m start read progressions from rep [0m
[melody2chord:lyrics_8] @Chorderator 2026-04-14 12:33:40,544 - INFO - [1;30m read progressions done [0m
[melody2chord:lyrics_8] @Chorderator 2026-04-14 12:33:40,551 - INFO - [1;30m Melody length 4, generate progression with 63 templates [0m
[melody2chord:lyrics_8] @Chorderator 2026-04-14 12:33:40,646 - WARNING - [1;33m Solved! [0m
[melody2chord:lyrics_8] @Chorderator 2026-04-14 12:33:40,646 - WARNING - [1;33m Post-processing... [0m
[melody2chord:lyrics_8] @Chorderator 2026-04-14 12:33:40,655 - WARNING - [1;33m Post-process done! [0m
[melody2chord:lyrics_8] @Chorderator 2026-04-14 12:33:40,655 - WARNING - [1;33m Generating textures... [0m
[melody2chord:lyrics_8] @Chorderator 2026-04-14 12:33:40,656 - WARNING - [1;33m All process finished! [0m
[melody2chord:lyrics_8] 
[melody2chord:lyrics_8] === Processing: sample01_shifted ===
[melody2chord:lyrics_8] Output will be saved to: /data/home/fundwotsai/MIDI-SAG/generated_midi_right_key/lyrics_8/chord/
[melody2chord:lyrics_8] beat_file_path: None
[melody2chord:lyrics_8] Tempo from MIDI: 105.0 BPM (no beat file — skipping warp step)
[melody2chord:lyrics_8] processed_melody_path: /data/home/fundwotsai/MIDI-SAG/generated_midi_right_key/lyrics_8/chord/processed_melody/sample01_shifted.mid
[melody2chord:lyrics_8] Detected key: Eb major (confidence: 0.67, Bellman-Budge)
[melody2chord:lyrics_8] Content bars: 26 -> Segmentation: A8B8A8B4 (total: 28)
[melody2chord:lyrics_8] Chorderator bars: 28 -> Segmentation: A8B8A8B4 (total: 28)
[melody2chord:lyrics_8] auto_config: {'note_shift': 64, 'segmentation': 'A8B8A8B4', 'analysis': {'total_bars': 31, 'empty_bars': 4, 'content_bars': 26, 'note_shift': 64, 'segmentation': 'A8B8A8B4', 'first_note_bar': 4.0, 'last_note_bar': 30.8125, 'chorderator_bars': {'max_end_positions': 429, 'fixed_end_positions': 448, 'fixed_end_bars': 28, 'tempo': 104.99992125005905, 'unit': 0.14285725000000002}}}
[melody2chord:lyrics_8] tempo for CDT: 105.0 BPM
[melody2chord:lyrics_8] max_end: 429.0
[melody2chord:lyrics_8] fixed_end: 448
[melody2chord:lyrics_8] 448
[melody2chord:lyrics_8] {'tonic': 'Eb', 'mode': 'maj', 'tempo': 104.99992125005906, 'meter': '4/4', 'pos': ['x', 'x', 'x', 'x'], 'unit': 0.14285725}
[melody2chord:lyrics_8] Phrase length: 128 positions = 8 bars
[melody2chord:lyrics_8] Phrase length: 128 positions = 8 bars
[melody2chord:lyrics_8] Phrase length: 128 positions = 8 bars
[melody2chord:lyrics_8] Phrase length: 64 positions = 4 bars
[melody2chord:lyrics_8] [128, 128, 128, 64]
[melody2chord:lyrics_8] Chord Progression
[melody2chord:lyrics_8] -Source: Niko_Kotoulas_Emotional_Chords_26_G#m-F#-B-C#m-D#m-E-F#-G#_.mid
[melody2chord:lyrics_8] -Source Type: None
[melody2chord:lyrics_8] -Source Tonic: B
[melody2chord:lyrics_8] -Source Metre: 4/4
[melody2chord:lyrics_8] -Source Mode: M (M for Major and m for minor)
[melody2chord:lyrics_8] -Appeared Times: 1
[melody2chord:lyrics_8] -Appeared In Other Songs: 0
[melody2chord:lyrics_8] -Reliability: 1.0
[melody2chord:lyrics_8] -Progression Class: {'type': 'unknown', 'pattern': 'unknown', 'cycle': (0.4338235294117646, 8), 'progression-style': 'emotional', 'chord-style': 'emotional', 'performing-style': 'unknown', 'rhythm': 'unknown', 'epic-endings': 'unknown', 'melodic': 'unknown', 'folder-id': 535, 'duplicate-id': 282, 'new_label': 'pop_complex'}
[melody2chord:lyrics_8] Numbered: 
[melody2chord:lyrics_8] | 6------- | 5------- | 1------- | 2------- | 3------- | 4------- | 5------- | 6------- | 
[melody2chord:lyrics_8] Chord: 
[melody2chord:lyrics_8] | 
[melody2chord:lyrics_8] | G#1------- | F#0------- | B 0------- | C#1------- | D#1------- | E 0------- | F#0------- | G#0------- | 
[melody2chord:lyrics_8] 
[melody2chord:lyrics_8] Chord Progression
[melody2chord:lyrics_8] -Source: Niko_Kotoulas_Epic_Ending_3_F#-G#m-E-B (V-vi-IV-I).mid
[melody2chord:lyrics_8] -Source Type: None
[melody2chord:lyrics_8] -Source Tonic: B
[melody2chord:lyrics_8] -Source Metre: 4/4
[melody2chord:lyrics_8] -Source Mode: M (M for Major and m for minor)
[melody2chord:lyrics_8] -Appeared Times: 1
[melody2chord:lyrics_8] -Appeared In Other Songs: 0
[melody2chord:lyrics_8] -Reliability: 0.4
[melody2chord:lyrics_8] -Progression Class: {'type': 'unknown', 'pattern': 'V-vi-IV-I', 'cycle': (0, 0), 'progression-style': 'unknown', 'chord-style': 'unknown', 'performing-style': 'unknown', 'rhythm': 'unknown', 'epic-endings': 'True', 'melodic': 'unknown', 'folder-id': 335, 'duplicate-id': 494, 'new_label': 'unknown'}
[melody2chord:lyrics_8] Numbered: 
[melody2chord:lyrics_8] | 5------- | 6------- | 4------- | 1------- | 1------- | 1------- | 1------- | 1------- | 
[melody2chord:lyrics_8] Chord: 
[melody2chord:lyrics_8] | 
[melody2chord:lyrics_8] | F#0------- | G#1------- | E 0------- | B 0------- | B 0------- | B 0------- | B 0------- | B 0------- | 
[melody2chord:lyrics_8] 
[melody2chord:lyrics_8] Chord Progression
[melody2chord:lyrics_8] -Source: Niko_Kotoulas_Epic_Ending_3_F#-G#m-E-B (V-vi-IV-I).mid
[melody2chord:lyrics_8] -Source Type: None
[melody2chord:lyrics_8] -Source Tonic: B
[melody2chord:lyrics_8] -Source Metre: 4/4
[melody2chord:lyrics_8] -Source Mode: M (M for Major and m for minor)
[melody2chord:lyrics_8] -Appeared Times: 1
[melody2chord:lyrics_8] -Appeared In Other Songs: 0
[melody2chord:lyrics_8] -Reliability: 0.4
[melody2chord:lyrics_8] -Progression Class: {'type': 'unknown', 'pattern': 'V-vi-IV-I', 'cycle': (0, 0), 'progression-style': 'unknown', 'chord-style': 'unknown', 'performing-style': 'unknown', 'rhythm': 'unknown', 'epic-endings': 'True', 'melodic': 'unknown', 'folder-id': 335, 'duplicate-id': 494, 'new_label': 'unknown'}
[melody2chord:lyrics_8] Numbered: 
[melody2chord:lyrics_8] | 5------- | 6------- | 4------- | 1------- | 1------- | 1------- | 1------- | 1------- | 
[melody2chord:lyrics_8] Chord: 
[melody2chord:lyrics_8] | 
[melody2chord:lyrics_8] | F#0------- | G#1------- | E 0------- | B 0------- | B 0------- | B 0------- | B 0------- | B 0------- | 
[melody2chord:lyrics_8] 
[melody2chord:lyrics_8] Chord Progression
[melody2chord:lyrics_8] -Source: Niko_Kotoulas_ChordProg_2_C#m-G#m-B-F# (ii-vi-I-V).mid
[melody2chord:lyrics_8] -Source Type: None
[melody2chord:lyrics_8] -Source Tonic: B
[melody2chord:lyrics_8] -Source Metre: 4/4
[melody2chord:lyrics_8] -Source Mode: M (M for Major and m for minor)
[melody2chord:lyrics_8] -Appeared Times: 1
[melody2chord:lyrics_8] -Appeared In Other Songs: 0
[melody2chord:lyrics_8] -Reliability: 0.9
[melody2chord:lyrics_8] -Progression Class: {'type': 'unknown', 'pattern': 'ii-vi-I-V', 'cycle': (0.9999999999999999, 16), 'progression-style': 'unknown', 'chord-style': 'unknown', 'performing-style': 'unknown', 'rhythm': 'unknown', 'epic-endings': 'unknown', 'melodic': 'unknown', 'folder-id': 290, 'duplicate-id': 473, 'new_label': 'unknown'}
[melody2chord:lyrics_8] Numbered: 
[melody2chord:lyrics_8] | 2------- | 6------- | 1------- | 5------- | 
[melody2chord:lyrics_8] Chord: 
[melody2chord:lyrics_8] | C#1------- | G#1------- | B 0------- | F#0------- | 
[melody2chord:lyrics_8] 
[melody2chord:lyrics_8] Total: 4
[melody2chord:lyrics_8] 
[melody2chord:lyrics_8] === Aligning chord_gen TPQ ===
[melody2chord:lyrics_8] Original melody TPQ: 480
[melody2chord:lyrics_8] Chord gen TPQ: 220
[melody2chord:lyrics_8] TPQ ratio: 2.1818
[melody2chord:lyrics_8] Converted chord_gen TPQ from 220 to 480
[melody2chord:lyrics_8] Output saved to: /data/home/fundwotsai/MIDI-SAG/generated_midi_right_key/lyrics_8/chord/chord_gen/sample01_shifted_chord_gen.mid
[melody2chord:lyrics_8] Re-quantized 65 melody notes to 1/16 beat grid
[melody2chord:lyrics_8] === Fill Empty Bars with Chords ===
[melody2chord:lyrics_8] Original melody TPQ: 480
[melody2chord:lyrics_8] Chord gen TPQ: 480
[melody2chord:lyrics_8] TPQ ratio: 1.0000
[melody2chord:lyrics_8] Chords start at tick: 7679 (bar 4.00)
[melody2chord:lyrics_8] Empty bars to fill: 4
[melody2chord:lyrics_8] Prepending 1 bars and copying 25 chord notes to cover 4 leading bars
[melody2chord:lyrics_8] 
[melody2chord:lyrics_8] === Output Summary ===
[melody2chord:lyrics_8] Output TPQ: 480
[melody2chord:lyrics_8] Melody track notes: 139
[melody2chord:lyrics_8] Chord track notes: 193
[melody2chord:lyrics_8] First chord now at tick: 0
[melody2chord:lyrics_8] Last chord at tick: 61439
[melody2chord:lyrics_8] Output saved to: /data/home/fundwotsai/MIDI-SAG/generated_midi_right_key/lyrics_8/chord/chord_gen_filled_empty/sample01_shifted_chord_gen_filled_empty_bars.mid
[melody2chord:lyrics_8] === Quantizing melody to 1/16 notes ===
[melody2chord:lyrics_8] TPQ: 480
[melody2chord:lyrics_8] Ticks per 16th note: 120.0
[melody2chord:lyrics_8] Quantized 183 notes to 1/16 note positions
[melody2chord:lyrics_8] Output saved to: /data/home/fundwotsai/MIDI-SAG/generated_midi_right_key/lyrics_8/chord/chord_gen_quantized/sample01_shifted_chord_gen_quantized.mid
[melody2chord:lyrics_8] Extracted 132 beat-level chords from 'Chords' track
[melody2chord:lyrics_8] Chord times remapped to 125 beat positions (subdivision: quarter notes)
[melody2chord:lyrics_8] Filled 27 None chords
[melody2chord:lyrics_8] ✓ Successfully processed: sample01_shifted
[melody2chord:lyrics_8]   Key: Eb major (confidence: 0.67)
[melody2chord:lyrics_8]   Tempo: 105.0 BPM (source: MIDI tempo)
[melody2chord:lyrics_8]   Chord Text: /data/home/fundwotsai/MIDI-SAG/generated_midi_right_key/lyrics_8/chord/chord_txt/sample01_shifted_chord_gen.txt
[melody2chord:lyrics_8]   BTC Text:   /data/home/fundwotsai/MIDI-SAG/generated_midi_right_key/lyrics_8/chord/btc_txt/sample01_shifted_chord_gen.txt
