[melody2chord:lyrics_51] /data/home/fundwotsai/MIDI-SAG/AccoMontage2/chorderator/utils/utils.py:24: UserWarning: Could not import FluidSynth, audio formats writing disabled
[melody2chord:lyrics_51]   warnings.warn('Could not import FluidSynth, audio formats writing disabled')
[melody2chord:lyrics_51] /home/fundwotsai/miniconda3/envs/midi-sag/lib/python3.9/site-packages/miditok/tokenizations/remi.py:88: UserWarning: Attribute controls are not compatible with 'config.one_token_stream_for_programs' and multi-vocabulary tokenizers. Disabling them from the config.
[melody2chord:lyrics_51]   super().__init__(tokenizer_config, params)
[melody2chord:lyrics_51] /data/home/fundwotsai/MIDI-SAG/AccoMontage2/chorderator/core.py:238: UserWarning: Meter auto set to 4/4/. Please set meter if this is not your expectation
[melody2chord:lyrics_51]   warnings.warn('Meter auto set to 4/4/. Please set meter if this is not your expectation')
[melody2chord:lyrics_51] @Chorderator 2026-04-14 12:21:15,454 - INFO - [1;30m start read progressions from dict [0m
[melody2chord:lyrics_51] @Chorderator 2026-04-14 12:21:21,940 - INFO - [1;30m read progressions done [0m
[melody2chord:lyrics_51] @Chorderator 2026-04-14 12:21:21,940 - INFO - [1;30m start read progression library from source_base.pnt [0m
[melody2chord:lyrics_51] @Chorderator 2026-04-14 12:21:28,243 - INFO - [1;30m read library done [0m
[melody2chord:lyrics_51] @Chorderator 2026-04-14 12:21:28,244 - WARNING - [1;33m Pre-processing... [0m
[melody2chord:lyrics_51] @Chorderator 2026-04-14 12:21:28,253 - WARNING - [1;33m Pre-process done! [0m
[melody2chord:lyrics_51] @Chorderator 2026-04-14 12:21:28,253 - WARNING - [1;33m Solving... [0m
[melody2chord:lyrics_51] @Chorderator 2026-04-14 12:21:28,253 - INFO - [1;30m start read progressions from rep [0m
[melody2chord:lyrics_51] @Chorderator 2026-04-14 12:21:28,285 - INFO - [1;30m read progressions done [0m
[melody2chord:lyrics_51] @Chorderator 2026-04-14 12:21:28,289 - INFO - [1;30m Melody length 2, generate progression with 63 templates [0m
[melody2chord:lyrics_51] @Chorderator 2026-04-14 12:21:28,338 - WARNING - [1;33m Solved! [0m
[melody2chord:lyrics_51] @Chorderator 2026-04-14 12:21:28,338 - WARNING - [1;33m Post-processing... [0m
[melody2chord:lyrics_51] @Chorderator 2026-04-14 12:21:28,342 - WARNING - [1;33m Post-process done! [0m
[melody2chord:lyrics_51] @Chorderator 2026-04-14 12:21:28,342 - WARNING - [1;33m Generating textures... [0m
[melody2chord:lyrics_51] @Chorderator 2026-04-14 12:21:28,343 - WARNING - [1;33m All process finished! [0m
[melody2chord:lyrics_51] 
[melody2chord:lyrics_51] === Processing: sample01_shifted ===
[melody2chord:lyrics_51] Output will be saved to: /data/home/fundwotsai/MIDI-SAG/generated_midi_right_key/lyrics_51/chord/
[melody2chord:lyrics_51] beat_file_path: None
[melody2chord:lyrics_51] Tempo from MIDI: 78.0 BPM (no beat file — skipping warp step)
[melody2chord:lyrics_51] processed_melody_path: /data/home/fundwotsai/MIDI-SAG/generated_midi_right_key/lyrics_51/chord/processed_melody/sample01_shifted.mid
[melody2chord:lyrics_51] Detected key: C major (confidence: 0.64, Bellman-Budge)
[melody2chord:lyrics_51] Content bars: 15 -> Segmentation: A8B8 (total: 16)
[melody2chord:lyrics_51] Chorderator bars: 16 -> Segmentation: A8B8 (total: 16)
[melody2chord:lyrics_51] auto_config: {'note_shift': 66, 'segmentation': 'A8B8', 'analysis': {'total_bars': 20, 'empty_bars': 4, 'content_bars': 15, 'note_shift': 66, 'segmentation': 'A8B8', 'first_note_bar': 4.125, 'last_note_bar': 19.25, 'chorderator_bars': {'max_end_positions': 242, 'fixed_end_positions': 256, 'fixed_end_bars': 16, 'tempo': 77.99997660000703, 'unit': 0.19230774999999997}}}
[melody2chord:lyrics_51] tempo for CDT: 78.0 BPM
[melody2chord:lyrics_51] max_end: 242.0
[melody2chord:lyrics_51] fixed_end: 256
[melody2chord:lyrics_51] 256
[melody2chord:lyrics_51] {'tonic': 'C', 'mode': 'maj', 'tempo': 77.99997660000702, 'meter': '4/4', 'pos': ['x', 'x'], 'unit': 0.19230775}
[melody2chord:lyrics_51] Phrase length: 128 positions = 8 bars
[melody2chord:lyrics_51] Phrase length: 128 positions = 8 bars
[melody2chord:lyrics_51] [128, 128]
[melody2chord:lyrics_51] Chord Progression
[melody2chord:lyrics_51] -Source: Niko_Kotoulas__RhythmChordProg_8 (vi-I-IV-V-ii-iii-IV-V).mid
[melody2chord:lyrics_51] -Source Type: None
[melody2chord:lyrics_51] -Source Tonic: B
[melody2chord:lyrics_51] -Source Metre: 4/4
[melody2chord:lyrics_51] -Source Mode: M (M for Major and m for minor)
[melody2chord:lyrics_51] -Appeared Times: 1
[melody2chord:lyrics_51] -Appeared In Other Songs: 0
[melody2chord:lyrics_51] -Reliability: 0.7
[melody2chord:lyrics_51] -Progression Class: {'type': 'unknown', 'pattern': 'vi-I-IV-V-ii-iii-IV-V', 'cycle': (0.8796524834087005, 24), 'progression-style': 'unknown', 'chord-style': 'unknown', 'performing-style': 'unknown', 'rhythm': 'slow', 'epic-endings': 'unknown', 'melodic': 'unknown', 'folder-id': 5971, 'duplicate-id': 78, 'new_label': 'unknown'}
[melody2chord:lyrics_51] Numbered: 
[melody2chord:lyrics_51] | 6------- | 6------- | 1------- | 4------- | 5------- | 2------- | 3--4---- | 5------- | 
[melody2chord:lyrics_51] Chord: 
[melody2chord:lyrics_51] | 
[melody2chord:lyrics_51] | G#1------- | G#1------- | B 0------- | E 0------- | F#0------- | C#1------- | D#1--E 0---- | F#0------- | 
[melody2chord:lyrics_51] 
[melody2chord:lyrics_51] Chord Progression
[melody2chord:lyrics_51] -Source: Niko_Kotoulas_Pop_7th_9th_Chords_6_B-E-F#-B_.mid
[melody2chord:lyrics_51] -Source Type: None
[melody2chord:lyrics_51] -Source Tonic: B
[melody2chord:lyrics_51] -Source Metre: 4/4
[melody2chord:lyrics_51] -Source Mode: M (M for Major and m for minor)
[melody2chord:lyrics_51] -Appeared Times: 1
[melody2chord:lyrics_51] -Appeared In Other Songs: 0
[melody2chord:lyrics_51] -Reliability: 1.0
[melody2chord:lyrics_51] -Progression Class: {'type': 'unknown', 'pattern': 'unknown', 'cycle': (1.0, 32), 'progression-style': 'pop', 'chord-style': 'classy', 'performing-style': 'unknown', 'rhythm': 'unknown', 'epic-endings': 'unknown', 'melodic': 'unknown', 'folder-id': 528, 'duplicate-id': 157, 'new_label': 'pop_complex'}
[melody2chord:lyrics_51] Numbered: 
[melody2chord:lyrics_51] | 1------- | 4------- | 5------- | 1------- | 1------- | 4------- | 5------- | 1------- | 
[melody2chord:lyrics_51] Chord: 
[melody2chord:lyrics_51] | 
[melody2chord:lyrics_51] | B 0------- | E 0------- | F#0------- | B 0------- | B 0------- | E 0------- | F#0------- | B 0------- | 
[melody2chord:lyrics_51] 
[melody2chord:lyrics_51] Total: 2
[melody2chord:lyrics_51] 
[melody2chord:lyrics_51] === Aligning chord_gen TPQ ===
[melody2chord:lyrics_51] Original melody TPQ: 480
[melody2chord:lyrics_51] Chord gen TPQ: 220
[melody2chord:lyrics_51] TPQ ratio: 2.1818
[melody2chord:lyrics_51] Converted chord_gen TPQ from 220 to 480
[melody2chord:lyrics_51] Output saved to: /data/home/fundwotsai/MIDI-SAG/generated_midi_right_key/lyrics_51/chord/chord_gen/sample01_shifted_chord_gen.mid
[melody2chord:lyrics_51] Re-quantized 56 melody notes to 1/16 beat grid
[melody2chord:lyrics_51] === Fill Empty Bars with Chords ===
[melody2chord:lyrics_51] Original melody TPQ: 480
[melody2chord:lyrics_51] Chord gen TPQ: 480
[melody2chord:lyrics_51] TPQ ratio: 1.0000
[melody2chord:lyrics_51] Chords start at tick: 7919 (bar 4.12)
[melody2chord:lyrics_51] Empty bars to fill: 4
[melody2chord:lyrics_51] Prepending 0 bars and copying 48 chord notes to cover 4 leading bars
[melody2chord:lyrics_51] 
[melody2chord:lyrics_51] === Output Summary ===
[melody2chord:lyrics_51] Output TPQ: 480
[melody2chord:lyrics_51] Melody track notes: 119
[melody2chord:lyrics_51] Chord track notes: 190
[melody2chord:lyrics_51] First chord now at tick: 0
[melody2chord:lyrics_51] Last chord at tick: 36720
[melody2chord:lyrics_51] Output saved to: /data/home/fundwotsai/MIDI-SAG/generated_midi_right_key/lyrics_51/chord/chord_gen_filled_empty/sample01_shifted_chord_gen_filled_empty_bars.mid
[melody2chord:lyrics_51] === Quantizing melody to 1/16 notes ===
[melody2chord:lyrics_51] TPQ: 480
[melody2chord:lyrics_51] Ticks per 16th note: 120.0
[melody2chord:lyrics_51] Quantized 151 notes to 1/16 note positions
[melody2chord:lyrics_51] Output saved to: /data/home/fundwotsai/MIDI-SAG/generated_midi_right_key/lyrics_51/chord/chord_gen_quantized/sample01_shifted_chord_gen_quantized.mid
[melody2chord:lyrics_51] Extracted 80 beat-level chords from 'Chords' track
[melody2chord:lyrics_51] Chord times remapped to 79 beat positions (subdivision: quarter notes)
[melody2chord:lyrics_51] Filled 6 None chords
[melody2chord:lyrics_51] ✓ Successfully processed: sample01_shifted
[melody2chord:lyrics_51]   Key: C major (confidence: 0.64)
[melody2chord:lyrics_51]   Tempo: 78.0 BPM (source: MIDI tempo)
[melody2chord:lyrics_51]   Chord Text: /data/home/fundwotsai/MIDI-SAG/generated_midi_right_key/lyrics_51/chord/chord_txt/sample01_shifted_chord_gen.txt
[melody2chord:lyrics_51]   BTC Text:   /data/home/fundwotsai/MIDI-SAG/generated_midi_right_key/lyrics_51/chord/btc_txt/sample01_shifted_chord_gen.txt
