[melody2chord:lyrics_200] /data/home/fundwotsai/MIDI-SAG/AccoMontage2/chorderator/utils/utils.py:24: UserWarning: Could not import FluidSynth, audio formats writing disabled
[melody2chord:lyrics_200]   warnings.warn('Could not import FluidSynth, audio formats writing disabled')
[melody2chord:lyrics_200] /home/fundwotsai/miniconda3/envs/midi-sag/lib/python3.9/site-packages/miditok/tokenizations/remi.py:88: UserWarning: Attribute controls are not compatible with 'config.one_token_stream_for_programs' and multi-vocabulary tokenizers. Disabling them from the config.
[melody2chord:lyrics_200]   super().__init__(tokenizer_config, params)
[melody2chord:lyrics_200] /data/home/fundwotsai/MIDI-SAG/AccoMontage2/chorderator/core.py:238: UserWarning: Meter auto set to 4/4/. Please set meter if this is not your expectation
[melody2chord:lyrics_200]   warnings.warn('Meter auto set to 4/4/. Please set meter if this is not your expectation')
[melody2chord:lyrics_200] @Chorderator 2026-04-14 12:04:24,148 - INFO - [1;30m start read progressions from dict [0m
[melody2chord:lyrics_200] @Chorderator 2026-04-14 12:04:30,625 - INFO - [1;30m read progressions done [0m
[melody2chord:lyrics_200] @Chorderator 2026-04-14 12:04:30,625 - INFO - [1;30m start read progression library from source_base.pnt [0m
[melody2chord:lyrics_200] @Chorderator 2026-04-14 12:04:36,875 - INFO - [1;30m read library done [0m
[melody2chord:lyrics_200] @Chorderator 2026-04-14 12:04:36,875 - WARNING - [1;33m Pre-processing... [0m
[melody2chord:lyrics_200] @Chorderator 2026-04-14 12:04:36,897 - WARNING - [1;33m Pre-process done! [0m
[melody2chord:lyrics_200] @Chorderator 2026-04-14 12:04:36,897 - WARNING - [1;33m Solving... [0m
[melody2chord:lyrics_200] @Chorderator 2026-04-14 12:04:36,897 - INFO - [1;30m start read progressions from rep [0m
[melody2chord:lyrics_200] @Chorderator 2026-04-14 12:04:36,929 - INFO - [1;30m read progressions done [0m
[melody2chord:lyrics_200] @Chorderator 2026-04-14 12:04:36,937 - INFO - [1;30m Melody length 5, generate progression with 63 templates [0m
[melody2chord:lyrics_200] @Chorderator 2026-04-14 12:04:37,055 - WARNING - [1;33m Solved! [0m
[melody2chord:lyrics_200] @Chorderator 2026-04-14 12:04:37,055 - WARNING - [1;33m Post-processing... [0m
[melody2chord:lyrics_200] @Chorderator 2026-04-14 12:04:37,065 - WARNING - [1;33m Post-process done! [0m
[melody2chord:lyrics_200] @Chorderator 2026-04-14 12:04:37,065 - WARNING - [1;33m Generating textures... [0m
[melody2chord:lyrics_200] @Chorderator 2026-04-14 12:04:37,066 - WARNING - [1;33m All process finished! [0m
[melody2chord:lyrics_200] 
[melody2chord:lyrics_200] === Processing: sample01_shifted ===
[melody2chord:lyrics_200] Output will be saved to: /data/home/fundwotsai/MIDI-SAG/generated_midi_right_key/lyrics_200/chord/
[melody2chord:lyrics_200] beat_file_path: None
[melody2chord:lyrics_200] Tempo from MIDI: 113.0 BPM (no beat file — skipping warp step)
[melody2chord:lyrics_200] processed_melody_path: /data/home/fundwotsai/MIDI-SAG/generated_midi_right_key/lyrics_200/chord/processed_melody/sample01_shifted.mid
[melody2chord:lyrics_200] Detected key: E major (confidence: 0.74, Bellman-Budge)
[melody2chord:lyrics_200] Content bars: 37 -> Segmentation: A8B8A8B8A8 (total: 40)
[melody2chord:lyrics_200] Chorderator bars: 40 -> Segmentation: A8B8A8B8A8 (total: 40)
[melody2chord:lyrics_200] auto_config: {'note_shift': 64, 'segmentation': 'A8B8A8B8A8', 'analysis': {'total_bars': 42, 'empty_bars': 4, 'content_bars': 37, 'note_shift': 64, 'segmentation': 'A8B8A8B8A8', 'first_note_bar': 4.0, 'last_note_bar': 41.0, 'chorderator_bars': {'max_end_positions': 592, 'fixed_end_positions': 640, 'fixed_end_bars': 40, 'tempo': 113.00009605008167, 'unit': 0.13274324999999998}}}
[melody2chord:lyrics_200] tempo for CDT: 113.0 BPM
[melody2chord:lyrics_200] max_end: 592.0
[melody2chord:lyrics_200] fixed_end: 640
[melody2chord:lyrics_200] 640
[melody2chord:lyrics_200] {'tonic': 'E', 'mode': 'maj', 'tempo': 113.00009605008164, 'meter': '4/4', 'pos': ['x', 'x', 'x', 'x', 'x'], 'unit': 0.13274325}
[melody2chord:lyrics_200] Phrase length: 128 positions = 8 bars
[melody2chord:lyrics_200] Phrase length: 128 positions = 8 bars
[melody2chord:lyrics_200] Phrase length: 128 positions = 8 bars
[melody2chord:lyrics_200] Phrase length: 128 positions = 8 bars
[melody2chord:lyrics_200] Phrase length: 128 positions = 8 bars
[melody2chord:lyrics_200] [128, 128, 128, 128, 128]
[melody2chord:lyrics_200] Chord Progression
[melody2chord:lyrics_200] -Source: Niko_Kotoulas_Pop_7th_9th_Chords_16_E-F#-G#m-B_.mid
[melody2chord:lyrics_200] -Source Type: None
[melody2chord:lyrics_200] -Source Tonic: B
[melody2chord:lyrics_200] -Source Metre: 4/4
[melody2chord:lyrics_200] -Source Mode: M (M for Major and m for minor)
[melody2chord:lyrics_200] -Appeared Times: 1
[melody2chord:lyrics_200] -Appeared In Other Songs: 0
[melody2chord:lyrics_200] -Reliability: 1.0
[melody2chord:lyrics_200] -Progression Class: {'type': 'unknown', 'pattern': 'unknown', 'cycle': (1.0, 32), 'progression-style': 'pop', 'chord-style': 'classy', 'performing-style': 'unknown', 'rhythm': 'unknown', 'epic-endings': 'unknown', 'melodic': 'unknown', 'folder-id': 528, 'duplicate-id': 184, 'new_label': 'pop_complex'}
[melody2chord:lyrics_200] Numbered: 
[melody2chord:lyrics_200] | 4------- | 5------- | 6------- | 1------- | 4------- | 5------- | 6------- | 1------- | 
[melody2chord:lyrics_200] Chord: 
[melody2chord:lyrics_200] | 
[melody2chord:lyrics_200] | E 0------- | F#0------- | G#1------- | B 0------- | E 0------- | F#0------- | G#1------- | B 0------- | 
[melody2chord:lyrics_200] 
[melody2chord:lyrics_200] Chord Progression
[melody2chord:lyrics_200] -Source: Niko_Kotoulas_Emotional_Chords_15_G#m-D#m-E-B_.mid
[melody2chord:lyrics_200] -Source Type: None
[melody2chord:lyrics_200] -Source Tonic: B
[melody2chord:lyrics_200] -Source Metre: 4/4
[melody2chord:lyrics_200] -Source Mode: M (M for Major and m for minor)
[melody2chord:lyrics_200] -Appeared Times: 1
[melody2chord:lyrics_200] -Appeared In Other Songs: 0
[melody2chord:lyrics_200] -Reliability: 1.0
[melody2chord:lyrics_200] -Progression Class: {'type': 'unknown', 'pattern': 'unknown', 'cycle': (1.0, 32), 'progression-style': 'emotional', 'chord-style': 'emotional', 'performing-style': 'unknown', 'rhythm': 'unknown', 'epic-endings': 'unknown', 'melodic': 'unknown', 'folder-id': 535, 'duplicate-id': 276, 'new_label': 'pop_complex'}
[melody2chord:lyrics_200] Numbered: 
[melody2chord:lyrics_200] | 6------- | 3------- | 4------- | 1------- | 6------- | 3------- | 4------- | 1------- | 
[melody2chord:lyrics_200] Chord: 
[melody2chord:lyrics_200] | 
[melody2chord:lyrics_200] | G#1------- | D#1------- | E 0------- | B 0------- | G#1------- | D#1------- | E 0------- | B 0------- | 
[melody2chord:lyrics_200] 
[melody2chord:lyrics_200] Chord Progression
[melody2chord:lyrics_200] -Source: Niko_Kotoulas_EDM_7th_9th_Chords_16_C#m-B-G#m-F#_.mid
[melody2chord:lyrics_200] -Source Type: None
[melody2chord:lyrics_200] -Source Tonic: B
[melody2chord:lyrics_200] -Source Metre: 4/4
[melody2chord:lyrics_200] -Source Mode: M (M for Major and m for minor)
[melody2chord:lyrics_200] -Appeared Times: 1
[melody2chord:lyrics_200] -Appeared In Other Songs: 0
[melody2chord:lyrics_200] -Reliability: 1.0
[melody2chord:lyrics_200] -Progression Class: {'type': 'unknown', 'pattern': 'unknown', 'cycle': (0.9999999999999999, 32), 'progression-style': 'edm', 'chord-style': 'classy', 'performing-style': 'unknown', 'rhythm': 'unknown', 'epic-endings': 'unknown', 'melodic': 'unknown', 'folder-id': 531, 'duplicate-id': 221, 'new_label': 'pop_complex'}
[melody2chord:lyrics_200] Numbered: 
[melody2chord:lyrics_200] | 2------- | 1------- | 6------- | 5------- | 2------- | 1------- | 6------- | 5------- | 
[melody2chord:lyrics_200] Chord: 
[melody2chord:lyrics_200] | 
[melody2chord:lyrics_200] | C#1------- | B 0------- | G#1------- | F#0------- | C#1------- | B 0------- | G#1------- | F#0------- | 
[melody2chord:lyrics_200] 
[melody2chord:lyrics_200] Chord Progression
[melody2chord:lyrics_200] -Source: Niko_Kotoulas_Pop_7th_9th_Chords_2_B-F#-G#m-E_.mid
[melody2chord:lyrics_200] -Source Type: None
[melody2chord:lyrics_200] -Source Tonic: B
[melody2chord:lyrics_200] -Source Metre: 4/4
[melody2chord:lyrics_200] -Source Mode: M (M for Major and m for minor)
[melody2chord:lyrics_200] -Appeared Times: 1
[melody2chord:lyrics_200] -Appeared In Other Songs: 0
[melody2chord:lyrics_200] -Reliability: 1.0
[melody2chord:lyrics_200] -Progression Class: {'type': 'unknown', 'pattern': 'unknown', 'cycle': (1.0, 32), 'progression-style': 'pop', 'chord-style': 'classy', 'performing-style': 'unknown', 'rhythm': 'unknown', 'epic-endings': 'unknown', 'melodic': 'unknown', 'folder-id': 528, 'duplicate-id': 176, 'new_label': 'pop_complex'}
[melody2chord:lyrics_200] Numbered: 
[melody2chord:lyrics_200] | 1------- | 5------- | 6------- | 4------- | 1------- | 5------- | 6------- | 4------- | 
[melody2chord:lyrics_200] Chord: 
[melody2chord:lyrics_200] | 
[melody2chord:lyrics_200] | B 0------- | F#0------- | G#1------- | E 0------- | B 0------- | F#0------- | G#1------- | E 0------- | 
[melody2chord:lyrics_200] 
[melody2chord:lyrics_200] Chord Progression
[melody2chord:lyrics_200] -Source: Niko_Kotoulas_Pop_7th_9th_Chords_8_B-Em-B-Em_.mid
[melody2chord:lyrics_200] -Source Type: None
[melody2chord:lyrics_200] -Source Tonic: B
[melody2chord:lyrics_200] -Source Metre: 4/4
[melody2chord:lyrics_200] -Source Mode: M (M for Major and m for minor)
[melody2chord:lyrics_200] -Appeared Times: 1
[melody2chord:lyrics_200] -Appeared In Other Songs: 0
[melody2chord:lyrics_200] -Reliability: 1.0
[melody2chord:lyrics_200] -Progression Class: {'type': 'unknown', 'pattern': 'unknown', 'cycle': (1.0, 16), 'progression-style': 'pop', 'chord-style': 'classy', 'performing-style': 'unknown', 'rhythm': 'unknown', 'epic-endings': 'unknown', 'melodic': 'unknown', 'folder-id': 528, 'duplicate-id': 154, 'new_label': 'pop_complex'}
[melody2chord:lyrics_200] Numbered: 
[melody2chord:lyrics_200] | 1------- | 4------- | 1------- | 4------- | 1------- | 4------- | 1------- | 4------- | 
[melody2chord:lyrics_200] Chord: 
[melody2chord:lyrics_200] | 
[melody2chord:lyrics_200] | B 0------- | E 1------- | B 0------- | E 1------- | B 0------- | E 1------- | B 0------- | E 1------- | 
[melody2chord:lyrics_200] 
[melody2chord:lyrics_200] Total: 5
[melody2chord:lyrics_200] 
[melody2chord:lyrics_200] === Aligning chord_gen TPQ ===
[melody2chord:lyrics_200] Original melody TPQ: 480
[melody2chord:lyrics_200] Chord gen TPQ: 220
[melody2chord:lyrics_200] TPQ ratio: 2.1818
[melody2chord:lyrics_200] Converted chord_gen TPQ from 220 to 480
[melody2chord:lyrics_200] Output saved to: /data/home/fundwotsai/MIDI-SAG/generated_midi_right_key/lyrics_200/chord/chord_gen/sample01_shifted_chord_gen.mid
[melody2chord:lyrics_200] Re-quantized 82 melody notes to 1/16 beat grid
[melody2chord:lyrics_200] === Fill Empty Bars with Chords ===
[melody2chord:lyrics_200] Original melody TPQ: 480
[melody2chord:lyrics_200] Chord gen TPQ: 480
[melody2chord:lyrics_200] TPQ ratio: 1.0000
[melody2chord:lyrics_200] Chords start at tick: 7679 (bar 4.00)
[melody2chord:lyrics_200] Empty bars to fill: 4
[melody2chord:lyrics_200] Prepending 1 bars and copying 26 chord notes to cover 4 leading bars
[melody2chord:lyrics_200] 
[melody2chord:lyrics_200] === Output Summary ===
[melody2chord:lyrics_200] Output TPQ: 480
[melody2chord:lyrics_200] Melody track notes: 195
[melody2chord:lyrics_200] Chord track notes: 281
[melody2chord:lyrics_200] First chord now at tick: 0
[melody2chord:lyrics_200] Last chord at tick: 84480
[melody2chord:lyrics_200] Output saved to: /data/home/fundwotsai/MIDI-SAG/generated_midi_right_key/lyrics_200/chord/chord_gen_filled_empty/sample01_shifted_chord_gen_filled_empty_bars.mid
[melody2chord:lyrics_200] === Quantizing melody to 1/16 notes ===
[melody2chord:lyrics_200] TPQ: 480
[melody2chord:lyrics_200] Ticks per 16th note: 120.0
[melody2chord:lyrics_200] Quantized 238 notes to 1/16 note positions
[melody2chord:lyrics_200] Output saved to: /data/home/fundwotsai/MIDI-SAG/generated_midi_right_key/lyrics_200/chord/chord_gen_quantized/sample01_shifted_chord_gen_quantized.mid
[melody2chord:lyrics_200] Extracted 180 beat-level chords from 'Chords' track
[melody2chord:lyrics_200] Chord times remapped to 166 beat positions (subdivision: quarter notes)
[melody2chord:lyrics_200] Filled 4 None chords
[melody2chord:lyrics_200] ✓ Successfully processed: sample01_shifted
[melody2chord:lyrics_200]   Key: E major (confidence: 0.74)
[melody2chord:lyrics_200]   Tempo: 113.0 BPM (source: MIDI tempo)
[melody2chord:lyrics_200]   Chord Text: /data/home/fundwotsai/MIDI-SAG/generated_midi_right_key/lyrics_200/chord/chord_txt/sample01_shifted_chord_gen.txt
[melody2chord:lyrics_200]   BTC Text:   /data/home/fundwotsai/MIDI-SAG/generated_midi_right_key/lyrics_200/chord/btc_txt/sample01_shifted_chord_gen.txt
