[melody2chord:lyrics_203] /data/home/fundwotsai/MIDI-SAG/AccoMontage2/chorderator/utils/utils.py:24: UserWarning: Could not import FluidSynth, audio formats writing disabled
[melody2chord:lyrics_203]   warnings.warn('Could not import FluidSynth, audio formats writing disabled')
[melody2chord:lyrics_203] /home/fundwotsai/miniconda3/envs/midi-sag/lib/python3.9/site-packages/miditok/tokenizations/remi.py:88: UserWarning: Attribute controls are not compatible with 'config.one_token_stream_for_programs' and multi-vocabulary tokenizers. Disabling them from the config.
[melody2chord:lyrics_203]   super().__init__(tokenizer_config, params)
[melody2chord:lyrics_203] /data/home/fundwotsai/MIDI-SAG/AccoMontage2/chorderator/core.py:238: UserWarning: Meter auto set to 4/4/. Please set meter if this is not your expectation
[melody2chord:lyrics_203]   warnings.warn('Meter auto set to 4/4/. Please set meter if this is not your expectation')
[melody2chord:lyrics_203] @Chorderator 2026-04-14 12:05:34,426 - INFO - [1;30m start read progressions from dict [0m
[melody2chord:lyrics_203] @Chorderator 2026-04-14 12:05:40,885 - INFO - [1;30m read progressions done [0m
[melody2chord:lyrics_203] @Chorderator 2026-04-14 12:05:40,885 - INFO - [1;30m start read progression library from source_base.pnt [0m
[melody2chord:lyrics_203] @Chorderator 2026-04-14 12:05:47,154 - INFO - [1;30m read library done [0m
[melody2chord:lyrics_203] @Chorderator 2026-04-14 12:05:47,154 - WARNING - [1;33m Pre-processing... [0m
[melody2chord:lyrics_203] @Chorderator 2026-04-14 12:05:47,170 - WARNING - [1;33m Pre-process done! [0m
[melody2chord:lyrics_203] @Chorderator 2026-04-14 12:05:47,170 - WARNING - [1;33m Solving... [0m
[melody2chord:lyrics_203] @Chorderator 2026-04-14 12:05:47,170 - INFO - [1;30m start read progressions from rep [0m
[melody2chord:lyrics_203] @Chorderator 2026-04-14 12:05:47,202 - INFO - [1;30m read progressions done [0m
[melody2chord:lyrics_203] @Chorderator 2026-04-14 12:05:47,211 - INFO - [1;30m Melody length 6, generate progression with 63 templates [0m
[melody2chord:lyrics_203] @Chorderator 2026-04-14 12:05:47,355 - WARNING - [1;33m Solved! [0m
[melody2chord:lyrics_203] @Chorderator 2026-04-14 12:05:47,355 - WARNING - [1;33m Post-processing... [0m
[melody2chord:lyrics_203] @Chorderator 2026-04-14 12:05:47,366 - WARNING - [1;33m Post-process done! [0m
[melody2chord:lyrics_203] @Chorderator 2026-04-14 12:05:47,366 - WARNING - [1;33m Generating textures... [0m
[melody2chord:lyrics_203] @Chorderator 2026-04-14 12:05:47,367 - WARNING - [1;33m All process finished! [0m
[melody2chord:lyrics_203] 
[melody2chord:lyrics_203] === Processing: sample01_shifted ===
[melody2chord:lyrics_203] Output will be saved to: /data/home/fundwotsai/MIDI-SAG/generated_midi_right_key/lyrics_203/chord/
[melody2chord:lyrics_203] beat_file_path: None
[melody2chord:lyrics_203] Tempo from MIDI: 134.0 BPM (no beat file — skipping warp step)
[melody2chord:lyrics_203] processed_melody_path: /data/home/fundwotsai/MIDI-SAG/generated_midi_right_key/lyrics_203/chord/processed_melody/sample01_shifted.mid
[melody2chord:lyrics_203] Detected key: Bb major (confidence: 0.72, Bellman-Budge)
[melody2chord:lyrics_203] Content bars: 45 -> Segmentation: A8B8A8B8A8B8 (total: 48)
[melody2chord:lyrics_203] Chorderator bars: 48 -> Segmentation: A8B8A8B8A8B8 (total: 48)
[melody2chord:lyrics_203] auto_config: {'note_shift': 68, 'segmentation': 'A8B8A8B8A8B8', 'analysis': {'total_bars': 50, 'empty_bars': 4, 'content_bars': 45, 'note_shift': 68, 'segmentation': 'A8B8A8B8A8B8', 'first_note_bar': 4.25, 'last_note_bar': 49.625, 'chorderator_bars': {'max_end_positions': 726, 'fixed_end_positions': 768, 'fixed_end_bars': 48, 'tempo': 134.00005806669182, 'unit': 0.11194025}}}
[melody2chord:lyrics_203] tempo for CDT: 134.0 BPM
[melody2chord:lyrics_203] max_end: 726.0
[melody2chord:lyrics_203] fixed_end: 768
[melody2chord:lyrics_203] 768
[melody2chord:lyrics_203] {'tonic': 'Bb', 'mode': 'maj', 'tempo': 134.00005806669182, 'meter': '4/4', 'pos': ['x', 'x', 'x', 'x', 'x', 'x'], 'unit': 0.11194025}
[melody2chord:lyrics_203] Phrase length: 128 positions = 8 bars
[melody2chord:lyrics_203] Phrase length: 128 positions = 8 bars
[melody2chord:lyrics_203] Phrase length: 128 positions = 8 bars
[melody2chord:lyrics_203] Phrase length: 128 positions = 8 bars
[melody2chord:lyrics_203] Phrase length: 128 positions = 8 bars
[melody2chord:lyrics_203] Phrase length: 128 positions = 8 bars
[melody2chord:lyrics_203] [128, 128, 128, 128, 128, 128]
[melody2chord:lyrics_203] Chord Progression
[melody2chord:lyrics_203] -Source: Niko_Kotoulas_Emotional_Chords_15_G#m-D#m-E-B_.mid
[melody2chord:lyrics_203] -Source Type: None
[melody2chord:lyrics_203] -Source Tonic: B
[melody2chord:lyrics_203] -Source Metre: 4/4
[melody2chord:lyrics_203] -Source Mode: M (M for Major and m for minor)
[melody2chord:lyrics_203] -Appeared Times: 1
[melody2chord:lyrics_203] -Appeared In Other Songs: 0
[melody2chord:lyrics_203] -Reliability: 1.0
[melody2chord:lyrics_203] -Progression Class: {'type': 'unknown', 'pattern': 'unknown', 'cycle': (1.0, 32), 'progression-style': 'emotional', 'chord-style': 'emotional', 'performing-style': 'unknown', 'rhythm': 'unknown', 'epic-endings': 'unknown', 'melodic': 'unknown', 'folder-id': 535, 'duplicate-id': 276, 'new_label': 'pop_complex'}
[melody2chord:lyrics_203] Numbered: 
[melody2chord:lyrics_203] | 6------- | 3------- | 4------- | 1------- | 6------- | 3------- | 4------- | 1------- | 
[melody2chord:lyrics_203] Chord: 
[melody2chord:lyrics_203] | 
[melody2chord:lyrics_203] | G#1------- | D#1------- | E 0------- | B 0------- | G#1------- | D#1------- | E 0------- | B 0------- | 
[melody2chord:lyrics_203] 
[melody2chord:lyrics_203] Chord Progression
[melody2chord:lyrics_203] -Source: Niko_Kotoulas_Epic_Ending_3_F#-G#m-E-B (V-vi-IV-I).mid
[melody2chord:lyrics_203] -Source Type: None
[melody2chord:lyrics_203] -Source Tonic: B
[melody2chord:lyrics_203] -Source Metre: 4/4
[melody2chord:lyrics_203] -Source Mode: M (M for Major and m for minor)
[melody2chord:lyrics_203] -Appeared Times: 1
[melody2chord:lyrics_203] -Appeared In Other Songs: 0
[melody2chord:lyrics_203] -Reliability: 0.4
[melody2chord:lyrics_203] -Progression Class: {'type': 'unknown', 'pattern': 'V-vi-IV-I', 'cycle': (0, 0), 'progression-style': 'unknown', 'chord-style': 'unknown', 'performing-style': 'unknown', 'rhythm': 'unknown', 'epic-endings': 'True', 'melodic': 'unknown', 'folder-id': 335, 'duplicate-id': 494, 'new_label': 'unknown'}
[melody2chord:lyrics_203] Numbered: 
[melody2chord:lyrics_203] | 5------- | 6------- | 4------- | 1------- | 1------- | 1------- | 1------- | 1------- | 
[melody2chord:lyrics_203] Chord: 
[melody2chord:lyrics_203] | 
[melody2chord:lyrics_203] | F#0------- | G#1------- | E 0------- | B 0------- | B 0------- | B 0------- | B 0------- | B 0------- | 
[melody2chord:lyrics_203] 
[melody2chord:lyrics_203] Chord Progression
[melody2chord:lyrics_203] -Source: Niko_Kotoulas_Pop_7th_9th_Chords_16_E-F#-G#m-B_.mid
[melody2chord:lyrics_203] -Source Type: None
[melody2chord:lyrics_203] -Source Tonic: B
[melody2chord:lyrics_203] -Source Metre: 4/4
[melody2chord:lyrics_203] -Source Mode: M (M for Major and m for minor)
[melody2chord:lyrics_203] -Appeared Times: 1
[melody2chord:lyrics_203] -Appeared In Other Songs: 0
[melody2chord:lyrics_203] -Reliability: 1.0
[melody2chord:lyrics_203] -Progression Class: {'type': 'unknown', 'pattern': 'unknown', 'cycle': (1.0, 32), 'progression-style': 'pop', 'chord-style': 'classy', 'performing-style': 'unknown', 'rhythm': 'unknown', 'epic-endings': 'unknown', 'melodic': 'unknown', 'folder-id': 528, 'duplicate-id': 184, 'new_label': 'pop_complex'}
[melody2chord:lyrics_203] Numbered: 
[melody2chord:lyrics_203] | 4------- | 5------- | 6------- | 1------- | 4------- | 5------- | 6------- | 1------- | 
[melody2chord:lyrics_203] Chord: 
[melody2chord:lyrics_203] | 
[melody2chord:lyrics_203] | E 0------- | F#0------- | G#1------- | B 0------- | E 0------- | F#0------- | G#1------- | B 0------- | 
[melody2chord:lyrics_203] 
[melody2chord:lyrics_203] Chord Progression
[melody2chord:lyrics_203] -Source: Niko_Kotoulas_Epic_Ending_3_F#-G#m-E-B (V-vi-IV-I).mid
[melody2chord:lyrics_203] -Source Type: None
[melody2chord:lyrics_203] -Source Tonic: B
[melody2chord:lyrics_203] -Source Metre: 4/4
[melody2chord:lyrics_203] -Source Mode: M (M for Major and m for minor)
[melody2chord:lyrics_203] -Appeared Times: 1
[melody2chord:lyrics_203] -Appeared In Other Songs: 0
[melody2chord:lyrics_203] -Reliability: 0.4
[melody2chord:lyrics_203] -Progression Class: {'type': 'unknown', 'pattern': 'V-vi-IV-I', 'cycle': (0, 0), 'progression-style': 'unknown', 'chord-style': 'unknown', 'performing-style': 'unknown', 'rhythm': 'unknown', 'epic-endings': 'True', 'melodic': 'unknown', 'folder-id': 335, 'duplicate-id': 494, 'new_label': 'unknown'}
[melody2chord:lyrics_203] Numbered: 
[melody2chord:lyrics_203] | 5------- | 6------- | 4------- | 1------- | 1------- | 1------- | 1------- | 1------- | 
[melody2chord:lyrics_203] Chord: 
[melody2chord:lyrics_203] | 
[melody2chord:lyrics_203] | F#0------- | G#1------- | E 0------- | B 0------- | B 0------- | B 0------- | B 0------- | B 0------- | 
[melody2chord:lyrics_203] 
[melody2chord:lyrics_203] Chord Progression
[melody2chord:lyrics_203] -Source: Niko_Kotoulas_Emotional_Chords_2_C#m-B-F#-B-F#-G#m-E-B_.mid
[melody2chord:lyrics_203] -Source Type: None
[melody2chord:lyrics_203] -Source Tonic: B
[melody2chord:lyrics_203] -Source Metre: 4/4
[melody2chord:lyrics_203] -Source Mode: M (M for Major and m for minor)
[melody2chord:lyrics_203] -Appeared Times: 1
[melody2chord:lyrics_203] -Appeared In Other Songs: 0
[melody2chord:lyrics_203] -Reliability: 1.0
[melody2chord:lyrics_203] -Progression Class: {'type': 'unknown', 'pattern': 'unknown', 'cycle': (0.08151391459392222, 32), 'progression-style': 'emotional', 'chord-style': 'emotional', 'performing-style': 'unknown', 'rhythm': 'unknown', 'epic-endings': 'unknown', 'melodic': 'unknown', 'folder-id': 535, 'duplicate-id': 290, 'new_label': 'pop_complex'}
[melody2chord:lyrics_203] Numbered: 
[melody2chord:lyrics_203] | 2------- | 1------- | 5------- | 1------- | 5------- | 6------- | 4------- | 1------- | 
[melody2chord:lyrics_203] Chord: 
[melody2chord:lyrics_203] | 
[melody2chord:lyrics_203] | C#1------- | B 0------- | F#0------- | B 0------- | F#0------- | G#1------- | E 0------- | B 0------- | 
[melody2chord:lyrics_203] 
[melody2chord:lyrics_203] Chord Progression
[melody2chord:lyrics_203] -Source: Niko_Kotoulas_Emotional_Chords_2_C#m-B-F#-B-F#-G#m-E-B_.mid
[melody2chord:lyrics_203] -Source Type: None
[melody2chord:lyrics_203] -Source Tonic: B
[melody2chord:lyrics_203] -Source Metre: 4/4
[melody2chord:lyrics_203] -Source Mode: M (M for Major and m for minor)
[melody2chord:lyrics_203] -Appeared Times: 1
[melody2chord:lyrics_203] -Appeared In Other Songs: 0
[melody2chord:lyrics_203] -Reliability: 1.0
[melody2chord:lyrics_203] -Progression Class: {'type': 'unknown', 'pattern': 'unknown', 'cycle': (0.08151391459392222, 32), 'progression-style': 'emotional', 'chord-style': 'emotional', 'performing-style': 'unknown', 'rhythm': 'unknown', 'epic-endings': 'unknown', 'melodic': 'unknown', 'folder-id': 535, 'duplicate-id': 290, 'new_label': 'pop_complex'}
[melody2chord:lyrics_203] Numbered: 
[melody2chord:lyrics_203] | 2------- | 1------- | 5------- | 1------- | 5------- | 6------- | 4------- | 1------- | 
[melody2chord:lyrics_203] Chord: 
[melody2chord:lyrics_203] | 
[melody2chord:lyrics_203] | C#1------- | B 0------- | F#0------- | B 0------- | F#0------- | G#1------- | E 0------- | B 0------- | 
[melody2chord:lyrics_203] 
[melody2chord:lyrics_203] Total: 6
[melody2chord:lyrics_203] 
[melody2chord:lyrics_203] === Aligning chord_gen TPQ ===
[melody2chord:lyrics_203] Original melody TPQ: 480
[melody2chord:lyrics_203] Chord gen TPQ: 220
[melody2chord:lyrics_203] TPQ ratio: 2.1818
[melody2chord:lyrics_203] Converted chord_gen TPQ from 220 to 480
[melody2chord:lyrics_203] Output saved to: /data/home/fundwotsai/MIDI-SAG/generated_midi_right_key/lyrics_203/chord/chord_gen/sample01_shifted_chord_gen.mid
[melody2chord:lyrics_203] Re-quantized 48 melody notes to 1/16 beat grid
[melody2chord:lyrics_203] === Fill Empty Bars with Chords ===
[melody2chord:lyrics_203] Original melody TPQ: 480
[melody2chord:lyrics_203] Chord gen TPQ: 480
[melody2chord:lyrics_203] TPQ ratio: 1.0000
[melody2chord:lyrics_203] Chords start at tick: 8159 (bar 4.25)
[melody2chord:lyrics_203] Empty bars to fill: 4
[melody2chord:lyrics_203] Prepending 0 bars and copying 23 chord notes to cover 4 leading bars
[melody2chord:lyrics_203] 
[melody2chord:lyrics_203] === Output Summary ===
[melody2chord:lyrics_203] Output TPQ: 480
[melody2chord:lyrics_203] Melody track notes: 155
[melody2chord:lyrics_203] Chord track notes: 284
[melody2chord:lyrics_203] First chord now at tick: 0
[melody2chord:lyrics_203] Last chord at tick: 98399
[melody2chord:lyrics_203] Output saved to: /data/home/fundwotsai/MIDI-SAG/generated_midi_right_key/lyrics_203/chord/chord_gen_filled_empty/sample01_shifted_chord_gen_filled_empty_bars.mid
[melody2chord:lyrics_203] === Quantizing melody to 1/16 notes ===
[melody2chord:lyrics_203] TPQ: 480
[melody2chord:lyrics_203] Ticks per 16th note: 120.0
[melody2chord:lyrics_203] Quantized 219 notes to 1/16 note positions
[melody2chord:lyrics_203] Output saved to: /data/home/fundwotsai/MIDI-SAG/generated_midi_right_key/lyrics_203/chord/chord_gen_quantized/sample01_shifted_chord_gen_quantized.mid
[melody2chord:lyrics_203] Extracted 209 beat-level chords from 'Chords' track
[melody2chord:lyrics_203] Chord times remapped to 200 beat positions (subdivision: quarter notes)
[melody2chord:lyrics_203] Filled 27 None chords
[melody2chord:lyrics_203] ✓ Successfully processed: sample01_shifted
[melody2chord:lyrics_203]   Key: Bb major (confidence: 0.72)
[melody2chord:lyrics_203]   Tempo: 134.0 BPM (source: MIDI tempo)
[melody2chord:lyrics_203]   Chord Text: /data/home/fundwotsai/MIDI-SAG/generated_midi_right_key/lyrics_203/chord/chord_txt/sample01_shifted_chord_gen.txt
[melody2chord:lyrics_203]   BTC Text:   /data/home/fundwotsai/MIDI-SAG/generated_midi_right_key/lyrics_203/chord/btc_txt/sample01_shifted_chord_gen.txt
