[melody2chord:lyrics_191] /data/home/fundwotsai/MIDI-SAG/AccoMontage2/chorderator/utils/utils.py:24: UserWarning: Could not import FluidSynth, audio formats writing disabled
[melody2chord:lyrics_191]   warnings.warn('Could not import FluidSynth, audio formats writing disabled')
[melody2chord:lyrics_191] /home/fundwotsai/miniconda3/envs/midi-sag/lib/python3.9/site-packages/miditok/tokenizations/remi.py:88: UserWarning: Attribute controls are not compatible with 'config.one_token_stream_for_programs' and multi-vocabulary tokenizers. Disabling them from the config.
[melody2chord:lyrics_191]   super().__init__(tokenizer_config, params)
[melody2chord:lyrics_191] /data/home/fundwotsai/MIDI-SAG/AccoMontage2/chorderator/core.py:238: UserWarning: Meter auto set to 4/4/. Please set meter if this is not your expectation
[melody2chord:lyrics_191]   warnings.warn('Meter auto set to 4/4/. Please set meter if this is not your expectation')
[melody2chord:lyrics_191] @Chorderator 2026-04-14 11:59:59,345 - INFO - [1;30m start read progressions from dict [0m
[melody2chord:lyrics_191] @Chorderator 2026-04-14 12:00:05,792 - INFO - [1;30m read progressions done [0m
[melody2chord:lyrics_191] @Chorderator 2026-04-14 12:00:05,792 - INFO - [1;30m start read progression library from source_base.pnt [0m
[melody2chord:lyrics_191] @Chorderator 2026-04-14 12:00:12,034 - INFO - [1;30m read library done [0m
[melody2chord:lyrics_191] @Chorderator 2026-04-14 12:00:12,034 - WARNING - [1;33m Pre-processing... [0m
[melody2chord:lyrics_191] @Chorderator 2026-04-14 12:00:12,042 - WARNING - [1;33m Pre-process done! [0m
[melody2chord:lyrics_191] @Chorderator 2026-04-14 12:00:12,042 - WARNING - [1;33m Solving... [0m
[melody2chord:lyrics_191] @Chorderator 2026-04-14 12:00:12,042 - INFO - [1;30m start read progressions from rep [0m
[melody2chord:lyrics_191] @Chorderator 2026-04-14 12:00:12,074 - INFO - [1;30m read progressions done [0m
[melody2chord:lyrics_191] @Chorderator 2026-04-14 12:00:12,078 - INFO - [1;30m Melody length 2, generate progression with 63 templates [0m
[melody2chord:lyrics_191] @Chorderator 2026-04-14 12:00:12,127 - WARNING - [1;33m Solved! [0m
[melody2chord:lyrics_191] @Chorderator 2026-04-14 12:00:12,127 - WARNING - [1;33m Post-processing... [0m
[melody2chord:lyrics_191] @Chorderator 2026-04-14 12:00:12,131 - WARNING - [1;33m Post-process done! [0m
[melody2chord:lyrics_191] @Chorderator 2026-04-14 12:00:12,131 - WARNING - [1;33m Generating textures... [0m
[melody2chord:lyrics_191] @Chorderator 2026-04-14 12:00:12,131 - WARNING - [1;33m All process finished! [0m
[melody2chord:lyrics_191] 
[melody2chord:lyrics_191] === Processing: sample01_shifted ===
[melody2chord:lyrics_191] Output will be saved to: /data/home/fundwotsai/MIDI-SAG/generated_midi_right_key/lyrics_191/chord/
[melody2chord:lyrics_191] beat_file_path: None
[melody2chord:lyrics_191] Tempo from MIDI: 78.0 BPM (no beat file — skipping warp step)
[melody2chord:lyrics_191] processed_melody_path: /data/home/fundwotsai/MIDI-SAG/generated_midi_right_key/lyrics_191/chord/processed_melody/sample01_shifted.mid
[melody2chord:lyrics_191] Detected key: Eb major (confidence: 0.70, Bellman-Budge)
[melody2chord:lyrics_191] Content bars: 11 -> Segmentation: A8B4 (total: 12)
[melody2chord:lyrics_191] Chorderator bars: 12 -> Segmentation: A8B4 (total: 12)
[melody2chord:lyrics_191] auto_config: {'note_shift': 65, 'segmentation': 'A8B4', 'analysis': {'total_bars': 16, 'empty_bars': 4, 'content_bars': 11, 'note_shift': 65, 'segmentation': 'A8B4', 'first_note_bar': 4.0625, 'last_note_bar': 15.8125, 'chorderator_bars': {'max_end_positions': 188, 'fixed_end_positions': 192, 'fixed_end_bars': 12, 'tempo': 77.99997660000703, 'unit': 0.19230774999999997}}}
[melody2chord:lyrics_191] tempo for CDT: 78.0 BPM
[melody2chord:lyrics_191] max_end: 188.0
[melody2chord:lyrics_191] fixed_end: 192
[melody2chord:lyrics_191] 192
[melody2chord:lyrics_191] {'tonic': 'Eb', 'mode': 'maj', 'tempo': 77.99997660000702, 'meter': '4/4', 'pos': ['x', 'x'], 'unit': 0.19230775}
[melody2chord:lyrics_191] Phrase length: 128 positions = 8 bars
[melody2chord:lyrics_191] Phrase length: 64 positions = 4 bars
[melody2chord:lyrics_191] [128, 64]
[melody2chord:lyrics_191] Chord Progression
[melody2chord:lyrics_191] -Source: Niko_Kotoulas_Pop_7th_9th_Chords_8_B-Em-B-Em_.mid
[melody2chord:lyrics_191] -Source Type: None
[melody2chord:lyrics_191] -Source Tonic: B
[melody2chord:lyrics_191] -Source Metre: 4/4
[melody2chord:lyrics_191] -Source Mode: M (M for Major and m for minor)
[melody2chord:lyrics_191] -Appeared Times: 1
[melody2chord:lyrics_191] -Appeared In Other Songs: 0
[melody2chord:lyrics_191] -Reliability: 1.0
[melody2chord:lyrics_191] -Progression Class: {'type': 'unknown', 'pattern': 'unknown', 'cycle': (1.0, 16), 'progression-style': 'pop', 'chord-style': 'classy', 'performing-style': 'unknown', 'rhythm': 'unknown', 'epic-endings': 'unknown', 'melodic': 'unknown', 'folder-id': 528, 'duplicate-id': 154, 'new_label': 'pop_complex'}
[melody2chord:lyrics_191] Numbered: 
[melody2chord:lyrics_191] | 1------- | 4------- | 1------- | 4------- | 1------- | 4------- | 1------- | 4------- | 
[melody2chord:lyrics_191] Chord: 
[melody2chord:lyrics_191] | 
[melody2chord:lyrics_191] | B 0------- | E 1------- | B 0------- | E 1------- | B 0------- | E 1------- | B 0------- | E 1------- | 
[melody2chord:lyrics_191] 
[melody2chord:lyrics_191] Chord Progression
[melody2chord:lyrics_191] -Source: Niko_Kotoulas_ChordProg_2_B-E-F#-B (I-IV-V-I).mid
[melody2chord:lyrics_191] -Source Type: None
[melody2chord:lyrics_191] -Source Tonic: B
[melody2chord:lyrics_191] -Source Metre: 4/4
[melody2chord:lyrics_191] -Source Mode: M (M for Major and m for minor)
[melody2chord:lyrics_191] -Appeared Times: 1
[melody2chord:lyrics_191] -Appeared In Other Songs: 0
[melody2chord:lyrics_191] -Reliability: 0.9
[melody2chord:lyrics_191] -Progression Class: {'type': 'unknown', 'pattern': 'I-IV-V-I', 'cycle': (-0.49999999999999994, 8), 'progression-style': 'unknown', 'chord-style': 'unknown', 'performing-style': 'unknown', 'rhythm': 'unknown', 'epic-endings': 'unknown', 'melodic': 'unknown', 'folder-id': 322, 'duplicate-id': 486, 'new_label': 'unknown'}
[melody2chord:lyrics_191] Numbered: 
[melody2chord:lyrics_191] | 1------- | 4------- | 5------- | 1------- | 
[melody2chord:lyrics_191] Chord: 
[melody2chord:lyrics_191] | B 0------- | E 0------- | F#0------- | B 0------- | 
[melody2chord:lyrics_191] 
[melody2chord:lyrics_191] Total: 2
[melody2chord:lyrics_191] 
[melody2chord:lyrics_191] === Aligning chord_gen TPQ ===
[melody2chord:lyrics_191] Original melody TPQ: 480
[melody2chord:lyrics_191] Chord gen TPQ: 220
[melody2chord:lyrics_191] TPQ ratio: 2.1818
[melody2chord:lyrics_191] Converted chord_gen TPQ from 220 to 480
[melody2chord:lyrics_191] Output saved to: /data/home/fundwotsai/MIDI-SAG/generated_midi_right_key/lyrics_191/chord/chord_gen/sample01_shifted_chord_gen.mid
[melody2chord:lyrics_191] Re-quantized 63 melody notes to 1/16 beat grid
[melody2chord:lyrics_191] === Fill Empty Bars with Chords ===
[melody2chord:lyrics_191] Original melody TPQ: 480
[melody2chord:lyrics_191] Chord gen TPQ: 480
[melody2chord:lyrics_191] TPQ ratio: 1.0000
[melody2chord:lyrics_191] Chords start at tick: 7799 (bar 4.06)
[melody2chord:lyrics_191] Empty bars to fill: 4
[melody2chord:lyrics_191] Prepending 0 bars and copying 23 chord notes to cover 4 leading bars
[melody2chord:lyrics_191] 
[melody2chord:lyrics_191] === Output Summary ===
[melody2chord:lyrics_191] Output TPQ: 480
[melody2chord:lyrics_191] Melody track notes: 116
[melody2chord:lyrics_191] Chord track notes: 85
[melody2chord:lyrics_191] First chord now at tick: 0
[melody2chord:lyrics_191] Last chord at tick: 28919
[melody2chord:lyrics_191] Output saved to: /data/home/fundwotsai/MIDI-SAG/generated_midi_right_key/lyrics_191/chord/chord_gen_filled_empty/sample01_shifted_chord_gen_filled_empty_bars.mid
[melody2chord:lyrics_191] === Quantizing melody to 1/16 notes ===
[melody2chord:lyrics_191] TPQ: 480
[melody2chord:lyrics_191] Ticks per 16th note: 120.0
[melody2chord:lyrics_191] Quantized 131 notes to 1/16 note positions
[melody2chord:lyrics_191] Output saved to: /data/home/fundwotsai/MIDI-SAG/generated_midi_right_key/lyrics_191/chord/chord_gen_quantized/sample01_shifted_chord_gen_quantized.mid
[melody2chord:lyrics_191] Extracted 64 beat-level chords from 'Chords' track
[melody2chord:lyrics_191] Chord times remapped to 65 beat positions (subdivision: quarter notes)
[melody2chord:lyrics_191] ✓ Successfully processed: sample01_shifted
[melody2chord:lyrics_191]   Key: Eb major (confidence: 0.70)
[melody2chord:lyrics_191]   Tempo: 78.0 BPM (source: MIDI tempo)
[melody2chord:lyrics_191]   Chord Text: /data/home/fundwotsai/MIDI-SAG/generated_midi_right_key/lyrics_191/chord/chord_txt/sample01_shifted_chord_gen.txt
[melody2chord:lyrics_191]   BTC Text:   /data/home/fundwotsai/MIDI-SAG/generated_midi_right_key/lyrics_191/chord/btc_txt/sample01_shifted_chord_gen.txt
