[melody2chord:lyrics_54] /data/home/fundwotsai/MIDI-SAG/AccoMontage2/chorderator/utils/utils.py:24: UserWarning: Could not import FluidSynth, audio formats writing disabled
[melody2chord:lyrics_54]   warnings.warn('Could not import FluidSynth, audio formats writing disabled')
[melody2chord:lyrics_54] /home/fundwotsai/miniconda3/envs/midi-sag/lib/python3.9/site-packages/miditok/tokenizations/remi.py:88: UserWarning: Attribute controls are not compatible with 'config.one_token_stream_for_programs' and multi-vocabulary tokenizers. Disabling them from the config.
[melody2chord:lyrics_54]   super().__init__(tokenizer_config, params)
[melody2chord:lyrics_54] /data/home/fundwotsai/MIDI-SAG/AccoMontage2/chorderator/core.py:238: UserWarning: Meter auto set to 4/4/. Please set meter if this is not your expectation
[melody2chord:lyrics_54]   warnings.warn('Meter auto set to 4/4/. Please set meter if this is not your expectation')
[melody2chord:lyrics_54] @Chorderator 2026-04-14 12:22:25,601 - INFO - [1;30m start read progressions from dict [0m
[melody2chord:lyrics_54] @Chorderator 2026-04-14 12:22:32,121 - INFO - [1;30m read progressions done [0m
[melody2chord:lyrics_54] @Chorderator 2026-04-14 12:22:32,121 - INFO - [1;30m start read progression library from source_base.pnt [0m
[melody2chord:lyrics_54] @Chorderator 2026-04-14 12:22:38,422 - INFO - [1;30m read library done [0m
[melody2chord:lyrics_54] @Chorderator 2026-04-14 12:22:38,422 - WARNING - [1;33m Pre-processing... [0m
[melody2chord:lyrics_54] @Chorderator 2026-04-14 12:22:38,431 - WARNING - [1;33m Pre-process done! [0m
[melody2chord:lyrics_54] @Chorderator 2026-04-14 12:22:38,431 - WARNING - [1;33m Solving... [0m
[melody2chord:lyrics_54] @Chorderator 2026-04-14 12:22:38,431 - INFO - [1;30m start read progressions from rep [0m
[melody2chord:lyrics_54] @Chorderator 2026-04-14 12:22:38,463 - INFO - [1;30m read progressions done [0m
[melody2chord:lyrics_54] @Chorderator 2026-04-14 12:22:38,468 - INFO - [1;30m Melody length 2, generate progression with 63 templates [0m
[melody2chord:lyrics_54] @Chorderator 2026-04-14 12:22:38,518 - WARNING - [1;33m Solved! [0m
[melody2chord:lyrics_54] @Chorderator 2026-04-14 12:22:38,518 - WARNING - [1;33m Post-processing... [0m
[melody2chord:lyrics_54] @Chorderator 2026-04-14 12:22:38,522 - WARNING - [1;33m Post-process done! [0m
[melody2chord:lyrics_54] @Chorderator 2026-04-14 12:22:38,523 - WARNING - [1;33m Generating textures... [0m
[melody2chord:lyrics_54] @Chorderator 2026-04-14 12:22:38,523 - WARNING - [1;33m All process finished! [0m
[melody2chord:lyrics_54] 
[melody2chord:lyrics_54] === Processing: sample01_shifted ===
[melody2chord:lyrics_54] Output will be saved to: /data/home/fundwotsai/MIDI-SAG/generated_midi_right_key/lyrics_54/chord/
[melody2chord:lyrics_54] beat_file_path: None
[melody2chord:lyrics_54] Tempo from MIDI: 78.0 BPM (no beat file — skipping warp step)
[melody2chord:lyrics_54] processed_melody_path: /data/home/fundwotsai/MIDI-SAG/generated_midi_right_key/lyrics_54/chord/processed_melody/sample01_shifted.mid
[melody2chord:lyrics_54] Detected key: Eb major (confidence: 0.72, Bellman-Budge)
[melody2chord:lyrics_54] Content bars: 16 -> Segmentation: A8B8 (total: 16)
[melody2chord:lyrics_54] Chorderator bars: 16 -> Segmentation: A8B8 (total: 16)
[melody2chord:lyrics_54] auto_config: {'note_shift': 66, 'segmentation': 'A8B8', 'analysis': {'total_bars': 21, 'empty_bars': 4, 'content_bars': 16, 'note_shift': 66, 'segmentation': 'A8B8', 'first_note_bar': 4.125, 'last_note_bar': 20.1875, 'chorderator_bars': {'max_end_positions': 257, 'fixed_end_positions': 256, 'fixed_end_bars': 16, 'tempo': 77.99997660000703, 'unit': 0.19230774999999997}}}
[melody2chord:lyrics_54] tempo for CDT: 78.0 BPM
[melody2chord:lyrics_54] max_end: 257.0
[melody2chord:lyrics_54] fixed_end: 256
[melody2chord:lyrics_54] 256
[melody2chord:lyrics_54] {'tonic': 'Eb', 'mode': 'maj', 'tempo': 77.99997660000702, 'meter': '4/4', 'pos': ['x', 'x'], 'unit': 0.19230775}
[melody2chord:lyrics_54] Phrase length: 128 positions = 8 bars
[melody2chord:lyrics_54] Phrase length: 128 positions = 8 bars
[melody2chord:lyrics_54] [128, 128]
[melody2chord:lyrics_54] Chord Progression
[melody2chord:lyrics_54] -Source: Niko_Kotoulas_Epic_Ending_3_F#-G#m-E-B (V-vi-IV-I).mid
[melody2chord:lyrics_54] -Source Type: None
[melody2chord:lyrics_54] -Source Tonic: B
[melody2chord:lyrics_54] -Source Metre: 4/4
[melody2chord:lyrics_54] -Source Mode: M (M for Major and m for minor)
[melody2chord:lyrics_54] -Appeared Times: 1
[melody2chord:lyrics_54] -Appeared In Other Songs: 0
[melody2chord:lyrics_54] -Reliability: 0.4
[melody2chord:lyrics_54] -Progression Class: {'type': 'unknown', 'pattern': 'V-vi-IV-I', 'cycle': (0, 0), 'progression-style': 'unknown', 'chord-style': 'unknown', 'performing-style': 'unknown', 'rhythm': 'unknown', 'epic-endings': 'True', 'melodic': 'unknown', 'folder-id': 335, 'duplicate-id': 494, 'new_label': 'unknown'}
[melody2chord:lyrics_54] Numbered: 
[melody2chord:lyrics_54] | 5------- | 6------- | 4------- | 1------- | 1------- | 1------- | 1------- | 1------- | 
[melody2chord:lyrics_54] Chord: 
[melody2chord:lyrics_54] | 
[melody2chord:lyrics_54] | F#0------- | G#1------- | E 0------- | B 0------- | B 0------- | B 0------- | B 0------- | B 0------- | 
[melody2chord:lyrics_54] 
[melody2chord:lyrics_54] Chord Progression
[melody2chord:lyrics_54] -Source: Niko_Kotoulas_EDM_7th_9th_Chords_16_C#m-B-G#m-F#_.mid
[melody2chord:lyrics_54] -Source Type: None
[melody2chord:lyrics_54] -Source Tonic: B
[melody2chord:lyrics_54] -Source Metre: 4/4
[melody2chord:lyrics_54] -Source Mode: M (M for Major and m for minor)
[melody2chord:lyrics_54] -Appeared Times: 1
[melody2chord:lyrics_54] -Appeared In Other Songs: 0
[melody2chord:lyrics_54] -Reliability: 1.0
[melody2chord:lyrics_54] -Progression Class: {'type': 'unknown', 'pattern': 'unknown', 'cycle': (0.9999999999999999, 32), 'progression-style': 'edm', 'chord-style': 'classy', 'performing-style': 'unknown', 'rhythm': 'unknown', 'epic-endings': 'unknown', 'melodic': 'unknown', 'folder-id': 531, 'duplicate-id': 221, 'new_label': 'pop_complex'}
[melody2chord:lyrics_54] Numbered: 
[melody2chord:lyrics_54] | 2------- | 1------- | 6------- | 5------- | 2------- | 1------- | 6------- | 5------- | 
[melody2chord:lyrics_54] Chord: 
[melody2chord:lyrics_54] | 
[melody2chord:lyrics_54] | C#1------- | B 0------- | G#1------- | F#0------- | C#1------- | B 0------- | G#1------- | F#0------- | 
[melody2chord:lyrics_54] 
[melody2chord:lyrics_54] Total: 2
[melody2chord:lyrics_54] 
[melody2chord:lyrics_54] === Aligning chord_gen TPQ ===
[melody2chord:lyrics_54] Original melody TPQ: 480
[melody2chord:lyrics_54] Chord gen TPQ: 220
[melody2chord:lyrics_54] TPQ ratio: 2.1818
[melody2chord:lyrics_54] Converted chord_gen TPQ from 220 to 480
[melody2chord:lyrics_54] Output saved to: /data/home/fundwotsai/MIDI-SAG/generated_midi_right_key/lyrics_54/chord/chord_gen/sample01_shifted_chord_gen.mid
[melody2chord:lyrics_54] Re-quantized 55 melody notes to 1/16 beat grid
[melody2chord:lyrics_54] === Fill Empty Bars with Chords ===
[melody2chord:lyrics_54] Original melody TPQ: 480
[melody2chord:lyrics_54] Chord gen TPQ: 480
[melody2chord:lyrics_54] TPQ ratio: 1.0000
[melody2chord:lyrics_54] Chords start at tick: 7919 (bar 4.12)
[melody2chord:lyrics_54] Empty bars to fill: 4
[melody2chord:lyrics_54] Prepending 0 bars and copying 38 chord notes to cover 4 leading bars
[melody2chord:lyrics_54] 
[melody2chord:lyrics_54] === Output Summary ===
[melody2chord:lyrics_54] Output TPQ: 480
[melody2chord:lyrics_54] Melody track notes: 122
[melody2chord:lyrics_54] Chord track notes: 139
[melody2chord:lyrics_54] First chord now at tick: 0
[melody2chord:lyrics_54] Last chord at tick: 36720
[melody2chord:lyrics_54] Output saved to: /data/home/fundwotsai/MIDI-SAG/generated_midi_right_key/lyrics_54/chord/chord_gen_filled_empty/sample01_shifted_chord_gen_filled_empty_bars.mid
[melody2chord:lyrics_54] === Quantizing melody to 1/16 notes ===
[melody2chord:lyrics_54] TPQ: 480
[melody2chord:lyrics_54] Ticks per 16th note: 120.0
[melody2chord:lyrics_54] Quantized 153 notes to 1/16 note positions
[melody2chord:lyrics_54] Output saved to: /data/home/fundwotsai/MIDI-SAG/generated_midi_right_key/lyrics_54/chord/chord_gen_quantized/sample01_shifted_chord_gen_quantized.mid
[melody2chord:lyrics_54] Extracted 80 beat-level chords from 'Chords' track
[melody2chord:lyrics_54] Chord times remapped to 82 beat positions (subdivision: quarter notes)
[melody2chord:lyrics_54] Filled 7 None chords
[melody2chord:lyrics_54] ✓ Successfully processed: sample01_shifted
[melody2chord:lyrics_54]   Key: Eb major (confidence: 0.72)
[melody2chord:lyrics_54]   Tempo: 78.0 BPM (source: MIDI tempo)
[melody2chord:lyrics_54]   Chord Text: /data/home/fundwotsai/MIDI-SAG/generated_midi_right_key/lyrics_54/chord/chord_txt/sample01_shifted_chord_gen.txt
[melody2chord:lyrics_54]   BTC Text:   /data/home/fundwotsai/MIDI-SAG/generated_midi_right_key/lyrics_54/chord/btc_txt/sample01_shifted_chord_gen.txt
