[melody2chord:lyrics_159] /data/home/fundwotsai/MIDI-SAG/AccoMontage2/chorderator/utils/utils.py:24: UserWarning: Could not import FluidSynth, audio formats writing disabled
[melody2chord:lyrics_159]   warnings.warn('Could not import FluidSynth, audio formats writing disabled')
[melody2chord:lyrics_159] /home/fundwotsai/miniconda3/envs/midi-sag/lib/python3.9/site-packages/miditok/tokenizations/remi.py:88: UserWarning: Attribute controls are not compatible with 'config.one_token_stream_for_programs' and multi-vocabulary tokenizers. Disabling them from the config.
[melody2chord:lyrics_159]   super().__init__(tokenizer_config, params)
[melody2chord:lyrics_159] /data/home/fundwotsai/MIDI-SAG/AccoMontage2/chorderator/core.py:238: UserWarning: Meter auto set to 4/4/. Please set meter if this is not your expectation
[melody2chord:lyrics_159]   warnings.warn('Meter auto set to 4/4/. Please set meter if this is not your expectation')
[melody2chord:lyrics_159] @Chorderator 2026-04-14 11:45:45,071 - INFO - [1;30m start read progressions from dict [0m
[melody2chord:lyrics_159] @Chorderator 2026-04-14 11:45:51,665 - INFO - [1;30m read progressions done [0m
[melody2chord:lyrics_159] @Chorderator 2026-04-14 11:45:51,665 - INFO - [1;30m start read progression library from source_base.pnt [0m
[melody2chord:lyrics_159] @Chorderator 2026-04-14 11:45:58,108 - INFO - [1;30m read library done [0m
[melody2chord:lyrics_159] @Chorderator 2026-04-14 11:45:58,108 - WARNING - [1;33m Pre-processing... [0m
[melody2chord:lyrics_159] @Chorderator 2026-04-14 11:45:58,118 - WARNING - [1;33m Pre-process done! [0m
[melody2chord:lyrics_159] @Chorderator 2026-04-14 11:45:58,118 - WARNING - [1;33m Solving... [0m
[melody2chord:lyrics_159] @Chorderator 2026-04-14 11:45:58,118 - INFO - [1;30m start read progressions from rep [0m
[melody2chord:lyrics_159] @Chorderator 2026-04-14 11:45:58,151 - INFO - [1;30m read progressions done [0m
[melody2chord:lyrics_159] @Chorderator 2026-04-14 11:45:58,156 - INFO - [1;30m Melody length 2, generate progression with 63 templates [0m
[melody2chord:lyrics_159] @Chorderator 2026-04-14 11:45:58,205 - WARNING - [1;33m Solved! [0m
[melody2chord:lyrics_159] @Chorderator 2026-04-14 11:45:58,206 - WARNING - [1;33m Post-processing... [0m
[melody2chord:lyrics_159] @Chorderator 2026-04-14 11:45:58,210 - WARNING - [1;33m Post-process done! [0m
[melody2chord:lyrics_159] @Chorderator 2026-04-14 11:45:58,210 - WARNING - [1;33m Generating textures... [0m
[melody2chord:lyrics_159] @Chorderator 2026-04-14 11:45:58,210 - WARNING - [1;33m All process finished! [0m
[melody2chord:lyrics_159] 
[melody2chord:lyrics_159] === Processing: sample01_shifted ===
[melody2chord:lyrics_159] Output will be saved to: /data/home/fundwotsai/MIDI-SAG/generated_midi_right_key/lyrics_159/chord/
[melody2chord:lyrics_159] beat_file_path: None
[melody2chord:lyrics_159] Tempo from MIDI: 78.0 BPM (no beat file — skipping warp step)
[melody2chord:lyrics_159] processed_melody_path: /data/home/fundwotsai/MIDI-SAG/generated_midi_right_key/lyrics_159/chord/processed_melody/sample01_shifted.mid
[melody2chord:lyrics_159] Detected key: Eb major (confidence: 0.76, Bellman-Budge)
[melody2chord:lyrics_159] Content bars: 15 -> Segmentation: A8B8 (total: 16)
[melody2chord:lyrics_159] Chorderator bars: 16 -> Segmentation: A8B8 (total: 16)
[melody2chord:lyrics_159] auto_config: {'note_shift': 78, 'segmentation': 'A8B8', 'analysis': {'total_bars': 20, 'empty_bars': 4, 'content_bars': 15, 'note_shift': 78, 'segmentation': 'A8B8', 'first_note_bar': 4.875, 'last_note_bar': 19.625, 'chorderator_bars': {'max_end_positions': 236, 'fixed_end_positions': 256, 'fixed_end_bars': 16, 'tempo': 77.99997660000703, 'unit': 0.19230774999999997}}}
[melody2chord:lyrics_159] tempo for CDT: 78.0 BPM
[melody2chord:lyrics_159] max_end: 236.0
[melody2chord:lyrics_159] fixed_end: 256
[melody2chord:lyrics_159] 256
[melody2chord:lyrics_159] {'tonic': 'Eb', 'mode': 'maj', 'tempo': 77.99997660000702, 'meter': '4/4', 'pos': ['x', 'x'], 'unit': 0.19230775}
[melody2chord:lyrics_159] Phrase length: 128 positions = 8 bars
[melody2chord:lyrics_159] Phrase length: 128 positions = 8 bars
[melody2chord:lyrics_159] [128, 128]
[melody2chord:lyrics_159] Chord Progression
[melody2chord:lyrics_159] -Source: Niko_Kotoulas_Pop_7th_9th_Chords_2_B-F#-G#m-E_.mid
[melody2chord:lyrics_159] -Source Type: None
[melody2chord:lyrics_159] -Source Tonic: B
[melody2chord:lyrics_159] -Source Metre: 4/4
[melody2chord:lyrics_159] -Source Mode: M (M for Major and m for minor)
[melody2chord:lyrics_159] -Appeared Times: 1
[melody2chord:lyrics_159] -Appeared In Other Songs: 0
[melody2chord:lyrics_159] -Reliability: 1.0
[melody2chord:lyrics_159] -Progression Class: {'type': 'unknown', 'pattern': 'unknown', 'cycle': (1.0, 32), 'progression-style': 'pop', 'chord-style': 'classy', 'performing-style': 'unknown', 'rhythm': 'unknown', 'epic-endings': 'unknown', 'melodic': 'unknown', 'folder-id': 528, 'duplicate-id': 176, 'new_label': 'pop_complex'}
[melody2chord:lyrics_159] Numbered: 
[melody2chord:lyrics_159] | 1------- | 5------- | 6------- | 4------- | 1------- | 5------- | 6------- | 4------- | 
[melody2chord:lyrics_159] Chord: 
[melody2chord:lyrics_159] | 
[melody2chord:lyrics_159] | B 0------- | F#0------- | G#1------- | E 0------- | B 0------- | F#0------- | G#1------- | E 0------- | 
[melody2chord:lyrics_159] 
[melody2chord:lyrics_159] Chord Progression
[melody2chord:lyrics_159] -Source: Niko_Kotoulas_Pop_7th_9th_Chords_7_B-G#m-B-G#m_.mid
[melody2chord:lyrics_159] -Source Type: None
[melody2chord:lyrics_159] -Source Tonic: B
[melody2chord:lyrics_159] -Source Metre: 4/4
[melody2chord:lyrics_159] -Source Mode: M (M for Major and m for minor)
[melody2chord:lyrics_159] -Appeared Times: 1
[melody2chord:lyrics_159] -Appeared In Other Songs: 0
[melody2chord:lyrics_159] -Reliability: 1.0
[melody2chord:lyrics_159] -Progression Class: {'type': 'unknown', 'pattern': 'unknown', 'cycle': (1.0, 16), 'progression-style': 'pop', 'chord-style': 'classy', 'performing-style': 'unknown', 'rhythm': 'unknown', 'epic-endings': 'unknown', 'melodic': 'unknown', 'folder-id': 528, 'duplicate-id': 174, 'new_label': 'pop_complex'}
[melody2chord:lyrics_159] Numbered: 
[melody2chord:lyrics_159] | 1------- | 6------- | 1------- | 6------- | 1------- | 6------- | 1------- | 6------- | 
[melody2chord:lyrics_159] Chord: 
[melody2chord:lyrics_159] | 
[melody2chord:lyrics_159] | B 0------- | G#1------- | B 0------- | G#1------- | B 0------- | G#1------- | B 0------- | G#1------- | 
[melody2chord:lyrics_159] 
[melody2chord:lyrics_159] Total: 2
[melody2chord:lyrics_159] 
[melody2chord:lyrics_159] === Aligning chord_gen TPQ ===
[melody2chord:lyrics_159] Original melody TPQ: 480
[melody2chord:lyrics_159] Chord gen TPQ: 220
[melody2chord:lyrics_159] TPQ ratio: 2.1818
[melody2chord:lyrics_159] Converted chord_gen TPQ from 220 to 480
[melody2chord:lyrics_159] Output saved to: /data/home/fundwotsai/MIDI-SAG/generated_midi_right_key/lyrics_159/chord/chord_gen/sample01_shifted_chord_gen.mid
[melody2chord:lyrics_159] Re-quantized 60 melody notes to 1/16 beat grid
[melody2chord:lyrics_159] === Fill Empty Bars with Chords ===
[melody2chord:lyrics_159] Original melody TPQ: 480
[melody2chord:lyrics_159] Chord gen TPQ: 480
[melody2chord:lyrics_159] TPQ ratio: 1.0000
[melody2chord:lyrics_159] Chords start at tick: 9360 (bar 4.88)
[melody2chord:lyrics_159] Empty bars to fill: 4
[melody2chord:lyrics_159] Prepending 0 bars and copying 23 chord notes to cover 4 leading bars
[melody2chord:lyrics_159] 
[melody2chord:lyrics_159] === Output Summary ===
[melody2chord:lyrics_159] Output TPQ: 480
[melody2chord:lyrics_159] Melody track notes: 120
[melody2chord:lyrics_159] Chord track notes: 117
[melody2chord:lyrics_159] First chord now at tick: 0
[melody2chord:lyrics_159] Last chord at tick: 38160
[melody2chord:lyrics_159] Output saved to: /data/home/fundwotsai/MIDI-SAG/generated_midi_right_key/lyrics_159/chord/chord_gen_filled_empty/sample01_shifted_chord_gen_filled_empty_bars.mid
[melody2chord:lyrics_159] === Quantizing melody to 1/16 notes ===
[melody2chord:lyrics_159] TPQ: 480
[melody2chord:lyrics_159] Ticks per 16th note: 120.0
[melody2chord:lyrics_159] Quantized 136 notes to 1/16 note positions
[melody2chord:lyrics_159] Output saved to: /data/home/fundwotsai/MIDI-SAG/generated_midi_right_key/lyrics_159/chord/chord_gen_quantized/sample01_shifted_chord_gen_quantized.mid
[melody2chord:lyrics_159] Extracted 84 beat-level chords from 'Chords' track
[melody2chord:lyrics_159] Chord times remapped to 80 beat positions (subdivision: quarter notes)
[melody2chord:lyrics_159] Filled 4 None chords
[melody2chord:lyrics_159] ✓ Successfully processed: sample01_shifted
[melody2chord:lyrics_159]   Key: Eb major (confidence: 0.76)
[melody2chord:lyrics_159]   Tempo: 78.0 BPM (source: MIDI tempo)
[melody2chord:lyrics_159]   Chord Text: /data/home/fundwotsai/MIDI-SAG/generated_midi_right_key/lyrics_159/chord/chord_txt/sample01_shifted_chord_gen.txt
[melody2chord:lyrics_159]   BTC Text:   /data/home/fundwotsai/MIDI-SAG/generated_midi_right_key/lyrics_159/chord/btc_txt/sample01_shifted_chord_gen.txt
