[melody2chord:lyrics_50] /data/home/fundwotsai/MIDI-SAG/AccoMontage2/chorderator/utils/utils.py:24: UserWarning: Could not import FluidSynth, audio formats writing disabled
[melody2chord:lyrics_50]   warnings.warn('Could not import FluidSynth, audio formats writing disabled')
[melody2chord:lyrics_50] /home/fundwotsai/miniconda3/envs/midi-sag/lib/python3.9/site-packages/miditok/tokenizations/remi.py:88: UserWarning: Attribute controls are not compatible with 'config.one_token_stream_for_programs' and multi-vocabulary tokenizers. Disabling them from the config.
[melody2chord:lyrics_50]   super().__init__(tokenizer_config, params)
[melody2chord:lyrics_50] /data/home/fundwotsai/MIDI-SAG/AccoMontage2/chorderator/core.py:238: UserWarning: Meter auto set to 4/4/. Please set meter if this is not your expectation
[melody2chord:lyrics_50]   warnings.warn('Meter auto set to 4/4/. Please set meter if this is not your expectation')
[melody2chord:lyrics_50] @Chorderator 2026-04-14 12:20:52,140 - INFO - [1;30m start read progressions from dict [0m
[melody2chord:lyrics_50] @Chorderator 2026-04-14 12:20:58,595 - INFO - [1;30m read progressions done [0m
[melody2chord:lyrics_50] @Chorderator 2026-04-14 12:20:58,596 - INFO - [1;30m start read progression library from source_base.pnt [0m
[melody2chord:lyrics_50] @Chorderator 2026-04-14 12:21:04,877 - INFO - [1;30m read library done [0m
[melody2chord:lyrics_50] @Chorderator 2026-04-14 12:21:04,878 - WARNING - [1;33m Pre-processing... [0m
[melody2chord:lyrics_50] @Chorderator 2026-04-14 12:21:04,889 - WARNING - [1;33m Pre-process done! [0m
[melody2chord:lyrics_50] @Chorderator 2026-04-14 12:21:04,889 - WARNING - [1;33m Solving... [0m
[melody2chord:lyrics_50] @Chorderator 2026-04-14 12:21:04,890 - INFO - [1;30m start read progressions from rep [0m
[melody2chord:lyrics_50] @Chorderator 2026-04-14 12:21:04,921 - INFO - [1;30m read progressions done [0m
[melody2chord:lyrics_50] @Chorderator 2026-04-14 12:21:04,927 - INFO - [1;30m Melody length 3, generate progression with 63 templates [0m
[melody2chord:lyrics_50] @Chorderator 2026-04-14 12:21:04,997 - WARNING - [1;33m Solved! [0m
[melody2chord:lyrics_50] @Chorderator 2026-04-14 12:21:04,997 - WARNING - [1;33m Post-processing... [0m
[melody2chord:lyrics_50] @Chorderator 2026-04-14 12:21:05,003 - WARNING - [1;33m Post-process done! [0m
[melody2chord:lyrics_50] @Chorderator 2026-04-14 12:21:05,003 - WARNING - [1;33m Generating textures... [0m
[melody2chord:lyrics_50] @Chorderator 2026-04-14 12:21:05,004 - WARNING - [1;33m All process finished! [0m
[melody2chord:lyrics_50] 
[melody2chord:lyrics_50] === Processing: sample01_shifted ===
[melody2chord:lyrics_50] Output will be saved to: /data/home/fundwotsai/MIDI-SAG/generated_midi_right_key/lyrics_50/chord/
[melody2chord:lyrics_50] beat_file_path: None
[melody2chord:lyrics_50] Tempo from MIDI: 78.0 BPM (no beat file — skipping warp step)
[melody2chord:lyrics_50] processed_melody_path: /data/home/fundwotsai/MIDI-SAG/generated_midi_right_key/lyrics_50/chord/processed_melody/sample01_shifted.mid
[melody2chord:lyrics_50] Detected key: Eb major (confidence: 0.71, Bellman-Budge)
[melody2chord:lyrics_50] Content bars: 18 -> Segmentation: A8B8A4 (total: 20)
[melody2chord:lyrics_50] Chorderator bars: 20 -> Segmentation: A8B8A4 (total: 20)
[melody2chord:lyrics_50] auto_config: {'note_shift': 68, 'segmentation': 'A8B8A4', 'analysis': {'total_bars': 23, 'empty_bars': 4, 'content_bars': 18, 'note_shift': 68, 'segmentation': 'A8B8A4', 'first_note_bar': 4.25, 'last_note_bar': 22.5, 'chorderator_bars': {'max_end_positions': 292, 'fixed_end_positions': 320, 'fixed_end_bars': 20, 'tempo': 77.99997660000703, 'unit': 0.19230774999999997}}}
[melody2chord:lyrics_50] tempo for CDT: 78.0 BPM
[melody2chord:lyrics_50] max_end: 292.0
[melody2chord:lyrics_50] fixed_end: 320
[melody2chord:lyrics_50] 320
[melody2chord:lyrics_50] {'tonic': 'Eb', 'mode': 'maj', 'tempo': 77.99997660000702, 'meter': '4/4', 'pos': ['x', 'x', 'x'], 'unit': 0.19230775}
[melody2chord:lyrics_50] Phrase length: 128 positions = 8 bars
[melody2chord:lyrics_50] Phrase length: 128 positions = 8 bars
[melody2chord:lyrics_50] Phrase length: 64 positions = 4 bars
[melody2chord:lyrics_50] [128, 128, 64]
[melody2chord:lyrics_50] Chord Progression
[melody2chord:lyrics_50] -Source: Niko_Kotoulas_Pop_7th_9th_Chords_16_E-F#-G#m-B_.mid
[melody2chord:lyrics_50] -Source Type: None
[melody2chord:lyrics_50] -Source Tonic: B
[melody2chord:lyrics_50] -Source Metre: 4/4
[melody2chord:lyrics_50] -Source Mode: M (M for Major and m for minor)
[melody2chord:lyrics_50] -Appeared Times: 1
[melody2chord:lyrics_50] -Appeared In Other Songs: 0
[melody2chord:lyrics_50] -Reliability: 1.0
[melody2chord:lyrics_50] -Progression Class: {'type': 'unknown', 'pattern': 'unknown', 'cycle': (1.0, 32), 'progression-style': 'pop', 'chord-style': 'classy', 'performing-style': 'unknown', 'rhythm': 'unknown', 'epic-endings': 'unknown', 'melodic': 'unknown', 'folder-id': 528, 'duplicate-id': 184, 'new_label': 'pop_complex'}
[melody2chord:lyrics_50] Numbered: 
[melody2chord:lyrics_50] | 4------- | 5------- | 6------- | 1------- | 4------- | 5------- | 6------- | 1------- | 
[melody2chord:lyrics_50] Chord: 
[melody2chord:lyrics_50] | 
[melody2chord:lyrics_50] | E 0------- | F#0------- | G#1------- | B 0------- | E 0------- | F#0------- | G#1------- | B 0------- | 
[melody2chord:lyrics_50] 
[melody2chord:lyrics_50] Chord Progression
[melody2chord:lyrics_50] -Source: Niko_Kotoulas_Emotional_Chords_15_G#m-D#m-E-B_.mid
[melody2chord:lyrics_50] -Source Type: None
[melody2chord:lyrics_50] -Source Tonic: B
[melody2chord:lyrics_50] -Source Metre: 4/4
[melody2chord:lyrics_50] -Source Mode: M (M for Major and m for minor)
[melody2chord:lyrics_50] -Appeared Times: 1
[melody2chord:lyrics_50] -Appeared In Other Songs: 0
[melody2chord:lyrics_50] -Reliability: 1.0
[melody2chord:lyrics_50] -Progression Class: {'type': 'unknown', 'pattern': 'unknown', 'cycle': (1.0, 32), 'progression-style': 'emotional', 'chord-style': 'emotional', 'performing-style': 'unknown', 'rhythm': 'unknown', 'epic-endings': 'unknown', 'melodic': 'unknown', 'folder-id': 535, 'duplicate-id': 276, 'new_label': 'pop_complex'}
[melody2chord:lyrics_50] Numbered: 
[melody2chord:lyrics_50] | 6------- | 3------- | 4------- | 1------- | 6------- | 3------- | 4------- | 1------- | 
[melody2chord:lyrics_50] Chord: 
[melody2chord:lyrics_50] | 
[melody2chord:lyrics_50] | G#1------- | D#1------- | E 0------- | B 0------- | G#1------- | D#1------- | E 0------- | B 0------- | 
[melody2chord:lyrics_50] 
[melody2chord:lyrics_50] Chord Progression
[melody2chord:lyrics_50] -Source: Niko_Kotoulas_ChordProg_4_G#m-E-B-F# (vi-IV-I-V).mid
[melody2chord:lyrics_50] -Source Type: None
[melody2chord:lyrics_50] -Source Tonic: B
[melody2chord:lyrics_50] -Source Metre: 4/4
[melody2chord:lyrics_50] -Source Mode: M (M for Major and m for minor)
[melody2chord:lyrics_50] -Appeared Times: 1
[melody2chord:lyrics_50] -Appeared In Other Songs: 0
[melody2chord:lyrics_50] -Reliability: 0.9
[melody2chord:lyrics_50] -Progression Class: {'type': 'unknown', 'pattern': 'vi-IV-I-V', 'cycle': (-0.34995661963667773, 8), 'progression-style': 'unknown', 'chord-style': 'unknown', 'performing-style': 'unknown', 'rhythm': 'unknown', 'epic-endings': 'unknown', 'melodic': 'unknown', 'folder-id': 235, 'duplicate-id': 448, 'new_label': 'unknown'}
[melody2chord:lyrics_50] Numbered: 
[melody2chord:lyrics_50] | 6------- | 4------- | 1------- | 5------- | 
[melody2chord:lyrics_50] Chord: 
[melody2chord:lyrics_50] | G#1------- | E 0------- | B 0------- | F#0------- | 
[melody2chord:lyrics_50] 
[melody2chord:lyrics_50] Total: 3
[melody2chord:lyrics_50] 
[melody2chord:lyrics_50] === Aligning chord_gen TPQ ===
[melody2chord:lyrics_50] Original melody TPQ: 480
[melody2chord:lyrics_50] Chord gen TPQ: 220
[melody2chord:lyrics_50] TPQ ratio: 2.1818
[melody2chord:lyrics_50] Converted chord_gen TPQ from 220 to 480
[melody2chord:lyrics_50] Output saved to: /data/home/fundwotsai/MIDI-SAG/generated_midi_right_key/lyrics_50/chord/chord_gen/sample01_shifted_chord_gen.mid
[melody2chord:lyrics_50] Re-quantized 63 melody notes to 1/16 beat grid
[melody2chord:lyrics_50] === Fill Empty Bars with Chords ===
[melody2chord:lyrics_50] Original melody TPQ: 480
[melody2chord:lyrics_50] Chord gen TPQ: 480
[melody2chord:lyrics_50] TPQ ratio: 1.0000
[melody2chord:lyrics_50] Chords start at tick: 8159 (bar 4.25)
[melody2chord:lyrics_50] Empty bars to fill: 4
[melody2chord:lyrics_50] Prepending 0 bars and copying 23 chord notes to cover 4 leading bars
[melody2chord:lyrics_50] 
[melody2chord:lyrics_50] === Output Summary ===
[melody2chord:lyrics_50] Output TPQ: 480
[melody2chord:lyrics_50] Melody track notes: 124
[melody2chord:lyrics_50] Chord track notes: 140
[melody2chord:lyrics_50] First chord now at tick: 0
[melody2chord:lyrics_50] Last chord at tick: 44640
[melody2chord:lyrics_50] Output saved to: /data/home/fundwotsai/MIDI-SAG/generated_midi_right_key/lyrics_50/chord/chord_gen_filled_empty/sample01_shifted_chord_gen_filled_empty_bars.mid
[melody2chord:lyrics_50] === Quantizing melody to 1/16 notes ===
[melody2chord:lyrics_50] TPQ: 480
[melody2chord:lyrics_50] Ticks per 16th note: 120.0
[melody2chord:lyrics_50] Quantized 135 notes to 1/16 note positions
[melody2chord:lyrics_50] Output saved to: /data/home/fundwotsai/MIDI-SAG/generated_midi_right_key/lyrics_50/chord/chord_gen_quantized/sample01_shifted_chord_gen_quantized.mid
[melody2chord:lyrics_50] Extracted 97 beat-level chords from 'Chords' track
[melody2chord:lyrics_50] Chord times remapped to 92 beat positions (subdivision: quarter notes)
[melody2chord:lyrics_50] Filled 1 None chords
[melody2chord:lyrics_50] ✓ Successfully processed: sample01_shifted
[melody2chord:lyrics_50]   Key: Eb major (confidence: 0.71)
[melody2chord:lyrics_50]   Tempo: 78.0 BPM (source: MIDI tempo)
[melody2chord:lyrics_50]   Chord Text: /data/home/fundwotsai/MIDI-SAG/generated_midi_right_key/lyrics_50/chord/chord_txt/sample01_shifted_chord_gen.txt
[melody2chord:lyrics_50]   BTC Text:   /data/home/fundwotsai/MIDI-SAG/generated_midi_right_key/lyrics_50/chord/btc_txt/sample01_shifted_chord_gen.txt
