[melody2chord:lyrics_6] /data/home/fundwotsai/MIDI-SAG/AccoMontage2/chorderator/utils/utils.py:24: UserWarning: Could not import FluidSynth, audio formats writing disabled
[melody2chord:lyrics_6]   warnings.warn('Could not import FluidSynth, audio formats writing disabled')
[melody2chord:lyrics_6] /home/fundwotsai/miniconda3/envs/midi-sag/lib/python3.9/site-packages/miditok/tokenizations/remi.py:88: UserWarning: Attribute controls are not compatible with 'config.one_token_stream_for_programs' and multi-vocabulary tokenizers. Disabling them from the config.
[melody2chord:lyrics_6]   super().__init__(tokenizer_config, params)
[melody2chord:lyrics_6] /data/home/fundwotsai/MIDI-SAG/AccoMontage2/chorderator/core.py:238: UserWarning: Meter auto set to 4/4/. Please set meter if this is not your expectation
[melody2chord:lyrics_6]   warnings.warn('Meter auto set to 4/4/. Please set meter if this is not your expectation')
[melody2chord:lyrics_6] @Chorderator 2026-04-14 12:24:48,605 - INFO - [1;30m start read progressions from dict [0m
[melody2chord:lyrics_6] @Chorderator 2026-04-14 12:24:55,047 - INFO - [1;30m read progressions done [0m
[melody2chord:lyrics_6] @Chorderator 2026-04-14 12:24:55,047 - INFO - [1;30m start read progression library from source_base.pnt [0m
[melody2chord:lyrics_6] @Chorderator 2026-04-14 12:25:01,299 - INFO - [1;30m read library done [0m
[melody2chord:lyrics_6] @Chorderator 2026-04-14 12:25:01,299 - WARNING - [1;33m Pre-processing... [0m
[melody2chord:lyrics_6] @Chorderator 2026-04-14 12:25:01,309 - WARNING - [1;33m Pre-process done! [0m
[melody2chord:lyrics_6] @Chorderator 2026-04-14 12:25:01,309 - WARNING - [1;33m Solving... [0m
[melody2chord:lyrics_6] @Chorderator 2026-04-14 12:25:01,309 - INFO - [1;30m start read progressions from rep [0m
[melody2chord:lyrics_6] @Chorderator 2026-04-14 12:25:01,341 - INFO - [1;30m read progressions done [0m
[melody2chord:lyrics_6] @Chorderator 2026-04-14 12:25:01,346 - INFO - [1;30m Melody length 2, generate progression with 122 templates [0m
[melody2chord:lyrics_6] @Chorderator 2026-04-14 12:25:01,416 - WARNING - [1;33m Solved! [0m
[melody2chord:lyrics_6] @Chorderator 2026-04-14 12:25:01,417 - WARNING - [1;33m Post-processing... [0m
[melody2chord:lyrics_6] @Chorderator 2026-04-14 12:25:01,420 - WARNING - [1;33m Post-process done! [0m
[melody2chord:lyrics_6] @Chorderator 2026-04-14 12:25:01,420 - WARNING - [1;33m Generating textures... [0m
[melody2chord:lyrics_6] @Chorderator 2026-04-14 12:25:01,421 - WARNING - [1;33m All process finished! [0m
[melody2chord:lyrics_6] 
[melody2chord:lyrics_6] === Processing: sample01_shifted ===
[melody2chord:lyrics_6] Output will be saved to: /data/home/fundwotsai/MIDI-SAG/generated_midi_right_key/lyrics_6/chord/
[melody2chord:lyrics_6] beat_file_path: None
[melody2chord:lyrics_6] Tempo from MIDI: 78.0 BPM (no beat file — skipping warp step)
[melody2chord:lyrics_6] processed_melody_path: /data/home/fundwotsai/MIDI-SAG/generated_midi_right_key/lyrics_6/chord/processed_melody/sample01_shifted.mid
[melody2chord:lyrics_6] Detected key: D minor (confidence: 0.52, Bellman-Budge)
[melody2chord:lyrics_6] Content bars: 15 -> Segmentation: A8B8 (total: 16)
[melody2chord:lyrics_6] Chorderator bars: 16 -> Segmentation: A8B8 (total: 16)
[melody2chord:lyrics_6] auto_config: {'note_shift': 66, 'segmentation': 'A8B8', 'analysis': {'total_bars': 20, 'empty_bars': 4, 'content_bars': 15, 'note_shift': 66, 'segmentation': 'A8B8', 'first_note_bar': 4.125, 'last_note_bar': 19.0625, 'chorderator_bars': {'max_end_positions': 239, 'fixed_end_positions': 256, 'fixed_end_bars': 16, 'tempo': 77.99997660000703, 'unit': 0.19230774999999997}}}
[melody2chord:lyrics_6] tempo for CDT: 78.0 BPM
[melody2chord:lyrics_6] max_end: 239.0
[melody2chord:lyrics_6] fixed_end: 256
[melody2chord:lyrics_6] 256
[melody2chord:lyrics_6] {'tonic': 'D', 'mode': 'min', 'tempo': 77.99997660000702, 'meter': '4/4', 'pos': ['x', 'x'], 'unit': 0.19230775}
[melody2chord:lyrics_6] Phrase length: 128 positions = 8 bars
[melody2chord:lyrics_6] Phrase length: 128 positions = 8 bars
[melody2chord:lyrics_6] [128, 128]
[melody2chord:lyrics_6] Chord Progression
[melody2chord:lyrics_6] -Source: Niko_Kotoulas_Dark_Chords_19_G#m-F#-G#m-C#m_.mid
[melody2chord:lyrics_6] -Source Type: None
[melody2chord:lyrics_6] -Source Tonic: G#
[melody2chord:lyrics_6] -Source Metre: 4/4
[melody2chord:lyrics_6] -Source Mode: m (M for Major and m for minor)
[melody2chord:lyrics_6] -Appeared Times: 1
[melody2chord:lyrics_6] -Appeared In Other Songs: 0
[melody2chord:lyrics_6] -Reliability: 1.0
[melody2chord:lyrics_6] -Progression Class: {'type': 'unknown', 'pattern': 'unknown', 'cycle': (1.0, 32), 'progression-style': 'dark', 'chord-style': 'unknown', 'performing-style': 'unknown', 'rhythm': 'unknown', 'epic-endings': 'unknown', 'melodic': 'unknown', 'folder-id': 536, 'duplicate-id': 317, 'new_label': 'dark'}
[melody2chord:lyrics_6] Numbered: 
[melody2chord:lyrics_6] | 1------- | 7------- | 1------- | 4------- | 1------- | 7------- | 1------- | 4------- | 
[melody2chord:lyrics_6] Chord: 
[melody2chord:lyrics_6] | 
[melody2chord:lyrics_6] | G#1------- | F#0------- | G#1------- | C#1------- | G#1------- | F#0------- | G#1------- | C#1------- | 
[melody2chord:lyrics_6] 
[melody2chord:lyrics_6] Chord Progression
[melody2chord:lyrics_6] -Source: Niko_Kotoulas_Dark_Chords_15_G#m-E-F#-G#m_.mid
[melody2chord:lyrics_6] -Source Type: None
[melody2chord:lyrics_6] -Source Tonic: G#
[melody2chord:lyrics_6] -Source Metre: 4/4
[melody2chord:lyrics_6] -Source Mode: m (M for Major and m for minor)
[melody2chord:lyrics_6] -Appeared Times: 1
[melody2chord:lyrics_6] -Appeared In Other Songs: 0
[melody2chord:lyrics_6] -Reliability: 1.0
[melody2chord:lyrics_6] -Progression Class: {'type': 'unknown', 'pattern': 'unknown', 'cycle': (1.0, 32), 'progression-style': 'dark', 'chord-style': 'unknown', 'performing-style': 'unknown', 'rhythm': 'unknown', 'epic-endings': 'unknown', 'melodic': 'unknown', 'folder-id': 536, 'duplicate-id': 308, 'new_label': 'dark'}
[melody2chord:lyrics_6] Numbered: 
[melody2chord:lyrics_6] | 1------- | 6------- | 7------- | 1------- | 1------- | 6------- | 7------- | 1------- | 
[melody2chord:lyrics_6] Chord: 
[melody2chord:lyrics_6] | 
[melody2chord:lyrics_6] | G#1------- | E 0------- | F#0------- | G#1------- | G#1------- | E 0------- | F#0------- | G#1------- | 
[melody2chord:lyrics_6] 
[melody2chord:lyrics_6] Total: 2
[melody2chord:lyrics_6] 
[melody2chord:lyrics_6] === Aligning chord_gen TPQ ===
[melody2chord:lyrics_6] Original melody TPQ: 480
[melody2chord:lyrics_6] Chord gen TPQ: 220
[melody2chord:lyrics_6] TPQ ratio: 2.1818
[melody2chord:lyrics_6] Converted chord_gen TPQ from 220 to 480
[melody2chord:lyrics_6] Output saved to: /data/home/fundwotsai/MIDI-SAG/generated_midi_right_key/lyrics_6/chord/chord_gen/sample01_shifted_chord_gen.mid
[melody2chord:lyrics_6] Re-quantized 53 melody notes to 1/16 beat grid
[melody2chord:lyrics_6] === Fill Empty Bars with Chords ===
[melody2chord:lyrics_6] Original melody TPQ: 480
[melody2chord:lyrics_6] Chord gen TPQ: 480
[melody2chord:lyrics_6] TPQ ratio: 1.0000
[melody2chord:lyrics_6] Chords start at tick: 7919 (bar 4.12)
[melody2chord:lyrics_6] Empty bars to fill: 4
[melody2chord:lyrics_6] Prepending 0 bars and copying 17 chord notes to cover 4 leading bars
[melody2chord:lyrics_6] 
[melody2chord:lyrics_6] === Output Summary ===
[melody2chord:lyrics_6] Output TPQ: 480
[melody2chord:lyrics_6] Melody track notes: 120
[melody2chord:lyrics_6] Chord track notes: 91
[melody2chord:lyrics_6] First chord now at tick: 0
[melody2chord:lyrics_6] Last chord at tick: 36720
[melody2chord:lyrics_6] Output saved to: /data/home/fundwotsai/MIDI-SAG/generated_midi_right_key/lyrics_6/chord/chord_gen_filled_empty/sample01_shifted_chord_gen_filled_empty_bars.mid
[melody2chord:lyrics_6] === Quantizing melody to 1/16 notes ===
[melody2chord:lyrics_6] TPQ: 480
[melody2chord:lyrics_6] Ticks per 16th note: 120.0
[melody2chord:lyrics_6] Quantized 137 notes to 1/16 note positions
[melody2chord:lyrics_6] Output saved to: /data/home/fundwotsai/MIDI-SAG/generated_midi_right_key/lyrics_6/chord/chord_gen_quantized/sample01_shifted_chord_gen_quantized.mid
[melody2chord:lyrics_6] Extracted 80 beat-level chords from 'Chords' track
[melody2chord:lyrics_6] Chord times remapped to 78 beat positions (subdivision: quarter notes)
[melody2chord:lyrics_6] ✓ Successfully processed: sample01_shifted
[melody2chord:lyrics_6]   Key: D minor (confidence: 0.52)
[melody2chord:lyrics_6]   Tempo: 78.0 BPM (source: MIDI tempo)
[melody2chord:lyrics_6]   Chord Text: /data/home/fundwotsai/MIDI-SAG/generated_midi_right_key/lyrics_6/chord/chord_txt/sample01_shifted_chord_gen.txt
[melody2chord:lyrics_6]   BTC Text:   /data/home/fundwotsai/MIDI-SAG/generated_midi_right_key/lyrics_6/chord/btc_txt/sample01_shifted_chord_gen.txt
