[melody2chord:lyrics_4] /data/home/fundwotsai/MIDI-SAG/AccoMontage2/chorderator/utils/utils.py:24: UserWarning: Could not import FluidSynth, audio formats writing disabled
[melody2chord:lyrics_4]   warnings.warn('Could not import FluidSynth, audio formats writing disabled')
[melody2chord:lyrics_4] /home/fundwotsai/miniconda3/envs/midi-sag/lib/python3.9/site-packages/miditok/tokenizations/remi.py:88: UserWarning: Attribute controls are not compatible with 'config.one_token_stream_for_programs' and multi-vocabulary tokenizers. Disabling them from the config.
[melody2chord:lyrics_4]   super().__init__(tokenizer_config, params)
[melody2chord:lyrics_4] /data/home/fundwotsai/MIDI-SAG/AccoMontage2/chorderator/core.py:238: UserWarning: Meter auto set to 4/4/. Please set meter if this is not your expectation
[melody2chord:lyrics_4]   warnings.warn('Meter auto set to 4/4/. Please set meter if this is not your expectation')
[melody2chord:lyrics_4] @Chorderator 2026-04-14 12:16:01,463 - INFO - [1;30m start read progressions from dict [0m
[melody2chord:lyrics_4] @Chorderator 2026-04-14 12:16:07,915 - INFO - [1;30m read progressions done [0m
[melody2chord:lyrics_4] @Chorderator 2026-04-14 12:16:07,915 - INFO - [1;30m start read progression library from source_base.pnt [0m
[melody2chord:lyrics_4] @Chorderator 2026-04-14 12:16:14,210 - INFO - [1;30m read library done [0m
[melody2chord:lyrics_4] @Chorderator 2026-04-14 12:16:14,211 - WARNING - [1;33m Pre-processing... [0m
[melody2chord:lyrics_4] @Chorderator 2026-04-14 12:16:14,221 - WARNING - [1;33m Pre-process done! [0m
[melody2chord:lyrics_4] @Chorderator 2026-04-14 12:16:14,221 - WARNING - [1;33m Solving... [0m
[melody2chord:lyrics_4] @Chorderator 2026-04-14 12:16:14,221 - INFO - [1;30m start read progressions from rep [0m
[melody2chord:lyrics_4] @Chorderator 2026-04-14 12:16:14,252 - INFO - [1;30m read progressions done [0m
[melody2chord:lyrics_4] @Chorderator 2026-04-14 12:16:14,258 - INFO - [1;30m Melody length 3, generate progression with 63 templates [0m
[melody2chord:lyrics_4] @Chorderator 2026-04-14 12:16:14,331 - WARNING - [1;33m Solved! [0m
[melody2chord:lyrics_4] @Chorderator 2026-04-14 12:16:14,331 - WARNING - [1;33m Post-processing... [0m
[melody2chord:lyrics_4] @Chorderator 2026-04-14 12:16:14,336 - WARNING - [1;33m Post-process done! [0m
[melody2chord:lyrics_4] @Chorderator 2026-04-14 12:16:14,337 - WARNING - [1;33m Generating textures... [0m
[melody2chord:lyrics_4] @Chorderator 2026-04-14 12:16:14,337 - WARNING - [1;33m All process finished! [0m
[melody2chord:lyrics_4] 
[melody2chord:lyrics_4] === Processing: sample01_shifted ===
[melody2chord:lyrics_4] Output will be saved to: /data/home/fundwotsai/MIDI-SAG/generated_midi_right_key/lyrics_4/chord/
[melody2chord:lyrics_4] beat_file_path: None
[melody2chord:lyrics_4] Tempo from MIDI: 95.0 BPM (no beat file — skipping warp step)
[melody2chord:lyrics_4] processed_melody_path: /data/home/fundwotsai/MIDI-SAG/generated_midi_right_key/lyrics_4/chord/processed_melody/sample01_shifted.mid
[melody2chord:lyrics_4] Detected key: Ab major (confidence: 0.77, Bellman-Budge)
[melody2chord:lyrics_4] Content bars: 23 -> Segmentation: A8B8A8 (total: 24)
[melody2chord:lyrics_4] Chorderator bars: 24 -> Segmentation: A8B8A8 (total: 24)
[melody2chord:lyrics_4] auto_config: {'note_shift': 64, 'segmentation': 'A8B8A8', 'analysis': {'total_bars': 28, 'empty_bars': 4, 'content_bars': 23, 'note_shift': 64, 'segmentation': 'A8B8A8', 'first_note_bar': 4.0, 'last_note_bar': 27.375, 'chorderator_bars': {'max_end_positions': 374, 'fixed_end_positions': 384, 'fixed_end_bars': 24, 'tempo': 94.99999208333399, 'unit': 0.15789475}}}
[melody2chord:lyrics_4] tempo for CDT: 95.0 BPM
[melody2chord:lyrics_4] max_end: 374.0
[melody2chord:lyrics_4] fixed_end: 384
[melody2chord:lyrics_4] 384
[melody2chord:lyrics_4] {'tonic': 'Ab', 'mode': 'maj', 'tempo': 94.99999208333399, 'meter': '4/4', 'pos': ['x', 'x', 'x'], 'unit': 0.15789475}
[melody2chord:lyrics_4] Phrase length: 128 positions = 8 bars
[melody2chord:lyrics_4] Phrase length: 128 positions = 8 bars
[melody2chord:lyrics_4] Phrase length: 128 positions = 8 bars
[melody2chord:lyrics_4] [128, 128, 128]
[melody2chord:lyrics_4] Chord Progression
[melody2chord:lyrics_4] -Source: Niko_Kotoulas_Pop_7th_9th_Chords_8_B-Em-B-Em_.mid
[melody2chord:lyrics_4] -Source Type: None
[melody2chord:lyrics_4] -Source Tonic: B
[melody2chord:lyrics_4] -Source Metre: 4/4
[melody2chord:lyrics_4] -Source Mode: M (M for Major and m for minor)
[melody2chord:lyrics_4] -Appeared Times: 1
[melody2chord:lyrics_4] -Appeared In Other Songs: 0
[melody2chord:lyrics_4] -Reliability: 1.0
[melody2chord:lyrics_4] -Progression Class: {'type': 'unknown', 'pattern': 'unknown', 'cycle': (1.0, 16), 'progression-style': 'pop', 'chord-style': 'classy', 'performing-style': 'unknown', 'rhythm': 'unknown', 'epic-endings': 'unknown', 'melodic': 'unknown', 'folder-id': 528, 'duplicate-id': 154, 'new_label': 'pop_complex'}
[melody2chord:lyrics_4] Numbered: 
[melody2chord:lyrics_4] | 1------- | 4------- | 1------- | 4------- | 1------- | 4------- | 1------- | 4------- | 
[melody2chord:lyrics_4] Chord: 
[melody2chord:lyrics_4] | 
[melody2chord:lyrics_4] | B 0------- | E 1------- | B 0------- | E 1------- | B 0------- | E 1------- | B 0------- | E 1------- | 
[melody2chord:lyrics_4] 
[melody2chord:lyrics_4] Chord Progression
[melody2chord:lyrics_4] -Source: Niko_Kotoulas_Pop_7th_9th_Chords_6_B-E-F#-B_.mid
[melody2chord:lyrics_4] -Source Type: None
[melody2chord:lyrics_4] -Source Tonic: B
[melody2chord:lyrics_4] -Source Metre: 4/4
[melody2chord:lyrics_4] -Source Mode: M (M for Major and m for minor)
[melody2chord:lyrics_4] -Appeared Times: 1
[melody2chord:lyrics_4] -Appeared In Other Songs: 0
[melody2chord:lyrics_4] -Reliability: 1.0
[melody2chord:lyrics_4] -Progression Class: {'type': 'unknown', 'pattern': 'unknown', 'cycle': (1.0, 32), 'progression-style': 'pop', 'chord-style': 'classy', 'performing-style': 'unknown', 'rhythm': 'unknown', 'epic-endings': 'unknown', 'melodic': 'unknown', 'folder-id': 528, 'duplicate-id': 157, 'new_label': 'pop_complex'}
[melody2chord:lyrics_4] Numbered: 
[melody2chord:lyrics_4] | 1------- | 4------- | 5------- | 1------- | 1------- | 4------- | 5------- | 1------- | 
[melody2chord:lyrics_4] Chord: 
[melody2chord:lyrics_4] | 
[melody2chord:lyrics_4] | B 0------- | E 0------- | F#0------- | B 0------- | B 0------- | E 0------- | F#0------- | B 0------- | 
[melody2chord:lyrics_4] 
[melody2chord:lyrics_4] Chord Progression
[melody2chord:lyrics_4] -Source: Niko_Kotoulas_Emotional_Chords_2_C#m-B-F#-B-F#-G#m-E-B_.mid
[melody2chord:lyrics_4] -Source Type: None
[melody2chord:lyrics_4] -Source Tonic: B
[melody2chord:lyrics_4] -Source Metre: 4/4
[melody2chord:lyrics_4] -Source Mode: M (M for Major and m for minor)
[melody2chord:lyrics_4] -Appeared Times: 1
[melody2chord:lyrics_4] -Appeared In Other Songs: 0
[melody2chord:lyrics_4] -Reliability: 1.0
[melody2chord:lyrics_4] -Progression Class: {'type': 'unknown', 'pattern': 'unknown', 'cycle': (0.08151391459392222, 32), 'progression-style': 'emotional', 'chord-style': 'emotional', 'performing-style': 'unknown', 'rhythm': 'unknown', 'epic-endings': 'unknown', 'melodic': 'unknown', 'folder-id': 535, 'duplicate-id': 290, 'new_label': 'pop_complex'}
[melody2chord:lyrics_4] Numbered: 
[melody2chord:lyrics_4] | 2------- | 1------- | 5------- | 1------- | 5------- | 6------- | 4------- | 1------- | 
[melody2chord:lyrics_4] Chord: 
[melody2chord:lyrics_4] | 
[melody2chord:lyrics_4] | C#1------- | B 0------- | F#0------- | B 0------- | F#0------- | G#1------- | E 0------- | B 0------- | 
[melody2chord:lyrics_4] 
[melody2chord:lyrics_4] Total: 3
[melody2chord:lyrics_4] 
[melody2chord:lyrics_4] === Aligning chord_gen TPQ ===
[melody2chord:lyrics_4] Original melody TPQ: 480
[melody2chord:lyrics_4] Chord gen TPQ: 220
[melody2chord:lyrics_4] TPQ ratio: 2.1818
[melody2chord:lyrics_4] Converted chord_gen TPQ from 220 to 480
[melody2chord:lyrics_4] Output saved to: /data/home/fundwotsai/MIDI-SAG/generated_midi_right_key/lyrics_4/chord/chord_gen/sample01_shifted_chord_gen.mid
[melody2chord:lyrics_4] Re-quantized 51 melody notes to 1/16 beat grid
[melody2chord:lyrics_4] === Fill Empty Bars with Chords ===
[melody2chord:lyrics_4] Original melody TPQ: 480
[melody2chord:lyrics_4] Chord gen TPQ: 480
[melody2chord:lyrics_4] TPQ ratio: 1.0000
[melody2chord:lyrics_4] Chords start at tick: 7679 (bar 4.00)
[melody2chord:lyrics_4] Empty bars to fill: 4
[melody2chord:lyrics_4] Prepending 1 bars and copying 29 chord notes to cover 4 leading bars
[melody2chord:lyrics_4] 
[melody2chord:lyrics_4] === Output Summary ===
[melody2chord:lyrics_4] Output TPQ: 480
[melody2chord:lyrics_4] Melody track notes: 127
[melody2chord:lyrics_4] Chord track notes: 173
[melody2chord:lyrics_4] First chord now at tick: 0
[melody2chord:lyrics_4] Last chord at tick: 53759
[melody2chord:lyrics_4] Output saved to: /data/home/fundwotsai/MIDI-SAG/generated_midi_right_key/lyrics_4/chord/chord_gen_filled_empty/sample01_shifted_chord_gen_filled_empty_bars.mid
[melody2chord:lyrics_4] === Quantizing melody to 1/16 notes ===
[melody2chord:lyrics_4] TPQ: 480
[melody2chord:lyrics_4] Ticks per 16th note: 120.0
[melody2chord:lyrics_4] Quantized 155 notes to 1/16 note positions
[melody2chord:lyrics_4] Output saved to: /data/home/fundwotsai/MIDI-SAG/generated_midi_right_key/lyrics_4/chord/chord_gen_quantized/sample01_shifted_chord_gen_quantized.mid
[melody2chord:lyrics_4] Extracted 116 beat-level chords from 'Chords' track
[melody2chord:lyrics_4] Chord times remapped to 111 beat positions (subdivision: quarter notes)
[melody2chord:lyrics_4] Filled 4 None chords
[melody2chord:lyrics_4] ✓ Successfully processed: sample01_shifted
[melody2chord:lyrics_4]   Key: Ab major (confidence: 0.77)
[melody2chord:lyrics_4]   Tempo: 95.0 BPM (source: MIDI tempo)
[melody2chord:lyrics_4]   Chord Text: /data/home/fundwotsai/MIDI-SAG/generated_midi_right_key/lyrics_4/chord/chord_txt/sample01_shifted_chord_gen.txt
[melody2chord:lyrics_4]   BTC Text:   /data/home/fundwotsai/MIDI-SAG/generated_midi_right_key/lyrics_4/chord/btc_txt/sample01_shifted_chord_gen.txt
