[melody2chord:lyrics_93] /data/home/fundwotsai/MIDI-SAG/AccoMontage2/chorderator/utils/utils.py:24: UserWarning: Could not import FluidSynth, audio formats writing disabled
[melody2chord:lyrics_93]   warnings.warn('Could not import FluidSynth, audio formats writing disabled')
[melody2chord:lyrics_93] /home/fundwotsai/miniconda3/envs/midi-sag/lib/python3.9/site-packages/miditok/tokenizations/remi.py:88: UserWarning: Attribute controls are not compatible with 'config.one_token_stream_for_programs' and multi-vocabulary tokenizers. Disabling them from the config.
[melody2chord:lyrics_93]   super().__init__(tokenizer_config, params)
[melody2chord:lyrics_93] /data/home/fundwotsai/MIDI-SAG/AccoMontage2/chorderator/core.py:238: UserWarning: Meter auto set to 4/4/. Please set meter if this is not your expectation
[melody2chord:lyrics_93]   warnings.warn('Meter auto set to 4/4/. Please set meter if this is not your expectation')
[melody2chord:lyrics_93] @Chorderator 2026-04-14 12:39:22,578 - INFO - [1;30m start read progressions from dict [0m
[melody2chord:lyrics_93] @Chorderator 2026-04-14 12:39:29,859 - INFO - [1;30m read progressions done [0m
[melody2chord:lyrics_93] @Chorderator 2026-04-14 12:39:29,860 - INFO - [1;30m start read progression library from source_base.pnt [0m
[melody2chord:lyrics_93] @Chorderator 2026-04-14 12:39:36,139 - INFO - [1;30m read library done [0m
[melody2chord:lyrics_93] @Chorderator 2026-04-14 12:39:36,139 - WARNING - [1;33m Pre-processing... [0m
[melody2chord:lyrics_93] @Chorderator 2026-04-14 12:39:36,147 - WARNING - [1;33m Pre-process done! [0m
[melody2chord:lyrics_93] @Chorderator 2026-04-14 12:39:36,147 - WARNING - [1;33m Solving... [0m
[melody2chord:lyrics_93] @Chorderator 2026-04-14 12:39:36,147 - INFO - [1;30m start read progressions from rep [0m
[melody2chord:lyrics_93] @Chorderator 2026-04-14 12:39:36,179 - INFO - [1;30m read progressions done [0m
[melody2chord:lyrics_93] @Chorderator 2026-04-14 12:39:36,184 - INFO - [1;30m Melody length 2, generate progression with 63 templates [0m
[melody2chord:lyrics_93] @Chorderator 2026-04-14 12:39:36,232 - WARNING - [1;33m Solved! [0m
[melody2chord:lyrics_93] @Chorderator 2026-04-14 12:39:36,232 - WARNING - [1;33m Post-processing... [0m
[melody2chord:lyrics_93] @Chorderator 2026-04-14 12:39:36,236 - WARNING - [1;33m Post-process done! [0m
[melody2chord:lyrics_93] @Chorderator 2026-04-14 12:39:36,236 - WARNING - [1;33m Generating textures... [0m
[melody2chord:lyrics_93] @Chorderator 2026-04-14 12:39:36,237 - WARNING - [1;33m All process finished! [0m
[melody2chord:lyrics_93] 
[melody2chord:lyrics_93] === Processing: sample01_shifted ===
[melody2chord:lyrics_93] Output will be saved to: /data/home/fundwotsai/MIDI-SAG/generated_midi_right_key/lyrics_93/chord/
[melody2chord:lyrics_93] beat_file_path: None
[melody2chord:lyrics_93] Tempo from MIDI: 78.0 BPM (no beat file — skipping warp step)
[melody2chord:lyrics_93] processed_melody_path: /data/home/fundwotsai/MIDI-SAG/generated_midi_right_key/lyrics_93/chord/processed_melody/sample01_shifted.mid
[melody2chord:lyrics_93] Detected key: F major (confidence: 0.60, Bellman-Budge)
[melody2chord:lyrics_93] Content bars: 13 -> Segmentation: A8B8 (total: 16)
[melody2chord:lyrics_93] Chorderator bars: 12 -> Segmentation: A8B4 (total: 12)
[melody2chord:lyrics_93] auto_config: {'note_shift': 66, 'segmentation': 'A8B4', 'analysis': {'total_bars': 18, 'empty_bars': 4, 'content_bars': 13, 'note_shift': 66, 'segmentation': 'A8B4', 'first_note_bar': 4.125, 'last_note_bar': 17.0, 'chorderator_bars': {'max_end_positions': 206, 'fixed_end_positions': 192, 'fixed_end_bars': 12, 'tempo': 77.99997660000703, 'unit': 0.19230774999999997}}}
[melody2chord:lyrics_93] tempo for CDT: 78.0 BPM
[melody2chord:lyrics_93] max_end: 206.0
[melody2chord:lyrics_93] fixed_end: 192
[melody2chord:lyrics_93] 192
[melody2chord:lyrics_93] {'tonic': 'F', 'mode': 'maj', 'tempo': 77.99997660000702, 'meter': '4/4', 'pos': ['x', 'x'], 'unit': 0.19230775}
[melody2chord:lyrics_93] Phrase length: 128 positions = 8 bars
[melody2chord:lyrics_93] Phrase length: 64 positions = 4 bars
[melody2chord:lyrics_93] [128, 64]
[melody2chord:lyrics_93] Chord Progression
[melody2chord:lyrics_93] -Source: Niko_Kotoulas_Pop_7th_9th_Chords_7_B-G#m-B-G#m_.mid
[melody2chord:lyrics_93] -Source Type: None
[melody2chord:lyrics_93] -Source Tonic: B
[melody2chord:lyrics_93] -Source Metre: 4/4
[melody2chord:lyrics_93] -Source Mode: M (M for Major and m for minor)
[melody2chord:lyrics_93] -Appeared Times: 1
[melody2chord:lyrics_93] -Appeared In Other Songs: 0
[melody2chord:lyrics_93] -Reliability: 1.0
[melody2chord:lyrics_93] -Progression Class: {'type': 'unknown', 'pattern': 'unknown', 'cycle': (1.0, 16), 'progression-style': 'pop', 'chord-style': 'classy', 'performing-style': 'unknown', 'rhythm': 'unknown', 'epic-endings': 'unknown', 'melodic': 'unknown', 'folder-id': 528, 'duplicate-id': 174, 'new_label': 'pop_complex'}
[melody2chord:lyrics_93] Numbered: 
[melody2chord:lyrics_93] | 1------- | 6------- | 1------- | 6------- | 1------- | 6------- | 1------- | 6------- | 
[melody2chord:lyrics_93] Chord: 
[melody2chord:lyrics_93] | 
[melody2chord:lyrics_93] | B 0------- | G#1------- | B 0------- | G#1------- | B 0------- | G#1------- | B 0------- | G#1------- | 
[melody2chord:lyrics_93] 
[melody2chord:lyrics_93] Chord Progression
[melody2chord:lyrics_93] -Source: Niko_Kotoulas_ChordProg_1_F#-G#m-B-E (V-vi-I-IV).mid
[melody2chord:lyrics_93] -Source Type: None
[melody2chord:lyrics_93] -Source Tonic: B
[melody2chord:lyrics_93] -Source Metre: 4/4
[melody2chord:lyrics_93] -Source Mode: M (M for Major and m for minor)
[melody2chord:lyrics_93] -Appeared Times: 1
[melody2chord:lyrics_93] -Appeared In Other Songs: 0
[melody2chord:lyrics_93] -Reliability: 0.9
[melody2chord:lyrics_93] -Progression Class: {'type': 'unknown', 'pattern': 'V-vi-I-IV', 'cycle': (1.0, 16), 'progression-style': 'unknown', 'chord-style': 'unknown', 'performing-style': 'unknown', 'rhythm': 'unknown', 'epic-endings': 'unknown', 'melodic': 'unknown', 'folder-id': 0, 'duplicate-id': 1, 'new_label': 'unknown'}
[melody2chord:lyrics_93] Numbered: 
[melody2chord:lyrics_93] | 5------- | 6------- | 1------- | 4------- | 
[melody2chord:lyrics_93] Chord: 
[melody2chord:lyrics_93] | F#0------- | G#1------- | B 0------- | E 0------- | 
[melody2chord:lyrics_93] 
[melody2chord:lyrics_93] Total: 2
[melody2chord:lyrics_93] 
[melody2chord:lyrics_93] === Aligning chord_gen TPQ ===
[melody2chord:lyrics_93] Original melody TPQ: 480
[melody2chord:lyrics_93] Chord gen TPQ: 220
[melody2chord:lyrics_93] TPQ ratio: 2.1818
[melody2chord:lyrics_93] Converted chord_gen TPQ from 220 to 480
[melody2chord:lyrics_93] Output saved to: /data/home/fundwotsai/MIDI-SAG/generated_midi_right_key/lyrics_93/chord/chord_gen/sample01_shifted_chord_gen.mid
[melody2chord:lyrics_93] Re-quantized 63 melody notes to 1/16 beat grid
[melody2chord:lyrics_93] === Fill Empty Bars with Chords ===
[melody2chord:lyrics_93] Original melody TPQ: 480
[melody2chord:lyrics_93] Chord gen TPQ: 480
[melody2chord:lyrics_93] TPQ ratio: 1.0000
[melody2chord:lyrics_93] Chords start at tick: 7919 (bar 4.12)
[melody2chord:lyrics_93] Empty bars to fill: 4
[melody2chord:lyrics_93] Prepending 0 bars and copying 20 chord notes to cover 4 leading bars
[melody2chord:lyrics_93] 
[melody2chord:lyrics_93] === Output Summary ===
[melody2chord:lyrics_93] Output TPQ: 480
[melody2chord:lyrics_93] Melody track notes: 116
[melody2chord:lyrics_93] Chord track notes: 84
[melody2chord:lyrics_93] First chord now at tick: 0
[melody2chord:lyrics_93] Last chord at tick: 29039
[melody2chord:lyrics_93] Output saved to: /data/home/fundwotsai/MIDI-SAG/generated_midi_right_key/lyrics_93/chord/chord_gen_filled_empty/sample01_shifted_chord_gen_filled_empty_bars.mid
[melody2chord:lyrics_93] === Quantizing melody to 1/16 notes ===
[melody2chord:lyrics_93] TPQ: 480
[melody2chord:lyrics_93] Ticks per 16th note: 120.0
[melody2chord:lyrics_93] Quantized 127 notes to 1/16 note positions
[melody2chord:lyrics_93] Output saved to: /data/home/fundwotsai/MIDI-SAG/generated_midi_right_key/lyrics_93/chord/chord_gen_quantized/sample01_shifted_chord_gen_quantized.mid
[melody2chord:lyrics_93] Extracted 64 beat-level chords from 'Chords' track
[melody2chord:lyrics_93] Chord times remapped to 70 beat positions (subdivision: quarter notes)
[melody2chord:lyrics_93] ✓ Successfully processed: sample01_shifted
[melody2chord:lyrics_93]   Key: F major (confidence: 0.60)
[melody2chord:lyrics_93]   Tempo: 78.0 BPM (source: MIDI tempo)
[melody2chord:lyrics_93]   Chord Text: /data/home/fundwotsai/MIDI-SAG/generated_midi_right_key/lyrics_93/chord/chord_txt/sample01_shifted_chord_gen.txt
[melody2chord:lyrics_93]   BTC Text:   /data/home/fundwotsai/MIDI-SAG/generated_midi_right_key/lyrics_93/chord/btc_txt/sample01_shifted_chord_gen.txt
