[melody2chord:lyrics_71] /data/home/fundwotsai/MIDI-SAG/AccoMontage2/chorderator/utils/utils.py:24: UserWarning: Could not import FluidSynth, audio formats writing disabled
[melody2chord:lyrics_71]   warnings.warn('Could not import FluidSynth, audio formats writing disabled')
[melody2chord:lyrics_71] /home/fundwotsai/miniconda3/envs/midi-sag/lib/python3.9/site-packages/miditok/tokenizations/remi.py:88: UserWarning: Attribute controls are not compatible with 'config.one_token_stream_for_programs' and multi-vocabulary tokenizers. Disabling them from the config.
[melody2chord:lyrics_71]   super().__init__(tokenizer_config, params)
[melody2chord:lyrics_71] /data/home/fundwotsai/MIDI-SAG/AccoMontage2/chorderator/core.py:238: UserWarning: Meter auto set to 4/4/. Please set meter if this is not your expectation
[melody2chord:lyrics_71]   warnings.warn('Meter auto set to 4/4/. Please set meter if this is not your expectation')
[melody2chord:lyrics_71] @Chorderator 2026-04-14 12:29:57,101 - INFO - [1;30m start read progressions from dict [0m
[melody2chord:lyrics_71] @Chorderator 2026-04-14 12:30:03,706 - INFO - [1;30m read progressions done [0m
[melody2chord:lyrics_71] @Chorderator 2026-04-14 12:30:03,707 - INFO - [1;30m start read progression library from source_base.pnt [0m
[melody2chord:lyrics_71] @Chorderator 2026-04-14 12:30:10,190 - INFO - [1;30m read library done [0m
[melody2chord:lyrics_71] @Chorderator 2026-04-14 12:30:10,190 - WARNING - [1;33m Pre-processing... [0m
[melody2chord:lyrics_71] @Chorderator 2026-04-14 12:30:10,200 - WARNING - [1;33m Pre-process done! [0m
[melody2chord:lyrics_71] @Chorderator 2026-04-14 12:30:10,200 - WARNING - [1;33m Solving... [0m
[melody2chord:lyrics_71] @Chorderator 2026-04-14 12:30:10,200 - INFO - [1;30m start read progressions from rep [0m
[melody2chord:lyrics_71] @Chorderator 2026-04-14 12:30:10,232 - INFO - [1;30m read progressions done [0m
[melody2chord:lyrics_71] @Chorderator 2026-04-14 12:30:10,237 - INFO - [1;30m Melody length 2, generate progression with 122 templates [0m
[melody2chord:lyrics_71] @Chorderator 2026-04-14 12:30:10,309 - WARNING - [1;33m Solved! [0m
[melody2chord:lyrics_71] @Chorderator 2026-04-14 12:30:10,309 - WARNING - [1;33m Post-processing... [0m
[melody2chord:lyrics_71] @Chorderator 2026-04-14 12:30:10,313 - WARNING - [1;33m Post-process done! [0m
[melody2chord:lyrics_71] @Chorderator 2026-04-14 12:30:10,313 - WARNING - [1;33m Generating textures... [0m
[melody2chord:lyrics_71] @Chorderator 2026-04-14 12:30:10,314 - WARNING - [1;33m All process finished! [0m
[melody2chord:lyrics_71] 
[melody2chord:lyrics_71] === Processing: sample01_shifted ===
[melody2chord:lyrics_71] Output will be saved to: /data/home/fundwotsai/MIDI-SAG/generated_midi_right_key/lyrics_71/chord/
[melody2chord:lyrics_71] beat_file_path: None
[melody2chord:lyrics_71] Tempo from MIDI: 78.0 BPM (no beat file — skipping warp step)
[melody2chord:lyrics_71] processed_melody_path: /data/home/fundwotsai/MIDI-SAG/generated_midi_right_key/lyrics_71/chord/processed_melody/sample01_shifted.mid
[melody2chord:lyrics_71] Detected key: A minor (confidence: 0.64, Bellman-Budge)
[melody2chord:lyrics_71] Content bars: 13 -> Segmentation: A8B8 (total: 16)
[melody2chord:lyrics_71] Chorderator bars: 16 -> Segmentation: A8B8 (total: 16)
[melody2chord:lyrics_71] auto_config: {'note_shift': 77, 'segmentation': 'A8B8', 'analysis': {'total_bars': 18, 'empty_bars': 4, 'content_bars': 13, 'note_shift': 77, 'segmentation': 'A8B8', 'first_note_bar': 4.8125, 'last_note_bar': 17.8125, 'chorderator_bars': {'max_end_positions': 208, 'fixed_end_positions': 256, 'fixed_end_bars': 16, 'tempo': 77.99997660000703, 'unit': 0.19230774999999997}}}
[melody2chord:lyrics_71] tempo for CDT: 78.0 BPM
[melody2chord:lyrics_71] max_end: 208.0
[melody2chord:lyrics_71] fixed_end: 256
[melody2chord:lyrics_71] 256
[melody2chord:lyrics_71] {'tonic': 'A', 'mode': 'min', 'tempo': 77.99997660000702, 'meter': '4/4', 'pos': ['x', 'x'], 'unit': 0.19230775}
[melody2chord:lyrics_71] Phrase length: 128 positions = 8 bars
[melody2chord:lyrics_71] Phrase length: 128 positions = 8 bars
[melody2chord:lyrics_71] [128, 128]
[melody2chord:lyrics_71] Chord Progression
[melody2chord:lyrics_71] -Source: Niko_Kotoulas_Dark_Chords_2_G#m-C#m-G#m-D#m_.mid
[melody2chord:lyrics_71] -Source Type: None
[melody2chord:lyrics_71] -Source Tonic: G#
[melody2chord:lyrics_71] -Source Metre: 4/4
[melody2chord:lyrics_71] -Source Mode: m (M for Major and m for minor)
[melody2chord:lyrics_71] -Appeared Times: 1
[melody2chord:lyrics_71] -Appeared In Other Songs: 0
[melody2chord:lyrics_71] -Reliability: 1.0
[melody2chord:lyrics_71] -Progression Class: {'type': 'unknown', 'pattern': 'unknown', 'cycle': (1.0, 32), 'progression-style': 'dark', 'chord-style': 'unknown', 'performing-style': 'unknown', 'rhythm': 'unknown', 'epic-endings': 'unknown', 'melodic': 'unknown', 'folder-id': 536, 'duplicate-id': 311, 'new_label': 'dark'}
[melody2chord:lyrics_71] Numbered: 
[melody2chord:lyrics_71] | 1------- | 4------- | 1------- | 5------- | 1------- | 4------- | 1------- | 5------- | 
[melody2chord:lyrics_71] Chord: 
[melody2chord:lyrics_71] | 
[melody2chord:lyrics_71] | G#1------- | C#1------- | G#1------- | D#1------- | G#1------- | C#1------- | G#1------- | D#1------- | 
[melody2chord:lyrics_71] 
[melody2chord:lyrics_71] Chord Progression
[melody2chord:lyrics_71] -Source: Niko_Kotoulas_Dark_Chords_2_G#m-C#m-G#m-D#m_.mid
[melody2chord:lyrics_71] -Source Type: None
[melody2chord:lyrics_71] -Source Tonic: G#
[melody2chord:lyrics_71] -Source Metre: 4/4
[melody2chord:lyrics_71] -Source Mode: m (M for Major and m for minor)
[melody2chord:lyrics_71] -Appeared Times: 1
[melody2chord:lyrics_71] -Appeared In Other Songs: 0
[melody2chord:lyrics_71] -Reliability: 1.0
[melody2chord:lyrics_71] -Progression Class: {'type': 'unknown', 'pattern': 'unknown', 'cycle': (1.0, 32), 'progression-style': 'dark', 'chord-style': 'unknown', 'performing-style': 'unknown', 'rhythm': 'unknown', 'epic-endings': 'unknown', 'melodic': 'unknown', 'folder-id': 536, 'duplicate-id': 311, 'new_label': 'dark'}
[melody2chord:lyrics_71] Numbered: 
[melody2chord:lyrics_71] | 1------- | 4------- | 1------- | 5------- | 1------- | 4------- | 1------- | 5------- | 
[melody2chord:lyrics_71] Chord: 
[melody2chord:lyrics_71] | 
[melody2chord:lyrics_71] | G#1------- | C#1------- | G#1------- | D#1------- | G#1------- | C#1------- | G#1------- | D#1------- | 
[melody2chord:lyrics_71] 
[melody2chord:lyrics_71] Total: 2
[melody2chord:lyrics_71] 
[melody2chord:lyrics_71] === Aligning chord_gen TPQ ===
[melody2chord:lyrics_71] Original melody TPQ: 480
[melody2chord:lyrics_71] Chord gen TPQ: 220
[melody2chord:lyrics_71] TPQ ratio: 2.1818
[melody2chord:lyrics_71] Converted chord_gen TPQ from 220 to 480
[melody2chord:lyrics_71] Output saved to: /data/home/fundwotsai/MIDI-SAG/generated_midi_right_key/lyrics_71/chord/chord_gen/sample01_shifted_chord_gen.mid
[melody2chord:lyrics_71] Re-quantized 63 melody notes to 1/16 beat grid
[melody2chord:lyrics_71] === Fill Empty Bars with Chords ===
[melody2chord:lyrics_71] Original melody TPQ: 480
[melody2chord:lyrics_71] Chord gen TPQ: 480
[melody2chord:lyrics_71] TPQ ratio: 1.0000
[melody2chord:lyrics_71] Chords start at tick: 9240 (bar 4.81)
[melody2chord:lyrics_71] Empty bars to fill: 4
[melody2chord:lyrics_71] Prepending 0 bars and copying 20 chord notes to cover 4 leading bars
[melody2chord:lyrics_71] 
[melody2chord:lyrics_71] === Output Summary ===
[melody2chord:lyrics_71] Output TPQ: 480
[melody2chord:lyrics_71] Melody track notes: 121
[melody2chord:lyrics_71] Chord track notes: 100
[melody2chord:lyrics_71] First chord now at tick: 0
[melody2chord:lyrics_71] Last chord at tick: 38040
[melody2chord:lyrics_71] Output saved to: /data/home/fundwotsai/MIDI-SAG/generated_midi_right_key/lyrics_71/chord/chord_gen_filled_empty/sample01_shifted_chord_gen_filled_empty_bars.mid
[melody2chord:lyrics_71] === Quantizing melody to 1/16 notes ===
[melody2chord:lyrics_71] TPQ: 480
[melody2chord:lyrics_71] Ticks per 16th note: 120.0
[melody2chord:lyrics_71] Quantized 139 notes to 1/16 note positions
[melody2chord:lyrics_71] Output saved to: /data/home/fundwotsai/MIDI-SAG/generated_midi_right_key/lyrics_71/chord/chord_gen_quantized/sample01_shifted_chord_gen_quantized.mid
[melody2chord:lyrics_71] Extracted 83 beat-level chords from 'Chords' track
[melody2chord:lyrics_71] Chord times remapped to 73 beat positions (subdivision: quarter notes)
[melody2chord:lyrics_71] Filled 3 None chords
[melody2chord:lyrics_71] ✓ Successfully processed: sample01_shifted
[melody2chord:lyrics_71]   Key: A minor (confidence: 0.64)
[melody2chord:lyrics_71]   Tempo: 78.0 BPM (source: MIDI tempo)
[melody2chord:lyrics_71]   Chord Text: /data/home/fundwotsai/MIDI-SAG/generated_midi_right_key/lyrics_71/chord/chord_txt/sample01_shifted_chord_gen.txt
[melody2chord:lyrics_71]   BTC Text:   /data/home/fundwotsai/MIDI-SAG/generated_midi_right_key/lyrics_71/chord/btc_txt/sample01_shifted_chord_gen.txt
