[melody2chord:lyrics_29] /data/home/fundwotsai/MIDI-SAG/AccoMontage2/chorderator/utils/utils.py:24: UserWarning: Could not import FluidSynth, audio formats writing disabled
[melody2chord:lyrics_29]   warnings.warn('Could not import FluidSynth, audio formats writing disabled')
[melody2chord:lyrics_29] /home/fundwotsai/miniconda3/envs/midi-sag/lib/python3.9/site-packages/miditok/tokenizations/remi.py:88: UserWarning: Attribute controls are not compatible with 'config.one_token_stream_for_programs' and multi-vocabulary tokenizers. Disabling them from the config.
[melody2chord:lyrics_29]   super().__init__(tokenizer_config, params)
[melody2chord:lyrics_29] /data/home/fundwotsai/MIDI-SAG/AccoMontage2/chorderator/core.py:238: UserWarning: Meter auto set to 4/4/. Please set meter if this is not your expectation
[melody2chord:lyrics_29]   warnings.warn('Meter auto set to 4/4/. Please set meter if this is not your expectation')
[melody2chord:lyrics_29] @Chorderator 2026-04-14 12:11:09,773 - INFO - [1;30m start read progressions from dict [0m
[melody2chord:lyrics_29] @Chorderator 2026-04-14 12:11:16,272 - INFO - [1;30m read progressions done [0m
[melody2chord:lyrics_29] @Chorderator 2026-04-14 12:11:16,272 - INFO - [1;30m start read progression library from source_base.pnt [0m
[melody2chord:lyrics_29] @Chorderator 2026-04-14 12:11:22,578 - INFO - [1;30m read library done [0m
[melody2chord:lyrics_29] @Chorderator 2026-04-14 12:11:22,578 - WARNING - [1;33m Pre-processing... [0m
[melody2chord:lyrics_29] @Chorderator 2026-04-14 12:11:22,586 - WARNING - [1;33m Pre-process done! [0m
[melody2chord:lyrics_29] @Chorderator 2026-04-14 12:11:22,586 - WARNING - [1;33m Solving... [0m
[melody2chord:lyrics_29] @Chorderator 2026-04-14 12:11:22,586 - INFO - [1;30m start read progressions from rep [0m
[melody2chord:lyrics_29] @Chorderator 2026-04-14 12:11:22,618 - INFO - [1;30m read progressions done [0m
[melody2chord:lyrics_29] @Chorderator 2026-04-14 12:11:22,623 - INFO - [1;30m Melody length 2, generate progression with 63 templates [0m
[melody2chord:lyrics_29] @Chorderator 2026-04-14 12:11:22,670 - WARNING - [1;33m Solved! [0m
[melody2chord:lyrics_29] @Chorderator 2026-04-14 12:11:22,670 - WARNING - [1;33m Post-processing... [0m
[melody2chord:lyrics_29] @Chorderator 2026-04-14 12:11:22,676 - WARNING - [1;33m Post-process done! [0m
[melody2chord:lyrics_29] @Chorderator 2026-04-14 12:11:22,676 - WARNING - [1;33m Generating textures... [0m
[melody2chord:lyrics_29] @Chorderator 2026-04-14 12:11:22,676 - WARNING - [1;33m All process finished! [0m
[melody2chord:lyrics_29] 
[melody2chord:lyrics_29] === Processing: sample01_shifted ===
[melody2chord:lyrics_29] Output will be saved to: /data/home/fundwotsai/MIDI-SAG/generated_midi_right_key/lyrics_29/chord/
[melody2chord:lyrics_29] beat_file_path: None
[melody2chord:lyrics_29] Tempo from MIDI: 78.0 BPM (no beat file — skipping warp step)
[melody2chord:lyrics_29] processed_melody_path: /data/home/fundwotsai/MIDI-SAG/generated_midi_right_key/lyrics_29/chord/processed_melody/sample01_shifted.mid
[melody2chord:lyrics_29] Detected key: Eb major (confidence: 0.51, Bellman-Budge)
[melody2chord:lyrics_29] Content bars: 12 -> Segmentation: A8B4 (total: 12)
[melody2chord:lyrics_29] Chorderator bars: 12 -> Segmentation: A8B4 (total: 12)
[melody2chord:lyrics_29] auto_config: {'note_shift': 78, 'segmentation': 'A8B4', 'analysis': {'total_bars': 17, 'empty_bars': 4, 'content_bars': 12, 'note_shift': 78, 'segmentation': 'A8B4', 'first_note_bar': 4.875, 'last_note_bar': 16.6875, 'chorderator_bars': {'max_end_positions': 189, 'fixed_end_positions': 192, 'fixed_end_bars': 12, 'tempo': 77.99997660000703, 'unit': 0.19230774999999997}}}
[melody2chord:lyrics_29] tempo for CDT: 78.0 BPM
[melody2chord:lyrics_29] max_end: 189.0
[melody2chord:lyrics_29] fixed_end: 192
[melody2chord:lyrics_29] 192
[melody2chord:lyrics_29] {'tonic': 'Eb', 'mode': 'maj', 'tempo': 77.99997660000702, 'meter': '4/4', 'pos': ['x', 'x'], 'unit': 0.19230775}
[melody2chord:lyrics_29] Phrase length: 128 positions = 8 bars
[melody2chord:lyrics_29] Phrase length: 64 positions = 4 bars
[melody2chord:lyrics_29] [128, 64]
[melody2chord:lyrics_29] Chord Progression
[melody2chord:lyrics_29] -Source: Niko_Kotoulas_Pop_7th_9th_Chords_16_E-F#-G#m-B_.mid
[melody2chord:lyrics_29] -Source Type: None
[melody2chord:lyrics_29] -Source Tonic: B
[melody2chord:lyrics_29] -Source Metre: 4/4
[melody2chord:lyrics_29] -Source Mode: M (M for Major and m for minor)
[melody2chord:lyrics_29] -Appeared Times: 1
[melody2chord:lyrics_29] -Appeared In Other Songs: 0
[melody2chord:lyrics_29] -Reliability: 1.0
[melody2chord:lyrics_29] -Progression Class: {'type': 'unknown', 'pattern': 'unknown', 'cycle': (1.0, 32), 'progression-style': 'pop', 'chord-style': 'classy', 'performing-style': 'unknown', 'rhythm': 'unknown', 'epic-endings': 'unknown', 'melodic': 'unknown', 'folder-id': 528, 'duplicate-id': 184, 'new_label': 'pop_complex'}
[melody2chord:lyrics_29] Numbered: 
[melody2chord:lyrics_29] | 4------- | 5------- | 6------- | 1------- | 4------- | 5------- | 6------- | 1------- | 
[melody2chord:lyrics_29] Chord: 
[melody2chord:lyrics_29] | 
[melody2chord:lyrics_29] | E 0------- | F#0------- | G#1------- | B 0------- | E 0------- | F#0------- | G#1------- | B 0------- | 
[melody2chord:lyrics_29] 
[melody2chord:lyrics_29] Chord Progression
[melody2chord:lyrics_29] -Source: Niko_Kotoulas_ChordProg_2_C#m-G#m-B-F# (ii-vi-I-V).mid
[melody2chord:lyrics_29] -Source Type: None
[melody2chord:lyrics_29] -Source Tonic: B
[melody2chord:lyrics_29] -Source Metre: 4/4
[melody2chord:lyrics_29] -Source Mode: M (M for Major and m for minor)
[melody2chord:lyrics_29] -Appeared Times: 1
[melody2chord:lyrics_29] -Appeared In Other Songs: 0
[melody2chord:lyrics_29] -Reliability: 0.9
[melody2chord:lyrics_29] -Progression Class: {'type': 'unknown', 'pattern': 'ii-vi-I-V', 'cycle': (0.9999999999999999, 16), 'progression-style': 'unknown', 'chord-style': 'unknown', 'performing-style': 'unknown', 'rhythm': 'unknown', 'epic-endings': 'unknown', 'melodic': 'unknown', 'folder-id': 290, 'duplicate-id': 473, 'new_label': 'unknown'}
[melody2chord:lyrics_29] Numbered: 
[melody2chord:lyrics_29] | 2------- | 6------- | 1------- | 5------- | 
[melody2chord:lyrics_29] Chord: 
[melody2chord:lyrics_29] | C#1------- | G#1------- | B 0------- | F#0------- | 
[melody2chord:lyrics_29] 
[melody2chord:lyrics_29] Total: 2
[melody2chord:lyrics_29] 
[melody2chord:lyrics_29] === Aligning chord_gen TPQ ===
[melody2chord:lyrics_29] Original melody TPQ: 480
[melody2chord:lyrics_29] Chord gen TPQ: 220
[melody2chord:lyrics_29] TPQ ratio: 2.1818
[melody2chord:lyrics_29] Converted chord_gen TPQ from 220 to 480
[melody2chord:lyrics_29] Output saved to: /data/home/fundwotsai/MIDI-SAG/generated_midi_right_key/lyrics_29/chord/chord_gen/sample01_shifted_chord_gen.mid
[melody2chord:lyrics_29] Re-quantized 66 melody notes to 1/16 beat grid
[melody2chord:lyrics_29] === Fill Empty Bars with Chords ===
[melody2chord:lyrics_29] Original melody TPQ: 480
[melody2chord:lyrics_29] Chord gen TPQ: 480
[melody2chord:lyrics_29] TPQ ratio: 1.0000
[melody2chord:lyrics_29] Chords start at tick: 9360 (bar 4.88)
[melody2chord:lyrics_29] Empty bars to fill: 4
[melody2chord:lyrics_29] Prepending 0 bars and copying 23 chord notes to cover 4 leading bars
[melody2chord:lyrics_29] 
[melody2chord:lyrics_29] === Output Summary ===
[melody2chord:lyrics_29] Output TPQ: 480
[melody2chord:lyrics_29] Melody track notes: 118
[melody2chord:lyrics_29] Chord track notes: 90
[melody2chord:lyrics_29] First chord now at tick: 0
[melody2chord:lyrics_29] Last chord at tick: 30479
[melody2chord:lyrics_29] Output saved to: /data/home/fundwotsai/MIDI-SAG/generated_midi_right_key/lyrics_29/chord/chord_gen_filled_empty/sample01_shifted_chord_gen_filled_empty_bars.mid
[melody2chord:lyrics_29] === Quantizing melody to 1/16 notes ===
[melody2chord:lyrics_29] TPQ: 480
[melody2chord:lyrics_29] Ticks per 16th note: 120.0
[melody2chord:lyrics_29] Quantized 130 notes to 1/16 note positions
[melody2chord:lyrics_29] Output saved to: /data/home/fundwotsai/MIDI-SAG/generated_midi_right_key/lyrics_29/chord/chord_gen_quantized/sample01_shifted_chord_gen_quantized.mid
[melody2chord:lyrics_29] Extracted 67 beat-level chords from 'Chords' track
[melody2chord:lyrics_29] Chord times remapped to 68 beat positions (subdivision: quarter notes)
[melody2chord:lyrics_29] Filled 4 None chords
[melody2chord:lyrics_29] ✓ Successfully processed: sample01_shifted
[melody2chord:lyrics_29]   Key: Eb major (confidence: 0.51)
[melody2chord:lyrics_29]   Tempo: 78.0 BPM (source: MIDI tempo)
[melody2chord:lyrics_29]   Chord Text: /data/home/fundwotsai/MIDI-SAG/generated_midi_right_key/lyrics_29/chord/chord_txt/sample01_shifted_chord_gen.txt
[melody2chord:lyrics_29]   BTC Text:   /data/home/fundwotsai/MIDI-SAG/generated_midi_right_key/lyrics_29/chord/btc_txt/sample01_shifted_chord_gen.txt
