[melody2chord:lyrics_194] /data/home/fundwotsai/MIDI-SAG/AccoMontage2/chorderator/utils/utils.py:24: UserWarning: Could not import FluidSynth, audio formats writing disabled
[melody2chord:lyrics_194]   warnings.warn('Could not import FluidSynth, audio formats writing disabled')
[melody2chord:lyrics_194] /home/fundwotsai/miniconda3/envs/midi-sag/lib/python3.9/site-packages/miditok/tokenizations/remi.py:88: UserWarning: Attribute controls are not compatible with 'config.one_token_stream_for_programs' and multi-vocabulary tokenizers. Disabling them from the config.
[melody2chord:lyrics_194]   super().__init__(tokenizer_config, params)
[melody2chord:lyrics_194] /data/home/fundwotsai/MIDI-SAG/AccoMontage2/chorderator/core.py:238: UserWarning: Meter auto set to 4/4/. Please set meter if this is not your expectation
[melody2chord:lyrics_194]   warnings.warn('Meter auto set to 4/4/. Please set meter if this is not your expectation')
[melody2chord:lyrics_194] @Chorderator 2026-04-14 12:01:09,793 - INFO - [1;30m start read progressions from dict [0m
[melody2chord:lyrics_194] @Chorderator 2026-04-14 12:01:16,332 - INFO - [1;30m read progressions done [0m
[melody2chord:lyrics_194] @Chorderator 2026-04-14 12:01:16,332 - INFO - [1;30m start read progression library from source_base.pnt [0m
[melody2chord:lyrics_194] @Chorderator 2026-04-14 12:01:22,575 - INFO - [1;30m read library done [0m
[melody2chord:lyrics_194] @Chorderator 2026-04-14 12:01:22,575 - WARNING - [1;33m Pre-processing... [0m
[melody2chord:lyrics_194] @Chorderator 2026-04-14 12:01:22,583 - WARNING - [1;33m Pre-process done! [0m
[melody2chord:lyrics_194] @Chorderator 2026-04-14 12:01:22,583 - WARNING - [1;33m Solving... [0m
[melody2chord:lyrics_194] @Chorderator 2026-04-14 12:01:22,583 - INFO - [1;30m start read progressions from rep [0m
[melody2chord:lyrics_194] @Chorderator 2026-04-14 12:01:22,614 - INFO - [1;30m read progressions done [0m
[melody2chord:lyrics_194] @Chorderator 2026-04-14 12:01:22,619 - INFO - [1;30m Melody length 2, generate progression with 63 templates [0m
[melody2chord:lyrics_194] @Chorderator 2026-04-14 12:01:22,667 - WARNING - [1;33m Solved! [0m
[melody2chord:lyrics_194] @Chorderator 2026-04-14 12:01:22,667 - WARNING - [1;33m Post-processing... [0m
[melody2chord:lyrics_194] @Chorderator 2026-04-14 12:01:22,671 - WARNING - [1;33m Post-process done! [0m
[melody2chord:lyrics_194] @Chorderator 2026-04-14 12:01:22,671 - WARNING - [1;33m Generating textures... [0m
[melody2chord:lyrics_194] @Chorderator 2026-04-14 12:01:22,671 - WARNING - [1;33m All process finished! [0m
[melody2chord:lyrics_194] 
[melody2chord:lyrics_194] === Processing: sample01_shifted ===
[melody2chord:lyrics_194] Output will be saved to: /data/home/fundwotsai/MIDI-SAG/generated_midi_right_key/lyrics_194/chord/
[melody2chord:lyrics_194] beat_file_path: None
[melody2chord:lyrics_194] Tempo from MIDI: 78.0 BPM (no beat file — skipping warp step)
[melody2chord:lyrics_194] processed_melody_path: /data/home/fundwotsai/MIDI-SAG/generated_midi_right_key/lyrics_194/chord/processed_melody/sample01_shifted.mid
[melody2chord:lyrics_194] Detected key: Ab major (confidence: 0.64, Bellman-Budge)
[melody2chord:lyrics_194] Content bars: 13 -> Segmentation: A8B8 (total: 16)
[melody2chord:lyrics_194] Chorderator bars: 12 -> Segmentation: A8B4 (total: 12)
[melody2chord:lyrics_194] auto_config: {'note_shift': 78, 'segmentation': 'A8B4', 'analysis': {'total_bars': 18, 'empty_bars': 4, 'content_bars': 13, 'note_shift': 78, 'segmentation': 'A8B4', 'first_note_bar': 4.875, 'last_note_bar': 17.6875, 'chorderator_bars': {'max_end_positions': 205, 'fixed_end_positions': 192, 'fixed_end_bars': 12, 'tempo': 77.99997660000703, 'unit': 0.19230774999999997}}}
[melody2chord:lyrics_194] tempo for CDT: 78.0 BPM
[melody2chord:lyrics_194] max_end: 205.0
[melody2chord:lyrics_194] fixed_end: 192
[melody2chord:lyrics_194] 192
[melody2chord:lyrics_194] {'tonic': 'Ab', 'mode': 'maj', 'tempo': 77.99997660000702, 'meter': '4/4', 'pos': ['x', 'x'], 'unit': 0.19230775}
[melody2chord:lyrics_194] Phrase length: 128 positions = 8 bars
[melody2chord:lyrics_194] Phrase length: 64 positions = 4 bars
[melody2chord:lyrics_194] [128, 64]
[melody2chord:lyrics_194] Chord Progression
[melody2chord:lyrics_194] -Source: Niko_Kotoulas_Pop_7th_9th_Chords_7_B-G#m-B-G#m_.mid
[melody2chord:lyrics_194] -Source Type: None
[melody2chord:lyrics_194] -Source Tonic: B
[melody2chord:lyrics_194] -Source Metre: 4/4
[melody2chord:lyrics_194] -Source Mode: M (M for Major and m for minor)
[melody2chord:lyrics_194] -Appeared Times: 1
[melody2chord:lyrics_194] -Appeared In Other Songs: 0
[melody2chord:lyrics_194] -Reliability: 1.0
[melody2chord:lyrics_194] -Progression Class: {'type': 'unknown', 'pattern': 'unknown', 'cycle': (1.0, 16), 'progression-style': 'pop', 'chord-style': 'classy', 'performing-style': 'unknown', 'rhythm': 'unknown', 'epic-endings': 'unknown', 'melodic': 'unknown', 'folder-id': 528, 'duplicate-id': 174, 'new_label': 'pop_complex'}
[melody2chord:lyrics_194] Numbered: 
[melody2chord:lyrics_194] | 1------- | 6------- | 1------- | 6------- | 1------- | 6------- | 1------- | 6------- | 
[melody2chord:lyrics_194] Chord: 
[melody2chord:lyrics_194] | 
[melody2chord:lyrics_194] | B 0------- | G#1------- | B 0------- | G#1------- | B 0------- | G#1------- | B 0------- | G#1------- | 
[melody2chord:lyrics_194] 
[melody2chord:lyrics_194] Chord Progression
[melody2chord:lyrics_194] -Source: Niko_Kotoulas_ChordProg_3_B-D#m-C#-E (I-iii-II-IV).mid
[melody2chord:lyrics_194] -Source Type: None
[melody2chord:lyrics_194] -Source Tonic: B
[melody2chord:lyrics_194] -Source Metre: 4/4
[melody2chord:lyrics_194] -Source Mode: M (M for Major and m for minor)
[melody2chord:lyrics_194] -Appeared Times: 1
[melody2chord:lyrics_194] -Appeared In Other Songs: 0
[melody2chord:lyrics_194] -Reliability: 0.9
[melody2chord:lyrics_194] -Progression Class: {'type': 'unknown', 'pattern': 'I-IV-V-I', 'cycle': (0.9999999999999999, 16), 'progression-style': 'unknown', 'chord-style': 'unknown', 'performing-style': 'unknown', 'rhythm': 'unknown', 'epic-endings': 'unknown', 'melodic': 'unknown', 'folder-id': 164, 'duplicate-id': 89, 'new_label': 'unknown'}
[melody2chord:lyrics_194] Numbered: 
[melody2chord:lyrics_194] | 1------- | 3------- | 2------- | 4------- | 
[melody2chord:lyrics_194] Chord: 
[melody2chord:lyrics_194] | B 0------- | D#1------- | C#0------- | E 0------- | 
[melody2chord:lyrics_194] 
[melody2chord:lyrics_194] Total: 2
[melody2chord:lyrics_194] 
[melody2chord:lyrics_194] === Aligning chord_gen TPQ ===
[melody2chord:lyrics_194] Original melody TPQ: 480
[melody2chord:lyrics_194] Chord gen TPQ: 220
[melody2chord:lyrics_194] TPQ ratio: 2.1818
[melody2chord:lyrics_194] Converted chord_gen TPQ from 220 to 480
[melody2chord:lyrics_194] Output saved to: /data/home/fundwotsai/MIDI-SAG/generated_midi_right_key/lyrics_194/chord/chord_gen/sample01_shifted_chord_gen.mid
[melody2chord:lyrics_194] Re-quantized 60 melody notes to 1/16 beat grid
[melody2chord:lyrics_194] === Fill Empty Bars with Chords ===
[melody2chord:lyrics_194] Original melody TPQ: 480
[melody2chord:lyrics_194] Chord gen TPQ: 480
[melody2chord:lyrics_194] TPQ ratio: 1.0000
[melody2chord:lyrics_194] Chords start at tick: 9360 (bar 4.88)
[melody2chord:lyrics_194] Empty bars to fill: 4
[melody2chord:lyrics_194] Prepending 0 bars and copying 20 chord notes to cover 4 leading bars
[melody2chord:lyrics_194] 
[melody2chord:lyrics_194] === Output Summary ===
[melody2chord:lyrics_194] Output TPQ: 480
[melody2chord:lyrics_194] Melody track notes: 117
[melody2chord:lyrics_194] Chord track notes: 87
[melody2chord:lyrics_194] First chord now at tick: 0
[melody2chord:lyrics_194] Last chord at tick: 30479
[melody2chord:lyrics_194] Output saved to: /data/home/fundwotsai/MIDI-SAG/generated_midi_right_key/lyrics_194/chord/chord_gen_filled_empty/sample01_shifted_chord_gen_filled_empty_bars.mid
[melody2chord:lyrics_194] === Quantizing melody to 1/16 notes ===
[melody2chord:lyrics_194] TPQ: 480
[melody2chord:lyrics_194] Ticks per 16th note: 120.0
[melody2chord:lyrics_194] Quantized 129 notes to 1/16 note positions
[melody2chord:lyrics_194] Output saved to: /data/home/fundwotsai/MIDI-SAG/generated_midi_right_key/lyrics_194/chord/chord_gen_quantized/sample01_shifted_chord_gen_quantized.mid
[melody2chord:lyrics_194] Extracted 67 beat-level chords from 'Chords' track
[melody2chord:lyrics_194] Chord times remapped to 72 beat positions (subdivision: quarter notes)
[melody2chord:lyrics_194] Filled 4 None chords
[melody2chord:lyrics_194] ✓ Successfully processed: sample01_shifted
[melody2chord:lyrics_194]   Key: Ab major (confidence: 0.64)
[melody2chord:lyrics_194]   Tempo: 78.0 BPM (source: MIDI tempo)
[melody2chord:lyrics_194]   Chord Text: /data/home/fundwotsai/MIDI-SAG/generated_midi_right_key/lyrics_194/chord/chord_txt/sample01_shifted_chord_gen.txt
[melody2chord:lyrics_194]   BTC Text:   /data/home/fundwotsai/MIDI-SAG/generated_midi_right_key/lyrics_194/chord/btc_txt/sample01_shifted_chord_gen.txt
