[melody2chord:lyrics_10] /data/home/fundwotsai/MIDI-SAG/AccoMontage2/chorderator/utils/utils.py:24: UserWarning: Could not import FluidSynth, audio formats writing disabled
[melody2chord:lyrics_10]   warnings.warn('Could not import FluidSynth, audio formats writing disabled')
[melody2chord:lyrics_10] /home/fundwotsai/miniconda3/envs/midi-sag/lib/python3.9/site-packages/miditok/tokenizations/remi.py:88: UserWarning: Attribute controls are not compatible with 'config.one_token_stream_for_programs' and multi-vocabulary tokenizers. Disabling them from the config.
[melody2chord:lyrics_10]   super().__init__(tokenizer_config, params)
[melody2chord:lyrics_10] /data/home/fundwotsai/MIDI-SAG/AccoMontage2/chorderator/core.py:238: UserWarning: Meter auto set to 4/4/. Please set meter if this is not your expectation
[melody2chord:lyrics_10]   warnings.warn('Meter auto set to 4/4/. Please set meter if this is not your expectation')
[melody2chord:lyrics_10] @Chorderator 2026-04-13 23:14:59,566 - INFO - [1;30m start read progressions from dict [0m
[melody2chord:lyrics_10] @Chorderator 2026-04-13 23:15:06,185 - INFO - [1;30m read progressions done [0m
[melody2chord:lyrics_10] @Chorderator 2026-04-13 23:15:06,185 - INFO - [1;30m start read progression library from source_base.pnt [0m
[melody2chord:lyrics_10] @Chorderator 2026-04-13 23:15:12,688 - INFO - [1;30m read library done [0m
[melody2chord:lyrics_10] @Chorderator 2026-04-13 23:15:12,689 - WARNING - [1;33m Pre-processing... [0m
[melody2chord:lyrics_10] /data/home/fundwotsai/MIDI-SAG/AccoMontage2/chorderator/core.py:329: UserWarning: Segmentation A8B8A8B4 not match phrase [1, 9, 17, 25], using segmentation
[melody2chord:lyrics_10]   warnings.warn(
[melody2chord:lyrics_10] @Chorderator 2026-04-13 23:15:12,715 - WARNING - [1;33m Pre-processing... [0m
[melody2chord:lyrics_10] Found 2 MIDI files to process
[melody2chord:lyrics_10] Output will be saved to: /data/home/fundwotsai/MIDI-SAG/generated_midi_right_key/lyrics_10/chord/
[melody2chord:lyrics_10]   - chord_gen/: Original chord generation results
[melody2chord:lyrics_10]   - chord_gen_filled_empty/: Filled empty bars results
[melody2chord:lyrics_10]   - chord_txt/: Chord text files
[melody2chord:lyrics_10] 
[melody2chord:lyrics_10] === Processing: sample01.mid ===
[melody2chord:lyrics_10] Preprocessing melody: /data/home/fundwotsai/MIDI-SAG/generated_midi_right_key/lyrics_10/sample01.mid
[melody2chord:lyrics_10] === Reassigning Global Tempo ===
[melody2chord:lyrics_10] Input: /data/home/fundwotsai/MIDI-SAG/generated_midi_right_key/lyrics_10/chord/processed_melody/sample01.mid
[melody2chord:lyrics_10] TPQ: 480
[melody2chord:lyrics_10] Current tempo in file: 89.9999550000225 BPM
[melody2chord:lyrics_10] Most common IOI: 240.0 ticks
[melody2chord:lyrics_10] Top 5 IOIs: [(240.0, 40), (480.0, 21), (120.0, 15), (0.0, 12), (720.0, 10)]
[melody2chord:lyrics_10] Tempo candidates: 1/16=60.0, 1/8=120.0, 1/4=240.0 BPM
[melody2chord:lyrics_10] Selected tempo: 120.0 BPM (closest to 120 in valid range)
[melody2chord:lyrics_10] Estimated tempo from note analysis: 120.0 BPM
[melody2chord:lyrics_10] New tempo set: 120.0 BPM
[melody2chord:lyrics_10] Output saved to: /data/home/fundwotsai/MIDI-SAG/generated_midi_right_key/lyrics_10/chord/processed_melody/sample01.mid
[melody2chord:lyrics_10] Melody padded: 29 -> 32 bars
[melody2chord:lyrics_10] processed_melody_path: /data/home/fundwotsai/MIDI-SAG/generated_midi_right_key/lyrics_10/chord/processed_melody/sample01.mid
[melody2chord:lyrics_10] Content bars: 25 -> Segmentation: A8B8A8B4 (total: 28)
[melody2chord:lyrics_10] auto_config: {'note_shift': 64, 'segmentation': 'A8B8A8B4', 'analysis': {'total_bars': 29, 'empty_bars': 4, 'content_bars': 25, 'note_shift': 64, 'segmentation': 'A8B8A8B4', 'first_note_position': 6, 'bar_positions': [0, 1, 2, 3, 4, 29, 50, 79, 88, 113, 134, 163, 180, 201, 222, 227, 260, 281, 306, 315, 344, 365, 382, 399, 420, 441, 458, 479, 496]}}
[melody2chord:lyrics_10] tempos: 120.0
[melody2chord:lyrics_10] Using:pop_complex
[melody2chord:lyrics_10] max_end: 394.0
[melody2chord:lyrics_10] fixed_end: 384
[melody2chord:lyrics_10] 384
[melody2chord:lyrics_10] {'tonic': 'C', 'mode': 'maj', 'tempo': 120.0, 'meter': '4/4', 'pos': ['x', 'x', 'x', 'x'], 'unit': 0.125}
[melody2chord:lyrics_10] Phrase length: 128 positions = 8 bars
[melody2chord:lyrics_10] Phrase length: 128 positions = 8 bars
[melody2chord:lyrics_10] Phrase length: 128 positions = 8 bars
[melody2chord:lyrics_10] Phrase length: 0 positions = 0 bars
[melody2chord:lyrics_10] ✗ Failed to process: sample01.mid
[melody2chord:lyrics_10]   Error: [Error 312] Phrase length not accepted. Phrase length must be a multiple of 4 bars (minimum 4 bars). For more information, please visit https://...com.
[melody2chord:lyrics_10] 
[melody2chord:lyrics_10] === Processing: sample01_shifted.mid ===
[melody2chord:lyrics_10] Preprocessing melody: /data/home/fundwotsai/MIDI-SAG/generated_midi_right_key/lyrics_10/sample01_shifted.mid
[melody2chord:lyrics_10] === Reassigning Global Tempo ===
[melody2chord:lyrics_10] Input: /data/home/fundwotsai/MIDI-SAG/generated_midi_right_key/lyrics_10/chord/processed_melody/sample01_shifted.mid
[melody2chord:lyrics_10] TPQ: 480
[melody2chord:lyrics_10] Current tempo in file: 135.000135000135 BPM
[melody2chord:lyrics_10] Most common IOI: 240.0 ticks
[melody2chord:lyrics_10] Top 5 IOIs: [(240.0, 40), (480.0, 21), (120.0, 15), (0.0, 12), (720.0, 10)]
[melody2chord:lyrics_10] Tempo candidates: 1/16=60.0, 1/8=120.0, 1/4=240.0 BPM
[melody2chord:lyrics_10] Selected tempo: 120.0 BPM (closest to 120 in valid range)
[melody2chord:lyrics_10] Estimated tempo from note analysis: 120.0 BPM
[melody2chord:lyrics_10] New tempo set: 120.0 BPM
[melody2chord:lyrics_10] Output saved to: /data/home/fundwotsai/MIDI-SAG/generated_midi_right_key/lyrics_10/chord/processed_melody/sample01_shifted.mid
[melody2chord:lyrics_10] Melody padded: 29 -> 32 bars
[melody2chord:lyrics_10] processed_melody_path: /data/home/fundwotsai/MIDI-SAG/generated_midi_right_key/lyrics_10/chord/processed_melody/sample01_shifted.mid
[melody2chord:lyrics_10] Content bars: 25 -> Segmentation: A8B8A8B4 (total: 28)
[melody2chord:lyrics_10] auto_config: {'note_shift': 64, 'segmentation': 'A8B8A8B4', 'analysis': {'total_bars': 29, 'empty_bars': 4, 'content_bars': 25, 'note_shift': 64, 'segmentation': 'A8B8A8B4', 'first_note_position': 6, 'bar_positions': [0, 1, 2, 3, 4, 29, 50, 79, 88, 113, 134, 163, 180, 201, 222, 227, 260, 281, 306, 315, 344, 365, 382, 399, 420, 441, 458, 479, 496]}}
[melody2chord:lyrics_10] tempos: 120.0
[melody2chord:lyrics_10] Using:pop_complex
[melody2chord:lyrics_10] max_end: 394.0
[melody2chord:lyrics_10] fixed_end: 384
[melody2chord:lyrics_10] 384
[melody2chord:lyrics_10] {'tonic': 'C#', 'mode': 'maj', 'tempo': 120.0, 'meter': '4/4', 'pos': ['x', 'x', 'x', 'x'], 'unit': 0.125}
[melody2chord:lyrics_10] Phrase length: 128 positions = 8 bars
[melody2chord:lyrics_10] Phrase length: 128 positions = 8 bars
[melody2chord:lyrics_10] Phrase length: 128 positions = 8 bars
[melody2chord:lyrics_10] Phrase length: 0 positions = 0 bars
[melody2chord:lyrics_10] ✗ Failed to process: sample01_shifted.mid
[melody2chord:lyrics_10]   Error: [Error 312] Phrase length not accepted. Phrase length must be a multiple of 4 bars (minimum 4 bars). For more information, please visit https://...com.
[melody2chord:lyrics_10] 
[melody2chord:lyrics_10] === Processing Summary ===
[melody2chord:lyrics_10] Total files: 2
[melody2chord:lyrics_10] Successful: 0
[melody2chord:lyrics_10] Failed: 2
[melody2chord:lyrics_10] 
[melody2chord:lyrics_10] === Failed Files ===
[melody2chord:lyrics_10] - sample01.mid: [Error 312] Phrase length not accepted. Phrase length must be a multiple of 4 bars (minimum 4 bars). For more information, please visit https://...com.
[melody2chord:lyrics_10] - sample01_shifted.mid: [Error 312] Phrase length not accepted. Phrase length must be a multiple of 4 bars (minimum 4 bars). For more information, please visit https://...com.
[melody2chord:lyrics_10] 
[melody2chord:lyrics_10] All processing completed!
[melody2chord:lyrics_10] Results saved to: /data/home/fundwotsai/MIDI-SAG/generated_midi_right_key/lyrics_10/chord/processing_results.json
[melody2chord:lyrics_10] /data/home/fundwotsai/MIDI-SAG/AccoMontage2/chorderator/utils/utils.py:24: UserWarning: Could not import FluidSynth, audio formats writing disabled
[melody2chord:lyrics_10]   warnings.warn('Could not import FluidSynth, audio formats writing disabled')
[melody2chord:lyrics_10] /home/fundwotsai/miniconda3/envs/midi-sag/lib/python3.9/site-packages/miditok/tokenizations/remi.py:88: UserWarning: Attribute controls are not compatible with 'config.one_token_stream_for_programs' and multi-vocabulary tokenizers. Disabling them from the config.
[melody2chord:lyrics_10]   super().__init__(tokenizer_config, params)
[melody2chord:lyrics_10] /data/home/fundwotsai/MIDI-SAG/AccoMontage2/chorderator/core.py:238: UserWarning: Meter auto set to 4/4/. Please set meter if this is not your expectation
[melody2chord:lyrics_10]   warnings.warn('Meter auto set to 4/4/. Please set meter if this is not your expectation')
[melody2chord:lyrics_10] @Chorderator 2026-04-13 23:23:51,576 - INFO - [1;30m start read progressions from dict [0m
[melody2chord:lyrics_10] @Chorderator 2026-04-13 23:23:58,288 - INFO - [1;30m read progressions done [0m
[melody2chord:lyrics_10] @Chorderator 2026-04-13 23:23:58,288 - INFO - [1;30m start read progression library from source_base.pnt [0m
[melody2chord:lyrics_10] @Chorderator 2026-04-13 23:24:04,786 - INFO - [1;30m read library done [0m
[melody2chord:lyrics_10] @Chorderator 2026-04-13 23:24:04,786 - WARNING - [1;33m Pre-processing... [0m
[melody2chord:lyrics_10] @Chorderator 2026-04-13 23:24:04,797 - WARNING - [1;33m Pre-process done! [0m
[melody2chord:lyrics_10] @Chorderator 2026-04-13 23:24:04,797 - WARNING - [1;33m Solving... [0m
[melody2chord:lyrics_10] @Chorderator 2026-04-13 23:24:04,797 - INFO - [1;30m start read progressions from rep [0m
[melody2chord:lyrics_10] @Chorderator 2026-04-13 23:24:04,830 - INFO - [1;30m read progressions done [0m
[melody2chord:lyrics_10] @Chorderator 2026-04-13 23:24:04,836 - INFO - [1;30m Melody length 3, generate progression with 63 templates [0m
[melody2chord:lyrics_10] @Chorderator 2026-04-13 23:24:04,911 - WARNING - [1;33m Solved! [0m
[melody2chord:lyrics_10] @Chorderator 2026-04-13 23:24:04,911 - WARNING - [1;33m Post-processing... [0m
[melody2chord:lyrics_10] @Chorderator 2026-04-13 23:24:04,917 - WARNING - [1;33m Post-process done! [0m
[melody2chord:lyrics_10] @Chorderator 2026-04-13 23:24:04,917 - WARNING - [1;33m Generating textures... [0m
[melody2chord:lyrics_10] @Chorderator 2026-04-13 23:24:04,918 - WARNING - [1;33m All process finished! [0m
[melody2chord:lyrics_10] 
[melody2chord:lyrics_10] === Processing: sample01_shifted ===
[melody2chord:lyrics_10] Output will be saved to: /data/home/fundwotsai/MIDI-SAG/generated_midi_right_key/lyrics_10/chord/
[melody2chord:lyrics_10] beat_file_path: None
[melody2chord:lyrics_10] Tempo from MIDI: 135.0 BPM (no beat file — skipping warp step)
[melody2chord:lyrics_10] processed_melody_path: /data/home/fundwotsai/MIDI-SAG/generated_midi_right_key/lyrics_10/chord/processed_melody/sample01_shifted.mid
[melody2chord:lyrics_10] Detected key: Ab major (confidence: 0.61, Bellman-Budge)
[melody2chord:lyrics_10] Content bars: 24 -> Segmentation: A8B8A8 (total: 24)
[melody2chord:lyrics_10] Chorderator bars: 24 -> Segmentation: A8B8A8 (total: 24)
[melody2chord:lyrics_10] auto_config: {'note_shift': 68, 'segmentation': 'A8B8A8', 'analysis': {'total_bars': 29, 'empty_bars': 4, 'content_bars': 24, 'note_shift': 68, 'segmentation': 'A8B8A8', 'first_note_bar': 4.25, 'last_note_bar': 28.625, 'chorderator_bars': {'max_end_positions': 390, 'fixed_end_positions': 384, 'fixed_end_bars': 24, 'tempo': 135.000135000135, 'unit': 0.111111}}}
[melody2chord:lyrics_10] tempo for CDT: 135.0 BPM
[melody2chord:lyrics_10] max_end: 390.0
[melody2chord:lyrics_10] fixed_end: 384
[melody2chord:lyrics_10] 384
[melody2chord:lyrics_10] {'tonic': 'Ab', 'mode': 'maj', 'tempo': 135.000135000135, 'meter': '4/4', 'pos': ['x', 'x', 'x'], 'unit': 0.111111}
[melody2chord:lyrics_10] Phrase length: 128 positions = 8 bars
[melody2chord:lyrics_10] Phrase length: 128 positions = 8 bars
[melody2chord:lyrics_10] Phrase length: 128 positions = 8 bars
[melody2chord:lyrics_10] [128, 128, 128]
[melody2chord:lyrics_10] Chord Progression
[melody2chord:lyrics_10] -Source: Niko_Kotoulas_Pop_7th_9th_Chords_17_G#m-E-B-F#_.mid
[melody2chord:lyrics_10] -Source Type: None
[melody2chord:lyrics_10] -Source Tonic: B
[melody2chord:lyrics_10] -Source Metre: 4/4
[melody2chord:lyrics_10] -Source Mode: M (M for Major and m for minor)
[melody2chord:lyrics_10] -Appeared Times: 1
[melody2chord:lyrics_10] -Appeared In Other Songs: 0
[melody2chord:lyrics_10] -Reliability: 1.0
[melody2chord:lyrics_10] -Progression Class: {'type': 'unknown', 'pattern': 'unknown', 'cycle': (1.0, 32), 'progression-style': 'pop', 'chord-style': 'classy', 'performing-style': 'unknown', 'rhythm': 'unknown', 'epic-endings': 'unknown', 'melodic': 'unknown', 'folder-id': 528, 'duplicate-id': 163, 'new_label': 'pop_complex'}
[melody2chord:lyrics_10] Numbered: 
[melody2chord:lyrics_10] | 6------- | 4------- | 1------- | 5------- | 6------- | 4------- | 1------- | 5------- | 
[melody2chord:lyrics_10] Chord: 
[melody2chord:lyrics_10] | 
[melody2chord:lyrics_10] | G#1------- | E 0------- | B 0------- | F#0------- | G#1------- | E 0------- | B 0------- | F#0------- | 
[melody2chord:lyrics_10] 
[melody2chord:lyrics_10] Chord Progression
[melody2chord:lyrics_10] -Source: Niko_Kotoulas__RhythmChordProg_2 (vi-I-IV-V-ii-iii-IV-V).mid
[melody2chord:lyrics_10] -Source Type: None
[melody2chord:lyrics_10] -Source Tonic: B
[melody2chord:lyrics_10] -Source Metre: 4/4
[melody2chord:lyrics_10] -Source Mode: M (M for Major and m for minor)
[melody2chord:lyrics_10] -Appeared Times: 1
[melody2chord:lyrics_10] -Appeared In Other Songs: 0
[melody2chord:lyrics_10] -Reliability: 0.7
[melody2chord:lyrics_10] -Progression Class: {'type': 'unknown', 'pattern': 'vi-I-IV-V-ii-iii-IV-V', 'cycle': (0.5178087050187163, 24), 'progression-style': 'unknown', 'chord-style': 'unknown', 'performing-style': 'unknown', 'rhythm': 'slow', 'epic-endings': 'unknown', 'melodic': 'unknown', 'folder-id': 5971, 'duplicate-id': 81, 'new_label': 'unknown'}
[melody2chord:lyrics_10] Numbered: 
[melody2chord:lyrics_10] | 6------- | 1------- | 4------- | 5------- | 2------- | 3------- | 4------- | 5------- | 
[melody2chord:lyrics_10] Chord: 
[melody2chord:lyrics_10] | 
[melody2chord:lyrics_10] | G#1------- | B 0------- | E 0------- | F#0------- | C#1------- | D#1------- | E 0------- | F#0------- | 
[melody2chord:lyrics_10] 
[melody2chord:lyrics_10] Chord Progression
[melody2chord:lyrics_10] -Source: Niko_Kotoulas_Emotional_Chords_15_G#m-D#m-E-B_.mid
[melody2chord:lyrics_10] -Source Type: None
[melody2chord:lyrics_10] -Source Tonic: B
[melody2chord:lyrics_10] -Source Metre: 4/4
[melody2chord:lyrics_10] -Source Mode: M (M for Major and m for minor)
[melody2chord:lyrics_10] -Appeared Times: 1
[melody2chord:lyrics_10] -Appeared In Other Songs: 0
[melody2chord:lyrics_10] -Reliability: 1.0
[melody2chord:lyrics_10] -Progression Class: {'type': 'unknown', 'pattern': 'unknown', 'cycle': (1.0, 32), 'progression-style': 'emotional', 'chord-style': 'emotional', 'performing-style': 'unknown', 'rhythm': 'unknown', 'epic-endings': 'unknown', 'melodic': 'unknown', 'folder-id': 535, 'duplicate-id': 276, 'new_label': 'pop_complex'}
[melody2chord:lyrics_10] Numbered: 
[melody2chord:lyrics_10] | 6------- | 3------- | 4------- | 1------- | 6------- | 3------- | 4------- | 1------- | 
[melody2chord:lyrics_10] Chord: 
[melody2chord:lyrics_10] | 
[melody2chord:lyrics_10] | G#1------- | D#1------- | E 0------- | B 0------- | G#1------- | D#1------- | E 0------- | B 0------- | 
[melody2chord:lyrics_10] 
[melody2chord:lyrics_10] Total: 3
[melody2chord:lyrics_10] 
[melody2chord:lyrics_10] === Aligning chord_gen TPQ ===
[melody2chord:lyrics_10] Original melody TPQ: 480
[melody2chord:lyrics_10] Chord gen TPQ: 220
[melody2chord:lyrics_10] TPQ ratio: 2.1818
[melody2chord:lyrics_10] Converted chord_gen TPQ from 220 to 480
[melody2chord:lyrics_10] Output saved to: /data/home/fundwotsai/MIDI-SAG/generated_midi_right_key/lyrics_10/chord/chord_gen/sample01_shifted_chord_gen.mid
[melody2chord:lyrics_10] Re-quantized 50 melody notes to 1/16 beat grid
[melody2chord:lyrics_10] === Fill Empty Bars with Chords ===
[melody2chord:lyrics_10] Original melody TPQ: 480
[melody2chord:lyrics_10] Chord gen TPQ: 480
[melody2chord:lyrics_10] TPQ ratio: 1.0000
[melody2chord:lyrics_10] Chords start at tick: 8159 (bar 4.25)
[melody2chord:lyrics_10] Empty bars to fill: 4
[melody2chord:lyrics_10] Prepending 0 bars and copying 26 chord notes to cover 4 leading bars
[melody2chord:lyrics_10] 
[melody2chord:lyrics_10] === Output Summary ===
[melody2chord:lyrics_10] Output TPQ: 480
[melody2chord:lyrics_10] Melody track notes: 119
[melody2chord:lyrics_10] Chord track notes: 165
[melody2chord:lyrics_10] First chord now at tick: 0
[melody2chord:lyrics_10] Last chord at tick: 52319
[melody2chord:lyrics_10] Output saved to: /data/home/fundwotsai/MIDI-SAG/generated_midi_right_key/lyrics_10/chord/chord_gen_filled_empty/sample01_shifted_chord_gen_filled_empty_bars.mid
[melody2chord:lyrics_10] === Quantizing melody to 1/16 notes ===
[melody2chord:lyrics_10] TPQ: 480
[melody2chord:lyrics_10] Ticks per 16th note: 120.0
[melody2chord:lyrics_10] Quantized 137 notes to 1/16 note positions
[melody2chord:lyrics_10] Output saved to: /data/home/fundwotsai/MIDI-SAG/generated_midi_right_key/lyrics_10/chord/chord_gen_quantized/sample01_shifted_chord_gen_quantized.mid
[melody2chord:lyrics_10] Extracted 113 beat-level chords from 'Chords' track
[melody2chord:lyrics_10] Chord times remapped to 116 beat positions (subdivision: quarter notes)
[melody2chord:lyrics_10] Filled 1 None chords
[melody2chord:lyrics_10] ✓ Successfully processed: sample01_shifted
[melody2chord:lyrics_10]   Key: Ab major (confidence: 0.61)
[melody2chord:lyrics_10]   Tempo: 135.0 BPM (source: MIDI tempo)
[melody2chord:lyrics_10]   Chord Text: /data/home/fundwotsai/MIDI-SAG/generated_midi_right_key/lyrics_10/chord/chord_txt/sample01_shifted_chord_gen.txt
[melody2chord:lyrics_10]   BTC Text:   /data/home/fundwotsai/MIDI-SAG/generated_midi_right_key/lyrics_10/chord/btc_txt/sample01_shifted_chord_gen.txt
[melody2chord:lyrics_10] /data/home/fundwotsai/MIDI-SAG/AccoMontage2/chorderator/utils/utils.py:24: UserWarning: Could not import FluidSynth, audio formats writing disabled
[melody2chord:lyrics_10]   warnings.warn('Could not import FluidSynth, audio formats writing disabled')
[melody2chord:lyrics_10] /home/fundwotsai/miniconda3/envs/midi-sag/lib/python3.9/site-packages/miditok/tokenizations/remi.py:88: UserWarning: Attribute controls are not compatible with 'config.one_token_stream_for_programs' and multi-vocabulary tokenizers. Disabling them from the config.
[melody2chord:lyrics_10]   super().__init__(tokenizer_config, params)
[melody2chord:lyrics_10] /data/home/fundwotsai/MIDI-SAG/AccoMontage2/chorderator/core.py:238: UserWarning: Meter auto set to 4/4/. Please set meter if this is not your expectation
[melody2chord:lyrics_10]   warnings.warn('Meter auto set to 4/4/. Please set meter if this is not your expectation')
[melody2chord:lyrics_10] @Chorderator 2026-04-14 11:19:40,539 - INFO - [1;30m start read progressions from dict [0m
[melody2chord:lyrics_10] @Chorderator 2026-04-14 11:19:47,309 - INFO - [1;30m read progressions done [0m
[melody2chord:lyrics_10] @Chorderator 2026-04-14 11:19:47,309 - INFO - [1;30m start read progression library from source_base.pnt [0m
[melody2chord:lyrics_10] @Chorderator 2026-04-14 11:19:53,608 - INFO - [1;30m read library done [0m
[melody2chord:lyrics_10] @Chorderator 2026-04-14 11:19:53,608 - WARNING - [1;33m Pre-processing... [0m
[melody2chord:lyrics_10] @Chorderator 2026-04-14 11:19:53,618 - WARNING - [1;33m Pre-process done! [0m
[melody2chord:lyrics_10] @Chorderator 2026-04-14 11:19:53,618 - WARNING - [1;33m Solving... [0m
[melody2chord:lyrics_10] @Chorderator 2026-04-14 11:19:53,618 - INFO - [1;30m start read progressions from rep [0m
[melody2chord:lyrics_10] @Chorderator 2026-04-14 11:19:53,651 - INFO - [1;30m read progressions done [0m
[melody2chord:lyrics_10] @Chorderator 2026-04-14 11:19:53,656 - INFO - [1;30m Melody length 3, generate progression with 63 templates [0m
[melody2chord:lyrics_10] @Chorderator 2026-04-14 11:19:53,729 - WARNING - [1;33m Solved! [0m
[melody2chord:lyrics_10] @Chorderator 2026-04-14 11:19:53,729 - WARNING - [1;33m Post-processing... [0m
[melody2chord:lyrics_10] @Chorderator 2026-04-14 11:19:53,736 - WARNING - [1;33m Post-process done! [0m
[melody2chord:lyrics_10] @Chorderator 2026-04-14 11:19:53,736 - WARNING - [1;33m Generating textures... [0m
[melody2chord:lyrics_10] @Chorderator 2026-04-14 11:19:53,736 - WARNING - [1;33m All process finished! [0m
[melody2chord:lyrics_10] 
[melody2chord:lyrics_10] === Processing: sample01_shifted ===
[melody2chord:lyrics_10] Output will be saved to: /data/home/fundwotsai/MIDI-SAG/generated_midi_right_key/lyrics_10/chord/
[melody2chord:lyrics_10] beat_file_path: None
[melody2chord:lyrics_10] Tempo from MIDI: 135.0 BPM (no beat file — skipping warp step)
[melody2chord:lyrics_10] processed_melody_path: /data/home/fundwotsai/MIDI-SAG/generated_midi_right_key/lyrics_10/chord/processed_melody/sample01_shifted.mid
[melody2chord:lyrics_10] Detected key: Ab major (confidence: 0.61, Bellman-Budge)
[melody2chord:lyrics_10] Content bars: 24 -> Segmentation: A8B8A8 (total: 24)
[melody2chord:lyrics_10] Chorderator bars: 24 -> Segmentation: A8B8A8 (total: 24)
[melody2chord:lyrics_10] auto_config: {'note_shift': 68, 'segmentation': 'A8B8A8', 'analysis': {'total_bars': 29, 'empty_bars': 4, 'content_bars': 24, 'note_shift': 68, 'segmentation': 'A8B8A8', 'first_note_bar': 4.25, 'last_note_bar': 28.625, 'chorderator_bars': {'max_end_positions': 390, 'fixed_end_positions': 384, 'fixed_end_bars': 24, 'tempo': 135.000135000135, 'unit': 0.111111}}}
[melody2chord:lyrics_10] tempo for CDT: 135.0 BPM
[melody2chord:lyrics_10] max_end: 390.0
[melody2chord:lyrics_10] fixed_end: 384
[melody2chord:lyrics_10] 384
[melody2chord:lyrics_10] {'tonic': 'Ab', 'mode': 'maj', 'tempo': 135.000135000135, 'meter': '4/4', 'pos': ['x', 'x', 'x'], 'unit': 0.111111}
[melody2chord:lyrics_10] Phrase length: 128 positions = 8 bars
[melody2chord:lyrics_10] Phrase length: 128 positions = 8 bars
[melody2chord:lyrics_10] Phrase length: 128 positions = 8 bars
[melody2chord:lyrics_10] [128, 128, 128]
[melody2chord:lyrics_10] Chord Progression
[melody2chord:lyrics_10] -Source: Niko_Kotoulas_Pop_7th_9th_Chords_17_G#m-E-B-F#_.mid
[melody2chord:lyrics_10] -Source Type: None
[melody2chord:lyrics_10] -Source Tonic: B
[melody2chord:lyrics_10] -Source Metre: 4/4
[melody2chord:lyrics_10] -Source Mode: M (M for Major and m for minor)
[melody2chord:lyrics_10] -Appeared Times: 1
[melody2chord:lyrics_10] -Appeared In Other Songs: 0
[melody2chord:lyrics_10] -Reliability: 1.0
[melody2chord:lyrics_10] -Progression Class: {'type': 'unknown', 'pattern': 'unknown', 'cycle': (1.0, 32), 'progression-style': 'pop', 'chord-style': 'classy', 'performing-style': 'unknown', 'rhythm': 'unknown', 'epic-endings': 'unknown', 'melodic': 'unknown', 'folder-id': 528, 'duplicate-id': 163, 'new_label': 'pop_complex'}
[melody2chord:lyrics_10] Numbered: 
[melody2chord:lyrics_10] | 6------- | 4------- | 1------- | 5------- | 6------- | 4------- | 1------- | 5------- | 
[melody2chord:lyrics_10] Chord: 
[melody2chord:lyrics_10] | 
[melody2chord:lyrics_10] | G#1------- | E 0------- | B 0------- | F#0------- | G#1------- | E 0------- | B 0------- | F#0------- | 
[melody2chord:lyrics_10] 
[melody2chord:lyrics_10] Chord Progression
[melody2chord:lyrics_10] -Source: Niko_Kotoulas__RhythmChordProg_2 (vi-I-IV-V-ii-iii-IV-V).mid
[melody2chord:lyrics_10] -Source Type: None
[melody2chord:lyrics_10] -Source Tonic: B
[melody2chord:lyrics_10] -Source Metre: 4/4
[melody2chord:lyrics_10] -Source Mode: M (M for Major and m for minor)
[melody2chord:lyrics_10] -Appeared Times: 1
[melody2chord:lyrics_10] -Appeared In Other Songs: 0
[melody2chord:lyrics_10] -Reliability: 0.7
[melody2chord:lyrics_10] -Progression Class: {'type': 'unknown', 'pattern': 'vi-I-IV-V-ii-iii-IV-V', 'cycle': (0.5178087050187163, 24), 'progression-style': 'unknown', 'chord-style': 'unknown', 'performing-style': 'unknown', 'rhythm': 'slow', 'epic-endings': 'unknown', 'melodic': 'unknown', 'folder-id': 5971, 'duplicate-id': 81, 'new_label': 'unknown'}
[melody2chord:lyrics_10] Numbered: 
[melody2chord:lyrics_10] | 6------- | 1------- | 4------- | 5------- | 2------- | 3------- | 4------- | 5------- | 
[melody2chord:lyrics_10] Chord: 
[melody2chord:lyrics_10] | 
[melody2chord:lyrics_10] | G#1------- | B 0------- | E 0------- | F#0------- | C#1------- | D#1------- | E 0------- | F#0------- | 
[melody2chord:lyrics_10] 
[melody2chord:lyrics_10] Chord Progression
[melody2chord:lyrics_10] -Source: Niko_Kotoulas_Emotional_Chords_15_G#m-D#m-E-B_.mid
[melody2chord:lyrics_10] -Source Type: None
[melody2chord:lyrics_10] -Source Tonic: B
[melody2chord:lyrics_10] -Source Metre: 4/4
[melody2chord:lyrics_10] -Source Mode: M (M for Major and m for minor)
[melody2chord:lyrics_10] -Appeared Times: 1
[melody2chord:lyrics_10] -Appeared In Other Songs: 0
[melody2chord:lyrics_10] -Reliability: 1.0
[melody2chord:lyrics_10] -Progression Class: {'type': 'unknown', 'pattern': 'unknown', 'cycle': (1.0, 32), 'progression-style': 'emotional', 'chord-style': 'emotional', 'performing-style': 'unknown', 'rhythm': 'unknown', 'epic-endings': 'unknown', 'melodic': 'unknown', 'folder-id': 535, 'duplicate-id': 276, 'new_label': 'pop_complex'}
[melody2chord:lyrics_10] Numbered: 
[melody2chord:lyrics_10] | 6------- | 3------- | 4------- | 1------- | 6------- | 3------- | 4------- | 1------- | 
[melody2chord:lyrics_10] Chord: 
[melody2chord:lyrics_10] | 
[melody2chord:lyrics_10] | G#1------- | D#1------- | E 0------- | B 0------- | G#1------- | D#1------- | E 0------- | B 0------- | 
[melody2chord:lyrics_10] 
[melody2chord:lyrics_10] Total: 3
[melody2chord:lyrics_10] 
[melody2chord:lyrics_10] === Aligning chord_gen TPQ ===
[melody2chord:lyrics_10] Original melody TPQ: 480
[melody2chord:lyrics_10] Chord gen TPQ: 220
[melody2chord:lyrics_10] TPQ ratio: 2.1818
[melody2chord:lyrics_10] Converted chord_gen TPQ from 220 to 480
[melody2chord:lyrics_10] Output saved to: /data/home/fundwotsai/MIDI-SAG/generated_midi_right_key/lyrics_10/chord/chord_gen/sample01_shifted_chord_gen.mid
[melody2chord:lyrics_10] Re-quantized 50 melody notes to 1/16 beat grid
[melody2chord:lyrics_10] === Fill Empty Bars with Chords ===
[melody2chord:lyrics_10] Original melody TPQ: 480
[melody2chord:lyrics_10] Chord gen TPQ: 480
[melody2chord:lyrics_10] TPQ ratio: 1.0000
[melody2chord:lyrics_10] Chords start at tick: 8159 (bar 4.25)
[melody2chord:lyrics_10] Empty bars to fill: 4
[melody2chord:lyrics_10] Prepending 0 bars and copying 26 chord notes to cover 4 leading bars
[melody2chord:lyrics_10] 
[melody2chord:lyrics_10] === Output Summary ===
[melody2chord:lyrics_10] Output TPQ: 480
[melody2chord:lyrics_10] Melody track notes: 119
[melody2chord:lyrics_10] Chord track notes: 165
[melody2chord:lyrics_10] First chord now at tick: 0
[melody2chord:lyrics_10] Last chord at tick: 52319
[melody2chord:lyrics_10] Output saved to: /data/home/fundwotsai/MIDI-SAG/generated_midi_right_key/lyrics_10/chord/chord_gen_filled_empty/sample01_shifted_chord_gen_filled_empty_bars.mid
[melody2chord:lyrics_10] === Quantizing melody to 1/16 notes ===
[melody2chord:lyrics_10] TPQ: 480
[melody2chord:lyrics_10] Ticks per 16th note: 120.0
[melody2chord:lyrics_10] Quantized 137 notes to 1/16 note positions
[melody2chord:lyrics_10] Output saved to: /data/home/fundwotsai/MIDI-SAG/generated_midi_right_key/lyrics_10/chord/chord_gen_quantized/sample01_shifted_chord_gen_quantized.mid
[melody2chord:lyrics_10] Extracted 113 beat-level chords from 'Chords' track
[melody2chord:lyrics_10] Chord times remapped to 116 beat positions (subdivision: quarter notes)
[melody2chord:lyrics_10] Filled 1 None chords
[melody2chord:lyrics_10] ✓ Successfully processed: sample01_shifted
[melody2chord:lyrics_10]   Key: Ab major (confidence: 0.61)
[melody2chord:lyrics_10]   Tempo: 135.0 BPM (source: MIDI tempo)
[melody2chord:lyrics_10]   Chord Text: /data/home/fundwotsai/MIDI-SAG/generated_midi_right_key/lyrics_10/chord/chord_txt/sample01_shifted_chord_gen.txt
[melody2chord:lyrics_10]   BTC Text:   /data/home/fundwotsai/MIDI-SAG/generated_midi_right_key/lyrics_10/chord/btc_txt/sample01_shifted_chord_gen.txt
[melody2chord:lyrics_10] /data/home/fundwotsai/MIDI-SAG/AccoMontage2/chorderator/utils/utils.py:24: UserWarning: Could not import FluidSynth, audio formats writing disabled
[melody2chord:lyrics_10]   warnings.warn('Could not import FluidSynth, audio formats writing disabled')
[melody2chord:lyrics_10] /home/fundwotsai/miniconda3/envs/midi-sag/lib/python3.9/site-packages/miditok/tokenizations/remi.py:88: UserWarning: Attribute controls are not compatible with 'config.one_token_stream_for_programs' and multi-vocabulary tokenizers. Disabling them from the config.
[melody2chord:lyrics_10]   super().__init__(tokenizer_config, params)
[melody2chord:lyrics_10] /data/home/fundwotsai/MIDI-SAG/AccoMontage2/chorderator/core.py:238: UserWarning: Meter auto set to 4/4/. Please set meter if this is not your expectation
[melody2chord:lyrics_10]   warnings.warn('Meter auto set to 4/4/. Please set meter if this is not your expectation')
[melody2chord:lyrics_10] @Chorderator 2026-04-15 17:21:44,810 - INFO - [1;30m start read progressions from dict [0m
[melody2chord:lyrics_10] @Chorderator 2026-04-15 17:21:51,388 - INFO - [1;30m read progressions done [0m
[melody2chord:lyrics_10] @Chorderator 2026-04-15 17:21:51,388 - INFO - [1;30m start read progression library from source_base.pnt [0m
[melody2chord:lyrics_10] @Chorderator 2026-04-15 17:21:57,853 - INFO - [1;30m read library done [0m
[melody2chord:lyrics_10] @Chorderator 2026-04-15 17:21:57,853 - WARNING - [1;33m Pre-processing... [0m
[melody2chord:lyrics_10] @Chorderator 2026-04-15 17:21:57,864 - WARNING - [1;33m Pre-process done! [0m
[melody2chord:lyrics_10] @Chorderator 2026-04-15 17:21:57,864 - WARNING - [1;33m Solving... [0m
[melody2chord:lyrics_10] @Chorderator 2026-04-15 17:21:57,864 - INFO - [1;30m start read progressions from rep [0m
[melody2chord:lyrics_10] @Chorderator 2026-04-15 17:21:57,896 - INFO - [1;30m read progressions done [0m
[melody2chord:lyrics_10] @Chorderator 2026-04-15 17:21:57,901 - INFO - [1;30m Melody length 3, generate progression with 63 templates [0m
[melody2chord:lyrics_10] @Chorderator 2026-04-15 17:21:57,974 - WARNING - [1;33m Solved! [0m
[melody2chord:lyrics_10] @Chorderator 2026-04-15 17:21:57,975 - WARNING - [1;33m Post-processing... [0m
[melody2chord:lyrics_10] @Chorderator 2026-04-15 17:21:57,981 - WARNING - [1;33m Post-process done! [0m
[melody2chord:lyrics_10] @Chorderator 2026-04-15 17:21:57,981 - WARNING - [1;33m Generating textures... [0m
[melody2chord:lyrics_10] @Chorderator 2026-04-15 17:21:57,981 - WARNING - [1;33m All process finished! [0m
[melody2chord:lyrics_10] 
[melody2chord:lyrics_10] === Processing: sample01_shifted ===
[melody2chord:lyrics_10] Output will be saved to: /data/home/fundwotsai/MIDI-SAG/generated_midi_right_key/lyrics_10/chord/
[melody2chord:lyrics_10] beat_file_path: None
[melody2chord:lyrics_10] Tempo from MIDI: 135.0 BPM (no beat file — skipping warp step)
[melody2chord:lyrics_10] cdt_melody_path: /data/home/fundwotsai/MIDI-SAG/generated_midi_right_key/lyrics_10/chord/processed_melody/sample01_shifted.mid
[melody2chord:lyrics_10] Detected key: Ab major (confidence: 0.61, Bellman-Budge)
[melody2chord:lyrics_10] Content bars: 24 -> Segmentation: A8B8A8 (total: 24)
[melody2chord:lyrics_10] Chorderator bars: 24 -> Segmentation: A8B8A8 (total: 24)
[melody2chord:lyrics_10] auto_config: {'note_shift': 68, 'segmentation': 'A8B8A8', 'analysis': {'total_bars': 29, 'empty_bars': 4, 'content_bars': 24, 'note_shift': 68, 'segmentation': 'A8B8A8', 'first_note_bar': 4.25, 'last_note_bar': 28.625, 'chorderator_bars': {'max_end_positions': 390, 'fixed_end_positions': 384, 'fixed_end_bars': 24, 'tempo': 135.000135000135, 'unit': 0.111111}}}
[melody2chord:lyrics_10] tempo for CDT: 135.0 BPM (chords_per_bar=1)
[melody2chord:lyrics_10] args.chord_style POP_COMPLEX
[melody2chord:lyrics_10] max_end: 390.0
[melody2chord:lyrics_10] fixed_end: 384
[melody2chord:lyrics_10] 384
[melody2chord:lyrics_10] {'tonic': 'Ab', 'mode': 'maj', 'tempo': 135.000135000135, 'meter': '4/4', 'pos': ['x', 'x', 'x'], 'unit': 0.111111}
[melody2chord:lyrics_10] Phrase length: 128 positions = 8 bars
[melody2chord:lyrics_10] Phrase length: 128 positions = 8 bars
[melody2chord:lyrics_10] Phrase length: 128 positions = 8 bars
[melody2chord:lyrics_10] [128, 128, 128]
[melody2chord:lyrics_10] Chord Progression
[melody2chord:lyrics_10] -Source: Niko_Kotoulas_Pop_7th_9th_Chords_17_G#m-E-B-F#_.mid
[melody2chord:lyrics_10] -Source Type: None
[melody2chord:lyrics_10] -Source Tonic: B
[melody2chord:lyrics_10] -Source Metre: 4/4
[melody2chord:lyrics_10] -Source Mode: M (M for Major and m for minor)
[melody2chord:lyrics_10] -Appeared Times: 1
[melody2chord:lyrics_10] -Appeared In Other Songs: 0
[melody2chord:lyrics_10] -Reliability: 1.0
[melody2chord:lyrics_10] -Progression Class: {'type': 'unknown', 'pattern': 'unknown', 'cycle': (1.0, 32), 'progression-style': 'pop', 'chord-style': 'classy', 'performing-style': 'unknown', 'rhythm': 'unknown', 'epic-endings': 'unknown', 'melodic': 'unknown', 'folder-id': 528, 'duplicate-id': 163, 'new_label': 'pop_complex'}
[melody2chord:lyrics_10] Numbered: 
[melody2chord:lyrics_10] | 6------- | 4------- | 1------- | 5------- | 6------- | 4------- | 1------- | 5------- | 
[melody2chord:lyrics_10] Chord: 
[melody2chord:lyrics_10] | 
[melody2chord:lyrics_10] | G#1------- | E 0------- | B 0------- | F#0------- | G#1------- | E 0------- | B 0------- | F#0------- | 
[melody2chord:lyrics_10] 
[melody2chord:lyrics_10] Chord Progression
[melody2chord:lyrics_10] -Source: Niko_Kotoulas__RhythmChordProg_2 (vi-I-IV-V-ii-iii-IV-V).mid
[melody2chord:lyrics_10] -Source Type: None
[melody2chord:lyrics_10] -Source Tonic: B
[melody2chord:lyrics_10] -Source Metre: 4/4
[melody2chord:lyrics_10] -Source Mode: M (M for Major and m for minor)
[melody2chord:lyrics_10] -Appeared Times: 1
[melody2chord:lyrics_10] -Appeared In Other Songs: 0
[melody2chord:lyrics_10] -Reliability: 0.7
[melody2chord:lyrics_10] -Progression Class: {'type': 'unknown', 'pattern': 'vi-I-IV-V-ii-iii-IV-V', 'cycle': (0.5178087050187163, 24), 'progression-style': 'unknown', 'chord-style': 'unknown', 'performing-style': 'unknown', 'rhythm': 'slow', 'epic-endings': 'unknown', 'melodic': 'unknown', 'folder-id': 5971, 'duplicate-id': 81, 'new_label': 'unknown'}
[melody2chord:lyrics_10] Numbered: 
[melody2chord:lyrics_10] | 6------- | 1------- | 4------- | 5------- | 2------- | 3------- | 4------- | 5------- | 
[melody2chord:lyrics_10] Chord: 
[melody2chord:lyrics_10] | 
[melody2chord:lyrics_10] | G#1------- | B 0------- | E 0------- | F#0------- | C#1------- | D#1------- | E 0------- | F#0------- | 
[melody2chord:lyrics_10] 
[melody2chord:lyrics_10] Chord Progression
[melody2chord:lyrics_10] -Source: Niko_Kotoulas_Emotional_Chords_15_G#m-D#m-E-B_.mid
[melody2chord:lyrics_10] -Source Type: None
[melody2chord:lyrics_10] -Source Tonic: B
[melody2chord:lyrics_10] -Source Metre: 4/4
[melody2chord:lyrics_10] -Source Mode: M (M for Major and m for minor)
[melody2chord:lyrics_10] -Appeared Times: 1
[melody2chord:lyrics_10] -Appeared In Other Songs: 0
[melody2chord:lyrics_10] -Reliability: 1.0
[melody2chord:lyrics_10] -Progression Class: {'type': 'unknown', 'pattern': 'unknown', 'cycle': (1.0, 32), 'progression-style': 'emotional', 'chord-style': 'emotional', 'performing-style': 'unknown', 'rhythm': 'unknown', 'epic-endings': 'unknown', 'melodic': 'unknown', 'folder-id': 535, 'duplicate-id': 276, 'new_label': 'pop_complex'}
[melody2chord:lyrics_10] Numbered: 
[melody2chord:lyrics_10] | 6------- | 3------- | 4------- | 1------- | 6------- | 3------- | 4------- | 1------- | 
[melody2chord:lyrics_10] Chord: 
[melody2chord:lyrics_10] | 
[melody2chord:lyrics_10] | G#1------- | D#1------- | E 0------- | B 0------- | G#1------- | D#1------- | E 0------- | B 0------- | 
[melody2chord:lyrics_10] 
[melody2chord:lyrics_10] Total: 3
[melody2chord:lyrics_10] 
[melody2chord:lyrics_10] === Aligning chord_gen TPQ ===
[melody2chord:lyrics_10] Original melody TPQ: 480
[melody2chord:lyrics_10] Chord gen TPQ: 220
[melody2chord:lyrics_10] TPQ ratio: 2.1818
[melody2chord:lyrics_10] Converted chord_gen TPQ from 220 to 480
[melody2chord:lyrics_10] Output saved to: /data/home/fundwotsai/MIDI-SAG/generated_midi_right_key/lyrics_10/chord/chord_gen/sample01_shifted_chord_gen.mid
[melody2chord:lyrics_10] Re-quantized 50 melody notes to 1/16 beat grid
[melody2chord:lyrics_10] === Fill Empty Bars with Chords ===
[melody2chord:lyrics_10] Original melody TPQ: 480
[melody2chord:lyrics_10] Chord gen TPQ: 480
[melody2chord:lyrics_10] TPQ ratio: 1.0000
[melody2chord:lyrics_10] Chords start at tick: 8159 (bar 4.25)
[melody2chord:lyrics_10] Empty bars to fill: 4
[melody2chord:lyrics_10] Prepending 0 bars and copying 23 chord notes to cover 4 leading bars
[melody2chord:lyrics_10] 
[melody2chord:lyrics_10] === Output Summary ===
[melody2chord:lyrics_10] Output TPQ: 480
[melody2chord:lyrics_10] Melody track notes: 119
[melody2chord:lyrics_10] Chord track notes: 156
[melody2chord:lyrics_10] First chord now at tick: 0
[melody2chord:lyrics_10] Last chord at tick: 52319
[melody2chord:lyrics_10] Output saved to: /data/home/fundwotsai/MIDI-SAG/generated_midi_right_key/lyrics_10/chord/chord_gen_filled_empty/sample01_shifted_chord_gen_filled_empty_bars.mid
[melody2chord:lyrics_10] === Quantizing melody to 1/16 notes ===
[melody2chord:lyrics_10] TPQ: 480
[melody2chord:lyrics_10] Ticks per 16th note: 120.0
[melody2chord:lyrics_10] Quantized 137 notes to 1/16 note positions
[melody2chord:lyrics_10] Output saved to: /data/home/fundwotsai/MIDI-SAG/generated_midi_right_key/lyrics_10/chord/chord_gen_quantized/sample01_shifted_chord_gen_quantized.mid
[melody2chord:lyrics_10] Snapped 144 chord notes to 4-beat grid (total chord onsets: 28, merged buckets: 0, extended notes: 51)
[melody2chord:lyrics_10] Snapped 24 chord notes to 4-beat grid (total chord onsets: 28, merged buckets: 0, extended notes: 1)
[melody2chord:lyrics_10] Extracted 113 beat-level chords from 'Chords' track
[melody2chord:lyrics_10] Chord times remapped to 116 beat positions (subdivision: quarter notes)
[melody2chord:lyrics_10] ✓ Successfully processed: sample01_shifted
[melody2chord:lyrics_10]   Key: Ab major (confidence: 0.61)
[melody2chord:lyrics_10]   Tempo: 135.0 BPM (source: MIDI tempo)
[melody2chord:lyrics_10]   Chord Text: /data/home/fundwotsai/MIDI-SAG/generated_midi_right_key/lyrics_10/chord/chord_txt/sample01_shifted_chord_gen.txt
[melody2chord:lyrics_10]   BTC Text:   /data/home/fundwotsai/MIDI-SAG/generated_midi_right_key/lyrics_10/chord/btc_txt/sample01_shifted_chord_gen.txt
