[melody2chord:lyrics_66] /data/home/fundwotsai/MIDI-SAG/AccoMontage2/chorderator/utils/utils.py:24: UserWarning: Could not import FluidSynth, audio formats writing disabled
[melody2chord:lyrics_66]   warnings.warn('Could not import FluidSynth, audio formats writing disabled')
[melody2chord:lyrics_66] /home/fundwotsai/miniconda3/envs/midi-sag/lib/python3.9/site-packages/miditok/tokenizations/remi.py:88: UserWarning: Attribute controls are not compatible with 'config.one_token_stream_for_programs' and multi-vocabulary tokenizers. Disabling them from the config.
[melody2chord:lyrics_66]   super().__init__(tokenizer_config, params)
[melody2chord:lyrics_66] /data/home/fundwotsai/MIDI-SAG/AccoMontage2/chorderator/core.py:238: UserWarning: Meter auto set to 4/4/. Please set meter if this is not your expectation
[melody2chord:lyrics_66]   warnings.warn('Meter auto set to 4/4/. Please set meter if this is not your expectation')
[melody2chord:lyrics_66] @Chorderator 2026-04-14 12:27:33,351 - INFO - [1;30m start read progressions from dict [0m
[melody2chord:lyrics_66] @Chorderator 2026-04-14 12:27:40,688 - INFO - [1;30m read progressions done [0m
[melody2chord:lyrics_66] @Chorderator 2026-04-14 12:27:40,688 - INFO - [1;30m start read progression library from source_base.pnt [0m
[melody2chord:lyrics_66] @Chorderator 2026-04-14 12:27:49,406 - INFO - [1;30m read library done [0m
[melody2chord:lyrics_66] @Chorderator 2026-04-14 12:27:49,406 - WARNING - [1;33m Pre-processing... [0m
[melody2chord:lyrics_66] @Chorderator 2026-04-14 12:27:49,416 - WARNING - [1;33m Pre-process done! [0m
[melody2chord:lyrics_66] @Chorderator 2026-04-14 12:27:49,416 - WARNING - [1;33m Solving... [0m
[melody2chord:lyrics_66] @Chorderator 2026-04-14 12:27:49,416 - INFO - [1;30m start read progressions from rep [0m
[melody2chord:lyrics_66] @Chorderator 2026-04-14 12:27:49,448 - INFO - [1;30m read progressions done [0m
[melody2chord:lyrics_66] @Chorderator 2026-04-14 12:27:49,453 - INFO - [1;30m Melody length 2, generate progression with 63 templates [0m
[melody2chord:lyrics_66] @Chorderator 2026-04-14 12:27:49,502 - WARNING - [1;33m Solved! [0m
[melody2chord:lyrics_66] @Chorderator 2026-04-14 12:27:49,502 - WARNING - [1;33m Post-processing... [0m
[melody2chord:lyrics_66] @Chorderator 2026-04-14 12:27:49,506 - WARNING - [1;33m Post-process done! [0m
[melody2chord:lyrics_66] @Chorderator 2026-04-14 12:27:49,507 - WARNING - [1;33m Generating textures... [0m
[melody2chord:lyrics_66] @Chorderator 2026-04-14 12:27:49,507 - WARNING - [1;33m All process finished! [0m
[melody2chord:lyrics_66] 
[melody2chord:lyrics_66] === Processing: sample01_shifted ===
[melody2chord:lyrics_66] Output will be saved to: /data/home/fundwotsai/MIDI-SAG/generated_midi_right_key/lyrics_66/chord/
[melody2chord:lyrics_66] beat_file_path: None
[melody2chord:lyrics_66] Tempo from MIDI: 78.0 BPM (no beat file — skipping warp step)
[melody2chord:lyrics_66] processed_melody_path: /data/home/fundwotsai/MIDI-SAG/generated_midi_right_key/lyrics_66/chord/processed_melody/sample01_shifted.mid
[melody2chord:lyrics_66] Detected key: F major (confidence: 0.67, Bellman-Budge)
[melody2chord:lyrics_66] Content bars: 16 -> Segmentation: A8B8 (total: 16)
[melody2chord:lyrics_66] Chorderator bars: 16 -> Segmentation: A8B8 (total: 16)
[melody2chord:lyrics_66] auto_config: {'note_shift': 74, 'segmentation': 'A8B8', 'analysis': {'total_bars': 21, 'empty_bars': 4, 'content_bars': 16, 'note_shift': 74, 'segmentation': 'A8B8', 'first_note_bar': 4.625, 'last_note_bar': 20.0, 'chorderator_bars': {'max_end_positions': 246, 'fixed_end_positions': 256, 'fixed_end_bars': 16, 'tempo': 77.99997660000703, 'unit': 0.19230774999999997}}}
[melody2chord:lyrics_66] tempo for CDT: 78.0 BPM
[melody2chord:lyrics_66] max_end: 246.0
[melody2chord:lyrics_66] fixed_end: 256
[melody2chord:lyrics_66] 256
[melody2chord:lyrics_66] {'tonic': 'F', 'mode': 'maj', 'tempo': 77.99997660000702, 'meter': '4/4', 'pos': ['x', 'x'], 'unit': 0.19230775}
[melody2chord:lyrics_66] Phrase length: 128 positions = 8 bars
[melody2chord:lyrics_66] Phrase length: 128 positions = 8 bars
[melody2chord:lyrics_66] [128, 128]
[melody2chord:lyrics_66] Chord Progression
[melody2chord:lyrics_66] -Source: Niko_Kotoulas_Pop_7th_9th_Chords_4_B-E-G#m-F#_.mid
[melody2chord:lyrics_66] -Source Type: None
[melody2chord:lyrics_66] -Source Tonic: B
[melody2chord:lyrics_66] -Source Metre: 4/4
[melody2chord:lyrics_66] -Source Mode: M (M for Major and m for minor)
[melody2chord:lyrics_66] -Appeared Times: 1
[melody2chord:lyrics_66] -Appeared In Other Songs: 0
[melody2chord:lyrics_66] -Reliability: 1.0
[melody2chord:lyrics_66] -Progression Class: {'type': 'unknown', 'pattern': 'unknown', 'cycle': (1.0, 32), 'progression-style': 'pop', 'chord-style': 'classy', 'performing-style': 'unknown', 'rhythm': 'unknown', 'epic-endings': 'unknown', 'melodic': 'unknown', 'folder-id': 528, 'duplicate-id': 172, 'new_label': 'pop_complex'}
[melody2chord:lyrics_66] Numbered: 
[melody2chord:lyrics_66] | 1------- | 4------- | 6------- | 5------- | 1------- | 4------- | 6------- | 5------- | 
[melody2chord:lyrics_66] Chord: 
[melody2chord:lyrics_66] | 
[melody2chord:lyrics_66] | B 0------- | E 0------- | G#1------- | F#0------- | B 0------- | E 0------- | G#1------- | F#0------- | 
[melody2chord:lyrics_66] 
[melody2chord:lyrics_66] Chord Progression
[melody2chord:lyrics_66] -Source: Niko_Kotoulas_Pop_7th_9th_Chords_7_B-G#m-B-G#m_.mid
[melody2chord:lyrics_66] -Source Type: None
[melody2chord:lyrics_66] -Source Tonic: B
[melody2chord:lyrics_66] -Source Metre: 4/4
[melody2chord:lyrics_66] -Source Mode: M (M for Major and m for minor)
[melody2chord:lyrics_66] -Appeared Times: 1
[melody2chord:lyrics_66] -Appeared In Other Songs: 0
[melody2chord:lyrics_66] -Reliability: 1.0
[melody2chord:lyrics_66] -Progression Class: {'type': 'unknown', 'pattern': 'unknown', 'cycle': (1.0, 16), 'progression-style': 'pop', 'chord-style': 'classy', 'performing-style': 'unknown', 'rhythm': 'unknown', 'epic-endings': 'unknown', 'melodic': 'unknown', 'folder-id': 528, 'duplicate-id': 174, 'new_label': 'pop_complex'}
[melody2chord:lyrics_66] Numbered: 
[melody2chord:lyrics_66] | 1------- | 6------- | 1------- | 6------- | 1------- | 6------- | 1------- | 6------- | 
[melody2chord:lyrics_66] Chord: 
[melody2chord:lyrics_66] | 
[melody2chord:lyrics_66] | B 0------- | G#1------- | B 0------- | G#1------- | B 0------- | G#1------- | B 0------- | G#1------- | 
[melody2chord:lyrics_66] 
[melody2chord:lyrics_66] Total: 2
[melody2chord:lyrics_66] 
[melody2chord:lyrics_66] === Aligning chord_gen TPQ ===
[melody2chord:lyrics_66] Original melody TPQ: 480
[melody2chord:lyrics_66] Chord gen TPQ: 220
[melody2chord:lyrics_66] TPQ ratio: 2.1818
[melody2chord:lyrics_66] Converted chord_gen TPQ from 220 to 480
[melody2chord:lyrics_66] Output saved to: /data/home/fundwotsai/MIDI-SAG/generated_midi_right_key/lyrics_66/chord/chord_gen/sample01_shifted_chord_gen.mid
[melody2chord:lyrics_66] Re-quantized 60 melody notes to 1/16 beat grid
[melody2chord:lyrics_66] === Fill Empty Bars with Chords ===
[melody2chord:lyrics_66] Original melody TPQ: 480
[melody2chord:lyrics_66] Chord gen TPQ: 480
[melody2chord:lyrics_66] TPQ ratio: 1.0000
[melody2chord:lyrics_66] Chords start at tick: 8880 (bar 4.62)
[melody2chord:lyrics_66] Empty bars to fill: 4
[melody2chord:lyrics_66] Prepending 0 bars and copying 28 chord notes to cover 4 leading bars
[melody2chord:lyrics_66] 
[melody2chord:lyrics_66] === Output Summary ===
[melody2chord:lyrics_66] Output TPQ: 480
[melody2chord:lyrics_66] Melody track notes: 128
[melody2chord:lyrics_66] Chord track notes: 123
[melody2chord:lyrics_66] First chord now at tick: 0
[melody2chord:lyrics_66] Last chord at tick: 37680
[melody2chord:lyrics_66] Output saved to: /data/home/fundwotsai/MIDI-SAG/generated_midi_right_key/lyrics_66/chord/chord_gen_filled_empty/sample01_shifted_chord_gen_filled_empty_bars.mid
[melody2chord:lyrics_66] === Quantizing melody to 1/16 notes ===
[melody2chord:lyrics_66] TPQ: 480
[melody2chord:lyrics_66] Ticks per 16th note: 120.0
[melody2chord:lyrics_66] Quantized 141 notes to 1/16 note positions
[melody2chord:lyrics_66] Output saved to: /data/home/fundwotsai/MIDI-SAG/generated_midi_right_key/lyrics_66/chord/chord_gen_quantized/sample01_shifted_chord_gen_quantized.mid
[melody2chord:lyrics_66] Extracted 82 beat-level chords from 'Chords' track
[melody2chord:lyrics_66] Chord times remapped to 82 beat positions (subdivision: quarter notes)
[melody2chord:lyrics_66] Filled 2 None chords
[melody2chord:lyrics_66] ✓ Successfully processed: sample01_shifted
[melody2chord:lyrics_66]   Key: F major (confidence: 0.67)
[melody2chord:lyrics_66]   Tempo: 78.0 BPM (source: MIDI tempo)
[melody2chord:lyrics_66]   Chord Text: /data/home/fundwotsai/MIDI-SAG/generated_midi_right_key/lyrics_66/chord/chord_txt/sample01_shifted_chord_gen.txt
[melody2chord:lyrics_66]   BTC Text:   /data/home/fundwotsai/MIDI-SAG/generated_midi_right_key/lyrics_66/chord/btc_txt/sample01_shifted_chord_gen.txt
