[melody2chord:lyrics_161] /data/home/fundwotsai/MIDI-SAG/AccoMontage2/chorderator/utils/utils.py:24: UserWarning: Could not import FluidSynth, audio formats writing disabled
[melody2chord:lyrics_161]   warnings.warn('Could not import FluidSynth, audio formats writing disabled')
[melody2chord:lyrics_161] /home/fundwotsai/miniconda3/envs/midi-sag/lib/python3.9/site-packages/miditok/tokenizations/remi.py:88: UserWarning: Attribute controls are not compatible with 'config.one_token_stream_for_programs' and multi-vocabulary tokenizers. Disabling them from the config.
[melody2chord:lyrics_161]   super().__init__(tokenizer_config, params)
[melody2chord:lyrics_161] /data/home/fundwotsai/MIDI-SAG/AccoMontage2/chorderator/core.py:238: UserWarning: Meter auto set to 4/4/. Please set meter if this is not your expectation
[melody2chord:lyrics_161]   warnings.warn('Meter auto set to 4/4/. Please set meter if this is not your expectation')
[melody2chord:lyrics_161] @Chorderator 2026-04-14 11:46:58,816 - INFO - [1;30m start read progressions from dict [0m
[melody2chord:lyrics_161] @Chorderator 2026-04-14 11:47:05,301 - INFO - [1;30m read progressions done [0m
[melody2chord:lyrics_161] @Chorderator 2026-04-14 11:47:05,302 - INFO - [1;30m start read progression library from source_base.pnt [0m
[melody2chord:lyrics_161] @Chorderator 2026-04-14 11:47:11,586 - INFO - [1;30m read library done [0m
[melody2chord:lyrics_161] @Chorderator 2026-04-14 11:47:11,586 - WARNING - [1;33m Pre-processing... [0m
[melody2chord:lyrics_161] @Chorderator 2026-04-14 11:47:11,596 - WARNING - [1;33m Pre-process done! [0m
[melody2chord:lyrics_161] @Chorderator 2026-04-14 11:47:11,596 - WARNING - [1;33m Solving... [0m
[melody2chord:lyrics_161] @Chorderator 2026-04-14 11:47:11,596 - INFO - [1;30m start read progressions from rep [0m
[melody2chord:lyrics_161] @Chorderator 2026-04-14 11:47:11,628 - INFO - [1;30m read progressions done [0m
[melody2chord:lyrics_161] @Chorderator 2026-04-14 11:47:11,633 - INFO - [1;30m Melody length 2, generate progression with 63 templates [0m
[melody2chord:lyrics_161] @Chorderator 2026-04-14 11:47:11,683 - WARNING - [1;33m Solved! [0m
[melody2chord:lyrics_161] @Chorderator 2026-04-14 11:47:11,683 - WARNING - [1;33m Post-processing... [0m
[melody2chord:lyrics_161] @Chorderator 2026-04-14 11:47:11,687 - WARNING - [1;33m Post-process done! [0m
[melody2chord:lyrics_161] @Chorderator 2026-04-14 11:47:11,687 - WARNING - [1;33m Generating textures... [0m
[melody2chord:lyrics_161] @Chorderator 2026-04-14 11:47:11,688 - WARNING - [1;33m All process finished! [0m
[melody2chord:lyrics_161] 
[melody2chord:lyrics_161] === Processing: sample01_shifted ===
[melody2chord:lyrics_161] Output will be saved to: /data/home/fundwotsai/MIDI-SAG/generated_midi_right_key/lyrics_161/chord/
[melody2chord:lyrics_161] beat_file_path: None
[melody2chord:lyrics_161] Tempo from MIDI: 78.0 BPM (no beat file — skipping warp step)
[melody2chord:lyrics_161] processed_melody_path: /data/home/fundwotsai/MIDI-SAG/generated_midi_right_key/lyrics_161/chord/processed_melody/sample01_shifted.mid
[melody2chord:lyrics_161] Detected key: Eb major (confidence: 0.65, Bellman-Budge)
[melody2chord:lyrics_161] Content bars: 14 -> Segmentation: A8B8 (total: 16)
[melody2chord:lyrics_161] Chorderator bars: 16 -> Segmentation: A8B8 (total: 16)
[melody2chord:lyrics_161] auto_config: {'note_shift': 66, 'segmentation': 'A8B8', 'analysis': {'total_bars': 19, 'empty_bars': 4, 'content_bars': 14, 'note_shift': 66, 'segmentation': 'A8B8', 'first_note_bar': 4.125, 'last_note_bar': 18.46875, 'chorderator_bars': {'max_end_positions': 230, 'fixed_end_positions': 256, 'fixed_end_bars': 16, 'tempo': 77.99997660000703, 'unit': 0.19230774999999997}}}
[melody2chord:lyrics_161] tempo for CDT: 78.0 BPM
[melody2chord:lyrics_161] max_end: 229.0
[melody2chord:lyrics_161] fixed_end: 256
[melody2chord:lyrics_161] 256
[melody2chord:lyrics_161] {'tonic': 'Eb', 'mode': 'maj', 'tempo': 77.99997660000702, 'meter': '4/4', 'pos': ['x', 'x'], 'unit': 0.19230775}
[melody2chord:lyrics_161] Phrase length: 128 positions = 8 bars
[melody2chord:lyrics_161] Phrase length: 128 positions = 8 bars
[melody2chord:lyrics_161] [128, 128]
[melody2chord:lyrics_161] Chord Progression
[melody2chord:lyrics_161] -Source: Niko_Kotoulas_Epic_Ending_3_F#-G#m-E-B (V-vi-IV-I).mid
[melody2chord:lyrics_161] -Source Type: None
[melody2chord:lyrics_161] -Source Tonic: B
[melody2chord:lyrics_161] -Source Metre: 4/4
[melody2chord:lyrics_161] -Source Mode: M (M for Major and m for minor)
[melody2chord:lyrics_161] -Appeared Times: 1
[melody2chord:lyrics_161] -Appeared In Other Songs: 0
[melody2chord:lyrics_161] -Reliability: 0.4
[melody2chord:lyrics_161] -Progression Class: {'type': 'unknown', 'pattern': 'V-vi-IV-I', 'cycle': (0, 0), 'progression-style': 'unknown', 'chord-style': 'unknown', 'performing-style': 'unknown', 'rhythm': 'unknown', 'epic-endings': 'True', 'melodic': 'unknown', 'folder-id': 335, 'duplicate-id': 494, 'new_label': 'unknown'}
[melody2chord:lyrics_161] Numbered: 
[melody2chord:lyrics_161] | 5------- | 6------- | 4------- | 1------- | 1------- | 1------- | 1------- | 1------- | 
[melody2chord:lyrics_161] Chord: 
[melody2chord:lyrics_161] | 
[melody2chord:lyrics_161] | F#0------- | G#1------- | E 0------- | B 0------- | B 0------- | B 0------- | B 0------- | B 0------- | 
[melody2chord:lyrics_161] 
[melody2chord:lyrics_161] Chord Progression
[melody2chord:lyrics_161] -Source: Niko_Kotoulas_EDM_7th_9th_Chords_16_C#m-B-G#m-F#_.mid
[melody2chord:lyrics_161] -Source Type: None
[melody2chord:lyrics_161] -Source Tonic: B
[melody2chord:lyrics_161] -Source Metre: 4/4
[melody2chord:lyrics_161] -Source Mode: M (M for Major and m for minor)
[melody2chord:lyrics_161] -Appeared Times: 1
[melody2chord:lyrics_161] -Appeared In Other Songs: 0
[melody2chord:lyrics_161] -Reliability: 1.0
[melody2chord:lyrics_161] -Progression Class: {'type': 'unknown', 'pattern': 'unknown', 'cycle': (0.9999999999999999, 32), 'progression-style': 'edm', 'chord-style': 'classy', 'performing-style': 'unknown', 'rhythm': 'unknown', 'epic-endings': 'unknown', 'melodic': 'unknown', 'folder-id': 531, 'duplicate-id': 221, 'new_label': 'pop_complex'}
[melody2chord:lyrics_161] Numbered: 
[melody2chord:lyrics_161] | 2------- | 1------- | 6------- | 5------- | 2------- | 1------- | 6------- | 5------- | 
[melody2chord:lyrics_161] Chord: 
[melody2chord:lyrics_161] | 
[melody2chord:lyrics_161] | C#1------- | B 0------- | G#1------- | F#0------- | C#1------- | B 0------- | G#1------- | F#0------- | 
[melody2chord:lyrics_161] 
[melody2chord:lyrics_161] Total: 2
[melody2chord:lyrics_161] 
[melody2chord:lyrics_161] === Aligning chord_gen TPQ ===
[melody2chord:lyrics_161] Original melody TPQ: 480
[melody2chord:lyrics_161] Chord gen TPQ: 220
[melody2chord:lyrics_161] TPQ ratio: 2.1818
[melody2chord:lyrics_161] Converted chord_gen TPQ from 220 to 480
[melody2chord:lyrics_161] Output saved to: /data/home/fundwotsai/MIDI-SAG/generated_midi_right_key/lyrics_161/chord/chord_gen/sample01_shifted_chord_gen.mid
[melody2chord:lyrics_161] Re-quantized 56 melody notes to 1/16 beat grid
[melody2chord:lyrics_161] === Fill Empty Bars with Chords ===
[melody2chord:lyrics_161] Original melody TPQ: 480
[melody2chord:lyrics_161] Chord gen TPQ: 480
[melody2chord:lyrics_161] TPQ ratio: 1.0000
[melody2chord:lyrics_161] Chords start at tick: 7919 (bar 4.12)
[melody2chord:lyrics_161] Empty bars to fill: 4
[melody2chord:lyrics_161] Prepending 0 bars and copying 38 chord notes to cover 4 leading bars
[melody2chord:lyrics_161] 
[melody2chord:lyrics_161] === Output Summary ===
[melody2chord:lyrics_161] Output TPQ: 480
[melody2chord:lyrics_161] Melody track notes: 123
[melody2chord:lyrics_161] Chord track notes: 139
[melody2chord:lyrics_161] First chord now at tick: 0
[melody2chord:lyrics_161] Last chord at tick: 36720
[melody2chord:lyrics_161] Output saved to: /data/home/fundwotsai/MIDI-SAG/generated_midi_right_key/lyrics_161/chord/chord_gen_filled_empty/sample01_shifted_chord_gen_filled_empty_bars.mid
[melody2chord:lyrics_161] === Quantizing melody to 1/16 notes ===
[melody2chord:lyrics_161] TPQ: 480
[melody2chord:lyrics_161] Ticks per 16th note: 120.0
[melody2chord:lyrics_161] Quantized 151 notes to 1/16 note positions
[melody2chord:lyrics_161] Output saved to: /data/home/fundwotsai/MIDI-SAG/generated_midi_right_key/lyrics_161/chord/chord_gen_quantized/sample01_shifted_chord_gen_quantized.mid
[melody2chord:lyrics_161] Extracted 80 beat-level chords from 'Chords' track
[melody2chord:lyrics_161] Chord times remapped to 75 beat positions (subdivision: quarter notes)
[melody2chord:lyrics_161] Filled 7 None chords
[melody2chord:lyrics_161] ✓ Successfully processed: sample01_shifted
[melody2chord:lyrics_161]   Key: Eb major (confidence: 0.65)
[melody2chord:lyrics_161]   Tempo: 78.0 BPM (source: MIDI tempo)
[melody2chord:lyrics_161]   Chord Text: /data/home/fundwotsai/MIDI-SAG/generated_midi_right_key/lyrics_161/chord/chord_txt/sample01_shifted_chord_gen.txt
[melody2chord:lyrics_161]   BTC Text:   /data/home/fundwotsai/MIDI-SAG/generated_midi_right_key/lyrics_161/chord/btc_txt/sample01_shifted_chord_gen.txt
