[melody2chord:lyrics_149] /data/home/fundwotsai/MIDI-SAG/AccoMontage2/chorderator/utils/utils.py:24: UserWarning: Could not import FluidSynth, audio formats writing disabled
[melody2chord:lyrics_149]   warnings.warn('Could not import FluidSynth, audio formats writing disabled')
[melody2chord:lyrics_149] /home/fundwotsai/miniconda3/envs/midi-sag/lib/python3.9/site-packages/miditok/tokenizations/remi.py:88: UserWarning: Attribute controls are not compatible with 'config.one_token_stream_for_programs' and multi-vocabulary tokenizers. Disabling them from the config.
[melody2chord:lyrics_149]   super().__init__(tokenizer_config, params)
[melody2chord:lyrics_149] /data/home/fundwotsai/MIDI-SAG/AccoMontage2/chorderator/core.py:238: UserWarning: Meter auto set to 4/4/. Please set meter if this is not your expectation
[melody2chord:lyrics_149]   warnings.warn('Meter auto set to 4/4/. Please set meter if this is not your expectation')
[melody2chord:lyrics_149] @Chorderator 2026-04-14 11:41:27,215 - INFO - [1;30m start read progressions from dict [0m
[melody2chord:lyrics_149] @Chorderator 2026-04-14 11:41:34,042 - INFO - [1;30m read progressions done [0m
[melody2chord:lyrics_149] @Chorderator 2026-04-14 11:41:34,042 - INFO - [1;30m start read progression library from source_base.pnt [0m
[melody2chord:lyrics_149] @Chorderator 2026-04-14 11:41:40,335 - INFO - [1;30m read library done [0m
[melody2chord:lyrics_149] @Chorderator 2026-04-14 11:41:40,335 - WARNING - [1;33m Pre-processing... [0m
[melody2chord:lyrics_149] @Chorderator 2026-04-14 11:41:40,342 - WARNING - [1;33m Pre-process done! [0m
[melody2chord:lyrics_149] @Chorderator 2026-04-14 11:41:40,342 - WARNING - [1;33m Solving... [0m
[melody2chord:lyrics_149] @Chorderator 2026-04-14 11:41:40,342 - INFO - [1;30m start read progressions from rep [0m
[melody2chord:lyrics_149] @Chorderator 2026-04-14 11:41:40,375 - INFO - [1;30m read progressions done [0m
[melody2chord:lyrics_149] @Chorderator 2026-04-14 11:41:40,379 - INFO - [1;30m Melody length 2, generate progression with 63 templates [0m
[melody2chord:lyrics_149] @Chorderator 2026-04-14 11:41:40,428 - WARNING - [1;33m Solved! [0m
[melody2chord:lyrics_149] @Chorderator 2026-04-14 11:41:40,428 - WARNING - [1;33m Post-processing... [0m
[melody2chord:lyrics_149] @Chorderator 2026-04-14 11:41:40,432 - WARNING - [1;33m Post-process done! [0m
[melody2chord:lyrics_149] @Chorderator 2026-04-14 11:41:40,432 - WARNING - [1;33m Generating textures... [0m
[melody2chord:lyrics_149] @Chorderator 2026-04-14 11:41:40,433 - WARNING - [1;33m All process finished! [0m
[melody2chord:lyrics_149] 
[melody2chord:lyrics_149] === Processing: sample01_shifted ===
[melody2chord:lyrics_149] Output will be saved to: /data/home/fundwotsai/MIDI-SAG/generated_midi_right_key/lyrics_149/chord/
[melody2chord:lyrics_149] beat_file_path: None
[melody2chord:lyrics_149] Tempo from MIDI: 78.0 BPM (no beat file — skipping warp step)
[melody2chord:lyrics_149] processed_melody_path: /data/home/fundwotsai/MIDI-SAG/generated_midi_right_key/lyrics_149/chord/processed_melody/sample01_shifted.mid
[melody2chord:lyrics_149] Detected key: Eb major (confidence: 0.68, Bellman-Budge)
[melody2chord:lyrics_149] Content bars: 12 -> Segmentation: A8B4 (total: 12)
[melody2chord:lyrics_149] Chorderator bars: 12 -> Segmentation: A8B4 (total: 12)
[melody2chord:lyrics_149] auto_config: {'note_shift': 64, 'segmentation': 'A8B4', 'analysis': {'total_bars': 17, 'empty_bars': 4, 'content_bars': 12, 'note_shift': 64, 'segmentation': 'A8B4', 'first_note_bar': 4.0, 'last_note_bar': 16.9375, 'chorderator_bars': {'max_end_positions': 207, 'fixed_end_positions': 192, 'fixed_end_bars': 12, 'tempo': 77.99997660000703, 'unit': 0.19230774999999997}}}
[melody2chord:lyrics_149] tempo for CDT: 78.0 BPM
[melody2chord:lyrics_149] max_end: 207.0
[melody2chord:lyrics_149] fixed_end: 192
[melody2chord:lyrics_149] 192
[melody2chord:lyrics_149] {'tonic': 'Eb', 'mode': 'maj', 'tempo': 77.99997660000702, 'meter': '4/4', 'pos': ['x', 'x'], 'unit': 0.19230775}
[melody2chord:lyrics_149] Phrase length: 128 positions = 8 bars
[melody2chord:lyrics_149] Phrase length: 64 positions = 4 bars
[melody2chord:lyrics_149] [128, 64]
[melody2chord:lyrics_149] Chord Progression
[melody2chord:lyrics_149] -Source: Niko_Kotoulas_Pop_7th_9th_Chords_2_B-F#-G#m-E_.mid
[melody2chord:lyrics_149] -Source Type: None
[melody2chord:lyrics_149] -Source Tonic: B
[melody2chord:lyrics_149] -Source Metre: 4/4
[melody2chord:lyrics_149] -Source Mode: M (M for Major and m for minor)
[melody2chord:lyrics_149] -Appeared Times: 1
[melody2chord:lyrics_149] -Appeared In Other Songs: 0
[melody2chord:lyrics_149] -Reliability: 1.0
[melody2chord:lyrics_149] -Progression Class: {'type': 'unknown', 'pattern': 'unknown', 'cycle': (1.0, 32), 'progression-style': 'pop', 'chord-style': 'classy', 'performing-style': 'unknown', 'rhythm': 'unknown', 'epic-endings': 'unknown', 'melodic': 'unknown', 'folder-id': 528, 'duplicate-id': 176, 'new_label': 'pop_complex'}
[melody2chord:lyrics_149] Numbered: 
[melody2chord:lyrics_149] | 1------- | 5------- | 6------- | 4------- | 1------- | 5------- | 6------- | 4------- | 
[melody2chord:lyrics_149] Chord: 
[melody2chord:lyrics_149] | 
[melody2chord:lyrics_149] | B 0------- | F#0------- | G#1------- | E 0------- | B 0------- | F#0------- | G#1------- | E 0------- | 
[melody2chord:lyrics_149] 
[melody2chord:lyrics_149] Chord Progression
[melody2chord:lyrics_149] -Source: Niko_Kotoulas_ChordProg_7_B-F#m-C#m-B (I-v-ii-I).mid
[melody2chord:lyrics_149] -Source Type: None
[melody2chord:lyrics_149] -Source Tonic: B
[melody2chord:lyrics_149] -Source Metre: 4/4
[melody2chord:lyrics_149] -Source Mode: M (M for Major and m for minor)
[melody2chord:lyrics_149] -Appeared Times: 1
[melody2chord:lyrics_149] -Appeared In Other Songs: 0
[melody2chord:lyrics_149] -Reliability: 0.9
[melody2chord:lyrics_149] -Progression Class: {'type': 'unknown', 'pattern': 'I-v-ii-I', 'cycle': (-0.4999999999999999, 8), 'progression-style': 'unknown', 'chord-style': 'unknown', 'performing-style': 'unknown', 'rhythm': 'unknown', 'epic-endings': 'unknown', 'melodic': 'unknown', 'folder-id': 43, 'duplicate-id': 19, 'new_label': 'unknown'}
[melody2chord:lyrics_149] Numbered: 
[melody2chord:lyrics_149] | 1------- | 5------- | 2------- | 1------- | 
[melody2chord:lyrics_149] Chord: 
[melody2chord:lyrics_149] | B 0------- | F#1------- | C#1------- | B 0------- | 
[melody2chord:lyrics_149] 
[melody2chord:lyrics_149] Total: 2
[melody2chord:lyrics_149] 
[melody2chord:lyrics_149] === Aligning chord_gen TPQ ===
[melody2chord:lyrics_149] Original melody TPQ: 480
[melody2chord:lyrics_149] Chord gen TPQ: 220
[melody2chord:lyrics_149] TPQ ratio: 2.1818
[melody2chord:lyrics_149] Converted chord_gen TPQ from 220 to 480
[melody2chord:lyrics_149] Output saved to: /data/home/fundwotsai/MIDI-SAG/generated_midi_right_key/lyrics_149/chord/chord_gen/sample01_shifted_chord_gen.mid
[melody2chord:lyrics_149] Re-quantized 62 melody notes to 1/16 beat grid
[melody2chord:lyrics_149] === Fill Empty Bars with Chords ===
[melody2chord:lyrics_149] Original melody TPQ: 480
[melody2chord:lyrics_149] Chord gen TPQ: 480
[melody2chord:lyrics_149] TPQ ratio: 1.0000
[melody2chord:lyrics_149] Chords start at tick: 7679 (bar 4.00)
[melody2chord:lyrics_149] Empty bars to fill: 4
[melody2chord:lyrics_149] Prepending 1 bars and copying 23 chord notes to cover 4 leading bars
[melody2chord:lyrics_149] 
[melody2chord:lyrics_149] === Output Summary ===
[melody2chord:lyrics_149] Output TPQ: 480
[melody2chord:lyrics_149] Melody track notes: 113
[melody2chord:lyrics_149] Chord track notes: 94
[melody2chord:lyrics_149] First chord now at tick: 0
[melody2chord:lyrics_149] Last chord at tick: 30719
[melody2chord:lyrics_149] Output saved to: /data/home/fundwotsai/MIDI-SAG/generated_midi_right_key/lyrics_149/chord/chord_gen_filled_empty/sample01_shifted_chord_gen_filled_empty_bars.mid
[melody2chord:lyrics_149] === Quantizing melody to 1/16 notes ===
[melody2chord:lyrics_149] TPQ: 480
[melody2chord:lyrics_149] Ticks per 16th note: 120.0
[melody2chord:lyrics_149] Quantized 124 notes to 1/16 note positions
[melody2chord:lyrics_149] Output saved to: /data/home/fundwotsai/MIDI-SAG/generated_midi_right_key/lyrics_149/chord/chord_gen_quantized/sample01_shifted_chord_gen_quantized.mid
[melody2chord:lyrics_149] Extracted 68 beat-level chords from 'Chords' track
[melody2chord:lyrics_149] Chord times remapped to 69 beat positions (subdivision: quarter notes)
[melody2chord:lyrics_149] Filled 4 None chords
[melody2chord:lyrics_149] ✓ Successfully processed: sample01_shifted
[melody2chord:lyrics_149]   Key: Eb major (confidence: 0.68)
[melody2chord:lyrics_149]   Tempo: 78.0 BPM (source: MIDI tempo)
[melody2chord:lyrics_149]   Chord Text: /data/home/fundwotsai/MIDI-SAG/generated_midi_right_key/lyrics_149/chord/chord_txt/sample01_shifted_chord_gen.txt
[melody2chord:lyrics_149]   BTC Text:   /data/home/fundwotsai/MIDI-SAG/generated_midi_right_key/lyrics_149/chord/btc_txt/sample01_shifted_chord_gen.txt
