[melody2chord:lyrics_74] /data/home/fundwotsai/MIDI-SAG/AccoMontage2/chorderator/utils/utils.py:24: UserWarning: Could not import FluidSynth, audio formats writing disabled
[melody2chord:lyrics_74]   warnings.warn('Could not import FluidSynth, audio formats writing disabled')
[melody2chord:lyrics_74] /home/fundwotsai/miniconda3/envs/midi-sag/lib/python3.9/site-packages/miditok/tokenizations/remi.py:88: UserWarning: Attribute controls are not compatible with 'config.one_token_stream_for_programs' and multi-vocabulary tokenizers. Disabling them from the config.
[melody2chord:lyrics_74]   super().__init__(tokenizer_config, params)
[melody2chord:lyrics_74] /data/home/fundwotsai/MIDI-SAG/AccoMontage2/chorderator/core.py:238: UserWarning: Meter auto set to 4/4/. Please set meter if this is not your expectation
[melody2chord:lyrics_74]   warnings.warn('Meter auto set to 4/4/. Please set meter if this is not your expectation')
[melody2chord:lyrics_74] @Chorderator 2026-04-14 12:31:07,624 - INFO - [1;30m start read progressions from dict [0m
[melody2chord:lyrics_74] @Chorderator 2026-04-14 12:31:14,121 - INFO - [1;30m read progressions done [0m
[melody2chord:lyrics_74] @Chorderator 2026-04-14 12:31:14,122 - INFO - [1;30m start read progression library from source_base.pnt [0m
[melody2chord:lyrics_74] @Chorderator 2026-04-14 12:31:20,338 - INFO - [1;30m read library done [0m
[melody2chord:lyrics_74] @Chorderator 2026-04-14 12:31:20,338 - WARNING - [1;33m Pre-processing... [0m
[melody2chord:lyrics_74] @Chorderator 2026-04-14 12:31:20,350 - WARNING - [1;33m Pre-process done! [0m
[melody2chord:lyrics_74] @Chorderator 2026-04-14 12:31:20,350 - WARNING - [1;33m Solving... [0m
[melody2chord:lyrics_74] @Chorderator 2026-04-14 12:31:20,350 - INFO - [1;30m start read progressions from rep [0m
[melody2chord:lyrics_74] @Chorderator 2026-04-14 12:31:20,382 - INFO - [1;30m read progressions done [0m
[melody2chord:lyrics_74] @Chorderator 2026-04-14 12:31:20,388 - INFO - [1;30m Melody length 3, generate progression with 63 templates [0m
[melody2chord:lyrics_74] @Chorderator 2026-04-14 12:31:20,459 - WARNING - [1;33m Solved! [0m
[melody2chord:lyrics_74] @Chorderator 2026-04-14 12:31:20,459 - WARNING - [1;33m Post-processing... [0m
[melody2chord:lyrics_74] @Chorderator 2026-04-14 12:31:20,465 - WARNING - [1;33m Post-process done! [0m
[melody2chord:lyrics_74] @Chorderator 2026-04-14 12:31:20,466 - WARNING - [1;33m Generating textures... [0m
[melody2chord:lyrics_74] @Chorderator 2026-04-14 12:31:20,466 - WARNING - [1;33m All process finished! [0m
[melody2chord:lyrics_74] 
[melody2chord:lyrics_74] === Processing: sample01_shifted ===
[melody2chord:lyrics_74] Output will be saved to: /data/home/fundwotsai/MIDI-SAG/generated_midi_right_key/lyrics_74/chord/
[melody2chord:lyrics_74] beat_file_path: None
[melody2chord:lyrics_74] Tempo from MIDI: 78.0 BPM (no beat file — skipping warp step)
[melody2chord:lyrics_74] processed_melody_path: /data/home/fundwotsai/MIDI-SAG/generated_midi_right_key/lyrics_74/chord/processed_melody/sample01_shifted.mid
[melody2chord:lyrics_74] Detected key: Eb major (confidence: 0.60, Bellman-Budge)
[melody2chord:lyrics_74] Content bars: 17 -> Segmentation: A8B8A4 (total: 20)
[melody2chord:lyrics_74] Chorderator bars: 20 -> Segmentation: A8B8A4 (total: 20)
[melody2chord:lyrics_74] auto_config: {'note_shift': 68, 'segmentation': 'A8B8A4', 'analysis': {'total_bars': 22, 'empty_bars': 4, 'content_bars': 17, 'note_shift': 68, 'segmentation': 'A8B8A4', 'first_note_bar': 4.25, 'last_note_bar': 21.5, 'chorderator_bars': {'max_end_positions': 276, 'fixed_end_positions': 320, 'fixed_end_bars': 20, 'tempo': 77.99997660000703, 'unit': 0.19230774999999997}}}
[melody2chord:lyrics_74] tempo for CDT: 78.0 BPM
[melody2chord:lyrics_74] max_end: 276.0
[melody2chord:lyrics_74] fixed_end: 320
[melody2chord:lyrics_74] 320
[melody2chord:lyrics_74] {'tonic': 'Eb', 'mode': 'maj', 'tempo': 77.99997660000702, 'meter': '4/4', 'pos': ['x', 'x', 'x'], 'unit': 0.19230775}
[melody2chord:lyrics_74] Phrase length: 128 positions = 8 bars
[melody2chord:lyrics_74] Phrase length: 128 positions = 8 bars
[melody2chord:lyrics_74] Phrase length: 64 positions = 4 bars
[melody2chord:lyrics_74] [128, 128, 64]
[melody2chord:lyrics_74] Chord Progression
[melody2chord:lyrics_74] -Source: Niko_Kotoulas_Emotional_Chords_2_C#m-B-F#-B-F#-G#m-E-B_.mid
[melody2chord:lyrics_74] -Source Type: None
[melody2chord:lyrics_74] -Source Tonic: B
[melody2chord:lyrics_74] -Source Metre: 4/4
[melody2chord:lyrics_74] -Source Mode: M (M for Major and m for minor)
[melody2chord:lyrics_74] -Appeared Times: 1
[melody2chord:lyrics_74] -Appeared In Other Songs: 0
[melody2chord:lyrics_74] -Reliability: 1.0
[melody2chord:lyrics_74] -Progression Class: {'type': 'unknown', 'pattern': 'unknown', 'cycle': (0.08151391459392222, 32), 'progression-style': 'emotional', 'chord-style': 'emotional', 'performing-style': 'unknown', 'rhythm': 'unknown', 'epic-endings': 'unknown', 'melodic': 'unknown', 'folder-id': 535, 'duplicate-id': 290, 'new_label': 'pop_complex'}
[melody2chord:lyrics_74] Numbered: 
[melody2chord:lyrics_74] | 2------- | 1------- | 5------- | 1------- | 5------- | 6------- | 4------- | 1------- | 
[melody2chord:lyrics_74] Chord: 
[melody2chord:lyrics_74] | 
[melody2chord:lyrics_74] | C#1------- | B 0------- | F#0------- | B 0------- | F#0------- | G#1------- | E 0------- | B 0------- | 
[melody2chord:lyrics_74] 
[melody2chord:lyrics_74] Chord Progression
[melody2chord:lyrics_74] -Source: Niko_Kotoulas__RhythmChordProg_8 (vi-I-IV-V-ii-iii-IV-V).mid
[melody2chord:lyrics_74] -Source Type: None
[melody2chord:lyrics_74] -Source Tonic: B
[melody2chord:lyrics_74] -Source Metre: 4/4
[melody2chord:lyrics_74] -Source Mode: M (M for Major and m for minor)
[melody2chord:lyrics_74] -Appeared Times: 1
[melody2chord:lyrics_74] -Appeared In Other Songs: 0
[melody2chord:lyrics_74] -Reliability: 0.7
[melody2chord:lyrics_74] -Progression Class: {'type': 'unknown', 'pattern': 'vi-I-IV-V-ii-iii-IV-V', 'cycle': (0.8796524834087005, 24), 'progression-style': 'unknown', 'chord-style': 'unknown', 'performing-style': 'unknown', 'rhythm': 'slow', 'epic-endings': 'unknown', 'melodic': 'unknown', 'folder-id': 5971, 'duplicate-id': 78, 'new_label': 'unknown'}
[melody2chord:lyrics_74] Numbered: 
[melody2chord:lyrics_74] | 6------- | 6------- | 1------- | 4------- | 5------- | 2------- | 3--4---- | 5------- | 
[melody2chord:lyrics_74] Chord: 
[melody2chord:lyrics_74] | 
[melody2chord:lyrics_74] | G#1------- | G#1------- | B 0------- | E 0------- | F#0------- | C#1------- | D#1--E 0---- | F#0------- | 
[melody2chord:lyrics_74] 
[melody2chord:lyrics_74] Chord Progression
[melody2chord:lyrics_74] -Source: Niko_Kotoulas_ChordProg_7_B-F#-G#m-E (I-V-vi-IV).mid
[melody2chord:lyrics_74] -Source Type: None
[melody2chord:lyrics_74] -Source Tonic: B
[melody2chord:lyrics_74] -Source Metre: 4/4
[melody2chord:lyrics_74] -Source Mode: M (M for Major and m for minor)
[melody2chord:lyrics_74] -Appeared Times: 1
[melody2chord:lyrics_74] -Appeared In Other Songs: 0
[melody2chord:lyrics_74] -Reliability: 0.9
[melody2chord:lyrics_74] -Progression Class: {'type': 'unknown', 'pattern': 'I-V-vi-IV', 'cycle': (-0.18898223650461363, 8), 'progression-style': 'unknown', 'chord-style': 'unknown', 'performing-style': 'unknown', 'rhythm': 'unknown', 'epic-endings': 'unknown', 'melodic': 'unknown', 'folder-id': 22, 'duplicate-id': 11, 'new_label': 'unknown'}
[melody2chord:lyrics_74] Numbered: 
[melody2chord:lyrics_74] | 1------- | 5------- | 6------- | 4------- | 
[melody2chord:lyrics_74] Chord: 
[melody2chord:lyrics_74] | B 0------- | F#0------- | G#1------- | E 0------- | 
[melody2chord:lyrics_74] 
[melody2chord:lyrics_74] Total: 3
[melody2chord:lyrics_74] 
[melody2chord:lyrics_74] === Aligning chord_gen TPQ ===
[melody2chord:lyrics_74] Original melody TPQ: 480
[melody2chord:lyrics_74] Chord gen TPQ: 220
[melody2chord:lyrics_74] TPQ ratio: 2.1818
[melody2chord:lyrics_74] Converted chord_gen TPQ from 220 to 480
[melody2chord:lyrics_74] Output saved to: /data/home/fundwotsai/MIDI-SAG/generated_midi_right_key/lyrics_74/chord/chord_gen/sample01_shifted_chord_gen.mid
[melody2chord:lyrics_74] Re-quantized 63 melody notes to 1/16 beat grid
[melody2chord:lyrics_74] === Fill Empty Bars with Chords ===
[melody2chord:lyrics_74] Original melody TPQ: 480
[melody2chord:lyrics_74] Chord gen TPQ: 480
[melody2chord:lyrics_74] TPQ ratio: 1.0000
[melody2chord:lyrics_74] Chords start at tick: 8159 (bar 4.25)
[melody2chord:lyrics_74] Empty bars to fill: 4
[melody2chord:lyrics_74] Prepending 0 bars and copying 18 chord notes to cover 4 leading bars
[melody2chord:lyrics_74] 
[melody2chord:lyrics_74] === Output Summary ===
[melody2chord:lyrics_74] Output TPQ: 480
[melody2chord:lyrics_74] Melody track notes: 125
[melody2chord:lyrics_74] Chord track notes: 170
[melody2chord:lyrics_74] First chord now at tick: 0
[melody2chord:lyrics_74] Last chord at tick: 44640
[melody2chord:lyrics_74] Output saved to: /data/home/fundwotsai/MIDI-SAG/generated_midi_right_key/lyrics_74/chord/chord_gen_filled_empty/sample01_shifted_chord_gen_filled_empty_bars.mid
[melody2chord:lyrics_74] === Quantizing melody to 1/16 notes ===
[melody2chord:lyrics_74] TPQ: 480
[melody2chord:lyrics_74] Ticks per 16th note: 120.0
[melody2chord:lyrics_74] Quantized 151 notes to 1/16 note positions
[melody2chord:lyrics_74] Output saved to: /data/home/fundwotsai/MIDI-SAG/generated_midi_right_key/lyrics_74/chord/chord_gen_quantized/sample01_shifted_chord_gen_quantized.mid
[melody2chord:lyrics_74] Extracted 97 beat-level chords from 'Chords' track
[melody2chord:lyrics_74] Chord times remapped to 88 beat positions (subdivision: quarter notes)
[melody2chord:lyrics_74] Filled 9 None chords
[melody2chord:lyrics_74] ✓ Successfully processed: sample01_shifted
[melody2chord:lyrics_74]   Key: Eb major (confidence: 0.60)
[melody2chord:lyrics_74]   Tempo: 78.0 BPM (source: MIDI tempo)
[melody2chord:lyrics_74]   Chord Text: /data/home/fundwotsai/MIDI-SAG/generated_midi_right_key/lyrics_74/chord/chord_txt/sample01_shifted_chord_gen.txt
[melody2chord:lyrics_74]   BTC Text:   /data/home/fundwotsai/MIDI-SAG/generated_midi_right_key/lyrics_74/chord/btc_txt/sample01_shifted_chord_gen.txt
