[melody2chord:lyrics_58] /data/home/fundwotsai/MIDI-SAG/AccoMontage2/chorderator/utils/utils.py:24: UserWarning: Could not import FluidSynth, audio formats writing disabled
[melody2chord:lyrics_58]   warnings.warn('Could not import FluidSynth, audio formats writing disabled')
[melody2chord:lyrics_58] /home/fundwotsai/miniconda3/envs/midi-sag/lib/python3.9/site-packages/miditok/tokenizations/remi.py:88: UserWarning: Attribute controls are not compatible with 'config.one_token_stream_for_programs' and multi-vocabulary tokenizers. Disabling them from the config.
[melody2chord:lyrics_58]   super().__init__(tokenizer_config, params)
[melody2chord:lyrics_58] /data/home/fundwotsai/MIDI-SAG/AccoMontage2/chorderator/core.py:238: UserWarning: Meter auto set to 4/4/. Please set meter if this is not your expectation
[melody2chord:lyrics_58]   warnings.warn('Meter auto set to 4/4/. Please set meter if this is not your expectation')
[melody2chord:lyrics_58] @Chorderator 2026-04-14 12:24:01,235 - INFO - [1;30m start read progressions from dict [0m
[melody2chord:lyrics_58] @Chorderator 2026-04-14 12:24:07,790 - INFO - [1;30m read progressions done [0m
[melody2chord:lyrics_58] @Chorderator 2026-04-14 12:24:07,790 - INFO - [1;30m start read progression library from source_base.pnt [0m
[melody2chord:lyrics_58] @Chorderator 2026-04-14 12:24:14,236 - INFO - [1;30m read library done [0m
[melody2chord:lyrics_58] @Chorderator 2026-04-14 12:24:14,236 - WARNING - [1;33m Pre-processing... [0m
[melody2chord:lyrics_58] @Chorderator 2026-04-14 12:24:14,246 - WARNING - [1;33m Pre-process done! [0m
[melody2chord:lyrics_58] @Chorderator 2026-04-14 12:24:14,246 - WARNING - [1;33m Solving... [0m
[melody2chord:lyrics_58] @Chorderator 2026-04-14 12:24:14,246 - INFO - [1;30m start read progressions from rep [0m
[melody2chord:lyrics_58] @Chorderator 2026-04-14 12:24:14,278 - INFO - [1;30m read progressions done [0m
[melody2chord:lyrics_58] @Chorderator 2026-04-14 12:24:14,283 - INFO - [1;30m Melody length 2, generate progression with 63 templates [0m
[melody2chord:lyrics_58] @Chorderator 2026-04-14 12:24:14,332 - WARNING - [1;33m Solved! [0m
[melody2chord:lyrics_58] @Chorderator 2026-04-14 12:24:14,332 - WARNING - [1;33m Post-processing... [0m
[melody2chord:lyrics_58] @Chorderator 2026-04-14 12:24:14,336 - WARNING - [1;33m Post-process done! [0m
[melody2chord:lyrics_58] @Chorderator 2026-04-14 12:24:14,336 - WARNING - [1;33m Generating textures... [0m
[melody2chord:lyrics_58] @Chorderator 2026-04-14 12:24:14,337 - WARNING - [1;33m All process finished! [0m
[melody2chord:lyrics_58] 
[melody2chord:lyrics_58] === Processing: sample01_shifted ===
[melody2chord:lyrics_58] Output will be saved to: /data/home/fundwotsai/MIDI-SAG/generated_midi_right_key/lyrics_58/chord/
[melody2chord:lyrics_58] beat_file_path: None
[melody2chord:lyrics_58] Tempo from MIDI: 78.0 BPM (no beat file — skipping warp step)
[melody2chord:lyrics_58] processed_melody_path: /data/home/fundwotsai/MIDI-SAG/generated_midi_right_key/lyrics_58/chord/processed_melody/sample01_shifted.mid
[melody2chord:lyrics_58] Detected key: Ab major (confidence: 0.73, Bellman-Budge)
[melody2chord:lyrics_58] Content bars: 15 -> Segmentation: A8B8 (total: 16)
[melody2chord:lyrics_58] Chorderator bars: 16 -> Segmentation: A8B8 (total: 16)
[melody2chord:lyrics_58] auto_config: {'note_shift': 68, 'segmentation': 'A8B8', 'analysis': {'total_bars': 20, 'empty_bars': 4, 'content_bars': 15, 'note_shift': 68, 'segmentation': 'A8B8', 'first_note_bar': 4.25, 'last_note_bar': 19.375, 'chorderator_bars': {'max_end_positions': 242, 'fixed_end_positions': 256, 'fixed_end_bars': 16, 'tempo': 77.99997660000703, 'unit': 0.19230774999999997}}}
[melody2chord:lyrics_58] tempo for CDT: 78.0 BPM
[melody2chord:lyrics_58] max_end: 242.0
[melody2chord:lyrics_58] fixed_end: 256
[melody2chord:lyrics_58] 256
[melody2chord:lyrics_58] {'tonic': 'Ab', 'mode': 'maj', 'tempo': 77.99997660000702, 'meter': '4/4', 'pos': ['x', 'x'], 'unit': 0.19230775}
[melody2chord:lyrics_58] Phrase length: 128 positions = 8 bars
[melody2chord:lyrics_58] Phrase length: 128 positions = 8 bars
[melody2chord:lyrics_58] [128, 128]
[melody2chord:lyrics_58] Chord Progression
[melody2chord:lyrics_58] -Source: Niko_Kotoulas_Pop_7th_9th_Chords_15_E-B-G#m-F#_.mid
[melody2chord:lyrics_58] -Source Type: None
[melody2chord:lyrics_58] -Source Tonic: B
[melody2chord:lyrics_58] -Source Metre: 4/4
[melody2chord:lyrics_58] -Source Mode: M (M for Major and m for minor)
[melody2chord:lyrics_58] -Appeared Times: 1
[melody2chord:lyrics_58] -Appeared In Other Songs: 0
[melody2chord:lyrics_58] -Reliability: 1.0
[melody2chord:lyrics_58] -Progression Class: {'type': 'unknown', 'pattern': 'unknown', 'cycle': (1.0, 32), 'progression-style': 'pop', 'chord-style': 'classy', 'performing-style': 'unknown', 'rhythm': 'unknown', 'epic-endings': 'unknown', 'melodic': 'unknown', 'folder-id': 528, 'duplicate-id': 169, 'new_label': 'pop_complex'}
[melody2chord:lyrics_58] Numbered: 
[melody2chord:lyrics_58] | 4------- | 1------- | 6------- | 5------- | 4------- | 1------- | 6------- | 5------- | 
[melody2chord:lyrics_58] Chord: 
[melody2chord:lyrics_58] | 
[melody2chord:lyrics_58] | E 0------- | B 0------- | G#1------- | F#0------- | E 0------- | B 0------- | G#1------- | F#0------- | 
[melody2chord:lyrics_58] 
[melody2chord:lyrics_58] Chord Progression
[melody2chord:lyrics_58] -Source: Niko_Kotoulas_Pop_7th_9th_Chords_7_B-G#m-B-G#m_.mid
[melody2chord:lyrics_58] -Source Type: None
[melody2chord:lyrics_58] -Source Tonic: B
[melody2chord:lyrics_58] -Source Metre: 4/4
[melody2chord:lyrics_58] -Source Mode: M (M for Major and m for minor)
[melody2chord:lyrics_58] -Appeared Times: 1
[melody2chord:lyrics_58] -Appeared In Other Songs: 0
[melody2chord:lyrics_58] -Reliability: 1.0
[melody2chord:lyrics_58] -Progression Class: {'type': 'unknown', 'pattern': 'unknown', 'cycle': (1.0, 16), 'progression-style': 'pop', 'chord-style': 'classy', 'performing-style': 'unknown', 'rhythm': 'unknown', 'epic-endings': 'unknown', 'melodic': 'unknown', 'folder-id': 528, 'duplicate-id': 174, 'new_label': 'pop_complex'}
[melody2chord:lyrics_58] Numbered: 
[melody2chord:lyrics_58] | 1------- | 6------- | 1------- | 6------- | 1------- | 6------- | 1------- | 6------- | 
[melody2chord:lyrics_58] Chord: 
[melody2chord:lyrics_58] | 
[melody2chord:lyrics_58] | B 0------- | G#1------- | B 0------- | G#1------- | B 0------- | G#1------- | B 0------- | G#1------- | 
[melody2chord:lyrics_58] 
[melody2chord:lyrics_58] Total: 2
[melody2chord:lyrics_58] 
[melody2chord:lyrics_58] === Aligning chord_gen TPQ ===
[melody2chord:lyrics_58] Original melody TPQ: 480
[melody2chord:lyrics_58] Chord gen TPQ: 220
[melody2chord:lyrics_58] TPQ ratio: 2.1818
[melody2chord:lyrics_58] Converted chord_gen TPQ from 220 to 480
[melody2chord:lyrics_58] Output saved to: /data/home/fundwotsai/MIDI-SAG/generated_midi_right_key/lyrics_58/chord/chord_gen/sample01_shifted_chord_gen.mid
[melody2chord:lyrics_58] Re-quantized 63 melody notes to 1/16 beat grid
[melody2chord:lyrics_58] === Fill Empty Bars with Chords ===
[melody2chord:lyrics_58] Original melody TPQ: 480
[melody2chord:lyrics_58] Chord gen TPQ: 480
[melody2chord:lyrics_58] TPQ ratio: 1.0000
[melody2chord:lyrics_58] Chords start at tick: 8159 (bar 4.25)
[melody2chord:lyrics_58] Empty bars to fill: 4
[melody2chord:lyrics_58] Prepending 0 bars and copying 22 chord notes to cover 4 leading bars
[melody2chord:lyrics_58] 
[melody2chord:lyrics_58] === Output Summary ===
[melody2chord:lyrics_58] Output TPQ: 480
[melody2chord:lyrics_58] Melody track notes: 124
[melody2chord:lyrics_58] Chord track notes: 117
[melody2chord:lyrics_58] First chord now at tick: 0
[melody2chord:lyrics_58] Last chord at tick: 36960
[melody2chord:lyrics_58] Output saved to: /data/home/fundwotsai/MIDI-SAG/generated_midi_right_key/lyrics_58/chord/chord_gen_filled_empty/sample01_shifted_chord_gen_filled_empty_bars.mid
[melody2chord:lyrics_58] === Quantizing melody to 1/16 notes ===
[melody2chord:lyrics_58] TPQ: 480
[melody2chord:lyrics_58] Ticks per 16th note: 120.0
[melody2chord:lyrics_58] Quantized 139 notes to 1/16 note positions
[melody2chord:lyrics_58] Output saved to: /data/home/fundwotsai/MIDI-SAG/generated_midi_right_key/lyrics_58/chord/chord_gen_quantized/sample01_shifted_chord_gen_quantized.mid
[melody2chord:lyrics_58] Extracted 81 beat-level chords from 'Chords' track
[melody2chord:lyrics_58] Chord times remapped to 79 beat positions (subdivision: quarter notes)
[melody2chord:lyrics_58] Filled 1 None chords
[melody2chord:lyrics_58] ✓ Successfully processed: sample01_shifted
[melody2chord:lyrics_58]   Key: Ab major (confidence: 0.73)
[melody2chord:lyrics_58]   Tempo: 78.0 BPM (source: MIDI tempo)
[melody2chord:lyrics_58]   Chord Text: /data/home/fundwotsai/MIDI-SAG/generated_midi_right_key/lyrics_58/chord/chord_txt/sample01_shifted_chord_gen.txt
[melody2chord:lyrics_58]   BTC Text:   /data/home/fundwotsai/MIDI-SAG/generated_midi_right_key/lyrics_58/chord/btc_txt/sample01_shifted_chord_gen.txt
