[melody2chord:lyrics_207] /data/home/fundwotsai/MIDI-SAG/AccoMontage2/chorderator/utils/utils.py:24: UserWarning: Could not import FluidSynth, audio formats writing disabled
[melody2chord:lyrics_207]   warnings.warn('Could not import FluidSynth, audio formats writing disabled')
[melody2chord:lyrics_207] /home/fundwotsai/miniconda3/envs/midi-sag/lib/python3.9/site-packages/miditok/tokenizations/remi.py:88: UserWarning: Attribute controls are not compatible with 'config.one_token_stream_for_programs' and multi-vocabulary tokenizers. Disabling them from the config.
[melody2chord:lyrics_207]   super().__init__(tokenizer_config, params)
[melody2chord:lyrics_207] /data/home/fundwotsai/MIDI-SAG/AccoMontage2/chorderator/core.py:238: UserWarning: Meter auto set to 4/4/. Please set meter if this is not your expectation
[melody2chord:lyrics_207]   warnings.warn('Meter auto set to 4/4/. Please set meter if this is not your expectation')
[melody2chord:lyrics_207] @Chorderator 2026-04-14 12:07:34,850 - INFO - [1;30m start read progressions from dict [0m
[melody2chord:lyrics_207] @Chorderator 2026-04-14 12:07:41,419 - INFO - [1;30m read progressions done [0m
[melody2chord:lyrics_207] @Chorderator 2026-04-14 12:07:41,419 - INFO - [1;30m start read progression library from source_base.pnt [0m
[melody2chord:lyrics_207] @Chorderator 2026-04-14 12:07:47,672 - INFO - [1;30m read library done [0m
[melody2chord:lyrics_207] @Chorderator 2026-04-14 12:07:47,673 - WARNING - [1;33m Pre-processing... [0m
[melody2chord:lyrics_207] @Chorderator 2026-04-14 12:07:47,703 - WARNING - [1;33m Pre-process done! [0m
[melody2chord:lyrics_207] @Chorderator 2026-04-14 12:07:47,703 - WARNING - [1;33m Solving... [0m
[melody2chord:lyrics_207] @Chorderator 2026-04-14 12:07:47,703 - INFO - [1;30m start read progressions from rep [0m
[melody2chord:lyrics_207] @Chorderator 2026-04-14 12:07:47,735 - INFO - [1;30m read progressions done [0m
[melody2chord:lyrics_207] @Chorderator 2026-04-14 12:07:47,742 - INFO - [1;30m Melody length 4, generate progression with 63 templates [0m
[melody2chord:lyrics_207] @Chorderator 2026-04-14 12:07:47,837 - WARNING - [1;33m Solved! [0m
[melody2chord:lyrics_207] @Chorderator 2026-04-14 12:07:47,837 - WARNING - [1;33m Post-processing... [0m
[melody2chord:lyrics_207] @Chorderator 2026-04-14 12:07:47,844 - WARNING - [1;33m Post-process done! [0m
[melody2chord:lyrics_207] @Chorderator 2026-04-14 12:07:47,845 - WARNING - [1;33m Generating textures... [0m
[melody2chord:lyrics_207] @Chorderator 2026-04-14 12:07:47,845 - WARNING - [1;33m All process finished! [0m
[melody2chord:lyrics_207] 
[melody2chord:lyrics_207] === Processing: sample01_shifted ===
[melody2chord:lyrics_207] Output will be saved to: /data/home/fundwotsai/MIDI-SAG/generated_midi_right_key/lyrics_207/chord/
[melody2chord:lyrics_207] beat_file_path: None
[melody2chord:lyrics_207] Tempo from MIDI: 60.0 BPM (no beat file — skipping warp step)
[melody2chord:lyrics_207] processed_melody_path: /data/home/fundwotsai/MIDI-SAG/generated_midi_right_key/lyrics_207/chord/processed_melody/sample01_shifted.mid
[melody2chord:lyrics_207] Detected key: Ab major (confidence: 0.63, Bellman-Budge)
[melody2chord:lyrics_207] Content bars: 26 -> Segmentation: A8B8A8B4 (total: 28)
[melody2chord:lyrics_207] Chorderator bars: 28 -> Segmentation: A8B8A8B4 (total: 28)
[melody2chord:lyrics_207] auto_config: {'note_shift': 64, 'segmentation': 'A8B8A8B4', 'analysis': {'total_bars': 31, 'empty_bars': 4, 'content_bars': 26, 'note_shift': 64, 'segmentation': 'A8B8A8B4', 'first_note_bar': 4.0, 'last_note_bar': 30.5, 'chorderator_bars': {'max_end_positions': 424, 'fixed_end_positions': 448, 'fixed_end_bars': 28, 'tempo': 60.0, 'unit': 0.25}}}
[melody2chord:lyrics_207] tempo for CDT: 60.0 BPM
[melody2chord:lyrics_207] max_end: 424.0
[melody2chord:lyrics_207] fixed_end: 448
[melody2chord:lyrics_207] 448
[melody2chord:lyrics_207] {'tonic': 'Ab', 'mode': 'maj', 'tempo': 60.0, 'meter': '4/4', 'pos': ['x', 'x', 'x', 'x'], 'unit': 0.25}
[melody2chord:lyrics_207] Phrase length: 128 positions = 8 bars
[melody2chord:lyrics_207] Phrase length: 128 positions = 8 bars
[melody2chord:lyrics_207] Phrase length: 128 positions = 8 bars
[melody2chord:lyrics_207] Phrase length: 64 positions = 4 bars
[melody2chord:lyrics_207] [128, 128, 128, 64]
[melody2chord:lyrics_207] Chord Progression
[melody2chord:lyrics_207] -Source: Niko_Kotoulas_Epic_Ending_3_F#-G#m-E-B (V-vi-IV-I).mid
[melody2chord:lyrics_207] -Source Type: None
[melody2chord:lyrics_207] -Source Tonic: B
[melody2chord:lyrics_207] -Source Metre: 4/4
[melody2chord:lyrics_207] -Source Mode: M (M for Major and m for minor)
[melody2chord:lyrics_207] -Appeared Times: 1
[melody2chord:lyrics_207] -Appeared In Other Songs: 0
[melody2chord:lyrics_207] -Reliability: 0.4
[melody2chord:lyrics_207] -Progression Class: {'type': 'unknown', 'pattern': 'V-vi-IV-I', 'cycle': (0, 0), 'progression-style': 'unknown', 'chord-style': 'unknown', 'performing-style': 'unknown', 'rhythm': 'unknown', 'epic-endings': 'True', 'melodic': 'unknown', 'folder-id': 335, 'duplicate-id': 494, 'new_label': 'unknown'}
[melody2chord:lyrics_207] Numbered: 
[melody2chord:lyrics_207] | 5------- | 6------- | 4------- | 1------- | 1------- | 1------- | 1------- | 1------- | 
[melody2chord:lyrics_207] Chord: 
[melody2chord:lyrics_207] | 
[melody2chord:lyrics_207] | F#0------- | G#1------- | E 0------- | B 0------- | B 0------- | B 0------- | B 0------- | B 0------- | 
[melody2chord:lyrics_207] 
[melody2chord:lyrics_207] Chord Progression
[melody2chord:lyrics_207] -Source: Niko_Kotoulas_Epic_Ending_3_F#-G#m-E-B (V-vi-IV-I).mid
[melody2chord:lyrics_207] -Source Type: None
[melody2chord:lyrics_207] -Source Tonic: B
[melody2chord:lyrics_207] -Source Metre: 4/4
[melody2chord:lyrics_207] -Source Mode: M (M for Major and m for minor)
[melody2chord:lyrics_207] -Appeared Times: 1
[melody2chord:lyrics_207] -Appeared In Other Songs: 0
[melody2chord:lyrics_207] -Reliability: 0.4
[melody2chord:lyrics_207] -Progression Class: {'type': 'unknown', 'pattern': 'V-vi-IV-I', 'cycle': (0, 0), 'progression-style': 'unknown', 'chord-style': 'unknown', 'performing-style': 'unknown', 'rhythm': 'unknown', 'epic-endings': 'True', 'melodic': 'unknown', 'folder-id': 335, 'duplicate-id': 494, 'new_label': 'unknown'}
[melody2chord:lyrics_207] Numbered: 
[melody2chord:lyrics_207] | 5------- | 6------- | 4------- | 1------- | 1------- | 1------- | 1------- | 1------- | 
[melody2chord:lyrics_207] Chord: 
[melody2chord:lyrics_207] | 
[melody2chord:lyrics_207] | F#0------- | G#1------- | E 0------- | B 0------- | B 0------- | B 0------- | B 0------- | B 0------- | 
[melody2chord:lyrics_207] 
[melody2chord:lyrics_207] Chord Progression
[melody2chord:lyrics_207] -Source: Niko_Kotoulas_Epic_Ending_3_F#-G#m-E-B (V-vi-IV-I).mid
[melody2chord:lyrics_207] -Source Type: None
[melody2chord:lyrics_207] -Source Tonic: B
[melody2chord:lyrics_207] -Source Metre: 4/4
[melody2chord:lyrics_207] -Source Mode: M (M for Major and m for minor)
[melody2chord:lyrics_207] -Appeared Times: 1
[melody2chord:lyrics_207] -Appeared In Other Songs: 0
[melody2chord:lyrics_207] -Reliability: 0.4
[melody2chord:lyrics_207] -Progression Class: {'type': 'unknown', 'pattern': 'V-vi-IV-I', 'cycle': (0, 0), 'progression-style': 'unknown', 'chord-style': 'unknown', 'performing-style': 'unknown', 'rhythm': 'unknown', 'epic-endings': 'True', 'melodic': 'unknown', 'folder-id': 335, 'duplicate-id': 494, 'new_label': 'unknown'}
[melody2chord:lyrics_207] Numbered: 
[melody2chord:lyrics_207] | 5------- | 6------- | 4------- | 1------- | 1------- | 1------- | 1------- | 1------- | 
[melody2chord:lyrics_207] Chord: 
[melody2chord:lyrics_207] | 
[melody2chord:lyrics_207] | F#0------- | G#1------- | E 0------- | B 0------- | B 0------- | B 0------- | B 0------- | B 0------- | 
[melody2chord:lyrics_207] 
[melody2chord:lyrics_207] Chord Progression
[melody2chord:lyrics_207] -Source: Niko_Kotoulas_ChordProg_4_G#m-E-B-F# (vi-IV-I-V).mid
[melody2chord:lyrics_207] -Source Type: None
[melody2chord:lyrics_207] -Source Tonic: B
[melody2chord:lyrics_207] -Source Metre: 4/4
[melody2chord:lyrics_207] -Source Mode: M (M for Major and m for minor)
[melody2chord:lyrics_207] -Appeared Times: 1
[melody2chord:lyrics_207] -Appeared In Other Songs: 0
[melody2chord:lyrics_207] -Reliability: 0.9
[melody2chord:lyrics_207] -Progression Class: {'type': 'unknown', 'pattern': 'vi-IV-I-V', 'cycle': (-0.34995661963667773, 8), 'progression-style': 'unknown', 'chord-style': 'unknown', 'performing-style': 'unknown', 'rhythm': 'unknown', 'epic-endings': 'unknown', 'melodic': 'unknown', 'folder-id': 235, 'duplicate-id': 448, 'new_label': 'unknown'}
[melody2chord:lyrics_207] Numbered: 
[melody2chord:lyrics_207] | 6------- | 4------- | 1------- | 5------- | 
[melody2chord:lyrics_207] Chord: 
[melody2chord:lyrics_207] | G#1------- | E 0------- | B 0------- | F#0------- | 
[melody2chord:lyrics_207] 
[melody2chord:lyrics_207] Total: 4
[melody2chord:lyrics_207] 
[melody2chord:lyrics_207] === Aligning chord_gen TPQ ===
[melody2chord:lyrics_207] Original melody TPQ: 480
[melody2chord:lyrics_207] Chord gen TPQ: 220
[melody2chord:lyrics_207] TPQ ratio: 2.1818
[melody2chord:lyrics_207] Converted chord_gen TPQ from 220 to 480
[melody2chord:lyrics_207] Output saved to: /data/home/fundwotsai/MIDI-SAG/generated_midi_right_key/lyrics_207/chord/chord_gen/sample01_shifted_chord_gen.mid
[melody2chord:lyrics_207] Re-quantized 90 melody notes to 1/16 beat grid
[melody2chord:lyrics_207] === Fill Empty Bars with Chords ===
[melody2chord:lyrics_207] Original melody TPQ: 480
[melody2chord:lyrics_207] Chord gen TPQ: 480
[melody2chord:lyrics_207] TPQ ratio: 1.0000
[melody2chord:lyrics_207] Chords start at tick: 7679 (bar 4.00)
[melody2chord:lyrics_207] Empty bars to fill: 4
[melody2chord:lyrics_207] Prepending 1 bars and copying 38 chord notes to cover 4 leading bars
[melody2chord:lyrics_207] 
[melody2chord:lyrics_207] === Output Summary ===
[melody2chord:lyrics_207] Output TPQ: 480
[melody2chord:lyrics_207] Melody track notes: 276
[melody2chord:lyrics_207] Chord track notes: 203
[melody2chord:lyrics_207] First chord now at tick: 0
[melody2chord:lyrics_207] Last chord at tick: 61439
[melody2chord:lyrics_207] Output saved to: /data/home/fundwotsai/MIDI-SAG/generated_midi_right_key/lyrics_207/chord/chord_gen_filled_empty/sample01_shifted_chord_gen_filled_empty_bars.mid
[melody2chord:lyrics_207] === Quantizing melody to 1/16 notes ===
[melody2chord:lyrics_207] TPQ: 480
[melody2chord:lyrics_207] Ticks per 16th note: 120.0
[melody2chord:lyrics_207] Quantized 330 notes to 1/16 note positions
[melody2chord:lyrics_207] Output saved to: /data/home/fundwotsai/MIDI-SAG/generated_midi_right_key/lyrics_207/chord/chord_gen_quantized/sample01_shifted_chord_gen_quantized.mid
[melody2chord:lyrics_207] Extracted 132 beat-level chords from 'Chords' track
[melody2chord:lyrics_207] Chord times remapped to 124 beat positions (subdivision: quarter notes)
[melody2chord:lyrics_207] Filled 34 None chords
[melody2chord:lyrics_207] ✓ Successfully processed: sample01_shifted
[melody2chord:lyrics_207]   Key: Ab major (confidence: 0.63)
[melody2chord:lyrics_207]   Tempo: 60.0 BPM (source: MIDI tempo)
[melody2chord:lyrics_207]   Chord Text: /data/home/fundwotsai/MIDI-SAG/generated_midi_right_key/lyrics_207/chord/chord_txt/sample01_shifted_chord_gen.txt
[melody2chord:lyrics_207]   BTC Text:   /data/home/fundwotsai/MIDI-SAG/generated_midi_right_key/lyrics_207/chord/btc_txt/sample01_shifted_chord_gen.txt
