[melody2chord:lyrics_127] /data/home/fundwotsai/MIDI-SAG/AccoMontage2/chorderator/utils/utils.py:24: UserWarning: Could not import FluidSynth, audio formats writing disabled
[melody2chord:lyrics_127]   warnings.warn('Could not import FluidSynth, audio formats writing disabled')
[melody2chord:lyrics_127] /home/fundwotsai/miniconda3/envs/midi-sag/lib/python3.9/site-packages/miditok/tokenizations/remi.py:88: UserWarning: Attribute controls are not compatible with 'config.one_token_stream_for_programs' and multi-vocabulary tokenizers. Disabling them from the config.
[melody2chord:lyrics_127]   super().__init__(tokenizer_config, params)
[melody2chord:lyrics_127] /data/home/fundwotsai/MIDI-SAG/AccoMontage2/chorderator/core.py:238: UserWarning: Meter auto set to 4/4/. Please set meter if this is not your expectation
[melody2chord:lyrics_127]   warnings.warn('Meter auto set to 4/4/. Please set meter if this is not your expectation')
[melody2chord:lyrics_127] @Chorderator 2026-04-14 11:31:45,196 - INFO - [1;30m start read progressions from dict [0m
[melody2chord:lyrics_127] @Chorderator 2026-04-14 11:31:51,671 - INFO - [1;30m read progressions done [0m
[melody2chord:lyrics_127] @Chorderator 2026-04-14 11:31:51,671 - INFO - [1;30m start read progression library from source_base.pnt [0m
[melody2chord:lyrics_127] @Chorderator 2026-04-14 11:31:57,963 - INFO - [1;30m read library done [0m
[melody2chord:lyrics_127] @Chorderator 2026-04-14 11:31:57,963 - WARNING - [1;33m Pre-processing... [0m
[melody2chord:lyrics_127] @Chorderator 2026-04-14 11:31:57,973 - WARNING - [1;33m Pre-process done! [0m
[melody2chord:lyrics_127] @Chorderator 2026-04-14 11:31:57,973 - WARNING - [1;33m Solving... [0m
[melody2chord:lyrics_127] @Chorderator 2026-04-14 11:31:57,973 - INFO - [1;30m start read progressions from rep [0m
[melody2chord:lyrics_127] @Chorderator 2026-04-14 11:31:58,005 - INFO - [1;30m read progressions done [0m
[melody2chord:lyrics_127] @Chorderator 2026-04-14 11:31:58,009 - INFO - [1;30m Melody length 2, generate progression with 63 templates [0m
[melody2chord:lyrics_127] @Chorderator 2026-04-14 11:31:58,058 - WARNING - [1;33m Solved! [0m
[melody2chord:lyrics_127] @Chorderator 2026-04-14 11:31:58,059 - WARNING - [1;33m Post-processing... [0m
[melody2chord:lyrics_127] @Chorderator 2026-04-14 11:31:58,062 - WARNING - [1;33m Post-process done! [0m
[melody2chord:lyrics_127] @Chorderator 2026-04-14 11:31:58,063 - WARNING - [1;33m Generating textures... [0m
[melody2chord:lyrics_127] @Chorderator 2026-04-14 11:31:58,063 - WARNING - [1;33m All process finished! [0m
[melody2chord:lyrics_127] 
[melody2chord:lyrics_127] === Processing: sample01_shifted ===
[melody2chord:lyrics_127] Output will be saved to: /data/home/fundwotsai/MIDI-SAG/generated_midi_right_key/lyrics_127/chord/
[melody2chord:lyrics_127] beat_file_path: None
[melody2chord:lyrics_127] Tempo from MIDI: 78.0 BPM (no beat file — skipping warp step)
[melody2chord:lyrics_127] processed_melody_path: /data/home/fundwotsai/MIDI-SAG/generated_midi_right_key/lyrics_127/chord/processed_melody/sample01_shifted.mid
[melody2chord:lyrics_127] Detected key: Eb major (confidence: 0.66, Bellman-Budge)
[melody2chord:lyrics_127] Content bars: 14 -> Segmentation: A8B8 (total: 16)
[melody2chord:lyrics_127] Chorderator bars: 16 -> Segmentation: A8B8 (total: 16)
[melody2chord:lyrics_127] auto_config: {'note_shift': 79, 'segmentation': 'A8B8', 'analysis': {'total_bars': 19, 'empty_bars': 4, 'content_bars': 14, 'note_shift': 79, 'segmentation': 'A8B8', 'first_note_bar': 4.9375, 'last_note_bar': 18.4375, 'chorderator_bars': {'max_end_positions': 216, 'fixed_end_positions': 256, 'fixed_end_bars': 16, 'tempo': 77.99997660000703, 'unit': 0.19230774999999997}}}
[melody2chord:lyrics_127] tempo for CDT: 78.0 BPM
[melody2chord:lyrics_127] max_end: 216.0
[melody2chord:lyrics_127] fixed_end: 256
[melody2chord:lyrics_127] 256
[melody2chord:lyrics_127] {'tonic': 'Eb', 'mode': 'maj', 'tempo': 77.99997660000702, 'meter': '4/4', 'pos': ['x', 'x'], 'unit': 0.19230775}
[melody2chord:lyrics_127] Phrase length: 128 positions = 8 bars
[melody2chord:lyrics_127] Phrase length: 128 positions = 8 bars
[melody2chord:lyrics_127] [128, 128]
[melody2chord:lyrics_127] Chord Progression
[melody2chord:lyrics_127] -Source: Niko_Kotoulas_Emotional_Chords_2_C#m-B-F#-B-F#-G#m-E-B_.mid
[melody2chord:lyrics_127] -Source Type: None
[melody2chord:lyrics_127] -Source Tonic: B
[melody2chord:lyrics_127] -Source Metre: 4/4
[melody2chord:lyrics_127] -Source Mode: M (M for Major and m for minor)
[melody2chord:lyrics_127] -Appeared Times: 1
[melody2chord:lyrics_127] -Appeared In Other Songs: 0
[melody2chord:lyrics_127] -Reliability: 1.0
[melody2chord:lyrics_127] -Progression Class: {'type': 'unknown', 'pattern': 'unknown', 'cycle': (0.08151391459392222, 32), 'progression-style': 'emotional', 'chord-style': 'emotional', 'performing-style': 'unknown', 'rhythm': 'unknown', 'epic-endings': 'unknown', 'melodic': 'unknown', 'folder-id': 535, 'duplicate-id': 290, 'new_label': 'pop_complex'}
[melody2chord:lyrics_127] Numbered: 
[melody2chord:lyrics_127] | 2------- | 1------- | 5------- | 1------- | 5------- | 6------- | 4------- | 1------- | 
[melody2chord:lyrics_127] Chord: 
[melody2chord:lyrics_127] | 
[melody2chord:lyrics_127] | C#1------- | B 0------- | F#0------- | B 0------- | F#0------- | G#1------- | E 0------- | B 0------- | 
[melody2chord:lyrics_127] 
[melody2chord:lyrics_127] Chord Progression
[melody2chord:lyrics_127] -Source: Niko_Kotoulas_Pop_7th_9th_Chords_18_G#m-B-E-F#_.mid
[melody2chord:lyrics_127] -Source Type: None
[melody2chord:lyrics_127] -Source Tonic: B
[melody2chord:lyrics_127] -Source Metre: 4/4
[melody2chord:lyrics_127] -Source Mode: M (M for Major and m for minor)
[melody2chord:lyrics_127] -Appeared Times: 1
[melody2chord:lyrics_127] -Appeared In Other Songs: 0
[melody2chord:lyrics_127] -Reliability: 1.0
[melody2chord:lyrics_127] -Progression Class: {'type': 'unknown', 'pattern': 'unknown', 'cycle': (1.0, 32), 'progression-style': 'pop', 'chord-style': 'classy', 'performing-style': 'unknown', 'rhythm': 'unknown', 'epic-endings': 'unknown', 'melodic': 'unknown', 'folder-id': 528, 'duplicate-id': 180, 'new_label': 'pop_complex'}
[melody2chord:lyrics_127] Numbered: 
[melody2chord:lyrics_127] | 6------- | 1------- | 4------- | 5------- | 6------- | 1------- | 4------- | 5------- | 
[melody2chord:lyrics_127] Chord: 
[melody2chord:lyrics_127] | 
[melody2chord:lyrics_127] | G#1------- | B 0------- | E 0------- | F#0------- | G#1------- | B 0------- | E 0------- | F#0------- | 
[melody2chord:lyrics_127] 
[melody2chord:lyrics_127] Total: 2
[melody2chord:lyrics_127] 
[melody2chord:lyrics_127] === Aligning chord_gen TPQ ===
[melody2chord:lyrics_127] Original melody TPQ: 480
[melody2chord:lyrics_127] Chord gen TPQ: 220
[melody2chord:lyrics_127] TPQ ratio: 2.1818
[melody2chord:lyrics_127] Converted chord_gen TPQ from 220 to 480
[melody2chord:lyrics_127] Output saved to: /data/home/fundwotsai/MIDI-SAG/generated_midi_right_key/lyrics_127/chord/chord_gen/sample01_shifted_chord_gen.mid
[melody2chord:lyrics_127] Re-quantized 59 melody notes to 1/16 beat grid
[melody2chord:lyrics_127] === Fill Empty Bars with Chords ===
[melody2chord:lyrics_127] Original melody TPQ: 480
[melody2chord:lyrics_127] Chord gen TPQ: 480
[melody2chord:lyrics_127] TPQ ratio: 1.0000
[melody2chord:lyrics_127] Chords start at tick: 9480 (bar 4.94)
[melody2chord:lyrics_127] Empty bars to fill: 4
[melody2chord:lyrics_127] Prepending 0 bars and copying 18 chord notes to cover 4 leading bars
[melody2chord:lyrics_127] 
[melody2chord:lyrics_127] === Output Summary ===
[melody2chord:lyrics_127] Output TPQ: 480
[melody2chord:lyrics_127] Melody track notes: 115
[melody2chord:lyrics_127] Chord track notes: 104
[melody2chord:lyrics_127] First chord now at tick: 0
[melody2chord:lyrics_127] Last chord at tick: 38280
[melody2chord:lyrics_127] Output saved to: /data/home/fundwotsai/MIDI-SAG/generated_midi_right_key/lyrics_127/chord/chord_gen_filled_empty/sample01_shifted_chord_gen_filled_empty_bars.mid
[melody2chord:lyrics_127] === Quantizing melody to 1/16 notes ===
[melody2chord:lyrics_127] TPQ: 480
[melody2chord:lyrics_127] Ticks per 16th note: 120.0
[melody2chord:lyrics_127] Quantized 130 notes to 1/16 note positions
[melody2chord:lyrics_127] Output saved to: /data/home/fundwotsai/MIDI-SAG/generated_midi_right_key/lyrics_127/chord/chord_gen_quantized/sample01_shifted_chord_gen_quantized.mid
[melody2chord:lyrics_127] Extracted 84 beat-level chords from 'Chords' track
[melody2chord:lyrics_127] Chord times remapped to 75 beat positions (subdivision: quarter notes)
[melody2chord:lyrics_127] Filled 4 None chords
[melody2chord:lyrics_127] ✓ Successfully processed: sample01_shifted
[melody2chord:lyrics_127]   Key: Eb major (confidence: 0.66)
[melody2chord:lyrics_127]   Tempo: 78.0 BPM (source: MIDI tempo)
[melody2chord:lyrics_127]   Chord Text: /data/home/fundwotsai/MIDI-SAG/generated_midi_right_key/lyrics_127/chord/chord_txt/sample01_shifted_chord_gen.txt
[melody2chord:lyrics_127]   BTC Text:   /data/home/fundwotsai/MIDI-SAG/generated_midi_right_key/lyrics_127/chord/btc_txt/sample01_shifted_chord_gen.txt
