[melody2chord:lyrics_201] /data/home/fundwotsai/MIDI-SAG/AccoMontage2/chorderator/utils/utils.py:24: UserWarning: Could not import FluidSynth, audio formats writing disabled
[melody2chord:lyrics_201]   warnings.warn('Could not import FluidSynth, audio formats writing disabled')
[melody2chord:lyrics_201] /home/fundwotsai/miniconda3/envs/midi-sag/lib/python3.9/site-packages/miditok/tokenizations/remi.py:88: UserWarning: Attribute controls are not compatible with 'config.one_token_stream_for_programs' and multi-vocabulary tokenizers. Disabling them from the config.
[melody2chord:lyrics_201]   super().__init__(tokenizer_config, params)
[melody2chord:lyrics_201] /data/home/fundwotsai/MIDI-SAG/AccoMontage2/chorderator/core.py:238: UserWarning: Meter auto set to 4/4/. Please set meter if this is not your expectation
[melody2chord:lyrics_201]   warnings.warn('Meter auto set to 4/4/. Please set meter if this is not your expectation')
[melody2chord:lyrics_201] @Chorderator 2026-04-14 12:04:47,462 - INFO - [1;30m start read progressions from dict [0m
[melody2chord:lyrics_201] @Chorderator 2026-04-14 12:04:54,044 - INFO - [1;30m read progressions done [0m
[melody2chord:lyrics_201] @Chorderator 2026-04-14 12:04:54,045 - INFO - [1;30m start read progression library from source_base.pnt [0m
[melody2chord:lyrics_201] @Chorderator 2026-04-14 12:05:00,266 - INFO - [1;30m read library done [0m
[melody2chord:lyrics_201] @Chorderator 2026-04-14 12:05:00,266 - WARNING - [1;33m Pre-processing... [0m
[melody2chord:lyrics_201] @Chorderator 2026-04-14 12:05:00,286 - WARNING - [1;33m Pre-process done! [0m
[melody2chord:lyrics_201] @Chorderator 2026-04-14 12:05:00,286 - WARNING - [1;33m Solving... [0m
[melody2chord:lyrics_201] @Chorderator 2026-04-14 12:05:00,286 - INFO - [1;30m start read progressions from rep [0m
[melody2chord:lyrics_201] @Chorderator 2026-04-14 12:05:00,320 - INFO - [1;30m read progressions done [0m
[melody2chord:lyrics_201] @Chorderator 2026-04-14 12:05:00,328 - INFO - [1;30m Melody length 5, generate progression with 63 templates [0m
[melody2chord:lyrics_201] @Chorderator 2026-04-14 12:05:00,450 - WARNING - [1;33m Solved! [0m
[melody2chord:lyrics_201] @Chorderator 2026-04-14 12:05:00,450 - WARNING - [1;33m Post-processing... [0m
[melody2chord:lyrics_201] @Chorderator 2026-04-14 12:05:00,460 - WARNING - [1;33m Post-process done! [0m
[melody2chord:lyrics_201] @Chorderator 2026-04-14 12:05:00,460 - WARNING - [1;33m Generating textures... [0m
[melody2chord:lyrics_201] @Chorderator 2026-04-14 12:05:00,461 - WARNING - [1;33m All process finished! [0m
[melody2chord:lyrics_201] 
[melody2chord:lyrics_201] === Processing: sample01_shifted ===
[melody2chord:lyrics_201] Output will be saved to: /data/home/fundwotsai/MIDI-SAG/generated_midi_right_key/lyrics_201/chord/
[melody2chord:lyrics_201] beat_file_path: None
[melody2chord:lyrics_201] Tempo from MIDI: 113.0 BPM (no beat file — skipping warp step)
[melody2chord:lyrics_201] processed_melody_path: /data/home/fundwotsai/MIDI-SAG/generated_midi_right_key/lyrics_201/chord/processed_melody/sample01_shifted.mid
[melody2chord:lyrics_201] Detected key: B major (confidence: 0.74, Bellman-Budge)
[melody2chord:lyrics_201] Content bars: 36 -> Segmentation: A8B8A8B8A4 (total: 36)
[melody2chord:lyrics_201] Chorderator bars: 36 -> Segmentation: A8B8A8B8A4 (total: 36)
[melody2chord:lyrics_201] auto_config: {'note_shift': 64, 'segmentation': 'A8B8A8B8A4', 'analysis': {'total_bars': 41, 'empty_bars': 4, 'content_bars': 36, 'note_shift': 64, 'segmentation': 'A8B8A8B8A4', 'first_note_bar': 4.0, 'last_note_bar': 40.5, 'chorderator_bars': {'max_end_positions': 584, 'fixed_end_positions': 576, 'fixed_end_bars': 36, 'tempo': 113.00009605008167, 'unit': 0.13274324999999998}}}
[melody2chord:lyrics_201] tempo for CDT: 113.0 BPM
[melody2chord:lyrics_201] max_end: 584.0
[melody2chord:lyrics_201] fixed_end: 576
[melody2chord:lyrics_201] 576
[melody2chord:lyrics_201] {'tonic': 'B', 'mode': 'maj', 'tempo': 113.00009605008164, 'meter': '4/4', 'pos': ['x', 'x', 'x', 'x', 'x'], 'unit': 0.13274325}
[melody2chord:lyrics_201] Phrase length: 128 positions = 8 bars
[melody2chord:lyrics_201] Phrase length: 128 positions = 8 bars
[melody2chord:lyrics_201] Phrase length: 128 positions = 8 bars
[melody2chord:lyrics_201] Phrase length: 128 positions = 8 bars
[melody2chord:lyrics_201] Phrase length: 64 positions = 4 bars
[melody2chord:lyrics_201] [128, 128, 128, 128, 64]
[melody2chord:lyrics_201] Chord Progression
[melody2chord:lyrics_201] -Source: Niko_Kotoulas_Pop_7th_9th_Chords_6_B-E-F#-B_.mid
[melody2chord:lyrics_201] -Source Type: None
[melody2chord:lyrics_201] -Source Tonic: B
[melody2chord:lyrics_201] -Source Metre: 4/4
[melody2chord:lyrics_201] -Source Mode: M (M for Major and m for minor)
[melody2chord:lyrics_201] -Appeared Times: 1
[melody2chord:lyrics_201] -Appeared In Other Songs: 0
[melody2chord:lyrics_201] -Reliability: 1.0
[melody2chord:lyrics_201] -Progression Class: {'type': 'unknown', 'pattern': 'unknown', 'cycle': (1.0, 32), 'progression-style': 'pop', 'chord-style': 'classy', 'performing-style': 'unknown', 'rhythm': 'unknown', 'epic-endings': 'unknown', 'melodic': 'unknown', 'folder-id': 528, 'duplicate-id': 157, 'new_label': 'pop_complex'}
[melody2chord:lyrics_201] Numbered: 
[melody2chord:lyrics_201] | 1------- | 4------- | 5------- | 1------- | 1------- | 4------- | 5------- | 1------- | 
[melody2chord:lyrics_201] Chord: 
[melody2chord:lyrics_201] | 
[melody2chord:lyrics_201] | B 0------- | E 0------- | F#0------- | B 0------- | B 0------- | E 0------- | F#0------- | B 0------- | 
[melody2chord:lyrics_201] 
[melody2chord:lyrics_201] Chord Progression
[melody2chord:lyrics_201] -Source: Niko_Kotoulas_EDM_7th_9th_Chords_5_C#m-E-B-F#_.mid
[melody2chord:lyrics_201] -Source Type: None
[melody2chord:lyrics_201] -Source Tonic: B
[melody2chord:lyrics_201] -Source Metre: 4/4
[melody2chord:lyrics_201] -Source Mode: M (M for Major and m for minor)
[melody2chord:lyrics_201] -Appeared Times: 1
[melody2chord:lyrics_201] -Appeared In Other Songs: 0
[melody2chord:lyrics_201] -Reliability: 1.0
[melody2chord:lyrics_201] -Progression Class: {'type': 'unknown', 'pattern': 'unknown', 'cycle': (1.0, 32), 'progression-style': 'edm', 'chord-style': 'classy', 'performing-style': 'unknown', 'rhythm': 'unknown', 'epic-endings': 'unknown', 'melodic': 'unknown', 'folder-id': 531, 'duplicate-id': 218, 'new_label': 'pop_complex'}
[melody2chord:lyrics_201] Numbered: 
[melody2chord:lyrics_201] | 2------- | 4------- | 1------- | 5------- | 2------- | 4------- | 1------- | 5------- | 
[melody2chord:lyrics_201] Chord: 
[melody2chord:lyrics_201] | 
[melody2chord:lyrics_201] | C#1------- | E 0------- | B 0------- | F#0------- | C#1------- | E 0------- | B 0------- | F#0------- | 
[melody2chord:lyrics_201] 
[melody2chord:lyrics_201] Chord Progression
[melody2chord:lyrics_201] -Source: Niko_Kotoulas_Pop_7th_9th_Chords_18_G#m-B-E-F#_.mid
[melody2chord:lyrics_201] -Source Type: None
[melody2chord:lyrics_201] -Source Tonic: B
[melody2chord:lyrics_201] -Source Metre: 4/4
[melody2chord:lyrics_201] -Source Mode: M (M for Major and m for minor)
[melody2chord:lyrics_201] -Appeared Times: 1
[melody2chord:lyrics_201] -Appeared In Other Songs: 0
[melody2chord:lyrics_201] -Reliability: 1.0
[melody2chord:lyrics_201] -Progression Class: {'type': 'unknown', 'pattern': 'unknown', 'cycle': (1.0, 32), 'progression-style': 'pop', 'chord-style': 'classy', 'performing-style': 'unknown', 'rhythm': 'unknown', 'epic-endings': 'unknown', 'melodic': 'unknown', 'folder-id': 528, 'duplicate-id': 180, 'new_label': 'pop_complex'}
[melody2chord:lyrics_201] Numbered: 
[melody2chord:lyrics_201] | 6------- | 1------- | 4------- | 5------- | 6------- | 1------- | 4------- | 5------- | 
[melody2chord:lyrics_201] Chord: 
[melody2chord:lyrics_201] | 
[melody2chord:lyrics_201] | G#1------- | B 0------- | E 0------- | F#0------- | G#1------- | B 0------- | E 0------- | F#0------- | 
[melody2chord:lyrics_201] 
[melody2chord:lyrics_201] Chord Progression
[melody2chord:lyrics_201] -Source: Niko_Kotoulas_Pop_7th_9th_Chords_8_B-Em-B-Em_.mid
[melody2chord:lyrics_201] -Source Type: None
[melody2chord:lyrics_201] -Source Tonic: B
[melody2chord:lyrics_201] -Source Metre: 4/4
[melody2chord:lyrics_201] -Source Mode: M (M for Major and m for minor)
[melody2chord:lyrics_201] -Appeared Times: 1
[melody2chord:lyrics_201] -Appeared In Other Songs: 0
[melody2chord:lyrics_201] -Reliability: 1.0
[melody2chord:lyrics_201] -Progression Class: {'type': 'unknown', 'pattern': 'unknown', 'cycle': (1.0, 16), 'progression-style': 'pop', 'chord-style': 'classy', 'performing-style': 'unknown', 'rhythm': 'unknown', 'epic-endings': 'unknown', 'melodic': 'unknown', 'folder-id': 528, 'duplicate-id': 154, 'new_label': 'pop_complex'}
[melody2chord:lyrics_201] Numbered: 
[melody2chord:lyrics_201] | 1------- | 4------- | 1------- | 4------- | 1------- | 4------- | 1------- | 4------- | 
[melody2chord:lyrics_201] Chord: 
[melody2chord:lyrics_201] | 
[melody2chord:lyrics_201] | B 0------- | E 1------- | B 0------- | E 1------- | B 0------- | E 1------- | B 0------- | E 1------- | 
[melody2chord:lyrics_201] 
[melody2chord:lyrics_201] Chord Progression
[melody2chord:lyrics_201] -Source: Niko_Kotoulas_ChordProg_6_B-C#m-E-G# (I-ii-IV-VI).mid
[melody2chord:lyrics_201] -Source Type: None
[melody2chord:lyrics_201] -Source Tonic: B
[melody2chord:lyrics_201] -Source Metre: 4/4
[melody2chord:lyrics_201] -Source Mode: M (M for Major and m for minor)
[melody2chord:lyrics_201] -Appeared Times: 1
[melody2chord:lyrics_201] -Appeared In Other Songs: 0
[melody2chord:lyrics_201] -Reliability: 0.9
[melody2chord:lyrics_201] -Progression Class: {'type': 'unknown', 'pattern': 'I-ii-IV-VI', 'cycle': (0.9999999999999999, 16), 'progression-style': 'unknown', 'chord-style': 'unknown', 'performing-style': 'unknown', 'rhythm': 'unknown', 'epic-endings': 'unknown', 'melodic': 'unknown', 'folder-id': 366, 'duplicate-id': 507, 'new_label': 'unknown'}
[melody2chord:lyrics_201] Numbered: 
[melody2chord:lyrics_201] | 1------- | 2------- | 4------- | 6------- | 
[melody2chord:lyrics_201] Chord: 
[melody2chord:lyrics_201] | B 0------- | C#1------- | E 0------- | G#0------- | 
[melody2chord:lyrics_201] 
[melody2chord:lyrics_201] Total: 5
[melody2chord:lyrics_201] 
[melody2chord:lyrics_201] === Aligning chord_gen TPQ ===
[melody2chord:lyrics_201] Original melody TPQ: 480
[melody2chord:lyrics_201] Chord gen TPQ: 220
[melody2chord:lyrics_201] TPQ ratio: 2.1818
[melody2chord:lyrics_201] Converted chord_gen TPQ from 220 to 480
[melody2chord:lyrics_201] Output saved to: /data/home/fundwotsai/MIDI-SAG/generated_midi_right_key/lyrics_201/chord/chord_gen/sample01_shifted_chord_gen.mid
[melody2chord:lyrics_201] Re-quantized 86 melody notes to 1/16 beat grid
[melody2chord:lyrics_201] === Fill Empty Bars with Chords ===
[melody2chord:lyrics_201] Original melody TPQ: 480
[melody2chord:lyrics_201] Chord gen TPQ: 480
[melody2chord:lyrics_201] TPQ ratio: 1.0000
[melody2chord:lyrics_201] Chords start at tick: 7679 (bar 4.00)
[melody2chord:lyrics_201] Empty bars to fill: 4
[melody2chord:lyrics_201] Prepending 1 bars and copying 24 chord notes to cover 4 leading bars
[melody2chord:lyrics_201] 
[melody2chord:lyrics_201] === Output Summary ===
[melody2chord:lyrics_201] Output TPQ: 480
[melody2chord:lyrics_201] Melody track notes: 195
[melody2chord:lyrics_201] Chord track notes: 234
[melody2chord:lyrics_201] First chord now at tick: 0
[melody2chord:lyrics_201] Last chord at tick: 76800
[melody2chord:lyrics_201] Output saved to: /data/home/fundwotsai/MIDI-SAG/generated_midi_right_key/lyrics_201/chord/chord_gen_filled_empty/sample01_shifted_chord_gen_filled_empty_bars.mid
[melody2chord:lyrics_201] === Quantizing melody to 1/16 notes ===
[melody2chord:lyrics_201] TPQ: 480
[melody2chord:lyrics_201] Ticks per 16th note: 120.0
[melody2chord:lyrics_201] Quantized 235 notes to 1/16 note positions
[melody2chord:lyrics_201] Output saved to: /data/home/fundwotsai/MIDI-SAG/generated_midi_right_key/lyrics_201/chord/chord_gen_quantized/sample01_shifted_chord_gen_quantized.mid
[melody2chord:lyrics_201] Extracted 164 beat-level chords from 'Chords' track
[melody2chord:lyrics_201] Chord times remapped to 164 beat positions (subdivision: quarter notes)
[melody2chord:lyrics_201] Filled 4 None chords
[melody2chord:lyrics_201] ✓ Successfully processed: sample01_shifted
[melody2chord:lyrics_201]   Key: B major (confidence: 0.74)
[melody2chord:lyrics_201]   Tempo: 113.0 BPM (source: MIDI tempo)
[melody2chord:lyrics_201]   Chord Text: /data/home/fundwotsai/MIDI-SAG/generated_midi_right_key/lyrics_201/chord/chord_txt/sample01_shifted_chord_gen.txt
[melody2chord:lyrics_201]   BTC Text:   /data/home/fundwotsai/MIDI-SAG/generated_midi_right_key/lyrics_201/chord/btc_txt/sample01_shifted_chord_gen.txt
