[melody2chord:lyrics_78] /data/home/fundwotsai/MIDI-SAG/AccoMontage2/chorderator/utils/utils.py:24: UserWarning: Could not import FluidSynth, audio formats writing disabled
[melody2chord:lyrics_78]   warnings.warn('Could not import FluidSynth, audio formats writing disabled')
[melody2chord:lyrics_78] /home/fundwotsai/miniconda3/envs/midi-sag/lib/python3.9/site-packages/miditok/tokenizations/remi.py:88: UserWarning: Attribute controls are not compatible with 'config.one_token_stream_for_programs' and multi-vocabulary tokenizers. Disabling them from the config.
[melody2chord:lyrics_78]   super().__init__(tokenizer_config, params)
[melody2chord:lyrics_78] /data/home/fundwotsai/MIDI-SAG/AccoMontage2/chorderator/core.py:238: UserWarning: Meter auto set to 4/4/. Please set meter if this is not your expectation
[melody2chord:lyrics_78]   warnings.warn('Meter auto set to 4/4/. Please set meter if this is not your expectation')
[melody2chord:lyrics_78] @Chorderator 2026-04-14 12:32:41,317 - INFO - [1;30m start read progressions from dict [0m
[melody2chord:lyrics_78] @Chorderator 2026-04-14 12:32:47,711 - INFO - [1;30m read progressions done [0m
[melody2chord:lyrics_78] @Chorderator 2026-04-14 12:32:47,711 - INFO - [1;30m start read progression library from source_base.pnt [0m
[melody2chord:lyrics_78] @Chorderator 2026-04-14 12:32:53,926 - INFO - [1;30m read library done [0m
[melody2chord:lyrics_78] @Chorderator 2026-04-14 12:32:53,926 - WARNING - [1;33m Pre-processing... [0m
[melody2chord:lyrics_78] @Chorderator 2026-04-14 12:32:53,935 - WARNING - [1;33m Pre-process done! [0m
[melody2chord:lyrics_78] @Chorderator 2026-04-14 12:32:53,936 - WARNING - [1;33m Solving... [0m
[melody2chord:lyrics_78] @Chorderator 2026-04-14 12:32:53,936 - INFO - [1;30m start read progressions from rep [0m
[melody2chord:lyrics_78] @Chorderator 2026-04-14 12:32:53,967 - INFO - [1;30m read progressions done [0m
[melody2chord:lyrics_78] @Chorderator 2026-04-14 12:32:53,972 - INFO - [1;30m Melody length 2, generate progression with 63 templates [0m
[melody2chord:lyrics_78] @Chorderator 2026-04-14 12:32:54,021 - WARNING - [1;33m Solved! [0m
[melody2chord:lyrics_78] @Chorderator 2026-04-14 12:32:54,021 - WARNING - [1;33m Post-processing... [0m
[melody2chord:lyrics_78] @Chorderator 2026-04-14 12:32:54,025 - WARNING - [1;33m Post-process done! [0m
[melody2chord:lyrics_78] @Chorderator 2026-04-14 12:32:54,025 - WARNING - [1;33m Generating textures... [0m
[melody2chord:lyrics_78] @Chorderator 2026-04-14 12:32:54,026 - WARNING - [1;33m All process finished! [0m
[melody2chord:lyrics_78] 
[melody2chord:lyrics_78] === Processing: sample01_shifted ===
[melody2chord:lyrics_78] Output will be saved to: /data/home/fundwotsai/MIDI-SAG/generated_midi_right_key/lyrics_78/chord/
[melody2chord:lyrics_78] beat_file_path: None
[melody2chord:lyrics_78] Tempo from MIDI: 78.0 BPM (no beat file — skipping warp step)
[melody2chord:lyrics_78] processed_melody_path: /data/home/fundwotsai/MIDI-SAG/generated_midi_right_key/lyrics_78/chord/processed_melody/sample01_shifted.mid
[melody2chord:lyrics_78] Detected key: C major (confidence: 0.74, Bellman-Budge)
[melody2chord:lyrics_78] Content bars: 16 -> Segmentation: A8B8 (total: 16)
[melody2chord:lyrics_78] Chorderator bars: 16 -> Segmentation: A8B8 (total: 16)
[melody2chord:lyrics_78] auto_config: {'note_shift': 68, 'segmentation': 'A8B8', 'analysis': {'total_bars': 21, 'empty_bars': 4, 'content_bars': 16, 'note_shift': 68, 'segmentation': 'A8B8', 'first_note_bar': 4.25, 'last_note_bar': 20.28125, 'chorderator_bars': {'max_end_positions': 256, 'fixed_end_positions': 256, 'fixed_end_bars': 16, 'tempo': 77.99997660000703, 'unit': 0.19230774999999997}}}
[melody2chord:lyrics_78] tempo for CDT: 78.0 BPM
[melody2chord:lyrics_78] max_end: 256.0
[melody2chord:lyrics_78] fixed_end: 256
[melody2chord:lyrics_78] 256
[melody2chord:lyrics_78] {'tonic': 'C', 'mode': 'maj', 'tempo': 77.99997660000702, 'meter': '4/4', 'pos': ['x', 'x'], 'unit': 0.19230775}
[melody2chord:lyrics_78] Phrase length: 128 positions = 8 bars
[melody2chord:lyrics_78] Phrase length: 128 positions = 8 bars
[melody2chord:lyrics_78] [128, 128]
[melody2chord:lyrics_78] Chord Progression
[melody2chord:lyrics_78] -Source: Niko_Kotoulas_Epic_Ending_3_F#-G#m-E-B (V-vi-IV-I).mid
[melody2chord:lyrics_78] -Source Type: None
[melody2chord:lyrics_78] -Source Tonic: B
[melody2chord:lyrics_78] -Source Metre: 4/4
[melody2chord:lyrics_78] -Source Mode: M (M for Major and m for minor)
[melody2chord:lyrics_78] -Appeared Times: 1
[melody2chord:lyrics_78] -Appeared In Other Songs: 0
[melody2chord:lyrics_78] -Reliability: 0.4
[melody2chord:lyrics_78] -Progression Class: {'type': 'unknown', 'pattern': 'V-vi-IV-I', 'cycle': (0, 0), 'progression-style': 'unknown', 'chord-style': 'unknown', 'performing-style': 'unknown', 'rhythm': 'unknown', 'epic-endings': 'True', 'melodic': 'unknown', 'folder-id': 335, 'duplicate-id': 494, 'new_label': 'unknown'}
[melody2chord:lyrics_78] Numbered: 
[melody2chord:lyrics_78] | 5------- | 6------- | 4------- | 1------- | 1------- | 1------- | 1------- | 1------- | 
[melody2chord:lyrics_78] Chord: 
[melody2chord:lyrics_78] | 
[melody2chord:lyrics_78] | F#0------- | G#1------- | E 0------- | B 0------- | B 0------- | B 0------- | B 0------- | B 0------- | 
[melody2chord:lyrics_78] 
[melody2chord:lyrics_78] Chord Progression
[melody2chord:lyrics_78] -Source: Niko_Kotoulas_EDM_7th_9th_Chords_5_C#m-E-B-F#_.mid
[melody2chord:lyrics_78] -Source Type: None
[melody2chord:lyrics_78] -Source Tonic: B
[melody2chord:lyrics_78] -Source Metre: 4/4
[melody2chord:lyrics_78] -Source Mode: M (M for Major and m for minor)
[melody2chord:lyrics_78] -Appeared Times: 1
[melody2chord:lyrics_78] -Appeared In Other Songs: 0
[melody2chord:lyrics_78] -Reliability: 1.0
[melody2chord:lyrics_78] -Progression Class: {'type': 'unknown', 'pattern': 'unknown', 'cycle': (1.0, 32), 'progression-style': 'edm', 'chord-style': 'classy', 'performing-style': 'unknown', 'rhythm': 'unknown', 'epic-endings': 'unknown', 'melodic': 'unknown', 'folder-id': 531, 'duplicate-id': 218, 'new_label': 'pop_complex'}
[melody2chord:lyrics_78] Numbered: 
[melody2chord:lyrics_78] | 2------- | 4------- | 1------- | 5------- | 2------- | 4------- | 1------- | 5------- | 
[melody2chord:lyrics_78] Chord: 
[melody2chord:lyrics_78] | 
[melody2chord:lyrics_78] | C#1------- | E 0------- | B 0------- | F#0------- | C#1------- | E 0------- | B 0------- | F#0------- | 
[melody2chord:lyrics_78] 
[melody2chord:lyrics_78] Total: 2
[melody2chord:lyrics_78] 
[melody2chord:lyrics_78] === Aligning chord_gen TPQ ===
[melody2chord:lyrics_78] Original melody TPQ: 480
[melody2chord:lyrics_78] Chord gen TPQ: 220
[melody2chord:lyrics_78] TPQ ratio: 2.1818
[melody2chord:lyrics_78] Converted chord_gen TPQ from 220 to 480
[melody2chord:lyrics_78] Output saved to: /data/home/fundwotsai/MIDI-SAG/generated_midi_right_key/lyrics_78/chord/chord_gen/sample01_shifted_chord_gen.mid
[melody2chord:lyrics_78] Re-quantized 51 melody notes to 1/16 beat grid
[melody2chord:lyrics_78] === Fill Empty Bars with Chords ===
[melody2chord:lyrics_78] Original melody TPQ: 480
[melody2chord:lyrics_78] Chord gen TPQ: 480
[melody2chord:lyrics_78] TPQ ratio: 1.0000
[melody2chord:lyrics_78] Chords start at tick: 8159 (bar 4.25)
[melody2chord:lyrics_78] Empty bars to fill: 4
[melody2chord:lyrics_78] Prepending 0 bars and copying 38 chord notes to cover 4 leading bars
[melody2chord:lyrics_78] 
[melody2chord:lyrics_78] === Output Summary ===
[melody2chord:lyrics_78] Output TPQ: 480
[melody2chord:lyrics_78] Melody track notes: 121
[melody2chord:lyrics_78] Chord track notes: 131
[melody2chord:lyrics_78] First chord now at tick: 0
[melody2chord:lyrics_78] Last chord at tick: 36960
[melody2chord:lyrics_78] Output saved to: /data/home/fundwotsai/MIDI-SAG/generated_midi_right_key/lyrics_78/chord/chord_gen_filled_empty/sample01_shifted_chord_gen_filled_empty_bars.mid
[melody2chord:lyrics_78] === Quantizing melody to 1/16 notes ===
[melody2chord:lyrics_78] TPQ: 480
[melody2chord:lyrics_78] Ticks per 16th note: 120.0
[melody2chord:lyrics_78] Quantized 151 notes to 1/16 note positions
[melody2chord:lyrics_78] Output saved to: /data/home/fundwotsai/MIDI-SAG/generated_midi_right_key/lyrics_78/chord/chord_gen_quantized/sample01_shifted_chord_gen_quantized.mid
[melody2chord:lyrics_78] Extracted 81 beat-level chords from 'Chords' track
[melody2chord:lyrics_78] Chord times remapped to 83 beat positions (subdivision: quarter notes)
[melody2chord:lyrics_78] Filled 10 None chords
[melody2chord:lyrics_78] ✓ Successfully processed: sample01_shifted
[melody2chord:lyrics_78]   Key: C major (confidence: 0.74)
[melody2chord:lyrics_78]   Tempo: 78.0 BPM (source: MIDI tempo)
[melody2chord:lyrics_78]   Chord Text: /data/home/fundwotsai/MIDI-SAG/generated_midi_right_key/lyrics_78/chord/chord_txt/sample01_shifted_chord_gen.txt
[melody2chord:lyrics_78]   BTC Text:   /data/home/fundwotsai/MIDI-SAG/generated_midi_right_key/lyrics_78/chord/btc_txt/sample01_shifted_chord_gen.txt
