[melody2chord:lyrics_42] /data/home/fundwotsai/MIDI-SAG/AccoMontage2/chorderator/utils/utils.py:24: UserWarning: Could not import FluidSynth, audio formats writing disabled
[melody2chord:lyrics_42]   warnings.warn('Could not import FluidSynth, audio formats writing disabled')
[melody2chord:lyrics_42] /home/fundwotsai/miniconda3/envs/midi-sag/lib/python3.9/site-packages/miditok/tokenizations/remi.py:88: UserWarning: Attribute controls are not compatible with 'config.one_token_stream_for_programs' and multi-vocabulary tokenizers. Disabling them from the config.
[melody2chord:lyrics_42]   super().__init__(tokenizer_config, params)
[melody2chord:lyrics_42] /data/home/fundwotsai/MIDI-SAG/AccoMontage2/chorderator/core.py:238: UserWarning: Meter auto set to 4/4/. Please set meter if this is not your expectation
[melody2chord:lyrics_42]   warnings.warn('Meter auto set to 4/4/. Please set meter if this is not your expectation')
[melody2chord:lyrics_42] @Chorderator 2026-04-14 12:17:17,240 - INFO - [1;30m start read progressions from dict [0m
[melody2chord:lyrics_42] @Chorderator 2026-04-14 12:17:23,720 - INFO - [1;30m read progressions done [0m
[melody2chord:lyrics_42] @Chorderator 2026-04-14 12:17:23,720 - INFO - [1;30m start read progression library from source_base.pnt [0m
[melody2chord:lyrics_42] @Chorderator 2026-04-14 12:17:30,154 - INFO - [1;30m read library done [0m
[melody2chord:lyrics_42] @Chorderator 2026-04-14 12:17:30,154 - WARNING - [1;33m Pre-processing... [0m
[melody2chord:lyrics_42] @Chorderator 2026-04-14 12:17:30,164 - WARNING - [1;33m Pre-process done! [0m
[melody2chord:lyrics_42] @Chorderator 2026-04-14 12:17:30,165 - WARNING - [1;33m Solving... [0m
[melody2chord:lyrics_42] @Chorderator 2026-04-14 12:17:30,165 - INFO - [1;30m start read progressions from rep [0m
[melody2chord:lyrics_42] @Chorderator 2026-04-14 12:17:30,197 - INFO - [1;30m read progressions done [0m
[melody2chord:lyrics_42] @Chorderator 2026-04-14 12:17:30,203 - INFO - [1;30m Melody length 3, generate progression with 63 templates [0m
[melody2chord:lyrics_42] @Chorderator 2026-04-14 12:17:30,275 - WARNING - [1;33m Solved! [0m
[melody2chord:lyrics_42] @Chorderator 2026-04-14 12:17:30,275 - WARNING - [1;33m Post-processing... [0m
[melody2chord:lyrics_42] @Chorderator 2026-04-14 12:17:30,281 - WARNING - [1;33m Post-process done! [0m
[melody2chord:lyrics_42] @Chorderator 2026-04-14 12:17:30,281 - WARNING - [1;33m Generating textures... [0m
[melody2chord:lyrics_42] @Chorderator 2026-04-14 12:17:30,282 - WARNING - [1;33m All process finished! [0m
[melody2chord:lyrics_42] 
[melody2chord:lyrics_42] === Processing: sample01_shifted ===
[melody2chord:lyrics_42] Output will be saved to: /data/home/fundwotsai/MIDI-SAG/generated_midi_right_key/lyrics_42/chord/
[melody2chord:lyrics_42] beat_file_path: None
[melody2chord:lyrics_42] Tempo from MIDI: 95.0 BPM (no beat file — skipping warp step)
[melody2chord:lyrics_42] processed_melody_path: /data/home/fundwotsai/MIDI-SAG/generated_midi_right_key/lyrics_42/chord/processed_melody/sample01_shifted.mid
[melody2chord:lyrics_42] Detected key: B major (confidence: 0.88, Bellman-Budge)
[melody2chord:lyrics_42] Content bars: 21 -> Segmentation: A8B8A8 (total: 24)
[melody2chord:lyrics_42] Chorderator bars: 24 -> Segmentation: A8B8A8 (total: 24)
[melody2chord:lyrics_42] auto_config: {'note_shift': 66, 'segmentation': 'A8B8A8', 'analysis': {'total_bars': 26, 'empty_bars': 4, 'content_bars': 21, 'note_shift': 66, 'segmentation': 'A8B8A8', 'first_note_bar': 4.125, 'last_note_bar': 25.875, 'chorderator_bars': {'max_end_positions': 348, 'fixed_end_positions': 384, 'fixed_end_bars': 24, 'tempo': 94.99999208333399, 'unit': 0.15789475}}}
[melody2chord:lyrics_42] tempo for CDT: 95.0 BPM
[melody2chord:lyrics_42] max_end: 348.0
[melody2chord:lyrics_42] fixed_end: 384
[melody2chord:lyrics_42] 384
[melody2chord:lyrics_42] {'tonic': 'B', 'mode': 'maj', 'tempo': 94.99999208333399, 'meter': '4/4', 'pos': ['x', 'x', 'x'], 'unit': 0.15789475}
[melody2chord:lyrics_42] Phrase length: 128 positions = 8 bars
[melody2chord:lyrics_42] Phrase length: 128 positions = 8 bars
[melody2chord:lyrics_42] Phrase length: 128 positions = 8 bars
[melody2chord:lyrics_42] [128, 128, 128]
[melody2chord:lyrics_42] Chord Progression
[melody2chord:lyrics_42] -Source: Niko_Kotoulas_Pop_7th_9th_Chords_4_B-E-G#m-F#_.mid
[melody2chord:lyrics_42] -Source Type: None
[melody2chord:lyrics_42] -Source Tonic: B
[melody2chord:lyrics_42] -Source Metre: 4/4
[melody2chord:lyrics_42] -Source Mode: M (M for Major and m for minor)
[melody2chord:lyrics_42] -Appeared Times: 1
[melody2chord:lyrics_42] -Appeared In Other Songs: 0
[melody2chord:lyrics_42] -Reliability: 1.0
[melody2chord:lyrics_42] -Progression Class: {'type': 'unknown', 'pattern': 'unknown', 'cycle': (1.0, 32), 'progression-style': 'pop', 'chord-style': 'classy', 'performing-style': 'unknown', 'rhythm': 'unknown', 'epic-endings': 'unknown', 'melodic': 'unknown', 'folder-id': 528, 'duplicate-id': 172, 'new_label': 'pop_complex'}
[melody2chord:lyrics_42] Numbered: 
[melody2chord:lyrics_42] | 1------- | 4------- | 6------- | 5------- | 1------- | 4------- | 6------- | 5------- | 
[melody2chord:lyrics_42] Chord: 
[melody2chord:lyrics_42] | 
[melody2chord:lyrics_42] | B 0------- | E 0------- | G#1------- | F#0------- | B 0------- | E 0------- | G#1------- | F#0------- | 
[melody2chord:lyrics_42] 
[melody2chord:lyrics_42] Chord Progression
[melody2chord:lyrics_42] -Source: Niko_Kotoulas_Pop_7th_9th_Chords_8_B-Em-B-Em_.mid
[melody2chord:lyrics_42] -Source Type: None
[melody2chord:lyrics_42] -Source Tonic: B
[melody2chord:lyrics_42] -Source Metre: 4/4
[melody2chord:lyrics_42] -Source Mode: M (M for Major and m for minor)
[melody2chord:lyrics_42] -Appeared Times: 1
[melody2chord:lyrics_42] -Appeared In Other Songs: 0
[melody2chord:lyrics_42] -Reliability: 1.0
[melody2chord:lyrics_42] -Progression Class: {'type': 'unknown', 'pattern': 'unknown', 'cycle': (1.0, 16), 'progression-style': 'pop', 'chord-style': 'classy', 'performing-style': 'unknown', 'rhythm': 'unknown', 'epic-endings': 'unknown', 'melodic': 'unknown', 'folder-id': 528, 'duplicate-id': 154, 'new_label': 'pop_complex'}
[melody2chord:lyrics_42] Numbered: 
[melody2chord:lyrics_42] | 1------- | 4------- | 1------- | 4------- | 1------- | 4------- | 1------- | 4------- | 
[melody2chord:lyrics_42] Chord: 
[melody2chord:lyrics_42] | 
[melody2chord:lyrics_42] | B 0------- | E 1------- | B 0------- | E 1------- | B 0------- | E 1------- | B 0------- | E 1------- | 
[melody2chord:lyrics_42] 
[melody2chord:lyrics_42] Chord Progression
[melody2chord:lyrics_42] -Source: Niko_Kotoulas_Pop_7th_9th_Chords_7_B-G#m-B-G#m_.mid
[melody2chord:lyrics_42] -Source Type: None
[melody2chord:lyrics_42] -Source Tonic: B
[melody2chord:lyrics_42] -Source Metre: 4/4
[melody2chord:lyrics_42] -Source Mode: M (M for Major and m for minor)
[melody2chord:lyrics_42] -Appeared Times: 1
[melody2chord:lyrics_42] -Appeared In Other Songs: 0
[melody2chord:lyrics_42] -Reliability: 1.0
[melody2chord:lyrics_42] -Progression Class: {'type': 'unknown', 'pattern': 'unknown', 'cycle': (1.0, 16), 'progression-style': 'pop', 'chord-style': 'classy', 'performing-style': 'unknown', 'rhythm': 'unknown', 'epic-endings': 'unknown', 'melodic': 'unknown', 'folder-id': 528, 'duplicate-id': 174, 'new_label': 'pop_complex'}
[melody2chord:lyrics_42] Numbered: 
[melody2chord:lyrics_42] | 1------- | 6------- | 1------- | 6------- | 1------- | 6------- | 1------- | 6------- | 
[melody2chord:lyrics_42] Chord: 
[melody2chord:lyrics_42] | 
[melody2chord:lyrics_42] | B 0------- | G#1------- | B 0------- | G#1------- | B 0------- | G#1------- | B 0------- | G#1------- | 
[melody2chord:lyrics_42] 
[melody2chord:lyrics_42] Total: 3
[melody2chord:lyrics_42] 
[melody2chord:lyrics_42] === Aligning chord_gen TPQ ===
[melody2chord:lyrics_42] Original melody TPQ: 480
[melody2chord:lyrics_42] Chord gen TPQ: 220
[melody2chord:lyrics_42] TPQ ratio: 2.1818
[melody2chord:lyrics_42] Converted chord_gen TPQ from 220 to 480
[melody2chord:lyrics_42] Output saved to: /data/home/fundwotsai/MIDI-SAG/generated_midi_right_key/lyrics_42/chord/chord_gen/sample01_shifted_chord_gen.mid
[melody2chord:lyrics_42] Re-quantized 38 melody notes to 1/16 beat grid
[melody2chord:lyrics_42] === Fill Empty Bars with Chords ===
[melody2chord:lyrics_42] Original melody TPQ: 480
[melody2chord:lyrics_42] Chord gen TPQ: 480
[melody2chord:lyrics_42] TPQ ratio: 1.0000
[melody2chord:lyrics_42] Chords start at tick: 7919 (bar 4.12)
[melody2chord:lyrics_42] Empty bars to fill: 4
[melody2chord:lyrics_42] Prepending 0 bars and copying 28 chord notes to cover 4 leading bars
[melody2chord:lyrics_42] 
[melody2chord:lyrics_42] === Output Summary ===
[melody2chord:lyrics_42] Output TPQ: 480
[melody2chord:lyrics_42] Melody track notes: 122
[melody2chord:lyrics_42] Chord track notes: 179
[melody2chord:lyrics_42] First chord now at tick: 0
[melody2chord:lyrics_42] Last chord at tick: 52079
[melody2chord:lyrics_42] Output saved to: /data/home/fundwotsai/MIDI-SAG/generated_midi_right_key/lyrics_42/chord/chord_gen_filled_empty/sample01_shifted_chord_gen_filled_empty_bars.mid
[melody2chord:lyrics_42] === Quantizing melody to 1/16 notes ===
[melody2chord:lyrics_42] TPQ: 480
[melody2chord:lyrics_42] Ticks per 16th note: 120.0
[melody2chord:lyrics_42] Quantized 150 notes to 1/16 note positions
[melody2chord:lyrics_42] Output saved to: /data/home/fundwotsai/MIDI-SAG/generated_midi_right_key/lyrics_42/chord/chord_gen_quantized/sample01_shifted_chord_gen_quantized.mid
[melody2chord:lyrics_42] Extracted 112 beat-level chords from 'Chords' track
[melody2chord:lyrics_42] Chord times remapped to 105 beat positions (subdivision: quarter notes)
[melody2chord:lyrics_42] ✓ Successfully processed: sample01_shifted
[melody2chord:lyrics_42]   Key: B major (confidence: 0.88)
[melody2chord:lyrics_42]   Tempo: 95.0 BPM (source: MIDI tempo)
[melody2chord:lyrics_42]   Chord Text: /data/home/fundwotsai/MIDI-SAG/generated_midi_right_key/lyrics_42/chord/chord_txt/sample01_shifted_chord_gen.txt
[melody2chord:lyrics_42]   BTC Text:   /data/home/fundwotsai/MIDI-SAG/generated_midi_right_key/lyrics_42/chord/btc_txt/sample01_shifted_chord_gen.txt
